2025-12-27 00:05:57,448 - INFO - ============Начало доказательства==============
2025-12-27 00:05:57,449 - INFO - Преобразованная формула: (¬A → (A → B))
2025-12-27 00:05:57,449 - DEBUG - Подставляем в аксиому (A → (B → A)) подстановку {'B': 'B', 'A': 'B'}. Результат: (B → (B → B))
2025-12-27 00:05:57,449 - DEBUG - Подставляем в аксиому (A → (B → A)) подстановку {'B': 'B', 'A': 'A'}. Результат: (A → (B → A))
2025-12-27 00:05:57,449 - DEBUG - Подставляем в аксиому (A → (B → A)) подстановку {'B': 'B', 'A': '(A → B)'}. Результат: ((A → B) → (B → (A → B)))
2025-12-27 00:05:57,450 - DEBUG - Подставляем в аксиому (A → (B → A)) подстановку {'B': 'B', 'A': '¬A'}. Результат: (¬A → (B → ¬A))
2025-12-27 00:05:57,450 - DEBUG - Подставляем в аксиому (A → (B → A)) подстановку {'B': 'B', 'A': '(¬A → (A → B))'}. Результат: ((¬A → (A → B)) → (B → (¬A → (A → B))))
2025-12-27 00:05:57,450 - DEBUG - Подставляем в аксиому (A → (B → A)) подстановку {'B': 'A', 'A': 'B'}. Результат: (B → (A → B))
2025-12-27 00:05:57,450 - DEBUG - Подставляем в аксиому (A → (B → A)) подстановку {'B': 'A', 'A': 'A'}. Результат: (A → (A → A))
2025-12-27 00:05:57,450 - DEBUG - Подставляем в аксиому (A → (B → A)) подстановку {'B': 'A', 'A': '(A → B)'}. Результат: ((A → B) → (A → (A → B)))
2025-12-27 00:05:57,450 - DEBUG - Подставляем в аксиому (A → (B → A)) подстановку {'B': 'A', 'A': '¬A'}. Результат: (¬A → (A → ¬A))
2025-12-27 00:05:57,450 - DEBUG - Подставляем в аксиому (A → (B → A)) подстановку {'B': 'A', 'A': '(¬A → (A → B))'}. Результат: ((¬A → (A → B)) → (A → (¬A → (A → B))))
2025-12-27 00:05:57,450 - DEBUG - Подставляем в аксиому (A → (B → A)) подстановку {'B': '(A → B)', 'A': 'B'}. Результат: (B → ((A → B) → B))
2025-12-27 00:05:57,450 - DEBUG - Подставляем в аксиому (A → (B → A)) подстановку {'B': '(A → B)', 'A': 'A'}. Результат: (A → ((A → B) → A))
2025-12-27 00:05:57,450 - DEBUG - Подставляем в аксиому (A → (B → A)) подстановку {'B': '(A → B)', 'A': '(A → B)'}. Результат: ((A → B) → ((A → B) → (A → B)))
2025-12-27 00:05:57,450 - DEBUG - Подставляем в аксиому (A → (B → A)) подстановку {'B': '(A → B)', 'A': '¬A'}. Результат: (¬A → ((A → B) → ¬A))
2025-12-27 00:05:57,450 - DEBUG - Подставляем в аксиому (A → (B → A)) подстановку {'B': '(A → B)', 'A': '(¬A → (A → B))'}. Результат: ((¬A → (A → B)) → ((A → B) → (¬A → (A → B))))
2025-12-27 00:05:57,450 - DEBUG - Подставляем в аксиому (A → (B → A)) подстановку {'B': '¬A', 'A': 'B'}. Результат: (B → (¬A → B))
2025-12-27 00:05:57,450 - DEBUG - Подставляем в аксиому (A → (B → A)) подстановку {'B': '¬A', 'A': 'A'}. Результат: (A → (¬A → A))
2025-12-27 00:05:57,450 - DEBUG - Подставляем в аксиому (A → (B → A)) подстановку {'B': '¬A', 'A': '(A → B)'}. Результат: ((A → B) → (¬A → (A → B)))
2025-12-27 00:05:57,450 - DEBUG - Подставляем в аксиому (A → (B → A)) подстановку {'B': '¬A', 'A': '¬A'}. Результат: (¬A → (¬A → ¬A))
2025-12-27 00:05:57,450 - DEBUG - Подставляем в аксиому (A → (B → A)) подстановку {'B': '¬A', 'A': '(¬A → (A → B))'}. Результат: ((¬A → (A → B)) → (¬A → (¬A → (A → B))))
2025-12-27 00:05:57,450 - DEBUG - Подставляем в аксиому (A → (B → A)) подстановку {'B': '(¬A → (A → B))', 'A': 'B'}. Результат: (B → ((¬A → (A → B)) → B))
2025-12-27 00:05:57,450 - DEBUG - Подставляем в аксиому (A → (B → A)) подстановку {'B': '(¬A → (A → B))', 'A': 'A'}. Результат: (A → ((¬A → (A → B)) → A))
2025-12-27 00:05:57,450 - DEBUG - Подставляем в аксиому (A → (B → A)) подстановку {'B': '(¬A → (A → B))', 'A': '(A → B)'}. Результат: ((A → B) → ((¬A → (A → B)) → (A → B)))
2025-12-27 00:05:57,450 - DEBUG - Подставляем в аксиому (A → (B → A)) подстановку {'B': '(¬A → (A → B))', 'A': '¬A'}. Результат: (¬A → ((¬A → (A → B)) → ¬A))
2025-12-27 00:05:57,450 - DEBUG - Подставляем в аксиому (A → (B → A)) подстановку {'B': '(¬A → (A → B))', 'A': '(¬A → (A → B))'}. Результат: ((¬A → (A → B)) → ((¬A → (A → B)) → (¬A → (A → B))))
2025-12-27 00:05:57,450 - DEBUG - Подставляем в аксиому ((A → (B → C)) → ((A → B) → (A → C))) подстановку {'A': 'B', 'B': 'B', 'C': 'B'}. Результат: ((B → (B → B)) → ((B → B) → (B → B)))
2025-12-27 00:05:57,450 - DEBUG - Подставляем в аксиому ((A → (B → C)) → ((A → B) → (A → C))) подстановку {'A': 'B', 'B': 'B', 'C': 'A'}. Результат: ((B → (B → A)) → ((B → B) → (B → A)))
2025-12-27 00:05:57,450 - DEBUG - Подставляем в аксиому ((A → (B → C)) → ((A → B) → (A → C))) подстановку {'A': 'B', 'B': 'B', 'C': '(A → B)'}. Результат: ((B → (B → (A → B))) → ((B → B) → (B → (A → B))))
2025-12-27 00:05:57,450 - DEBUG - Подставляем в аксиому ((A → (B → C)) → ((A → B) → (A → C))) подстановку {'A': 'B', 'B': 'B', 'C': '¬A'}. Результат: ((B → (B → ¬A)) → ((B → B) → (B → ¬A)))
2025-12-27 00:05:57,450 - DEBUG - Подставляем в аксиому ((A → (B → C)) → ((A → B) → (A → C))) подстановку {'A': 'B', 'B': 'B', 'C': '(¬A → (A → B))'}. Результат: ((B → (B → (¬A → (A → B)))) → ((B → B) → (B → (¬A → (A → B)))))
2025-12-27 00:05:57,451 - DEBUG - Подставляем в аксиому ((A → (B → C)) → ((A → B) → (A → C))) подстановку {'A': 'B', 'B': 'A', 'C': 'B'}. Результат: ((B → (A → B)) → ((B → A) → (B → B)))
2025-12-27 00:05:57,451 - DEBUG - Подставляем в аксиому ((A → (B → C)) → ((A → B) → (A → C))) подстановку {'A': 'B', 'B': 'A', 'C': 'A'}. Результат: ((B → (A → A)) → ((B → A) → (B → A)))
2025-12-27 00:05:57,451 - DEBUG - Подставляем в аксиому ((A → (B → C)) → ((A → B) → (A → C))) подстановку {'A': 'B', 'B': 'A', 'C': '(A → B)'}. Результат: ((B → (A → (A → B))) → ((B → A) → (B → (A → B))))
2025-12-27 00:05:57,451 - DEBUG - Подставляем в аксиому ((A → (B → C)) → ((A → B) → (A → C))) подстановку {'A': 'B', 'B': 'A', 'C': '¬A'}. Результат: ((B → (A → ¬A)) → ((B → A) → (B → ¬A)))
2025-12-27 00:05:57,451 - DEBUG - Подставляем в аксиому ((A → (B → C)) → ((A → B) → (A → C))) подстановку {'A': 'B', 'B': 'A', 'C': '(¬A → (A → B))'}. Результат: ((B → (A → (¬A → (A → B)))) → ((B → A) → (B → (¬A → (A → B)))))
2025-12-27 00:05:57,451 - DEBUG - Подставляем в аксиому ((A → (B → C)) → ((A → B) → (A → C))) подстановку {'A': 'B', 'B': '(A → B)', 'C': 'B'}. Результат: ((B → ((A → B) → B)) → ((B → (A → B)) → (B → B)))
2025-12-27 00:05:57,451 - DEBUG - Подставляем в аксиому ((A → (B → C)) → ((A → B) → (A → C))) подстановку {'A': 'B', 'B': '(A → B)', 'C': 'A'}. Результат: ((B → ((A → B) → A)) → ((B → (A → B)) → (B → A)))
2025-12-27 00:05:57,451 - DEBUG - Подставляем в аксиому ((A → (B → C)) → ((A → B) → (A → C))) подстановку {'A': 'B', 'B': '(A → B)', 'C': '(A → B)'}. Результат: ((B → ((A → B) → (A → B))) → ((B → (A → B)) → (B → (A → B))))
2025-12-27 00:05:57,451 - DEBUG - Подставляем в аксиому ((A → (B → C)) → ((A → B) → (A → C))) подстановку {'A': 'B', 'B': '(A → B)', 'C': '¬A'}. Результат: ((B → ((A → B) → ¬A)) → ((B → (A → B)) → (B → ¬A)))
2025-12-27 00:05:57,451 - DEBUG - Подставляем в аксиому ((A → (B → C)) → ((A → B) → (A → C))) подстановку {'A': 'B', 'B': '(A → B)', 'C': '(¬A → (A → B))'}. Результат: ((B → ((A → B) → (¬A → (A → B)))) → ((B → (A → B)) → (B → (¬A → (A → B)))))
2025-12-27 00:05:57,451 - DEBUG - Подставляем в аксиому ((A → (B → C)) → ((A → B) → (A → C))) подстановку {'A': 'B', 'B': '¬A', 'C': 'B'}. Результат: ((B → (¬A → B)) → ((B → ¬A) → (B → B)))
2025-12-27 00:05:57,451 - DEBUG - Подставляем в аксиому ((A → (B → C)) → ((A → B) → (A → C))) подстановку {'A': 'B', 'B': '¬A', 'C': 'A'}. Результат: ((B → (¬A → A)) → ((B → ¬A) → (B → A)))
2025-12-27 00:05:57,451 - DEBUG - Подставляем в аксиому ((A → (B → C)) → ((A → B) → (A → C))) подстановку {'A': 'B', 'B': '¬A', 'C': '(A → B)'}. Результат: ((B → (¬A → (A → B))) → ((B → ¬A) → (B → (A → B))))
2025-12-27 00:05:57,451 - DEBUG - Подставляем в аксиому ((A → (B → C)) → ((A → B) → (A → C))) подстановку {'A': 'B', 'B': '¬A', 'C': '¬A'}. Результат: ((B → (¬A → ¬A)) → ((B → ¬A) → (B → ¬A)))
2025-12-27 00:05:57,451 - DEBUG - Подставляем в аксиому ((A → (B → C)) → ((A → B) → (A → C))) подстановку {'A': 'B', 'B': '¬A', 'C': '(¬A → (A → B))'}. Результат: ((B → (¬A → (¬A → (A → B)))) → ((B → ¬A) → (B → (¬A → (A → B)))))
2025-12-27 00:05:57,451 - DEBUG - Подставляем в аксиому ((A → (B → C)) → ((A → B) → (A → C))) подстановку {'A': 'B', 'B': '(¬A → (A → B))', 'C': 'B'}. Результат: ((B → ((¬A → (A → B)) → B)) → ((B → (¬A → (A → B))) → (B → B)))
2025-12-27 00:05:57,451 - DEBUG - Подставляем в аксиому ((A → (B → C)) → ((A → B) → (A → C))) подстановку {'A': 'B', 'B': '(¬A → (A → B))', 'C': 'A'}. Результат: ((B → ((¬A → (A → B)) → A)) → ((B → (¬A → (A → B))) → (B → A)))
2025-12-27 00:05:57,451 - DEBUG - Подставляем в аксиому ((A → (B → C)) → ((A → B) → (A → C))) подстановку {'A': 'B', 'B': '(¬A → (A → B))', 'C': '(A → B)'}. Результат: ((B → ((¬A → (A → B)) → (A → B))) → ((B → (¬A → (A → B))) → (B → (A → B))))
2025-12-27 00:05:57,451 - DEBUG - Подставляем в аксиому ((A → (B → C)) → ((A → B) → (A → C))) подстановку {'A': 'B', 'B': '(¬A → (A → B))', 'C': '¬A'}. Результат: ((B → ((¬A → (A → B)) → ¬A)) → ((B → (¬A → (A → B))) → (B → ¬A)))
2025-12-27 00:05:57,451 - DEBUG - Подставляем в аксиому ((A → (B → C)) → ((A → B) → (A → C))) подстановку {'A': 'B', 'B': '(¬A → (A → B))', 'C': '(¬A → (A → B))'}. Результат: ((B → ((¬A → (A → B)) → (¬A → (A → B)))) → ((B → (¬A → (A → B))) → (B → (¬A → (A → B)))))
2025-12-27 00:05:57,451 - DEBUG - Подставляем в аксиому ((A → (B → C)) → ((A → B) → (A → C))) подстановку {'A': 'A', 'B': 'B', 'C': 'B'}. Результат: ((A → (B → B)) → ((A → B) → (A → B)))
2025-12-27 00:05:57,451 - DEBUG - Подставляем в аксиому ((A → (B → C)) → ((A → B) → (A → C))) подстановку {'A': 'A', 'B': 'B', 'C': 'A'}. Результат: ((A → (B → A)) → ((A → B) → (A → A)))
2025-12-27 00:05:57,452 - DEBUG - Подставляем в аксиому ((A → (B → C)) → ((A → B) → (A → C))) подстановку {'A': 'A', 'B': 'B', 'C': '(A → B)'}. Результат: ((A → (B → (A → B))) → ((A → B) → (A → (A → B))))
2025-12-27 00:05:57,452 - DEBUG - Подставляем в аксиому ((A → (B → C)) → ((A → B) → (A → C))) подстановку {'A': 'A', 'B': 'B', 'C': '¬A'}. Результат: ((A → (B → ¬A)) → ((A → B) → (A → ¬A)))
2025-12-27 00:05:57,452 - DEBUG - Подставляем в аксиому ((A → (B → C)) → ((A → B) → (A → C))) подстановку {'A': 'A', 'B': 'B', 'C': '(¬A → (A → B))'}. Результат: ((A → (B → (¬A → (A → B)))) → ((A → B) → (A → (¬A → (A → B)))))
2025-12-27 00:05:57,452 - DEBUG - Подставляем в аксиому ((A → (B → C)) → ((A → B) → (A → C))) подстановку {'A': 'A', 'B': 'A', 'C': 'B'}. Результат: ((A → (A → B)) → ((A → A) → (A → B)))
2025-12-27 00:05:57,452 - DEBUG - Подставляем в аксиому ((A → (B → C)) → ((A → B) → (A → C))) подстановку {'A': 'A', 'B': 'A', 'C': 'A'}. Результат: ((A → (A → A)) → ((A → A) → (A → A)))
2025-12-27 00:05:57,452 - DEBUG - Подставляем в аксиому ((A → (B → C)) → ((A → B) → (A → C))) подстановку {'A': 'A', 'B': 'A', 'C': '(A → B)'}. Результат: ((A → (A → (A → B))) → ((A → A) → (A → (A → B))))
2025-12-27 00:05:57,452 - DEBUG - Подставляем в аксиому ((A → (B → C)) → ((A → B) → (A → C))) подстановку {'A': 'A', 'B': 'A', 'C': '¬A'}. Результат: ((A → (A → ¬A)) → ((A → A) → (A → ¬A)))
2025-12-27 00:05:57,452 - DEBUG - Подставляем в аксиому ((A → (B → C)) → ((A → B) → (A → C))) подстановку {'A': 'A', 'B': 'A', 'C': '(¬A → (A → B))'}. Результат: ((A → (A → (¬A → (A → B)))) → ((A → A) → (A → (¬A → (A → B)))))
2025-12-27 00:05:57,452 - DEBUG - Подставляем в аксиому ((A → (B → C)) → ((A → B) → (A → C))) подстановку {'A': 'A', 'B': '(A → B)', 'C': 'B'}. Результат: ((A → ((A → B) → B)) → ((A → (A → B)) → (A → B)))
2025-12-27 00:05:57,452 - DEBUG - Подставляем в аксиому ((A → (B → C)) → ((A → B) → (A → C))) подстановку {'A': 'A', 'B': '(A → B)', 'C': 'A'}. Результат: ((A → ((A → B) → A)) → ((A → (A → B)) → (A → A)))
2025-12-27 00:05:57,452 - DEBUG - Подставляем в аксиому ((A → (B → C)) → ((A → B) → (A → C))) подстановку {'A': 'A', 'B': '(A → B)', 'C': '(A → B)'}. Результат: ((A → ((A → B) → (A → B))) → ((A → (A → B)) → (A → (A → B))))
2025-12-27 00:05:57,452 - DEBUG - Подставляем в аксиому ((A → (B → C)) → ((A → B) → (A → C))) подстановку {'A': 'A', 'B': '(A → B)', 'C': '¬A'}. Результат: ((A → ((A → B) → ¬A)) → ((A → (A → B)) → (A → ¬A)))
2025-12-27 00:05:57,452 - DEBUG - Подставляем в аксиому ((A → (B → C)) → ((A → B) → (A → C))) подстановку {'A': 'A', 'B': '(A → B)', 'C': '(¬A → (A → B))'}. Результат: ((A → ((A → B) → (¬A → (A → B)))) → ((A → (A → B)) → (A → (¬A → (A → B)))))
2025-12-27 00:05:57,452 - DEBUG - Подставляем в аксиому ((A → (B → C)) → ((A → B) → (A → C))) подстановку {'A': 'A', 'B': '¬A', 'C': 'B'}. Результат: ((A → (¬A → B)) → ((A → ¬A) → (A → B)))
2025-12-27 00:05:57,452 - DEBUG - Подставляем в аксиому ((A → (B → C)) → ((A → B) → (A → C))) подстановку {'A': 'A', 'B': '¬A', 'C': 'A'}. Результат: ((A → (¬A → A)) → ((A → ¬A) → (A → A)))
2025-12-27 00:05:57,452 - DEBUG - Подставляем в аксиому ((A → (B → C)) → ((A → B) → (A → C))) подстановку {'A': 'A', 'B': '¬A', 'C': '(A → B)'}. Результат: ((A → (¬A → (A → B))) → ((A → ¬A) → (A → (A → B))))
2025-12-27 00:05:57,452 - DEBUG - Подставляем в аксиому ((A → (B → C)) → ((A → B) → (A → C))) подстановку {'A': 'A', 'B': '¬A', 'C': '¬A'}. Результат: ((A → (¬A → ¬A)) → ((A → ¬A) → (A → ¬A)))
2025-12-27 00:05:57,452 - DEBUG - Подставляем в аксиому ((A → (B → C)) → ((A → B) → (A → C))) подстановку {'A': 'A', 'B': '¬A', 'C': '(¬A → (A → B))'}. Результат: ((A → (¬A → (¬A → (A → B)))) → ((A → ¬A) → (A → (¬A → (A → B)))))
2025-12-27 00:05:57,452 - DEBUG - Подставляем в аксиому ((A → (B → C)) → ((A → B) → (A → C))) подстановку {'A': 'A', 'B': '(¬A → (A → B))', 'C': 'B'}. Результат: ((A → ((¬A → (A → B)) → B)) → ((A → (¬A → (A → B))) → (A → B)))
2025-12-27 00:05:57,452 - DEBUG - Подставляем в аксиому ((A → (B → C)) → ((A → B) → (A → C))) подстановку {'A': 'A', 'B': '(¬A → (A → B))', 'C': 'A'}. Результат: ((A → ((¬A → (A → B)) → A)) → ((A → (¬A → (A → B))) → (A → A)))
2025-12-27 00:05:57,452 - DEBUG - Подставляем в аксиому ((A → (B → C)) → ((A → B) → (A → C))) подстановку {'A': 'A', 'B': '(¬A → (A → B))', 'C': '(A → B)'}. Результат: ((A → ((¬A → (A → B)) → (A → B))) → ((A → (¬A → (A → B))) → (A → (A → B))))
2025-12-27 00:05:57,452 - DEBUG - Подставляем в аксиому ((A → (B → C)) → ((A → B) → (A → C))) подстановку {'A': 'A', 'B': '(¬A → (A → B))', 'C': '¬A'}. Результат: ((A → ((¬A → (A → B)) → ¬A)) → ((A → (¬A → (A → B))) → (A → ¬A)))
2025-12-27 00:05:57,452 - DEBUG - Подставляем в аксиому ((A → (B → C)) → ((A → B) → (A → C))) подстановку {'A': 'A', 'B': '(¬A → (A → B))', 'C': '(¬A → (A → B))'}. Результат: ((A → ((¬A → (A → B)) → (¬A → (A → B)))) → ((A → (¬A → (A → B))) → (A → (¬A → (A → B)))))
2025-12-27 00:05:57,452 - DEBUG - Подставляем в аксиому ((A → (B → C)) → ((A → B) → (A → C))) подстановку {'A': '(A → B)', 'B': 'B', 'C': 'B'}. Результат: (((A → B) → (B → B)) → (((A → B) → B) → ((A → B) → B)))
2025-12-27 00:05:57,452 - DEBUG - Подставляем в аксиому ((A → (B → C)) → ((A → B) → (A → C))) подстановку {'A': '(A → B)', 'B': 'B', 'C': 'A'}. Результат: (((A → B) → (B → A)) → (((A → B) → B) → ((A → B) → A)))
2025-12-27 00:05:57,452 - DEBUG - Подставляем в аксиому ((A → (B → C)) → ((A → B) → (A → C))) подстановку {'A': '(A → B)', 'B': 'B', 'C': '(A → B)'}. Результат: (((A → B) → (B → (A → B))) → (((A → B) → B) → ((A → B) → (A → B))))
2025-12-27 00:05:57,452 - DEBUG - Подставляем в аксиому ((A → (B → C)) → ((A → B) → (A → C))) подстановку {'A': '(A → B)', 'B': 'B', 'C': '¬A'}. Результат: (((A → B) → (B → ¬A)) → (((A → B) → B) → ((A → B) → ¬A)))
2025-12-27 00:05:57,452 - DEBUG - Подставляем в аксиому ((A → (B → C)) → ((A → B) → (A → C))) подстановку {'A': '(A → B)', 'B': 'B', 'C': '(¬A → (A → B))'}. Результат: (((A → B) → (B → (¬A → (A → B)))) → (((A → B) → B) → ((A → B) → (¬A → (A → B)))))
2025-12-27 00:05:57,452 - DEBUG - Подставляем в аксиому ((A → (B → C)) → ((A → B) → (A → C))) подстановку {'A': '(A → B)', 'B': 'A', 'C': 'B'}. Результат: (((A → B) → (A → B)) → (((A → B) → A) → ((A → B) → B)))
2025-12-27 00:05:57,452 - DEBUG - Подставляем в аксиому ((A → (B → C)) → ((A → B) → (A → C))) подстановку {'A': '(A → B)', 'B': 'A', 'C': 'A'}. Результат: (((A → B) → (A → A)) → (((A → B) → A) → ((A → B) → A)))
2025-12-27 00:05:57,452 - DEBUG - Подставляем в аксиому ((A → (B → C)) → ((A → B) → (A → C))) подстановку {'A': '(A → B)', 'B': 'A', 'C': '(A → B)'}. Результат: (((A → B) → (A → (A → B))) → (((A → B) → A) → ((A → B) → (A → B))))
2025-12-27 00:05:57,452 - DEBUG - Подставляем в аксиому ((A → (B → C)) → ((A → B) → (A → C))) подстановку {'A': '(A → B)', 'B': 'A', 'C': '¬A'}. Результат: (((A → B) → (A → ¬A)) → (((A → B) → A) → ((A → B) → ¬A)))
2025-12-27 00:05:57,452 - DEBUG - Подставляем в аксиому ((A → (B → C)) → ((A → B) → (A → C))) подстановку {'A': '(A → B)', 'B': 'A', 'C': '(¬A → (A → B))'}. Результат: (((A → B) → (A → (¬A → (A → B)))) → (((A → B) → A) → ((A → B) → (¬A → (A → B)))))
2025-12-27 00:05:57,453 - DEBUG - Подставляем в аксиому ((A → (B → C)) → ((A → B) → (A → C))) подстановку {'A': '(A → B)', 'B': '(A → B)', 'C': 'B'}. Результат: (((A → B) → ((A → B) → B)) → (((A → B) → (A → B)) → ((A → B) → B)))
2025-12-27 00:05:57,453 - DEBUG - Подставляем в аксиому ((A → (B → C)) → ((A → B) → (A → C))) подстановку {'A': '(A → B)', 'B': '(A → B)', 'C': 'A'}. Результат: (((A → B) → ((A → B) → A)) → (((A → B) → (A → B)) → ((A → B) → A)))
2025-12-27 00:05:57,453 - DEBUG - Подставляем в аксиому ((A → (B → C)) → ((A → B) → (A → C))) подстановку {'A': '(A → B)', 'B': '(A → B)', 'C': '(A → B)'}. Результат: (((A → B) → ((A → B) → (A → B))) → (((A → B) → (A → B)) → ((A → B) → (A → B))))
2025-12-27 00:05:57,453 - DEBUG - Подставляем в аксиому ((A → (B → C)) → ((A → B) → (A → C))) подстановку {'A': '(A → B)', 'B': '(A → B)', 'C': '¬A'}. Результат: (((A → B) → ((A → B) → ¬A)) → (((A → B) → (A → B)) → ((A → B) → ¬A)))
2025-12-27 00:05:57,453 - DEBUG - Подставляем в аксиому ((A → (B → C)) → ((A → B) → (A → C))) подстановку {'A': '(A → B)', 'B': '(A → B)', 'C': '(¬A → (A → B))'}. Результат: (((A → B) → ((A → B) → (¬A → (A → B)))) → (((A → B) → (A → B)) → ((A → B) → (¬A → (A → B)))))
2025-12-27 00:05:57,453 - DEBUG - Подставляем в аксиому ((A → (B → C)) → ((A → B) → (A → C))) подстановку {'A': '(A → B)', 'B': '¬A', 'C': 'B'}. Результат: (((A → B) → (¬A → B)) → (((A → B) → ¬A) → ((A → B) → B)))
2025-12-27 00:05:57,453 - DEBUG - Подставляем в аксиому ((A → (B → C)) → ((A → B) → (A → C))) подстановку {'A': '(A → B)', 'B': '¬A', 'C': 'A'}. Результат: (((A → B) → (¬A → A)) → (((A → B) → ¬A) → ((A → B) → A)))
2025-12-27 00:05:57,453 - DEBUG - Подставляем в аксиому ((A → (B → C)) → ((A → B) → (A → C))) подстановку {'A': '(A → B)', 'B': '¬A', 'C': '(A → B)'}. Результат: (((A → B) → (¬A → (A → B))) → (((A → B) → ¬A) → ((A → B) → (A → B))))
2025-12-27 00:05:57,453 - DEBUG - Подставляем в аксиому ((A → (B → C)) → ((A → B) → (A → C))) подстановку {'A': '(A → B)', 'B': '¬A', 'C': '¬A'}. Результат: (((A → B) → (¬A → ¬A)) → (((A → B) → ¬A) → ((A → B) → ¬A)))
2025-12-27 00:05:57,453 - DEBUG - Подставляем в аксиому ((A → (B → C)) → ((A → B) → (A → C))) подстановку {'A': '(A → B)', 'B': '¬A', 'C': '(¬A → (A → B))'}. Результат: (((A → B) → (¬A → (¬A → (A → B)))) → (((A → B) → ¬A) → ((A → B) → (¬A → (A → B)))))
2025-12-27 00:05:57,453 - DEBUG - Подставляем в аксиому ((A → (B → C)) → ((A → B) → (A → C))) подстановку {'A': '(A → B)', 'B': '(¬A → (A → B))', 'C': 'B'}. Результат: (((A → B) → ((¬A → (A → B)) → B)) → (((A → B) → (¬A → (A → B))) → ((A → B) → B)))
2025-12-27 00:05:57,453 - DEBUG - Подставляем в аксиому ((A → (B → C)) → ((A → B) → (A → C))) подстановку {'A': '(A → B)', 'B': '(¬A → (A → B))', 'C': 'A'}. Результат: (((A → B) → ((¬A → (A → B)) → A)) → (((A → B) → (¬A → (A → B))) → ((A → B) → A)))
2025-12-27 00:05:57,453 - DEBUG - Подставляем в аксиому ((A → (B → C)) → ((A → B) → (A → C))) подстановку {'A': '(A → B)', 'B': '(¬A → (A → B))', 'C': '(A → B)'}. Результат: (((A → B) → ((¬A → (A → B)) → (A → B))) → (((A → B) → (¬A → (A → B))) → ((A → B) → (A → B))))
2025-12-27 00:05:57,453 - DEBUG - Подставляем в аксиому ((A → (B → C)) → ((A → B) → (A → C))) подстановку {'A': '(A → B)', 'B': '(¬A → (A → B))', 'C': '¬A'}. Результат: (((A → B) → ((¬A → (A → B)) → ¬A)) → (((A → B) → (¬A → (A → B))) → ((A → B) → ¬A)))
2025-12-27 00:05:57,453 - DEBUG - Подставляем в аксиому ((A → (B → C)) → ((A → B) → (A → C))) подстановку {'A': '(A → B)', 'B': '(¬A → (A → B))', 'C': '(¬A → (A → B))'}. Результат: (((A → B) → ((¬A → (A → B)) → (¬A → (A → B)))) → (((A → B) → (¬A → (A → B))) → ((A → B) → (¬A → (A → B)))))
2025-12-27 00:05:57,453 - DEBUG - Подставляем в аксиому ((A → (B → C)) → ((A → B) → (A → C))) подстановку {'A': '¬A', 'B': 'B', 'C': 'B'}. Результат: ((¬A → (B → B)) → ((¬A → B) → (¬A → B)))
2025-12-27 00:05:57,453 - DEBUG - Подставляем в аксиому ((A → (B → C)) → ((A → B) → (A → C))) подстановку {'A': '¬A', 'B': 'B', 'C': 'A'}. Результат: ((¬A → (B → A)) → ((¬A → B) → (¬A → A)))
2025-12-27 00:05:57,453 - DEBUG - Подставляем в аксиому ((A → (B → C)) → ((A → B) → (A → C))) подстановку {'A': '¬A', 'B': 'B', 'C': '(A → B)'}. Результат: ((¬A → (B → (A → B))) → ((¬A → B) → (¬A → (A → B))))
2025-12-27 00:05:57,453 - DEBUG - Подставляем в аксиому ((A → (B → C)) → ((A → B) → (A → C))) подстановку {'A': '¬A', 'B': 'B', 'C': '¬A'}. Результат: ((¬A → (B → ¬A)) → ((¬A → B) → (¬A → ¬A)))
2025-12-27 00:05:57,453 - DEBUG - Подставляем в аксиому ((A → (B → C)) → ((A → B) → (A → C))) подстановку {'A': '¬A', 'B': 'B', 'C': '(¬A → (A → B))'}. Результат: ((¬A → (B → (¬A → (A → B)))) → ((¬A → B) → (¬A → (¬A → (A → B)))))
2025-12-27 00:05:57,453 - DEBUG - Подставляем в аксиому ((A → (B → C)) → ((A → B) → (A → C))) подстановку {'A': '¬A', 'B': 'A', 'C': 'B'}. Результат: ((¬A → (A → B)) → ((¬A → A) → (¬A → B)))
2025-12-27 00:05:57,453 - DEBUG - Подставляем в аксиому ((A → (B → C)) → ((A → B) → (A → C))) подстановку {'A': '¬A', 'B': 'A', 'C': 'A'}. Результат: ((¬A → (A → A)) → ((¬A → A) → (¬A → A)))
2025-12-27 00:05:57,453 - DEBUG - Подставляем в аксиому ((A → (B → C)) → ((A → B) → (A → C))) подстановку {'A': '¬A', 'B': 'A', 'C': '(A → B)'}. Результат: ((¬A → (A → (A → B))) → ((¬A → A) → (¬A → (A → B))))
2025-12-27 00:05:57,453 - DEBUG - Подставляем в аксиому ((A → (B → C)) → ((A → B) → (A → C))) подстановку {'A': '¬A', 'B': 'A', 'C': '¬A'}. Результат: ((¬A → (A → ¬A)) → ((¬A → A) → (¬A → ¬A)))
2025-12-27 00:05:57,453 - DEBUG - Подставляем в аксиому ((A → (B → C)) → ((A → B) → (A → C))) подстановку {'A': '¬A', 'B': 'A', 'C': '(¬A → (A → B))'}. Результат: ((¬A → (A → (¬A → (A → B)))) → ((¬A → A) → (¬A → (¬A → (A → B)))))
2025-12-27 00:05:57,453 - DEBUG - Подставляем в аксиому ((A → (B → C)) → ((A → B) → (A → C))) подстановку {'A': '¬A', 'B': '(A → B)', 'C': 'B'}. Результат: ((¬A → ((A → B) → B)) → ((¬A → (A → B)) → (¬A → B)))
2025-12-27 00:05:57,453 - DEBUG - Подставляем в аксиому ((A → (B → C)) → ((A → B) → (A → C))) подстановку {'A': '¬A', 'B': '(A → B)', 'C': 'A'}. Результат: ((¬A → ((A → B) → A)) → ((¬A → (A → B)) → (¬A → A)))
2025-12-27 00:05:57,453 - DEBUG - Подставляем в аксиому ((A → (B → C)) → ((A → B) → (A → C))) подстановку {'A': '¬A', 'B': '(A → B)', 'C': '(A → B)'}. Результат: ((¬A → ((A → B) → (A → B))) → ((¬A → (A → B)) → (¬A → (A → B))))
2025-12-27 00:05:57,453 - DEBUG - Подставляем в аксиому ((A → (B → C)) → ((A → B) → (A → C))) подстановку {'A': '¬A', 'B': '(A → B)', 'C': '¬A'}. Результат: ((¬A → ((A → B) → ¬A)) → ((¬A → (A → B)) → (¬A → ¬A)))
2025-12-27 00:05:57,453 - DEBUG - Подставляем в аксиому ((A → (B → C)) → ((A → B) → (A → C))) подстановку {'A': '¬A', 'B': '(A → B)', 'C': '(¬A → (A → B))'}. Результат: ((¬A → ((A → B) → (¬A → (A → B)))) → ((¬A → (A → B)) → (¬A → (¬A → (A → B)))))
2025-12-27 00:05:57,453 - DEBUG - Подставляем в аксиому ((A → (B → C)) → ((A → B) → (A → C))) подстановку {'A': '¬A', 'B': '¬A', 'C': 'B'}. Результат: ((¬A → (¬A → B)) → ((¬A → ¬A) → (¬A → B)))
2025-12-27 00:05:57,454 - DEBUG - Подставляем в аксиому ((A → (B → C)) → ((A → B) → (A → C))) подстановку {'A': '¬A', 'B': '¬A', 'C': 'A'}. Результат: ((¬A → (¬A → A)) → ((¬A → ¬A) → (¬A → A)))
2025-12-27 00:05:57,454 - DEBUG - Подставляем в аксиому ((A → (B → C)) → ((A → B) → (A → C))) подстановку {'A': '¬A', 'B': '¬A', 'C': '(A → B)'}. Результат: ((¬A → (¬A → (A → B))) → ((¬A → ¬A) → (¬A → (A → B))))
2025-12-27 00:05:57,454 - DEBUG - Подставляем в аксиому ((A → (B → C)) → ((A → B) → (A → C))) подстановку {'A': '¬A', 'B': '¬A', 'C': '¬A'}. Результат: ((¬A → (¬A → ¬A)) → ((¬A → ¬A) → (¬A → ¬A)))
2025-12-27 00:05:57,454 - DEBUG - Подставляем в аксиому ((A → (B → C)) → ((A → B) → (A → C))) подстановку {'A': '¬A', 'B': '¬A', 'C': '(¬A → (A → B))'}. Результат: ((¬A → (¬A → (¬A → (A → B)))) → ((¬A → ¬A) → (¬A → (¬A → (A → B)))))
2025-12-27 00:05:57,454 - DEBUG - Подставляем в аксиому ((A → (B → C)) → ((A → B) → (A → C))) подстановку {'A': '¬A', 'B': '(¬A → (A → B))', 'C': 'B'}. Результат: ((¬A → ((¬A → (A → B)) → B)) → ((¬A → (¬A → (A → B))) → (¬A → B)))
2025-12-27 00:05:57,454 - DEBUG - Подставляем в аксиому ((A → (B → C)) → ((A → B) → (A → C))) подстановку {'A': '¬A', 'B': '(¬A → (A → B))', 'C': 'A'}. Результат: ((¬A → ((¬A → (A → B)) → A)) → ((¬A → (¬A → (A → B))) → (¬A → A)))
2025-12-27 00:05:57,454 - DEBUG - Подставляем в аксиому ((A → (B → C)) → ((A → B) → (A → C))) подстановку {'A': '¬A', 'B': '(¬A → (A → B))', 'C': '(A → B)'}. Результат: ((¬A → ((¬A → (A → B)) → (A → B))) → ((¬A → (¬A → (A → B))) → (¬A → (A → B))))
2025-12-27 00:05:57,454 - DEBUG - Подставляем в аксиому ((A → (B → C)) → ((A → B) → (A → C))) подстановку {'A': '¬A', 'B': '(¬A → (A → B))', 'C': '¬A'}. Результат: ((¬A → ((¬A → (A → B)) → ¬A)) → ((¬A → (¬A → (A → B))) → (¬A → ¬A)))
2025-12-27 00:05:57,454 - DEBUG - Подставляем в аксиому ((A → (B → C)) → ((A → B) → (A → C))) подстановку {'A': '¬A', 'B': '(¬A → (A → B))', 'C': '(¬A → (A → B))'}. Результат: ((¬A → ((¬A → (A → B)) → (¬A → (A → B)))) → ((¬A → (¬A → (A → B))) → (¬A → (¬A → (A → B)))))
2025-12-27 00:05:57,454 - DEBUG - Подставляем в аксиому ((¬B → ¬A) → ((¬B → A) → B)) подстановку {'B': 'B', 'A': 'B'}. Результат: ((B → B) → ((B → B) → B))
2025-12-27 00:05:57,454 - DEBUG - Подставляем в аксиому ((¬B → ¬A) → ((¬B → A) → B)) подстановку {'B': 'B', 'A': 'A'}. Результат: ((B → A) → ((B → A) → B))
2025-12-27 00:05:57,454 - DEBUG - Подставляем в аксиому ((¬B → ¬A) → ((¬B → A) → B)) подстановку {'B': 'B', 'A': '(A → B)'}. Результат: ((B → (A → B)) → ((B → (A → B)) → B))
2025-12-27 00:05:57,454 - DEBUG - Подставляем в аксиому ((¬B → ¬A) → ((¬B → A) → B)) подстановку {'B': 'B', 'A': '¬A'}. Результат: ((B → ¬A) → ((B → ¬A) → B))
2025-12-27 00:05:57,454 - DEBUG - Подставляем в аксиому ((¬B → ¬A) → ((¬B → A) → B)) подстановку {'B': 'B', 'A': '(¬A → (A → B))'}. Результат: ((B → (¬A → (A → B))) → ((B → (¬A → (A → B))) → B))
2025-12-27 00:05:57,454 - DEBUG - Подставляем в аксиому ((¬B → ¬A) → ((¬B → A) → B)) подстановку {'B': 'A', 'A': 'B'}. Результат: ((A → B) → ((A → B) → A))
2025-12-27 00:05:57,454 - DEBUG - Подставляем в аксиому ((¬B → ¬A) → ((¬B → A) → B)) подстановку {'B': 'A', 'A': 'A'}. Результат: ((A → A) → ((A → A) → A))
2025-12-27 00:05:57,454 - DEBUG - Подставляем в аксиому ((¬B → ¬A) → ((¬B → A) → B)) подстановку {'B': 'A', 'A': '(A → B)'}. Результат: ((A → (A → B)) → ((A → (A → B)) → A))
2025-12-27 00:05:57,454 - DEBUG - Подставляем в аксиому ((¬B → ¬A) → ((¬B → A) → B)) подстановку {'B': 'A', 'A': '¬A'}. Результат: ((A → ¬A) → ((A → ¬A) → A))
2025-12-27 00:05:57,454 - DEBUG - Подставляем в аксиому ((¬B → ¬A) → ((¬B → A) → B)) подстановку {'B': 'A', 'A': '(¬A → (A → B))'}. Результат: ((A → (¬A → (A → B))) → ((A → (¬A → (A → B))) → A))
2025-12-27 00:05:57,454 - DEBUG - Подставляем в аксиому ((¬B → ¬A) → ((¬B → A) → B)) подстановку {'B': '(A → B)', 'A': 'B'}. Результат: (((A → B) → B) → (((A → B) → B) → (A → B)))
2025-12-27 00:05:57,454 - DEBUG - Подставляем в аксиому ((¬B → ¬A) → ((¬B → A) → B)) подстановку {'B': '(A → B)', 'A': 'A'}. Результат: (((A → B) → A) → (((A → B) → A) → (A → B)))
2025-12-27 00:05:57,454 - DEBUG - Подставляем в аксиому ((¬B → ¬A) → ((¬B → A) → B)) подстановку {'B': '(A → B)', 'A': '(A → B)'}. Результат: (((A → B) → (A → B)) → (((A → B) → (A → B)) → (A → B)))
2025-12-27 00:05:57,454 - DEBUG - Подставляем в аксиому ((¬B → ¬A) → ((¬B → A) → B)) подстановку {'B': '(A → B)', 'A': '¬A'}. Результат: (((A → B) → ¬A) → (((A → B) → ¬A) → (A → B)))
2025-12-27 00:05:57,454 - DEBUG - Подставляем в аксиому ((¬B → ¬A) → ((¬B → A) → B)) подстановку {'B': '(A → B)', 'A': '(¬A → (A → B))'}. Результат: (((A → B) → (¬A → (A → B))) → (((A → B) → (¬A → (A → B))) → (A → B)))
2025-12-27 00:05:57,454 - DEBUG - Подставляем в аксиому ((¬B → ¬A) → ((¬B → A) → B)) подстановку {'B': '¬A', 'A': 'B'}. Результат: ((¬A → B) → ((¬A → B) → ¬A))
2025-12-27 00:05:57,454 - DEBUG - Подставляем в аксиому ((¬B → ¬A) → ((¬B → A) → B)) подстановку {'B': '¬A', 'A': 'A'}. Результат: ((¬A → A) → ((¬A → A) → ¬A))
2025-12-27 00:05:57,454 - DEBUG - Подставляем в аксиому ((¬B → ¬A) → ((¬B → A) → B)) подстановку {'B': '¬A', 'A': '(A → B)'}. Результат: ((¬A → (A → B)) → ((¬A → (A → B)) → ¬A))
2025-12-27 00:05:57,454 - DEBUG - Подставляем в аксиому ((¬B → ¬A) → ((¬B → A) → B)) подстановку {'B': '¬A', 'A': '¬A'}. Результат: ((¬A → ¬A) → ((¬A → ¬A) → ¬A))
2025-12-27 00:05:57,454 - DEBUG - Подставляем в аксиому ((¬B → ¬A) → ((¬B → A) → B)) подстановку {'B': '¬A', 'A': '(¬A → (A → B))'}. Результат: ((¬A → (¬A → (A → B))) → ((¬A → (¬A → (A → B))) → ¬A))
2025-12-27 00:05:57,454 - DEBUG - Подставляем в аксиому ((¬B → ¬A) → ((¬B → A) → B)) подстановку {'B': '(¬A → (A → B))', 'A': 'B'}. Результат: (((¬A → (A → B)) → B) → (((¬A → (A → B)) → B) → (¬A → (A → B))))
2025-12-27 00:05:57,454 - DEBUG - Подставляем в аксиому ((¬B → ¬A) → ((¬B → A) → B)) подстановку {'B': '(¬A → (A → B))', 'A': 'A'}. Результат: (((¬A → (A → B)) → A) → (((¬A → (A → B)) → A) → (¬A → (A → B))))
2025-12-27 00:05:57,454 - DEBUG - Подставляем в аксиому ((¬B → ¬A) → ((¬B → A) → B)) подстановку {'B': '(¬A → (A → B))', 'A': '(A → B)'}. Результат: (((¬A → (A → B)) → (A → B)) → (((¬A → (A → B)) → (A → B)) → (¬A → (A → B))))
2025-12-27 00:05:57,455 - DEBUG - Подставляем в аксиому ((¬B → ¬A) → ((¬B → A) → B)) подстановку {'B': '(¬A → (A → B))', 'A': '¬A'}. Результат: (((¬A → (A → B)) → ¬A) → (((¬A → (A → B)) → ¬A) → (¬A → (A → B))))
2025-12-27 00:05:57,455 - DEBUG - Подставляем в аксиому ((¬B → ¬A) → ((¬B → A) → B)) подстановку {'B': '(¬A → (A → B))', 'A': '(¬A → (A → B))'}. Результат: (((¬A → (A → B)) → (¬A → (A → B))) → (((¬A → (A → B)) → (¬A → (A → B))) → (¬A → (A → B))))
2025-12-27 00:05:57,456 - INFO - Используем правило вывода
2025-12-27 00:05:57,461 - DEBUG - Найдено соответствие для MP. Посылка 1: ((A → B) → ((A → B) → (A → B))), Посылка с правилом вывода: (((A → B) → ((A → B) → (A → B))) → (((A → B) → (A → B)) → ((A → B) → (A → B)))), Новая посылка: (((A → B) → (A → B)) → ((A → B) → (A → B)))
2025-12-27 00:05:57,464 - DEBUG - Найдено соответствие для MP. Посылка 1: (A → (A → A)), Посылка с правилом вывода: ((A → (A → A)) → ((A → A) → (A → A))), Новая посылка: ((A → A) → (A → A))
2025-12-27 00:05:57,466 - DEBUG - Найдено соответствие для MP. Посылка 1: ((A → B) → ((¬A → (A → B)) → (A → B))), Посылка с правилом вывода: (((A → B) → ((¬A → (A → B)) → (A → B))) → (((A → B) → (¬A → (A → B))) → ((A → B) → (A → B)))), Новая посылка: (((A → B) → (¬A → (A → B))) → ((A → B) → (A → B)))
2025-12-27 00:05:57,468 - DEBUG - Найдено соответствие для MP. Посылка 1: ((A → B) → (¬A → (A → B))), Посылка с правилом вывода: (((A → B) → (¬A → (A → B))) → (((A → B) → ¬A) → ((A → B) → (A → B)))), Новая посылка: (((A → B) → ¬A) → ((A → B) → (A → B)))
2025-12-27 00:05:57,471 - DEBUG - Найдено соответствие для MP. Посылка 1: (¬A → (B → ¬A)), Посылка с правилом вывода: ((¬A → (B → ¬A)) → ((¬A → B) → (¬A → ¬A))), Новая посылка: ((¬A → B) → (¬A → ¬A))
2025-12-27 00:05:57,472 - DEBUG - Найдено соответствие для MP. Посылка 1: (¬A → ((A → B) → ¬A)), Посылка с правилом вывода: ((¬A → ((A → B) → ¬A)) → ((¬A → (A → B)) → (¬A → ¬A))), Новая посылка: ((¬A → (A → B)) → (¬A → ¬A))
2025-12-27 00:05:57,475 - DEBUG - Найдено соответствие для MP. Посылка 1: (B → ((¬A → (A → B)) → B)), Посылка с правилом вывода: ((B → ((¬A → (A → B)) → B)) → ((B → (¬A → (A → B))) → (B → B))), Новая посылка: ((B → (¬A → (A → B))) → (B → B))
2025-12-27 00:05:57,476 - DEBUG - Найдено соответствие для MP. Посылка 1: (B → (B → B)), Посылка с правилом вывода: ((B → (B → B)) → ((B → B) → (B → B))), Новая посылка: ((B → B) → (B → B))
2025-12-27 00:05:57,477 - DEBUG - Найдено соответствие для MP. Посылка 1: (B → (A → B)), Посылка с правилом вывода: ((B → (A → B)) → ((B → (A → B)) → B)), Новая посылка: ((B → (A → B)) → B)
2025-12-27 00:05:57,481 - DEBUG - Найдено соответствие для MP. Посылка 1: (B → ((A → B) → B)), Посылка с правилом вывода: ((B → ((A → B) → B)) → ((B → (A → B)) → (B → B))), Новая посылка: ((B → (A → B)) → (B → B))
2025-12-27 00:05:57,483 - DEBUG - Найдено соответствие для MP. Посылка 1: (A → ((A → B) → A)), Посылка с правилом вывода: ((A → ((A → B) → A)) → ((A → (A → B)) → (A → A))), Новая посылка: ((A → (A → B)) → (A → A))
2025-12-27 00:05:57,484 - DEBUG - Найдено соответствие для MP. Посылка 1: (A → (B → A)), Посылка с правилом вывода: ((A → (B → A)) → ((A → B) → (A → A))), Новая посылка: ((A → B) → (A → A))
2025-12-27 00:05:57,491 - DEBUG - Найдено соответствие для MP. Посылка 1: (A → ((¬A → (A → B)) → A)), Посылка с правилом вывода: ((A → ((¬A → (A → B)) → A)) → ((A → (¬A → (A → B))) → (A → A))), Новая посылка: ((A → (¬A → (A → B))) → (A → A))
2025-12-27 00:05:57,495 - DEBUG - Найдено соответствие для MP. Посылка 1: ((A → B) → (A → (A → B))), Посылка с правилом вывода: (((A → B) → (A → (A → B))) → (((A → B) → A) → ((A → B) → (A → B)))), Новая посылка: (((A → B) → A) → ((A → B) → (A → B)))
2025-12-27 00:05:57,495 - DEBUG - Найдено соответствие для MP. Посылка 1: ((A → B) → ((A → B) → A)), Посылка с правилом вывода: (((A → B) → ((A → B) → A)) → (((A → B) → (A → B)) → ((A → B) → A))), Новая посылка: (((A → B) → (A → B)) → ((A → B) → A))
2025-12-27 00:05:57,504 - DEBUG - Найдено соответствие для MP. Посылка 1: (A → (¬A → A)), Посылка с правилом вывода: ((A → (¬A → A)) → ((A → ¬A) → (A → A))), Новая посылка: ((A → ¬A) → (A → A))
2025-12-27 00:05:57,507 - DEBUG - Найдено соответствие для MP. Посылка 1: (¬A → (A → ¬A)), Посылка с правилом вывода: ((¬A → (A → ¬A)) → ((¬A → A) → (¬A → ¬A))), Новая посылка: ((¬A → A) → (¬A → ¬A))
2025-12-27 00:05:57,526 - DEBUG - Найдено соответствие для MP. Посылка 1: (¬A → (¬A → ¬A)), Посылка с правилом вывода: ((¬A → (¬A → ¬A)) → ((¬A → ¬A) → (¬A → ¬A))), Новая посылка: ((¬A → ¬A) → (¬A → ¬A))
2025-12-27 00:05:57,528 - DEBUG - Найдено соответствие для MP. Посылка 1: (¬A → ((¬A → (A → B)) → ¬A)), Посылка с правилом вывода: ((¬A → ((¬A → (A → B)) → ¬A)) → ((¬A → (¬A → (A → B))) → (¬A → ¬A))), Новая посылка: ((¬A → (¬A → (A → B))) → (¬A → ¬A))
2025-12-27 00:05:57,532 - DEBUG - Найдено соответствие для MP. Посылка 1: ((A → B) → (B → (A → B))), Посылка с правилом вывода: (((A → B) → (B → (A → B))) → (((A → B) → B) → ((A → B) → (A → B)))), Новая посылка: (((A → B) → B) → ((A → B) → (A → B)))
2025-12-27 00:05:57,532 - DEBUG - Найдено соответствие для MP. Посылка 1: (B → (¬A → B)), Посылка с правилом вывода: ((B → (¬A → B)) → ((B → ¬A) → (B → B))), Новая посылка: ((B → ¬A) → (B → B))
2025-12-27 00:05:57,538 - DEBUG - Найдено соответствие для MP. Посылка 1: (B → (A → B)), Посылка с правилом вывода: ((B → (A → B)) → ((B → A) → (B → B))), Новая посылка: ((B → A) → (B → B))
2025-12-27 00:05:57,542 - DEBUG - Найдено соответствие для MP. Посылка 1: ((A → B) → (¬A → (A → B))), Посылка с правилом вывода: (((A → B) → (¬A → (A → B))) → (((A → B) → (¬A → (A → B))) → (A → B))), Новая посылка: (((A → B) → (¬A → (A → B))) → (A → B))
2025-12-27 00:05:57,544 - INFO - Используем теорему дедукции
2025-12-27 00:05:57,544 - DEBUG - Применена теорема дедукции для посылки: ((¬A → (¬A → (¬A → (A → B)))) → ((¬A → ¬A) → (¬A → (¬A → (A → B))))), Новая посылка: ((A ∨ (A ∨ (A ∨ (¬A ∨ B)))) → ((¬A → ¬A) → (¬A → (¬A → (A → B)))))
2025-12-27 00:05:57,544 - DEBUG - Применена теорема дедукции для посылки: ((A → ((A → B) → (¬A → (A → B)))) → ((A → (A → B)) → (A → (¬A → (A → B))))), Новая посылка: ((A → (¬A → (¬A → (A → B)))) → ((¬A ∨ (¬B ∨ (A ∨ (¬A ∨ B)))) → ((A → (A → B)) → (A → (¬A → (A → B))))))
2025-12-27 00:05:57,545 - DEBUG - Применена теорема дедукции для посылки: (((A → B) → ((A → B) → (¬A → (A → B)))) → (((A → B) → (A → B)) → ((A → B) → (¬A → (A → B))))), Новая посылка: (¬(¬((¬A → (¬A → (¬A → (A → B)))) → ¬(¬A → (B → (¬A → (A → B))))) → ¬(B → (¬A → (¬A → (A → B))))) → ((¬B ∨ (¬B ∨ (A ∨ (¬A ∨ B)))) → (((A → B) → (A → B)) → ((A → B) → (¬A → (A → B))))))
2025-12-27 00:05:57,545 - DEBUG - Применена теорема дедукции для посылки: ((¬A → B) → ((¬A → B) → ¬A)), Новая посылка: ((A ∨ B) → ((¬A → B) → ¬A))
2025-12-27 00:05:57,545 - DEBUG - Применена теорема дедукции для посылки: ((A → (¬A → ¬A)) → ((A → ¬A) → (A → ¬A))), Новая посылка: ((¬A ∨ (A ∨ ¬A)) → ((A → ¬A) → (A → ¬A)))
2025-12-27 00:05:57,545 - DEBUG - Применена теорема дедукции для посылки: ((¬A → (A → B)) → (¬A → (¬A → (A → B)))), Новая посылка: ((A ∨ (¬A ∨ B)) → (¬A → (¬A → (A → B))))
2025-12-27 00:05:57,545 - DEBUG - Применена теорема дедукции для посылки: (((A → B) → ((A → B) → (A → B))) → (((A → B) → (A → B)) → ((A → B) → (A → B)))), Новая посылка: (¬(¬((B → (¬A → (A → B))) → ¬(¬A → (¬A → (A → B)))) → ¬(B → (B → (A → B)))) → ((A ∨ (¬B ∨ (¬A ∨ B))) → (((A → B) → (A → B)) → ((A → B) → (A → B)))))
2025-12-27 00:05:57,545 - DEBUG - Применена теорема дедукции для посылки: ((B → (A → (¬A → (A → B)))) → ((B → A) → (B → (¬A → (A → B))))), Новая посылка: ((¬B ∨ (¬A ∨ (A ∨ (¬A ∨ B)))) → ((B → A) → (B → (¬A → (A → B)))))
2025-12-27 00:05:57,545 - DEBUG - Применена теорема дедукции для посылки: ((¬A → (A → B)) → (B → (¬A → (A → B)))), Новая посылка: ((A ∨ (¬A ∨ B)) → (B → (¬A → (A → B))))
2025-12-27 00:05:57,545 - DEBUG - Применена теорема дедукции для посылки: ((A → (A → (A → B))) → ((A → A) → (A → (A → B)))), Новая посылка: ((¬A ∨ (¬A ∨ (¬A ∨ B))) → ((A → A) → (A → (A → B))))
2025-12-27 00:05:57,545 - DEBUG - Применена теорема дедукции для посылки: ((A → (B → (A → B))) → ((A → B) → (A → (A → B)))), Новая посылка: ((¬A ∨ (¬B ∨ (¬A ∨ B))) → ((A → B) → (A → (A → B))))
2025-12-27 00:05:57,545 - DEBUG - Применена теорема дедукции для посылки: ((A → (A → A)) → ((A → A) → (A → A))), Новая посылка: ((¬A ∨ (¬A ∨ A)) → ((A → A) → (A → A)))
2025-12-27 00:05:57,545 - DEBUG - Применена теорема дедукции для посылки: ((A → (¬A → B)) → ((A → ¬A) → (A → B))), Новая посылка: ((¬A ∨ (A ∨ B)) → ((A → ¬A) → (A → B)))
2025-12-27 00:05:57,545 - DEBUG - Применена теорема дедукции для посылки: ((¬A → ((A → B) → (A → B))) → ((¬A → (A → B)) → (¬A → (A → B)))), Новая посылка: ((¬A → (B → (A → B))) → ((A ∨ (A ∨ (¬A ∨ B))) → ((¬A → (A → B)) → (¬A → (A → B)))))
2025-12-27 00:05:57,545 - DEBUG - Применена теорема дедукции для посылки: ((A → (A → (¬A → (A → B)))) → ((A → A) → (A → (¬A → (A → B))))), Новая посылка: ((¬A ∨ (¬A ∨ (A ∨ (¬A ∨ B)))) → ((A → A) → (A → (¬A → (A → B)))))
2025-12-27 00:05:57,545 - DEBUG - Применена теорема дедукции для посылки: (((A → B) → ((¬A → (A → B)) → (A → B))) → (((A → B) → (¬A → (A → B))) → ((A → B) → (A → B)))), Новая посылка: (¬(¬((B → (A → (A → B))) → ¬(¬A → (¬(A → B) → (A → B)))) → ¬(B → (¬(A → B) → (A → B)))) → ((A ∨ (¬A ∨ (¬A ∨ B))) → (((A → B) → (¬A → (A → B))) → ((A → B) → (A → B)))))
2025-12-27 00:05:57,545 - DEBUG - Применена теорема дедукции для посылки: ((B → (¬A → ¬A)) → ((B → ¬A) → (B → ¬A))), Новая посылка: ((¬B ∨ (A ∨ ¬A)) → ((B → ¬A) → (B → ¬A)))
2025-12-27 00:05:57,546 - DEBUG - Применена теорема дедукции для посылки: (((A → B) → (¬A → (A → B))) → (((A → B) → ¬A) → ((A → B) → (A → B)))), Новая посылка: ((¬A → (¬A → (A → B))) → ((¬B ∨ (A ∨ (¬A ∨ B))) → (((A → B) → ¬A) → ((A → B) → (A → B)))))
2025-12-27 00:05:57,546 - DEBUG - Применена теорема дедукции для посылки: ((A → (B → (¬A → (A → B)))) → ((A → B) → (A → (¬A → (A → B))))), Новая посылка: ((¬A ∨ (¬B ∨ (A ∨ (¬A ∨ B)))) → ((A → B) → (A → (¬A → (A → B)))))
2025-12-27 00:05:57,546 - DEBUG - Применена теорема дедукции для посылки: (((A → B) → ((¬A → (A → B)) → ¬A)) → (((A → B) → (¬A → (A → B))) → ((A → B) → ¬A))), Новая посылка: (¬(¬((B → (¬(A → B) → ¬A)) → ¬(B → (A → ¬A))) → ¬(¬A → (A → ¬A))) → ((A ∨ ((¬A ∨ B) ∨ ¬A)) → (((A → B) → (¬A → (A → B))) → ((A → B) → ¬A))))
2025-12-27 00:05:57,546 - DEBUG - Применена теорема дедукции для посылки: ((¬A → (B → ¬A)) → ((¬A → B) → (¬A → ¬A))), Новая посылка: ((A ∨ (¬B ∨ ¬A)) → ((¬A → B) → (¬A → ¬A)))
2025-12-27 00:05:57,546 - DEBUG - Применена теорема дедукции для посылки: ((B → ¬A) → ((B → ¬A) → B)), Новая посылка: ((¬B ∨ ¬A) → ((B → ¬A) → B))
2025-12-27 00:05:57,546 - DEBUG - Применена теорема дедукции для посылки: ((B → (B → A)) → ((B → B) → (B → A))), Новая посылка: ((¬B ∨ (¬B ∨ A)) → ((B → B) → (B → A)))
2025-12-27 00:05:57,546 - DEBUG - Применена теорема дедукции для посылки: ((¬A → ((A → B) → ¬A)) → ((¬A → (A → B)) → (¬A → ¬A))), Новая посылка: ((¬A → (¬A → ¬A)) → ((A ∨ (¬B ∨ ¬A)) → ((¬A → (A → B)) → (¬A → ¬A))))
2025-12-27 00:05:57,546 - DEBUG - Применена теорема дедукции для посылки: ((B → (¬A → (A → B))) → ((B → ¬A) → (B → (A → B)))), Новая посылка: ((¬B ∨ (A ∨ (¬A ∨ B))) → ((B → ¬A) → (B → (A → B))))
2025-12-27 00:05:57,546 - DEBUG - Применена теорема дедукции для посылки: ((A → (B → B)) → ((A → B) → (A → B))), Новая посылка: ((¬A ∨ (¬B ∨ B)) → ((A → B) → (A → B)))
2025-12-27 00:05:57,546 - DEBUG - Применена теорема дедукции для посылки: ((¬A → (¬A → (A → B))) → ((¬A → (¬A → (A → B))) → ¬A)), Новая посылка: ((A ∨ (A ∨ (¬A ∨ B))) → ((¬A → (¬A → (A → B))) → ¬A))
2025-12-27 00:05:57,546 - DEBUG - Применена теорема дедукции для посылки: ((B → ((¬A → (A → B)) → B)) → ((B → (¬A → (A → B))) → (B → B))), Новая посылка: ((B → (¬(A → B) → B)) → ((¬B ∨ (¬A ∨ B)) → ((B → (¬A → (A → B))) → (B → B))))
2025-12-27 00:05:57,546 - DEBUG - Применена теорема дедукции для посылки: ((¬A → ((A → B) → (¬A → (A → B)))) → ((¬A → (A → B)) → (¬A → (¬A → (A → B))))), Новая посылка: ((¬A → (¬A → (¬A → (A → B)))) → ((A ∨ (¬B ∨ (A ∨ (¬A ∨ B)))) → ((¬A → (A → B)) → (¬A → (¬A → (A → B))))))
2025-12-27 00:05:57,546 - DEBUG - Применена теорема дедукции для посылки: (((A → B) → (¬A → B)) → (((A → B) → ¬A) → ((A → B) → B))), Новая посылка: ((B → (¬A → B)) → ((A ∨ (A ∨ B)) → (((A → B) → ¬A) → ((A → B) → B))))
2025-12-27 00:05:57,546 - DEBUG - Применена теорема дедукции для посылки: ((B → (B → B)) → ((B → B) → (B → B))), Новая посылка: ((¬B ∨ (¬B ∨ B)) → ((B → B) → (B → B)))
2025-12-27 00:05:57,546 - DEBUG - Применена теорема дедукции для посылки: ((B → (A → B)) → ((B → (A → B)) → B)), Новая посылка: ((¬B ∨ (¬A ∨ B)) → ((B → (A → B)) → B))
2025-12-27 00:05:57,547 - DEBUG - Применена теорема дедукции для посылки: ((A → ¬A) → ((A → ¬A) → A)), Новая посылка: ((¬A ∨ ¬A) → ((A → ¬A) → A))
2025-12-27 00:05:57,547 - DEBUG - Применена теорема дедукции для посылки: ((¬A → ((A → B) → A)) → ((¬A → (A → B)) → (¬A → A))), Новая посылка: ((¬A → (¬A → A)) → ((A ∨ (¬B ∨ A)) → ((¬A → (A → B)) → (¬A → A))))
2025-12-27 00:05:57,547 - DEBUG - Применена теорема дедукции для посылки: (((A → B) → (A → (¬A → (A → B)))) → (((A → B) → A) → ((A → B) → (¬A → (A → B))))), Новая посылка: ((¬A → (A → (¬A → (A → B)))) → ((¬B ∨ (¬A ∨ (A ∨ (¬A ∨ B)))) → (((A → B) → A) → ((A → B) → (¬A → (A → B))))))
2025-12-27 00:05:57,547 - DEBUG - Применена теорема дедукции для посылки: ((¬A → (A → B)) → ((¬A → (A → B)) → (¬A → (A → B)))), Новая посылка: ((A ∨ (¬A ∨ B)) → ((¬A → (A → B)) → (¬A → (A → B))))
2025-12-27 00:05:57,547 - DEBUG - Применена теорема дедукции для посылки: ((A → B) → ((¬A → (A → B)) → (A → B))), Новая посылка: ((¬A ∨ B) → ((¬A → (A → B)) → (A → B)))
2025-12-27 00:05:57,547 - DEBUG - Применена теорема дедукции для посылки: ((B → ((A → B) → B)) → ((B → (A → B)) → (B → B))), Новая посылка: ((B → (B → B)) → ((¬B ∨ (A ∨ B)) → ((B → (A → B)) → (B → B))))
2025-12-27 00:05:57,547 - DEBUG - Применена теорема дедукции для посылки: (((¬A → (A → B)) → (¬A → (A → B))) → (((¬A → (A → B)) → (¬A → (A → B))) → (¬A → (A → B)))), Новая посылка: ((¬(A → B) → (¬A → (A → B))) → ((¬A ∨ (A ∨ (¬A ∨ B))) → (((¬A → (A → B)) → (¬A → (A → B))) → (¬A → (A → B)))))
2025-12-27 00:05:57,547 - DEBUG - Применена теорема дедукции для посылки: ((A → ((A → B) → A)) → ((A → (A → B)) → (A → A))), Новая посылка: ((A → (¬A → A)) → ((¬A ∨ (¬B ∨ A)) → ((A → (A → B)) → (A → A))))
2025-12-27 00:05:57,547 - DEBUG - Применена теорема дедукции для посылки: ((B → (A → (A → B))) → ((B → A) → (B → (A → B)))), Новая посылка: ((¬B ∨ (¬A ∨ (¬A ∨ B))) → ((B → A) → (B → (A → B))))
2025-12-27 00:05:57,547 - DEBUG - Применена теорема дедукции для посылки: ((A → (B → A)) → ((A → B) → (A → A))), Новая посылка: ((¬A ∨ (¬B ∨ A)) → ((A → B) → (A → A)))
2025-12-27 00:05:57,547 - DEBUG - Применена теорема дедукции для посылки: (((¬A → (A → B)) → ¬A) → (((¬A → (A → B)) → ¬A) → (¬A → (A → B)))), Новая посылка: ((A → ¬A) → (((¬A ∨ B) ∨ ¬A) → (((¬A → (A → B)) → ¬A) → (¬A → (A → B)))))
2025-12-27 00:05:57,547 - DEBUG - Применена теорема дедукции для посылки: (((A → B) → ((A → B) → ¬A)) → (((A → B) → (A → B)) → ((A → B) → ¬A))), Новая посылка: (¬(¬((B → (B → ¬A)) → ¬(¬A → (¬A → ¬A))) → ¬(¬A → (B → ¬A))) → ((¬B ∨ (A ∨ ¬A)) → (((A → B) → (A → B)) → ((A → B) → ¬A))))
2025-12-27 00:05:57,547 - DEBUG - Применена теорема дедукции для посылки: ((A → B) → (¬A → (A → B))), Новая посылка: ((¬A ∨ B) → (¬A → (A → B)))
2025-12-27 00:05:57,547 - DEBUG - Применена теорема дедукции для посылки: (((A → B) → ¬A) → (((A → B) → ¬A) → (A → B))), Новая посылка: ((¬A → ¬A) → ((¬B ∨ ¬A) → (((A → B) → ¬A) → (A → B))))
2025-12-27 00:05:57,547 - DEBUG - Применена теорема дедукции для посылки: ((A → ((¬A → (A → B)) → (¬A → (A → B)))) → ((A → (¬A → (A → B))) → (A → (¬A → (A → B))))), Новая посылка: ((A → (¬(A → B) → (¬A → (A → B)))) → ((¬A ∨ (¬A ∨ (A ∨ (¬A ∨ B)))) → ((A → (¬A → (A → B))) → (A → (¬A → (A → B))))))
2025-12-27 00:05:57,548 - DEBUG - Применена теорема дедукции для посылки: ((¬A → (A → B)) → (A → (¬A → (A → B)))), Новая посылка: ((A ∨ (¬A ∨ B)) → (A → (¬A → (A → B))))
2025-12-27 00:05:57,548 - DEBUG - Применена теорема дедукции для посылки: ((A → ((A → B) → B)) → ((A → (A → B)) → (A → B))), Новая посылка: ((A → (B → B)) → ((¬A ∨ (A ∨ B)) → ((A → (A → B)) → (A → B))))
2025-12-27 00:05:57,548 - DEBUG - Применена теорема дедукции для посылки: ((A → (¬A → (A → B))) → ((A → (¬A → (A → B))) → A)), Новая посылка: ((¬A ∨ (A ∨ (¬A ∨ B))) → ((A → (¬A → (A → B))) → A))
2025-12-27 00:05:57,548 - DEBUG - Применена теорема дедукции для посылки: (((¬A → (A → B)) → (A → B)) → (((¬A → (A → B)) → (A → B)) → (¬A → (A → B)))), Новая посылка: ((¬(A → B) → (A → B)) → ((¬A ∨ (¬A ∨ B)) → (((¬A → (A → B)) → (A → B)) → (¬A → (A → B)))))
2025-12-27 00:05:57,548 - DEBUG - Применена теорема дедукции для посылки: ((A → ((¬A → (A → B)) → A)) → ((A → (¬A → (A → B))) → (A → A))), Новая посылка: ((A → (A → A)) → ((¬A ∨ ((¬A ∨ B) ∨ A)) → ((A → (¬A → (A → B))) → (A → A))))
2025-12-27 00:05:57,548 - DEBUG - Применена теорема дедукции для посылки: ((¬A → (¬A → B)) → ((¬A → ¬A) → (¬A → B))), Новая посылка: ((A ∨ (A ∨ B)) → ((¬A → ¬A) → (¬A → B)))
2025-12-27 00:05:57,548 - DEBUG - Применена теорема дедукции для посылки: ((A → ((¬A → (A → B)) → (A → B))) → ((A → (¬A → (A → B))) → (A → (A → B)))), Новая посылка: ((A → (¬(A → B) → (A → B))) → ((¬A ∨ (¬A ∨ (¬A ∨ B))) → ((A → (¬A → (A → B))) → (A → (A → B)))))
2025-12-27 00:05:57,548 - DEBUG - Применена теорема дедукции для посылки: (((A → B) → (B → (¬A → (A → B)))) → (((A → B) → B) → ((A → B) → (¬A → (A → B))))), Новая посылка: ((¬A → (B → (¬A → (A → B)))) → ((¬B ∨ (¬B ∨ (A ∨ (¬A ∨ B)))) → (((A → B) → B) → ((A → B) → (¬A → (A → B))))))
2025-12-27 00:05:57,548 - DEBUG - Применена теорема дедукции для посылки: ((A → ((A → B) → ¬A)) → ((A → (A → B)) → (A → ¬A))), Новая посылка: ((A → (B → ¬A)) → ((¬A ∨ (A ∨ ¬A)) → ((A → (A → B)) → (A → ¬A))))
2025-12-27 00:05:57,548 - DEBUG - Применена теорема дедукции для посылки: ((B → (B → (¬A → (A → B)))) → ((B → B) → (B → (¬A → (A → B))))), Новая посылка: ((¬B ∨ (¬B ∨ (A ∨ (¬A ∨ B)))) → ((B → B) → (B → (¬A → (A → B)))))
2025-12-27 00:05:57,548 - DEBUG - Применена теорема дедукции для посылки: (((A → B) → (A → (A → B))) → (((A → B) → A) → ((A → B) → (A → B)))), Новая посылка: ((¬A → (A → (A → B))) → ((¬B ∨ (¬A ∨ (¬A ∨ B))) → (((A → B) → A) → ((A → B) → (A → B)))))
2025-12-27 00:05:57,548 - DEBUG - Применена теорема дедукции для посылки: (((A → B) → ((A → B) → A)) → (((A → B) → (A → B)) → ((A → B) → A))), Новая посылка: (¬(¬((B → (¬A → A)) → ¬(¬A → (¬A → A))) → ¬(¬A → (B → A))) → ((¬B ∨ (¬B ∨ A)) → (((A → B) → (A → B)) → ((A → B) → A))))
2025-12-27 00:05:57,548 - DEBUG - Применена теорема дедукции для посылки: ((¬A → (A → (¬A → (A → B)))) → ((¬A → A) → (¬A → (¬A → (A → B))))), Новая посылка: ((A ∨ (¬A ∨ (A ∨ (¬A ∨ B)))) → ((¬A → A) → (¬A → (¬A → (A → B)))))
2025-12-27 00:05:57,548 - DEBUG - Применена теорема дедукции для посылки: ((B → ((A → B) → (A → B))) → ((B → (A → B)) → (B → (A → B)))), Новая посылка: ((B → (B → (A → B))) → ((¬B ∨ (A ∨ (¬A ∨ B))) → ((B → (A → B)) → (B → (A → B)))))
2025-12-27 00:05:57,549 - DEBUG - Применена теорема дедукции для посылки: ((B → ((¬A → (A → B)) → A)) → ((B → (¬A → (A → B))) → (B → A))), Новая посылка: ((B → (A → A)) → ((¬B ∨ ((¬A ∨ B) ∨ A)) → ((B → (¬A → (A → B))) → (B → A))))
2025-12-27 00:05:57,549 - DEBUG - Применена теорема дедукции для посылки: ((¬A → (B → (¬A → (A → B)))) → ((¬A → B) → (¬A → (¬A → (A → B))))), Новая посылка: ((A ∨ (¬B ∨ (A ∨ (¬A ∨ B)))) → ((¬A → B) → (¬A → (¬A → (A → B)))))
2025-12-27 00:05:57,549 - DEBUG - Применена теорема дедукции для посылки: ((A → (B → ¬A)) → ((A → B) → (A → ¬A))), Новая посылка: ((¬A ∨ (¬B ∨ ¬A)) → ((A → B) → (A → ¬A)))
2025-12-27 00:05:57,549 - DEBUG - Применена теорема дедукции для посылки: ((¬A → (A → B)) → ((A → B) → (¬A → (A → B)))), Новая посылка: ((A ∨ (¬A ∨ B)) → ((A → B) → (¬A → (A → B))))
2025-12-27 00:05:57,549 - DEBUG - Применена теорема дедукции для посылки: (((A → B) → (A → A)) → (((A → B) → A) → ((A → B) → A))), Новая посылка: ((¬A → (A → A)) → ((¬B ∨ (¬A ∨ A)) → (((A → B) → A) → ((A → B) → A))))
2025-12-27 00:05:57,549 - DEBUG - Применена теорема дедукции для посылки: ((¬A → (¬A → (A → B))) → ((¬A → ¬A) → (¬A → (A → B)))), Новая посылка: ((A ∨ (A ∨ (¬A ∨ B))) → ((¬A → ¬A) → (¬A → (A → B))))
2025-12-27 00:05:57,549 - DEBUG - Применена теорема дедукции для посылки: (((A → B) → (A → B)) → (((A → B) → A) → ((A → B) → B))), Новая посылка: ((B → (A → B)) → ((A ∨ (¬A ∨ B)) → (((A → B) → A) → ((A → B) → B))))
2025-12-27 00:05:57,549 - DEBUG - Применена теорема дедукции для посылки: (((A → B) → (B → ¬A)) → (((A → B) → B) → ((A → B) → ¬A))), Новая посылка: ((¬A → (B → ¬A)) → ((¬B ∨ (¬B ∨ ¬A)) → (((A → B) → B) → ((A → B) → ¬A))))
2025-12-27 00:05:57,549 - DEBUG - Применена теорема дедукции для посылки: (((¬A → (A → B)) → A) → (((¬A → (A → B)) → A) → (¬A → (A → B)))), Новая посылка: ((A → A) → (((¬A ∨ B) ∨ A) → (((¬A → (A → B)) → A) → (¬A → (A → B)))))
2025-12-27 00:05:57,549 - DEBUG - Применена теорема дедукции для посылки: (((A → B) → ((¬A → (A → B)) → B)) → (((A → B) → (¬A → (A → B))) → ((A → B) → B))), Новая посылка: (¬(¬((B → (A → B)) → ¬(¬A → (¬(A → B) → B))) → ¬(¬A → (A → B))) → ((¬B ∨ ((¬A ∨ B) ∨ B)) → (((A → B) → (¬A → (A → B))) → ((A → B) → B))))
2025-12-27 00:05:57,549 - DEBUG - Применена теорема дедукции для посылки: ((B → (¬A → (¬A → (A → B)))) → ((B → ¬A) → (B → (¬A → (A → B))))), Новая посылка: ((¬B ∨ (A ∨ (A ∨ (¬A ∨ B)))) → ((B → ¬A) → (B → (¬A → (A → B)))))
2025-12-27 00:05:57,549 - DEBUG - Применена теорема дедукции для посылки: ((B → (A → ¬A)) → ((B → A) → (B → ¬A))), Новая посылка: ((¬B ∨ (¬A ∨ ¬A)) → ((B → A) → (B → ¬A)))
2025-12-27 00:05:57,549 - DEBUG - Применена теорема дедукции для посылки: ((¬A → (A → B)) → ((¬A → (A → B)) → ¬A)), Новая посылка: ((A ∨ (¬A ∨ B)) → ((¬A → (A → B)) → ¬A))
2025-12-27 00:05:57,549 - DEBUG - Применена теорема дедукции для посылки: ((A → (¬A → A)) → ((A → ¬A) → (A → A))), Новая посылка: ((¬A ∨ (A ∨ A)) → ((A → ¬A) → (A → A)))
2025-12-27 00:05:57,549 - DEBUG - Применена теорема дедукции для посылки: ((B → ((A → B) → A)) → ((B → (A → B)) → (B → A))), Новая посылка: ((B → (¬A → A)) → ((¬B ∨ (¬B ∨ A)) → ((B → (A → B)) → (B → A))))
2025-12-27 00:05:57,549 - DEBUG - Применена теорема дедукции для посылки: (((A → B) → (A → B)) → (((A → B) → (A → B)) → (A → B))), Новая посылка: ((¬A → (A → B)) → ((¬B ∨ (¬A ∨ B)) → (((A → B) → (A → B)) → (A → B))))
2025-12-27 00:05:57,550 - DEBUG - Применена теорема дедукции для посылки: ((¬A → ((¬A → (A → B)) → A)) → ((¬A → (¬A → (A → B))) → (¬A → A))), Новая посылка: ((¬A → (¬(A → B) → A)) → ((A ∨ (¬A ∨ A)) → ((¬A → (¬A → (A → B))) → (¬A → A))))
2025-12-27 00:05:57,550 - DEBUG - Применена теорема дедукции для посылки: ((B → ((¬A → (A → B)) → (A → B))) → ((B → (¬A → (A → B))) → (B → (A → B)))), Новая посылка: ((B → (A → (A → B))) → ((¬B ∨ ((¬A ∨ B) ∨ (¬A ∨ B))) → ((B → (¬A → (A → B))) → (B → (A → B)))))
2025-12-27 00:05:57,550 - DEBUG - Применена теорема дедукции для посылки: ((¬A → (A → ¬A)) → ((¬A → A) → (¬A → ¬A))), Новая посылка: ((A ∨ (¬A ∨ ¬A)) → ((¬A → A) → (¬A → ¬A)))
2025-12-27 00:05:57,550 - DEBUG - Применена теорема дедукции для посылки: ((B → A) → ((B → A) → B)), Новая посылка: ((¬B ∨ A) → ((B → A) → B))
2025-12-27 00:05:57,550 - DEBUG - Применена теорема дедукции для посылки: (((A → B) → B) → (((A → B) → B) → (A → B))), Новая посылка: ((B → B) → ((A ∨ B) → (((A → B) → B) → (A → B))))
2025-12-27 00:05:57,550 - DEBUG - Применена теорема дедукции для посылки: ((B → B) → ((B → B) → B)), Новая посылка: ((¬B ∨ B) → ((B → B) → B))
2025-12-27 00:05:57,550 - DEBUG - Применена теорема дедукции для посылки: ((B → ((A → B) → (¬A → (A → B)))) → ((B → (A → B)) → (B → (¬A → (A → B))))), Новая посылка: ((B → (¬A → (¬A → (A → B)))) → ((¬B ∨ (¬B ∨ (A ∨ (¬A ∨ B)))) → ((B → (A → B)) → (B → (¬A → (A → B))))))
2025-12-27 00:05:57,550 - DEBUG - Применена теорема дедукции для посылки: (((A → B) → (A → ¬A)) → (((A → B) → A) → ((A → B) → ¬A))), Новая посылка: ((B → (A → ¬A)) → ((A ∨ (¬A ∨ ¬A)) → (((A → B) → A) → ((A → B) → ¬A))))
2025-12-27 00:05:57,550 - DEBUG - Применена теорема дедукции для посылки: ((B → ((¬A → (A → B)) → (¬A → (A → B)))) → ((B → (¬A → (A → B))) → (B → (¬A → (A → B))))), Новая посылка: ((B → (A → (¬A → (A → B)))) → ((¬B ∨ ((¬A ∨ B) ∨ (A ∨ (¬A ∨ B)))) → ((B → (¬A → (A → B))) → (B → (¬A → (A → B))))))
2025-12-27 00:05:57,550 - DEBUG - Применена теорема дедукции для посылки: ((¬A → (A → (A → B))) → ((¬A → A) → (¬A → (A → B)))), Новая посылка: ((A ∨ (¬A ∨ (¬A ∨ B))) → ((¬A → A) → (¬A → (A → B))))
2025-12-27 00:05:57,550 - DEBUG - Применена теорема дедукции для посылки: (((A → B) → ((¬A → (A → B)) → A)) → (((A → B) → (¬A → (A → B))) → ((A → B) → A))), Новая посылка: (¬(¬((¬A → (A → A)) → ¬(B → (A → A))) → ¬(B → (¬(A → B) → A))) → ((A ∨ ((¬A ∨ B) ∨ A)) → (((A → B) → (¬A → (A → B))) → ((A → B) → A))))
2025-12-27 00:05:57,550 - DEBUG - Применена теорема дедукции для посылки: ((A → (A → ¬A)) → ((A → A) → (A → ¬A))), Новая посылка: ((¬A ∨ (¬A ∨ ¬A)) → ((A → A) → (A → ¬A)))
2025-12-27 00:05:57,550 - DEBUG - Применена теорема дедукции для посылки: ((¬A → (B → A)) → ((¬A → B) → (¬A → A))), Новая посылка: ((A ∨ (¬B ∨ A)) → ((¬A → B) → (¬A → A)))
2025-12-27 00:05:57,550 - DEBUG - Применена теорема дедукции для посылки: (((A → B) → (¬A → A)) → (((A → B) → ¬A) → ((A → B) → A))), Новая посылка: ((¬A → (¬A → A)) → ((¬B ∨ (A ∨ A)) → (((A → B) → ¬A) → ((A → B) → A))))
2025-12-27 00:05:57,551 - DEBUG - Применена теорема дедукции для посылки: ((B → (¬A → (A → B))) → ((B → (¬A → (A → B))) → B)), Новая посылка: ((¬B ∨ (A ∨ (¬A ∨ B))) → ((B → (¬A → (A → B))) → B))
2025-12-27 00:05:57,551 - DEBUG - Применена теорема дедукции для посылки: ((A → (A → B)) → ((A → (A → B)) → A)), Новая посылка: ((¬A ∨ (¬A ∨ B)) → ((A → (A → B)) → A))
2025-12-27 00:05:57,551 - DEBUG - Применена теорема дедукции для посылки: ((A → (¬A → (¬A → (A → B)))) → ((A → ¬A) → (A → (¬A → (A → B))))), Новая посылка: ((¬A ∨ (A ∨ (A ∨ (¬A ∨ B)))) → ((A → ¬A) → (A → (¬A → (A → B)))))
2025-12-27 00:05:57,551 - DEBUG - Применена теорема дедукции для посылки: ((¬A → (B → B)) → ((¬A → B) → (¬A → B))), Новая посылка: ((A ∨ (¬B ∨ B)) → ((¬A → B) → (¬A → B)))
2025-12-27 00:05:57,551 - DEBUG - Применена теорема дедукции для посылки: ((A → B) → ((A → B) → A)), Новая посылка: ((¬A ∨ B) → ((A → B) → A))
2025-12-27 00:05:57,551 - DEBUG - Применена теорема дедукции для посылки: (((A → B) → (¬A → ¬A)) → (((A → B) → ¬A) → ((A → B) → ¬A))), Новая посылка: ((B → (¬A → ¬A)) → ((A ∨ (A ∨ ¬A)) → (((A → B) → ¬A) → ((A → B) → ¬A))))
2025-12-27 00:05:57,551 - DEBUG - Применена теорема дедукции для посылки: (((A → B) → (B → A)) → (((A → B) → B) → ((A → B) → A))), Новая посылка: ((¬A → (B → A)) → ((¬B ∨ (¬B ∨ A)) → (((A → B) → B) → ((A → B) → A))))
2025-12-27 00:05:57,551 - DEBUG - Применена теорема дедукции для посылки: (((A → B) → (B → B)) → (((A → B) → B) → ((A → B) → B))), Новая посылка: ((B → (B → B)) → ((A ∨ (¬B ∨ B)) → (((A → B) → B) → ((A → B) → B))))
2025-12-27 00:05:57,551 - DEBUG - Применена теорема дедукции для посылки: ((B → (B → ¬A)) → ((B → B) → (B → ¬A))), Новая посылка: ((¬B ∨ (¬B ∨ ¬A)) → ((B → B) → (B → ¬A)))
2025-12-27 00:05:57,551 - DEBUG - Применена теорема дедукции для посылки: (((A → B) → ((¬A → (A → B)) → (¬A → (A → B)))) → (((A → B) → (¬A → (A → B))) → ((A → B) → (¬A → (A → B))))), Новая посылка: (¬(¬((¬A → (¬(A → B) → (¬A → (A → B)))) → ¬(B → (A → (¬A → (A → B))))) → ¬(B → (¬(A → B) → (¬A → (A → B))))) → ((A ∨ (¬A ∨ (A ∨ (¬A ∨ B)))) → (((A → B) → (¬A → (A → B))) → ((A → B) → (¬A → (A → B))))))
2025-12-27 00:05:57,551 - DEBUG - Применена теорема дедукции для посылки: ((¬A → A) → ((¬A → A) → ¬A)), Новая посылка: ((A ∨ A) → ((¬A → A) → ¬A))
2025-12-27 00:05:57,551 - DEBUG - Применена теорема дедукции для посылки: ((¬A → ((¬A → (A → B)) → B)) → ((¬A → (¬A → (A → B))) → (¬A → B))), Новая посылка: ((¬A → (A → B)) → ((A ∨ ((¬A ∨ B) ∨ B)) → ((¬A → (¬A → (A → B))) → (¬A → B))))
2025-12-27 00:05:57,551 - DEBUG - Применена теорема дедукции для посылки: ((B → ((¬A → (A → B)) → ¬A)) → ((B → (¬A → (A → B))) → (B → ¬A))), Новая посылка: ((B → (¬(A → B) → ¬A)) → ((¬B ∨ (¬A ∨ ¬A)) → ((B → (¬A → (A → B))) → (B → ¬A))))
2025-12-27 00:05:57,551 - DEBUG - Применена теорема дедукции для посылки: ((¬A → ¬A) → ((¬A → ¬A) → ¬A)), Новая посылка: ((A ∨ ¬A) → ((¬A → ¬A) → ¬A))
2025-12-27 00:05:57,551 - DEBUG - Применена теорема дедукции для посылки: ((¬A → (A → A)) → ((¬A → A) → (¬A → A))), Новая посылка: ((A ∨ (¬A ∨ A)) → ((¬A → A) → (¬A → A)))
2025-12-27 00:05:57,552 - DEBUG - Применена теорема дедукции для посылки: (((A → B) → ((A → B) → B)) → (((A → B) → (A → B)) → ((A → B) → B))), Новая посылка: (¬(¬((B → (¬A → B)) → ¬(¬A → (¬A → B))) → ¬(¬A → (B → B))) → ((¬B ∨ (¬B ∨ B)) → (((A → B) → (A → B)) → ((A → B) → B))))
2025-12-27 00:05:57,552 - DEBUG - Применена теорема дедукции для посылки: (((A → B) → (¬A → (¬A → (A → B)))) → (((A → B) → ¬A) → ((A → B) → (¬A → (A → B))))), Новая посылка: ((¬A → (¬A → (¬A → (A → B)))) → ((¬B ∨ (A ∨ (A ∨ (¬A ∨ B)))) → (((A → B) → ¬A) → ((A → B) → (¬A → (A → B))))))
2025-12-27 00:05:57,552 - DEBUG - Применена теорема дедукции для посылки: ((¬A → (¬A → ¬A)) → ((¬A → ¬A) → (¬A → ¬A))), Новая посылка: ((A ∨ (A ∨ ¬A)) → ((¬A → ¬A) → (¬A → ¬A)))
2025-12-27 00:05:57,552 - DEBUG - Применена теорема дедукции для посылки: ((B → (A → A)) → ((B → A) → (B → A))), Новая посылка: ((¬B ∨ (¬A ∨ A)) → ((B → A) → (B → A)))
2025-12-27 00:05:57,552 - DEBUG - Применена теорема дедукции для посылки: ((¬A → ((¬A → (A → B)) → ¬A)) → ((¬A → (¬A → (A → B))) → (¬A → ¬A))), Новая посылка: ((¬A → (¬(A → B) → ¬A)) → ((A ∨ (¬A ∨ ¬A)) → ((¬A → (¬A → (A → B))) → (¬A → ¬A))))
2025-12-27 00:05:57,552 - DEBUG - Применена теорема дедукции для посылки: ((A → B) → (A → (A → B))), Новая посылка: ((¬A ∨ B) → (A → (A → B)))
2025-12-27 00:05:57,552 - DEBUG - Применена теорема дедукции для посылки: ((¬A → ((¬A → (A → B)) → (¬A → (A → B)))) → ((¬A → (¬A → (A → B))) → (¬A → (¬A → (A → B))))), Новая посылка: ((¬A → (¬(A → B) → (¬A → (A → B)))) → ((A ∨ (¬A ∨ (A ∨ (¬A ∨ B)))) → ((¬A → (¬A → (A → B))) → (¬A → (¬A → (A → B))))))
2025-12-27 00:05:57,552 - DEBUG - Применена теорема дедукции для посылки: ((B → (¬A → A)) → ((B → ¬A) → (B → A))), Новая посылка: ((¬B ∨ (A ∨ A)) → ((B → ¬A) → (B → A)))
2025-12-27 00:05:57,552 - DEBUG - Применена теорема дедукции для посылки: ((A → B) → ((A → B) → (A → B))), Новая посылка: ((¬A ∨ B) → ((A → B) → (A → B)))
2025-12-27 00:05:57,552 - DEBUG - Применена теорема дедукции для посылки: ((B → (B → (A → B))) → ((B → B) → (B → (A → B)))), Новая посылка: ((¬B ∨ (¬B ∨ (¬A ∨ B))) → ((B → B) → (B → (A → B))))
2025-12-27 00:05:57,552 - DEBUG - Применена теорема дедукции для посылки: ((¬A → (A → B)) → ((¬A → A) → (¬A → B))), Новая посылка: ((A ∨ (¬A ∨ B)) → ((¬A → A) → (¬A → B)))
2025-12-27 00:05:57,552 - DEBUG - Применена теорема дедукции для посылки: ((A → A) → ((A → A) → A)), Новая посылка: ((¬A ∨ A) → ((A → A) → A))
2025-12-27 00:05:57,552 - DEBUG - Применена теорема дедукции для посылки: (((A → B) → (B → (A → B))) → (((A → B) → B) → ((A → B) → (A → B)))), Новая посылка: ((B → (B → (A → B))) → ((A ∨ (¬B ∨ (¬A ∨ B))) → (((A → B) → B) → ((A → B) → (A → B)))))
2025-12-27 00:05:57,552 - DEBUG - Применена теорема дедукции для посылки: ((B → (¬A → B)) → ((B → ¬A) → (B → B))), Новая посылка: ((¬B ∨ (A ∨ B)) → ((B → ¬A) → (B → B)))
2025-12-27 00:05:57,552 - DEBUG - Применена теорема дедукции для посылки: ((¬A → ((A → B) → B)) → ((¬A → (A → B)) → (¬A → B))), Новая посылка: ((¬A → (B → B)) → ((A ∨ (A ∨ B)) → ((¬A → (A → B)) → (¬A → B))))
2025-12-27 00:05:57,552 - DEBUG - Применена теорема дедукции для посылки: ((A → ((A → B) → (A → B))) → ((A → (A → B)) → (A → (A → B)))), Новая посылка: ((A → (¬A → (A → B))) → ((¬A ∨ (¬B ∨ (¬A ∨ B))) → ((A → (A → B)) → (A → (A → B)))))
2025-12-27 00:05:57,552 - DEBUG - Применена теорема дедукции для посылки: ((¬A → (B → (A → B))) → ((¬A → B) → (¬A → (A → B)))), Новая посылка: ((A ∨ (¬B ∨ (¬A ∨ B))) → ((¬A → B) → (¬A → (A → B))))
2025-12-27 00:05:57,552 - DEBUG - Применена теорема дедукции для посылки: ((A → B) → (B → (A → B))), Новая посылка: ((¬A ∨ B) → (B → (A → B)))
2025-12-27 00:05:57,553 - DEBUG - Применена теорема дедукции для посылки: (((A → B) → A) → (((A → B) → A) → (A → B))), Новая посылка: ((B → A) → ((A ∨ A) → (((A → B) → A) → (A → B))))
2025-12-27 00:05:57,553 - DEBUG - Применена теорема дедукции для посылки: ((A → (A → B)) → ((A → A) → (A → B))), Новая посылка: ((¬A ∨ (¬A ∨ B)) → ((A → A) → (A → B)))
2025-12-27 00:05:57,553 - DEBUG - Применена теорема дедукции для посылки: ((B → (A → B)) → ((B → A) → (B → B))), Новая посылка: ((¬B ∨ (¬A ∨ B)) → ((B → A) → (B → B)))
2025-12-27 00:05:57,553 - DEBUG - Применена теорема дедукции для посылки: (((¬A → (A → B)) → B) → (((¬A → (A → B)) → B) → (¬A → (A → B)))), Новая посылка: ((¬(A → B) → B) → ((¬A ∨ B) → (((¬A → (A → B)) → B) → (¬A → (A → B)))))
2025-12-27 00:05:57,553 - DEBUG - Применена теорема дедукции для посылки: ((¬A → ((¬A → (A → B)) → (A → B))) → ((¬A → (¬A → (A → B))) → (¬A → (A → B)))), Новая посылка: ((¬A → (¬(A → B) → (A → B))) → ((A ∨ (¬A ∨ (¬A ∨ B))) → ((¬A → (¬A → (A → B))) → (¬A → (A → B)))))
2025-12-27 00:05:57,553 - DEBUG - Применена теорема дедукции для посылки: ((B → ((A → B) → ¬A)) → ((B → (A → B)) → (B → ¬A))), Новая посылка: ((B → (B → ¬A)) → ((¬B ∨ (A ∨ ¬A)) → ((B → (A → B)) → (B → ¬A))))
2025-12-27 00:05:57,553 - DEBUG - Применена теорема дедукции для посылки: ((¬A → (¬A → A)) → ((¬A → ¬A) → (¬A → A))), Новая посылка: ((A ∨ (A ∨ A)) → ((¬A → ¬A) → (¬A → A)))
2025-12-27 00:05:57,553 - DEBUG - Применена теорема дедукции для посылки: (((A → B) → (¬A → (A → B))) → (((A → B) → (¬A → (A → B))) → (A → B))), Новая посылка: ((¬A → (¬A → (A → B))) → ((¬B ∨ (A ∨ (¬A ∨ B))) → (((A → B) → (¬A → (A → B))) → (A → B))))
2025-12-27 00:05:57,553 - DEBUG - Применена теорема дедукции для посылки: ((A → (¬A → (A → B))) → ((A → ¬A) → (A → (A → B)))), Новая посылка: ((¬A ∨ (A ∨ (¬A ∨ B))) → ((A → ¬A) → (A → (A → B))))
2025-12-27 00:05:57,553 - DEBUG - Применена теорема дедукции для посылки: ((A → ((¬A → (A → B)) → ¬A)) → ((A → (¬A → (A → B))) → (A → ¬A))), Новая посылка: ((A → (A → ¬A)) → ((¬A ∨ ((¬A ∨ B) ∨ ¬A)) → ((A → (¬A → (A → B))) → (A → ¬A))))
2025-12-27 00:05:57,553 - DEBUG - Применена теорема дедукции для посылки: ((A → ((¬A → (A → B)) → B)) → ((A → (¬A → (A → B))) → (A → B))), Новая посылка: ((A → (¬(A → B) → B)) → ((¬A ∨ (¬A ∨ B)) → ((A → (¬A → (A → B))) → (A → B))))
2025-12-27 00:05:57,554 - INFO - Step 0: 308 formulas
2025-12-27 00:05:57,554 - INFO - Используем правило вывода
2025-12-27 00:05:57,618 - DEBUG - Найдено соответствие для MP. Посылка 1: ((A → B) → (¬A → (A → B))), Посылка с правилом вывода: (((A → B) → (¬A → (A → B))) → (A → B)), Новая посылка: (A → B)
2025-12-27 00:05:57,625 - DEBUG - Найдено соответствие для MP. Посылка 1: (¬A → (¬A → ¬A)), Посылка с правилом вывода: ((¬A → (¬A → ¬A)) → ((A ∨ (¬B ∨ ¬A)) → ((¬A → (A → B)) → (¬A → ¬A)))), Новая посылка: ((A ∨ (¬B ∨ ¬A)) → ((¬A → (A → B)) → (¬A → ¬A)))
2025-12-27 00:05:57,653 - DEBUG - Найдено соответствие для MP. Посылка 1: (B → (A → B)), Посылка с правилом вывода: ((B → (A → B)) → ((A ∨ (¬A ∨ B)) → (((A → B) → A) → ((A → B) → B)))), Новая посылка: ((A ∨ (¬A ∨ B)) → (((A → B) → A) → ((A → B) → B)))
2025-12-27 00:05:57,709 - DEBUG - Найдено соответствие для MP. Посылка 1: (B → (B → B)), Посылка с правилом вывода: ((B → (B → B)) → ((¬B ∨ (A ∨ B)) → ((B → (A → B)) → (B → B)))), Новая посылка: ((¬B ∨ (A ∨ B)) → ((B → (A → B)) → (B → B)))
2025-12-27 00:05:57,733 - DEBUG - Найдено соответствие для MP. Посылка 1: (A → (¬A → A)), Посылка с правилом вывода: ((A → (¬A → A)) → ((¬A ∨ (¬B ∨ A)) → ((A → (A → B)) → (A → A)))), Новая посылка: ((¬A ∨ (¬B ∨ A)) → ((A → (A → B)) → (A → A)))
2025-12-27 00:05:57,738 - DEBUG - Найдено соответствие для MP. Посылка 1: (B → (¬A → B)), Посылка с правилом вывода: ((B → (¬A → B)) → ((A ∨ (A ∨ B)) → (((A → B) → ¬A) → ((A → B) → B)))), Новая посылка: ((A ∨ (A ∨ B)) → (((A → B) → ¬A) → ((A → B) → B)))
2025-12-27 00:05:57,757 - DEBUG - Найдено соответствие для MP. Посылка 1: ((A → B) → (A → A)), Посылка с правилом вывода: (((A → B) → (A → A)) → (((A → B) → A) → ((A → B) → A))), Новая посылка: (((A → B) → A) → ((A → B) → A))
2025-12-27 00:05:57,761 - DEBUG - Найдено соответствие для MP. Посылка 1: (A → (A → A)), Посылка с правилом вывода: ((A → (A → A)) → ((¬A ∨ ((¬A ∨ B) ∨ A)) → ((A → (¬A → (A → B))) → (A → A)))), Новая посылка: ((¬A ∨ ((¬A ∨ B) ∨ A)) → ((A → (¬A → (A → B))) → (A → A)))
2025-12-27 00:05:57,788 - DEBUG - Найдено соответствие для MP. Посылка 1: ((A → B) → (¬A → (A → B))), Посылка с правилом вывода: (((A → B) → (¬A → (A → B))) → ((A → B) → (A → B))), Новая посылка: ((A → B) → (A → B))
2025-12-27 00:05:57,800 - DEBUG - Найдено соответствие для MP. Посылка 1: (B → (A → B)), Посылка с правилом вывода: ((B → (A → B)) → B), Новая посылка: B
2025-12-27 00:05:57,824 - DEBUG - Найдено соответствие для MP. Посылка 1: (B → (A → B)), Посылка с правилом вывода: ((B → (A → B)) → (B → B)), Новая посылка: (B → B)
2025-12-27 00:05:57,845 - DEBUG - Найдено соответствие для MP. Посылка 1: (¬A → (B → ¬A)), Посылка с правилом вывода: ((¬A → (B → ¬A)) → ((¬B ∨ (¬B ∨ ¬A)) → (((A → B) → B) → ((A → B) → ¬A)))), Новая посылка: ((¬B ∨ (¬B ∨ ¬A)) → (((A → B) → B) → ((A → B) → ¬A)))
2025-12-27 00:05:57,881 - DEBUG - Найдено соответствие для MP. Посылка 1: (B → (B → B)), Посылка с правилом вывода: ((B → (B → B)) → ((A ∨ (¬B ∨ B)) → (((A → B) → B) → ((A → B) → B)))), Новая посылка: ((A ∨ (¬B ∨ B)) → (((A → B) → B) → ((A → B) → B)))
2025-12-27 00:05:57,885 - INFO - Step 1: 321 formulas
2025-12-27 00:05:57,885 - INFO - Используем правило вывода
2025-12-27 00:05:57,893 - DEBUG - Найдено соответствие для MP. Посылка 1: B, Посылка с правилом вывода: (B → ((¬A → (A → B)) → B)), Новая посылка: ((¬A → (A → B)) → B)
2025-12-27 00:05:57,909 - DEBUG - Найдено соответствие для MP. Посылка 1: (A → B), Посылка с правилом вывода: ((A → B) → (¬A → (A → B))), Новая посылка: (¬A → (A → B))
2025-12-27 00:05:57,921 - DEBUG - Найдено соответствие для MP. Посылка 1: ((A → B) → (A → B)), Посылка с правилом вывода: (((A → B) → (A → B)) → (((A → B) → A) → ((A → B) → B))), Новая посылка: (((A → B) → A) → ((A → B) → B))
2025-12-27 00:05:57,926 - DEBUG - Найдено соответствие для MP. Посылка 1: ((A → B) → (A → B)), Посылка с правилом вывода: (((A → B) → (A → B)) → (((A → B) → (A → B)) → (A → B))), Новая посылка: (((A → B) → (A → B)) → (A → B))
2025-12-27 00:05:57,929 - DEBUG - Найдено соответствие для MP. Посылка 1: B, Посылка с правилом вывода: (B → ((A → B) → B)), Новая посылка: ((A → B) → B)
2025-12-27 00:05:57,971 - DEBUG - Найдено соответствие для MP. Посылка 1: (A → B), Посылка с правилом вывода: ((A → B) → (A → A)), Новая посылка: (A → A)
2025-12-27 00:05:57,972 - DEBUG - Найдено соответствие для MP. Посылка 1: B, Посылка с правилом вывода: (B → (¬A → B)), Новая посылка: (¬A → B)
2025-12-27 00:05:58,114 - DEBUG - Найдено соответствие для MP. Посылка 1: (A → B), Посылка с правилом вывода: ((A → B) → (A → (A → B))), Новая посылка: (A → (A → B))
2025-12-27 00:05:58,145 - DEBUG - Найдено соответствие для MP. Посылка 1: (A → B), Посылка с правилом вывода: ((A → B) → ((¬A → (A → B)) → (A → B))), Новая посылка: ((¬A → (A → B)) → (A → B))
2025-12-27 00:05:58,167 - DEBUG - Найдено соответствие для MP. Посылка 1: (B → B), Посылка с правилом вывода: ((B → B) → ((B → B) → B)), Новая посылка: ((B → B) → B)
2025-12-27 00:05:58,178 - DEBUG - Найдено соответствие для MP. Посылка 1: (B → B), Посылка с правилом вывода: ((B → B) → ((A ∨ B) → (((A → B) → B) → (A → B)))), Новая посылка: ((A ∨ B) → (((A → B) → B) → (A → B)))
2025-12-27 00:05:58,182 - DEBUG - Найдено соответствие для MP. Посылка 1: (A → B), Посылка с правилом вывода: ((A → B) → ((A → B) → A)), Новая посылка: ((A → B) → A)
2025-12-27 00:05:58,212 - INFO - ===================Алгоритм доказал формулу=====================
2025-12-27 00:05:58,213 - INFO - Формула была выведена: (¬A → (A → B))
