2025-12-27 00:05:58,215 - INFO - ============Начало доказательства==============
2025-12-27 00:05:58,216 - INFO - Преобразованная формула: (¬A → ¬A)
2025-12-27 00:05:58,216 - DEBUG - Подставляем в аксиому (A → (B → A)) подстановку {'B': '¬A', 'A': '¬A'}. Результат: (¬A → (¬A → ¬A))
2025-12-27 00:05:58,216 - DEBUG - Подставляем в аксиому (A → (B → A)) подстановку {'B': '¬A', 'A': '(¬A → ¬A)'}. Результат: ((¬A → ¬A) → (¬A → (¬A → ¬A)))
2025-12-27 00:05:58,216 - DEBUG - Подставляем в аксиому (A → (B → A)) подстановку {'B': '(¬A → ¬A)', 'A': '¬A'}. Результат: (¬A → ((¬A → ¬A) → ¬A))
2025-12-27 00:05:58,216 - DEBUG - Подставляем в аксиому (A → (B → A)) подстановку {'B': '(¬A → ¬A)', 'A': '(¬A → ¬A)'}. Результат: ((¬A → ¬A) → ((¬A → ¬A) → (¬A → ¬A)))
2025-12-27 00:05:58,216 - DEBUG - Подставляем в аксиому ((A → (B → C)) → ((A → B) → (A → C))) подстановку {'A': '¬A', 'B': '¬A', 'C': '¬A'}. Результат: ((¬A → (¬A → ¬A)) → ((¬A → ¬A) → (¬A → ¬A)))
2025-12-27 00:05:58,216 - DEBUG - Подставляем в аксиому ((A → (B → C)) → ((A → B) → (A → C))) подстановку {'A': '¬A', 'B': '¬A', 'C': '(¬A → ¬A)'}. Результат: ((¬A → (¬A → (¬A → ¬A))) → ((¬A → ¬A) → (¬A → (¬A → ¬A))))
2025-12-27 00:05:58,216 - DEBUG - Подставляем в аксиому ((A → (B → C)) → ((A → B) → (A → C))) подстановку {'A': '¬A', 'B': '(¬A → ¬A)', 'C': '¬A'}. Результат: ((¬A → ((¬A → ¬A) → ¬A)) → ((¬A → (¬A → ¬A)) → (¬A → ¬A)))
2025-12-27 00:05:58,216 - DEBUG - Подставляем в аксиому ((A → (B → C)) → ((A → B) → (A → C))) подстановку {'A': '¬A', 'B': '(¬A → ¬A)', 'C': '(¬A → ¬A)'}. Результат: ((¬A → ((¬A → ¬A) → (¬A → ¬A))) → ((¬A → (¬A → ¬A)) → (¬A → (¬A → ¬A))))
2025-12-27 00:05:58,216 - DEBUG - Подставляем в аксиому ((A → (B → C)) → ((A → B) → (A → C))) подстановку {'A': '(¬A → ¬A)', 'B': '¬A', 'C': '¬A'}. Результат: (((¬A → ¬A) → (¬A → ¬A)) → (((¬A → ¬A) → ¬A) → ((¬A → ¬A) → ¬A)))
2025-12-27 00:05:58,216 - DEBUG - Подставляем в аксиому ((A → (B → C)) → ((A → B) → (A → C))) подстановку {'A': '(¬A → ¬A)', 'B': '¬A', 'C': '(¬A → ¬A)'}. Результат: (((¬A → ¬A) → (¬A → (¬A → ¬A))) → (((¬A → ¬A) → ¬A) → ((¬A → ¬A) → (¬A → ¬A))))
2025-12-27 00:05:58,216 - DEBUG - Подставляем в аксиому ((A → (B → C)) → ((A → B) → (A → C))) подстановку {'A': '(¬A → ¬A)', 'B': '(¬A → ¬A)', 'C': '¬A'}. Результат: (((¬A → ¬A) → ((¬A → ¬A) → ¬A)) → (((¬A → ¬A) → (¬A → ¬A)) → ((¬A → ¬A) → ¬A)))
2025-12-27 00:05:58,216 - DEBUG - Подставляем в аксиому ((A → (B → C)) → ((A → B) → (A → C))) подстановку {'A': '(¬A → ¬A)', 'B': '(¬A → ¬A)', 'C': '(¬A → ¬A)'}. Результат: (((¬A → ¬A) → ((¬A → ¬A) → (¬A → ¬A))) → (((¬A → ¬A) → (¬A → ¬A)) → ((¬A → ¬A) → (¬A → ¬A))))
2025-12-27 00:05:58,216 - DEBUG - Подставляем в аксиому ((¬B → ¬A) → ((¬B → A) → B)) подстановку {'B': '¬A', 'A': '¬A'}. Результат: ((¬A → ¬A) → ((¬A → ¬A) → ¬A))
2025-12-27 00:05:58,216 - DEBUG - Подставляем в аксиому ((¬B → ¬A) → ((¬B → A) → B)) подстановку {'B': '¬A', 'A': '(¬A → ¬A)'}. Результат: ((¬A → (¬A → ¬A)) → ((¬A → (¬A → ¬A)) → ¬A))
2025-12-27 00:05:58,216 - DEBUG - Подставляем в аксиому ((¬B → ¬A) → ((¬B → A) → B)) подстановку {'B': '(¬A → ¬A)', 'A': '¬A'}. Результат: (((¬A → ¬A) → ¬A) → (((¬A → ¬A) → ¬A) → (¬A → ¬A)))
2025-12-27 00:05:58,216 - DEBUG - Подставляем в аксиому ((¬B → ¬A) → ((¬B → A) → B)) подстановку {'B': '(¬A → ¬A)', 'A': '(¬A → ¬A)'}. Результат: (((¬A → ¬A) → (¬A → ¬A)) → (((¬A → ¬A) → (¬A → ¬A)) → (¬A → ¬A)))
2025-12-27 00:05:58,217 - INFO - Используем правило вывода
2025-12-27 00:05:58,217 - DEBUG - Найдено соответствие для MP. Посылка 1: (¬A → (¬A → ¬A)), Посылка с правилом вывода: ((¬A → (¬A → ¬A)) → ((¬A → (¬A → ¬A)) → ¬A)), Новая посылка: ((¬A → (¬A → ¬A)) → ¬A)
2025-12-27 00:05:58,217 - DEBUG - Найдено соответствие для MP. Посылка 1: ((¬A → ¬A) → ((¬A → ¬A) → ¬A)), Посылка с правилом вывода: (((¬A → ¬A) → ((¬A → ¬A) → ¬A)) → (((¬A → ¬A) → (¬A → ¬A)) → ((¬A → ¬A) → ¬A))), Новая посылка: (((¬A → ¬A) → (¬A → ¬A)) → ((¬A → ¬A) → ¬A))
2025-12-27 00:05:58,217 - DEBUG - Найдено соответствие для MP. Посылка 1: ((¬A → ¬A) → ((¬A → ¬A) → (¬A → ¬A))), Посылка с правилом вывода: (((¬A → ¬A) → ((¬A → ¬A) → (¬A → ¬A))) → (((¬A → ¬A) → (¬A → ¬A)) → ((¬A → ¬A) → (¬A → ¬A)))), Новая посылка: (((¬A → ¬A) → (¬A → ¬A)) → ((¬A → ¬A) → (¬A → ¬A)))
2025-12-27 00:05:58,217 - DEBUG - Найдено соответствие для MP. Посылка 1: ((¬A → ¬A) → (¬A → (¬A → ¬A))), Посылка с правилом вывода: (((¬A → ¬A) → (¬A → (¬A → ¬A))) → (((¬A → ¬A) → ¬A) → ((¬A → ¬A) → (¬A → ¬A)))), Новая посылка: (((¬A → ¬A) → ¬A) → ((¬A → ¬A) → (¬A → ¬A)))
2025-12-27 00:05:58,218 - DEBUG - Найдено соответствие для MP. Посылка 1: (¬A → ((¬A → ¬A) → ¬A)), Посылка с правилом вывода: ((¬A → ((¬A → ¬A) → ¬A)) → ((¬A → (¬A → ¬A)) → (¬A → ¬A))), Новая посылка: ((¬A → (¬A → ¬A)) → (¬A → ¬A))
2025-12-27 00:05:58,218 - DEBUG - Найдено соответствие для MP. Посылка 1: (¬A → (¬A → ¬A)), Посылка с правилом вывода: ((¬A → (¬A → ¬A)) → ((¬A → ¬A) → (¬A → ¬A))), Новая посылка: ((¬A → ¬A) → (¬A → ¬A))
2025-12-27 00:05:58,218 - INFO - Используем теорему дедукции
2025-12-27 00:05:58,218 - DEBUG - Применена теорема дедукции для посылки: (((¬A → ¬A) → ¬A) → (((¬A → ¬A) → ¬A) → (¬A → ¬A))), Новая посылка: ((A → ¬A) → ((A ∨ ¬A) → (((¬A → ¬A) → ¬A) → (¬A → ¬A))))
2025-12-27 00:05:58,218 - DEBUG - Применена теорема дедукции для посылки: ((¬A → (¬A → ¬A)) → ((¬A → (¬A → ¬A)) → ¬A)), Новая посылка: ((A ∨ (A ∨ ¬A)) → ((¬A → (¬A → ¬A)) → ¬A))
2025-12-27 00:05:58,218 - DEBUG - Применена теорема дедукции для посылки: ((¬A → ¬A) → ((¬A → ¬A) → ¬A)), Новая посылка: ((A ∨ ¬A) → ((¬A → ¬A) → ¬A))
2025-12-27 00:05:58,218 - DEBUG - Применена теорема дедукции для посылки: ((¬A → ¬A) → ((¬A → ¬A) → (¬A → ¬A))), Новая посылка: ((A ∨ ¬A) → ((¬A → ¬A) → (¬A → ¬A)))
2025-12-27 00:05:58,218 - DEBUG - Применена теорема дедукции для посылки: ((¬A → (¬A → (¬A → ¬A))) → ((¬A → ¬A) → (¬A → (¬A → ¬A)))), Новая посылка: ((A ∨ (A ∨ (A ∨ ¬A))) → ((¬A → ¬A) → (¬A → (¬A → ¬A))))
2025-12-27 00:05:58,218 - DEBUG - Применена теорема дедукции для посылки: (((¬A → ¬A) → ((¬A → ¬A) → ¬A)) → (((¬A → ¬A) → (¬A → ¬A)) → ((¬A → ¬A) → ¬A))), Новая посылка: (¬(¬((¬A → (¬A → ¬A)) → ¬(A → (¬A → ¬A))) → ¬(¬A → (A → ¬A))) → ((¬A ∨ (¬A ∨ ¬A)) → (((¬A → ¬A) → (¬A → ¬A)) → ((¬A → ¬A) → ¬A))))
2025-12-27 00:05:58,218 - DEBUG - Применена теорема дедукции для посылки: (((¬A → ¬A) → ((¬A → ¬A) → (¬A → ¬A))) → (((¬A → ¬A) → (¬A → ¬A)) → ((¬A → ¬A) → (¬A → ¬A)))), Новая посылка: (¬(¬((¬A → (A → (¬A → ¬A))) → ¬(A → (¬A → (¬A → ¬A)))) → ¬(¬A → (¬A → (¬A → ¬A)))) → ((¬A ∨ (¬A ∨ (A ∨ ¬A))) → (((¬A → ¬A) → (¬A → ¬A)) → ((¬A → ¬A) → (¬A → ¬A)))))
2025-12-27 00:05:58,218 - DEBUG - Применена теорема дедукции для посылки: ((¬A → ¬A) → (¬A → (¬A → ¬A))), Новая посылка: ((A ∨ ¬A) → (¬A → (¬A → ¬A)))
2025-12-27 00:05:58,218 - DEBUG - Применена теорема дедукции для посылки: (((¬A → ¬A) → (¬A → (¬A → ¬A))) → (((¬A → ¬A) → ¬A) → ((¬A → ¬A) → (¬A → ¬A)))), Новая посылка: ((¬A → (¬A → (¬A → ¬A))) → ((¬A ∨ (A ∨ (A ∨ ¬A))) → (((¬A → ¬A) → ¬A) → ((¬A → ¬A) → (¬A → ¬A)))))
2025-12-27 00:05:58,218 - DEBUG - Применена теорема дедукции для посылки: (((¬A → ¬A) → (¬A → ¬A)) → (((¬A → ¬A) → (¬A → ¬A)) → (¬A → ¬A))), Новая посылка: ((¬A → (¬A → ¬A)) → ((¬A ∨ (A ∨ ¬A)) → (((¬A → ¬A) → (¬A → ¬A)) → (¬A → ¬A))))
2025-12-27 00:05:58,218 - DEBUG - Применена теорема дедукции для посылки: ((¬A → ((¬A → ¬A) → (¬A → ¬A))) → ((¬A → (¬A → ¬A)) → (¬A → (¬A → ¬A)))), Новая посылка: ((¬A → (A → (¬A → ¬A))) → ((A ∨ (A ∨ (A ∨ ¬A))) → ((¬A → (¬A → ¬A)) → (¬A → (¬A → ¬A)))))
2025-12-27 00:05:58,218 - DEBUG - Применена теорема дедукции для посылки: (((¬A → ¬A) → (¬A → ¬A)) → (((¬A → ¬A) → ¬A) → ((¬A → ¬A) → ¬A))), Новая посылка: ((¬A → (¬A → ¬A)) → ((¬A ∨ (A ∨ ¬A)) → (((¬A → ¬A) → ¬A) → ((¬A → ¬A) → ¬A))))
2025-12-27 00:05:58,219 - DEBUG - Применена теорема дедукции для посылки: ((¬A → ((¬A → ¬A) → ¬A)) → ((¬A → (¬A → ¬A)) → (¬A → ¬A))), Новая посылка: ((¬A → (A → ¬A)) → ((A ∨ (A ∨ ¬A)) → ((¬A → (¬A → ¬A)) → (¬A → ¬A))))
2025-12-27 00:05:58,219 - DEBUG - Применена теорема дедукции для посылки: ((¬A → (¬A → ¬A)) → ((¬A → ¬A) → (¬A → ¬A))), Новая посылка: ((A ∨ (A ∨ ¬A)) → ((¬A → ¬A) → (¬A → ¬A)))
2025-12-27 00:05:58,219 - INFO - Step 0: 36 formulas
2025-12-27 00:05:58,219 - INFO - Используем правило вывода
2025-12-27 00:05:58,220 - DEBUG - Найдено соответствие для MP. Посылка 1: ((¬A → ¬A) → (¬A → ¬A)), Посылка с правилом вывода: (((¬A → ¬A) → (¬A → ¬A)) → (((¬A → ¬A) → ¬A) → ((¬A → ¬A) → ¬A))), Новая посылка: (((¬A → ¬A) → ¬A) → ((¬A → ¬A) → ¬A))
2025-12-27 00:05:58,220 - DEBUG - Найдено соответствие для MP. Посылка 1: (¬A → (¬A → ¬A)), Посылка с правилом вывода: ((¬A → (¬A → ¬A)) → ((¬A ∨ (A ∨ ¬A)) → (((¬A → ¬A) → (¬A → ¬A)) → (¬A → ¬A)))), Новая посылка: ((¬A ∨ (A ∨ ¬A)) → (((¬A → ¬A) → (¬A → ¬A)) → (¬A → ¬A)))
2025-12-27 00:05:58,221 - DEBUG - Найдено соответствие для MP. Посылка 1: (¬A → (¬A → ¬A)), Посылка с правилом вывода: ((¬A → (¬A → ¬A)) → ¬A), Новая посылка: ¬A
2025-12-27 00:05:58,221 - DEBUG - Найдено соответствие для MP. Посылка 1: (¬A → (¬A → ¬A)), Посылка с правилом вывода: ((¬A → (¬A → ¬A)) → ((¬A ∨ (A ∨ ¬A)) → (((¬A → ¬A) → ¬A) → ((¬A → ¬A) → ¬A)))), Новая посылка: ((¬A ∨ (A ∨ ¬A)) → (((¬A → ¬A) → ¬A) → ((¬A → ¬A) → ¬A)))
2025-12-27 00:05:58,221 - DEBUG - Найдено соответствие для MP. Посылка 1: (¬A → (¬A → ¬A)), Посылка с правилом вывода: ((¬A → (¬A → ¬A)) → (¬A → ¬A)), Новая посылка: (¬A → ¬A)
2025-12-27 00:05:58,222 - DEBUG - Найдено соответствие для MP. Посылка 1: ((¬A → ¬A) → (¬A → ¬A)), Посылка с правилом вывода: (((¬A → ¬A) → (¬A → ¬A)) → (((¬A → ¬A) → (¬A → ¬A)) → (¬A → ¬A))), Новая посылка: (((¬A → ¬A) → (¬A → ¬A)) → (¬A → ¬A))
2025-12-27 00:05:58,222 - DEBUG - Найдено соответствие для MP. Посылка 1: ((¬A → ¬A) → (¬A → ¬A)), Посылка с правилом вывода: (((¬A → ¬A) → (¬A → ¬A)) → ((¬A → ¬A) → ¬A)), Новая посылка: ((¬A → ¬A) → ¬A)
2025-12-27 00:05:58,222 - INFO - ===================Алгоритм доказал формулу=====================
2025-12-27 00:05:58,222 - INFO - Формула была выведена: (¬A → ¬A)
