2025-12-27 00:05:48,727 - INFO - ============Начало доказательства==============
2025-12-27 00:05:48,728 - INFO - Преобразованная формула: (¬(A → ¬B) → A)
2025-12-27 00:05:48,728 - DEBUG - Подставляем в аксиому (A → (B → A)) подстановку {'B': '¬B', 'A': '¬B'}. Результат: (¬B → (¬B → ¬B))
2025-12-27 00:05:48,728 - DEBUG - Подставляем в аксиому (A → (B → A)) подстановку {'B': '¬B', 'A': 'A'}. Результат: (A → (¬B → A))
2025-12-27 00:05:48,728 - DEBUG - Подставляем в аксиому (A → (B → A)) подстановку {'B': '¬B', 'A': '¬(A → ¬B)'}. Результат: (¬(A → ¬B) → (¬B → ¬(A → ¬B)))
2025-12-27 00:05:48,729 - DEBUG - Подставляем в аксиому (A → (B → A)) подстановку {'B': '¬B', 'A': '(¬(A → ¬B) → A)'}. Результат: ((¬(A → ¬B) → A) → (¬B → (¬(A → ¬B) → A)))
2025-12-27 00:05:48,729 - DEBUG - Подставляем в аксиому (A → (B → A)) подстановку {'B': 'A', 'A': '¬B'}. Результат: (¬B → (A → ¬B))
2025-12-27 00:05:48,729 - DEBUG - Подставляем в аксиому (A → (B → A)) подстановку {'B': 'A', 'A': 'A'}. Результат: (A → (A → A))
2025-12-27 00:05:48,729 - DEBUG - Подставляем в аксиому (A → (B → A)) подстановку {'B': 'A', 'A': '¬(A → ¬B)'}. Результат: (¬(A → ¬B) → (A → ¬(A → ¬B)))
2025-12-27 00:05:48,729 - DEBUG - Подставляем в аксиому (A → (B → A)) подстановку {'B': 'A', 'A': '(¬(A → ¬B) → A)'}. Результат: ((¬(A → ¬B) → A) → (A → (¬(A → ¬B) → A)))
2025-12-27 00:05:48,729 - DEBUG - Подставляем в аксиому (A → (B → A)) подстановку {'B': '¬(A → ¬B)', 'A': '¬B'}. Результат: (¬B → (¬(A → ¬B) → ¬B))
2025-12-27 00:05:48,729 - DEBUG - Подставляем в аксиому (A → (B → A)) подстановку {'B': '¬(A → ¬B)', 'A': 'A'}. Результат: (A → (¬(A → ¬B) → A))
2025-12-27 00:05:48,729 - DEBUG - Подставляем в аксиому (A → (B → A)) подстановку {'B': '¬(A → ¬B)', 'A': '¬(A → ¬B)'}. Результат: (¬(A → ¬B) → (¬(A → ¬B) → ¬(A → ¬B)))
2025-12-27 00:05:48,729 - DEBUG - Подставляем в аксиому (A → (B → A)) подстановку {'B': '¬(A → ¬B)', 'A': '(¬(A → ¬B) → A)'}. Результат: ((¬(A → ¬B) → A) → (¬(A → ¬B) → (¬(A → ¬B) → A)))
2025-12-27 00:05:48,729 - DEBUG - Подставляем в аксиому (A → (B → A)) подстановку {'B': '(¬(A → ¬B) → A)', 'A': '¬B'}. Результат: (¬B → ((¬(A → ¬B) → A) → ¬B))
2025-12-27 00:05:48,729 - DEBUG - Подставляем в аксиому (A → (B → A)) подстановку {'B': '(¬(A → ¬B) → A)', 'A': 'A'}. Результат: (A → ((¬(A → ¬B) → A) → A))
2025-12-27 00:05:48,729 - DEBUG - Подставляем в аксиому (A → (B → A)) подстановку {'B': '(¬(A → ¬B) → A)', 'A': '¬(A → ¬B)'}. Результат: (¬(A → ¬B) → ((¬(A → ¬B) → A) → ¬(A → ¬B)))
2025-12-27 00:05:48,729 - DEBUG - Подставляем в аксиому (A → (B → A)) подстановку {'B': '(¬(A → ¬B) → A)', 'A': '(¬(A → ¬B) → A)'}. Результат: ((¬(A → ¬B) → A) → ((¬(A → ¬B) → A) → (¬(A → ¬B) → A)))
2025-12-27 00:05:48,729 - DEBUG - Подставляем в аксиому ((A → (B → C)) → ((A → B) → (A → C))) подстановку {'A': '¬B', 'B': '¬B', 'C': '¬B'}. Результат: ((¬B → (¬B → ¬B)) → ((¬B → ¬B) → (¬B → ¬B)))
2025-12-27 00:05:48,729 - DEBUG - Подставляем в аксиому ((A → (B → C)) → ((A → B) → (A → C))) подстановку {'A': '¬B', 'B': '¬B', 'C': 'A'}. Результат: ((¬B → (¬B → A)) → ((¬B → ¬B) → (¬B → A)))
2025-12-27 00:05:48,729 - DEBUG - Подставляем в аксиому ((A → (B → C)) → ((A → B) → (A → C))) подстановку {'A': '¬B', 'B': '¬B', 'C': '¬(A → ¬B)'}. Результат: ((¬B → (¬B → ¬(A → ¬B))) → ((¬B → ¬B) → (¬B → ¬(A → ¬B))))
2025-12-27 00:05:48,729 - DEBUG - Подставляем в аксиому ((A → (B → C)) → ((A → B) → (A → C))) подстановку {'A': '¬B', 'B': '¬B', 'C': '(¬(A → ¬B) → A)'}. Результат: ((¬B → (¬B → (¬(A → ¬B) → A))) → ((¬B → ¬B) → (¬B → (¬(A → ¬B) → A))))
2025-12-27 00:05:48,729 - DEBUG - Подставляем в аксиому ((A → (B → C)) → ((A → B) → (A → C))) подстановку {'A': '¬B', 'B': 'A', 'C': '¬B'}. Результат: ((¬B → (A → ¬B)) → ((¬B → A) → (¬B → ¬B)))
2025-12-27 00:05:48,729 - DEBUG - Подставляем в аксиому ((A → (B → C)) → ((A → B) → (A → C))) подстановку {'A': '¬B', 'B': 'A', 'C': 'A'}. Результат: ((¬B → (A → A)) → ((¬B → A) → (¬B → A)))
2025-12-27 00:05:48,729 - DEBUG - Подставляем в аксиому ((A → (B → C)) → ((A → B) → (A → C))) подстановку {'A': '¬B', 'B': 'A', 'C': '¬(A → ¬B)'}. Результат: ((¬B → (A → ¬(A → ¬B))) → ((¬B → A) → (¬B → ¬(A → ¬B))))
2025-12-27 00:05:48,729 - DEBUG - Подставляем в аксиому ((A → (B → C)) → ((A → B) → (A → C))) подстановку {'A': '¬B', 'B': 'A', 'C': '(¬(A → ¬B) → A)'}. Результат: ((¬B → (A → (¬(A → ¬B) → A))) → ((¬B → A) → (¬B → (¬(A → ¬B) → A))))
2025-12-27 00:05:48,729 - DEBUG - Подставляем в аксиому ((A → (B → C)) → ((A → B) → (A → C))) подстановку {'A': '¬B', 'B': '¬(A → ¬B)', 'C': '¬B'}. Результат: ((¬B → (¬(A → ¬B) → ¬B)) → ((¬B → ¬(A → ¬B)) → (¬B → ¬B)))
2025-12-27 00:05:48,729 - DEBUG - Подставляем в аксиому ((A → (B → C)) → ((A → B) → (A → C))) подстановку {'A': '¬B', 'B': '¬(A → ¬B)', 'C': 'A'}. Результат: ((¬B → (¬(A → ¬B) → A)) → ((¬B → ¬(A → ¬B)) → (¬B → A)))
2025-12-27 00:05:48,729 - DEBUG - Подставляем в аксиому ((A → (B → C)) → ((A → B) → (A → C))) подстановку {'A': '¬B', 'B': '¬(A → ¬B)', 'C': '¬(A → ¬B)'}. Результат: ((¬B → (¬(A → ¬B) → ¬(A → ¬B))) → ((¬B → ¬(A → ¬B)) → (¬B → ¬(A → ¬B))))
2025-12-27 00:05:48,729 - DEBUG - Подставляем в аксиому ((A → (B → C)) → ((A → B) → (A → C))) подстановку {'A': '¬B', 'B': '¬(A → ¬B)', 'C': '(¬(A → ¬B) → A)'}. Результат: ((¬B → (¬(A → ¬B) → (¬(A → ¬B) → A))) → ((¬B → ¬(A → ¬B)) → (¬B → (¬(A → ¬B) → A))))
2025-12-27 00:05:48,729 - DEBUG - Подставляем в аксиому ((A → (B → C)) → ((A → B) → (A → C))) подстановку {'A': '¬B', 'B': '(¬(A → ¬B) → A)', 'C': '¬B'}. Результат: ((¬B → ((¬(A → ¬B) → A) → ¬B)) → ((¬B → (¬(A → ¬B) → A)) → (¬B → ¬B)))
2025-12-27 00:05:48,729 - DEBUG - Подставляем в аксиому ((A → (B → C)) → ((A → B) → (A → C))) подстановку {'A': '¬B', 'B': '(¬(A → ¬B) → A)', 'C': 'A'}. Результат: ((¬B → ((¬(A → ¬B) → A) → A)) → ((¬B → (¬(A → ¬B) → A)) → (¬B → A)))
2025-12-27 00:05:48,730 - DEBUG - Подставляем в аксиому ((A → (B → C)) → ((A → B) → (A → C))) подстановку {'A': '¬B', 'B': '(¬(A → ¬B) → A)', 'C': '¬(A → ¬B)'}. Результат: ((¬B → ((¬(A → ¬B) → A) → ¬(A → ¬B))) → ((¬B → (¬(A → ¬B) → A)) → (¬B → ¬(A → ¬B))))
2025-12-27 00:05:48,730 - DEBUG - Подставляем в аксиому ((A → (B → C)) → ((A → B) → (A → C))) подстановку {'A': '¬B', 'B': '(¬(A → ¬B) → A)', 'C': '(¬(A → ¬B) → A)'}. Результат: ((¬B → ((¬(A → ¬B) → A) → (¬(A → ¬B) → A))) → ((¬B → (¬(A → ¬B) → A)) → (¬B → (¬(A → ¬B) → A))))
2025-12-27 00:05:48,730 - DEBUG - Подставляем в аксиому ((A → (B → C)) → ((A → B) → (A → C))) подстановку {'A': 'A', 'B': '¬B', 'C': '¬B'}. Результат: ((A → (¬B → ¬B)) → ((A → ¬B) → (A → ¬B)))
2025-12-27 00:05:48,730 - DEBUG - Подставляем в аксиому ((A → (B → C)) → ((A → B) → (A → C))) подстановку {'A': 'A', 'B': '¬B', 'C': 'A'}. Результат: ((A → (¬B → A)) → ((A → ¬B) → (A → A)))
2025-12-27 00:05:48,730 - DEBUG - Подставляем в аксиому ((A → (B → C)) → ((A → B) → (A → C))) подстановку {'A': 'A', 'B': '¬B', 'C': '¬(A → ¬B)'}. Результат: ((A → (¬B → ¬(A → ¬B))) → ((A → ¬B) → (A → ¬(A → ¬B))))
2025-12-27 00:05:48,730 - DEBUG - Подставляем в аксиому ((A → (B → C)) → ((A → B) → (A → C))) подстановку {'A': 'A', 'B': '¬B', 'C': '(¬(A → ¬B) → A)'}. Результат: ((A → (¬B → (¬(A → ¬B) → A))) → ((A → ¬B) → (A → (¬(A → ¬B) → A))))
2025-12-27 00:05:48,730 - DEBUG - Подставляем в аксиому ((A → (B → C)) → ((A → B) → (A → C))) подстановку {'A': 'A', 'B': 'A', 'C': '¬B'}. Результат: ((A → (A → ¬B)) → ((A → A) → (A → ¬B)))
2025-12-27 00:05:48,730 - DEBUG - Подставляем в аксиому ((A → (B → C)) → ((A → B) → (A → C))) подстановку {'A': 'A', 'B': 'A', 'C': 'A'}. Результат: ((A → (A → A)) → ((A → A) → (A → A)))
2025-12-27 00:05:48,730 - DEBUG - Подставляем в аксиому ((A → (B → C)) → ((A → B) → (A → C))) подстановку {'A': 'A', 'B': 'A', 'C': '¬(A → ¬B)'}. Результат: ((A → (A → ¬(A → ¬B))) → ((A → A) → (A → ¬(A → ¬B))))
2025-12-27 00:05:48,730 - DEBUG - Подставляем в аксиому ((A → (B → C)) → ((A → B) → (A → C))) подстановку {'A': 'A', 'B': 'A', 'C': '(¬(A → ¬B) → A)'}. Результат: ((A → (A → (¬(A → ¬B) → A))) → ((A → A) → (A → (¬(A → ¬B) → A))))
2025-12-27 00:05:48,730 - DEBUG - Подставляем в аксиому ((A → (B → C)) → ((A → B) → (A → C))) подстановку {'A': 'A', 'B': '¬(A → ¬B)', 'C': '¬B'}. Результат: ((A → (¬(A → ¬B) → ¬B)) → ((A → ¬(A → ¬B)) → (A → ¬B)))
2025-12-27 00:05:48,730 - DEBUG - Подставляем в аксиому ((A → (B → C)) → ((A → B) → (A → C))) подстановку {'A': 'A', 'B': '¬(A → ¬B)', 'C': 'A'}. Результат: ((A → (¬(A → ¬B) → A)) → ((A → ¬(A → ¬B)) → (A → A)))
2025-12-27 00:05:48,730 - DEBUG - Подставляем в аксиому ((A → (B → C)) → ((A → B) → (A → C))) подстановку {'A': 'A', 'B': '¬(A → ¬B)', 'C': '¬(A → ¬B)'}. Результат: ((A → (¬(A → ¬B) → ¬(A → ¬B))) → ((A → ¬(A → ¬B)) → (A → ¬(A → ¬B))))
2025-12-27 00:05:48,730 - DEBUG - Подставляем в аксиому ((A → (B → C)) → ((A → B) → (A → C))) подстановку {'A': 'A', 'B': '¬(A → ¬B)', 'C': '(¬(A → ¬B) → A)'}. Результат: ((A → (¬(A → ¬B) → (¬(A → ¬B) → A))) → ((A → ¬(A → ¬B)) → (A → (¬(A → ¬B) → A))))
2025-12-27 00:05:48,730 - DEBUG - Подставляем в аксиому ((A → (B → C)) → ((A → B) → (A → C))) подстановку {'A': 'A', 'B': '(¬(A → ¬B) → A)', 'C': '¬B'}. Результат: ((A → ((¬(A → ¬B) → A) → ¬B)) → ((A → (¬(A → ¬B) → A)) → (A → ¬B)))
2025-12-27 00:05:48,730 - DEBUG - Подставляем в аксиому ((A → (B → C)) → ((A → B) → (A → C))) подстановку {'A': 'A', 'B': '(¬(A → ¬B) → A)', 'C': 'A'}. Результат: ((A → ((¬(A → ¬B) → A) → A)) → ((A → (¬(A → ¬B) → A)) → (A → A)))
2025-12-27 00:05:48,730 - DEBUG - Подставляем в аксиому ((A → (B → C)) → ((A → B) → (A → C))) подстановку {'A': 'A', 'B': '(¬(A → ¬B) → A)', 'C': '¬(A → ¬B)'}. Результат: ((A → ((¬(A → ¬B) → A) → ¬(A → ¬B))) → ((A → (¬(A → ¬B) → A)) → (A → ¬(A → ¬B))))
2025-12-27 00:05:48,730 - DEBUG - Подставляем в аксиому ((A → (B → C)) → ((A → B) → (A → C))) подстановку {'A': 'A', 'B': '(¬(A → ¬B) → A)', 'C': '(¬(A → ¬B) → A)'}. Результат: ((A → ((¬(A → ¬B) → A) → (¬(A → ¬B) → A))) → ((A → (¬(A → ¬B) → A)) → (A → (¬(A → ¬B) → A))))
2025-12-27 00:05:48,730 - DEBUG - Подставляем в аксиому ((A → (B → C)) → ((A → B) → (A → C))) подстановку {'A': '¬(A → ¬B)', 'B': '¬B', 'C': '¬B'}. Результат: ((¬(A → ¬B) → (¬B → ¬B)) → ((¬(A → ¬B) → ¬B) → (¬(A → ¬B) → ¬B)))
2025-12-27 00:05:48,730 - DEBUG - Подставляем в аксиому ((A → (B → C)) → ((A → B) → (A → C))) подстановку {'A': '¬(A → ¬B)', 'B': '¬B', 'C': 'A'}. Результат: ((¬(A → ¬B) → (¬B → A)) → ((¬(A → ¬B) → ¬B) → (¬(A → ¬B) → A)))
2025-12-27 00:05:48,730 - DEBUG - Подставляем в аксиому ((A → (B → C)) → ((A → B) → (A → C))) подстановку {'A': '¬(A → ¬B)', 'B': '¬B', 'C': '¬(A → ¬B)'}. Результат: ((¬(A → ¬B) → (¬B → ¬(A → ¬B))) → ((¬(A → ¬B) → ¬B) → (¬(A → ¬B) → ¬(A → ¬B))))
2025-12-27 00:05:48,730 - DEBUG - Подставляем в аксиому ((A → (B → C)) → ((A → B) → (A → C))) подстановку {'A': '¬(A → ¬B)', 'B': '¬B', 'C': '(¬(A → ¬B) → A)'}. Результат: ((¬(A → ¬B) → (¬B → (¬(A → ¬B) → A))) → ((¬(A → ¬B) → ¬B) → (¬(A → ¬B) → (¬(A → ¬B) → A))))
2025-12-27 00:05:48,730 - DEBUG - Подставляем в аксиому ((A → (B → C)) → ((A → B) → (A → C))) подстановку {'A': '¬(A → ¬B)', 'B': 'A', 'C': '¬B'}. Результат: ((¬(A → ¬B) → (A → ¬B)) → ((¬(A → ¬B) → A) → (¬(A → ¬B) → ¬B)))
2025-12-27 00:05:48,730 - DEBUG - Подставляем в аксиому ((A → (B → C)) → ((A → B) → (A → C))) подстановку {'A': '¬(A → ¬B)', 'B': 'A', 'C': 'A'}. Результат: ((¬(A → ¬B) → (A → A)) → ((¬(A → ¬B) → A) → (¬(A → ¬B) → A)))
2025-12-27 00:05:48,731 - DEBUG - Подставляем в аксиому ((A → (B → C)) → ((A → B) → (A → C))) подстановку {'A': '¬(A → ¬B)', 'B': 'A', 'C': '¬(A → ¬B)'}. Результат: ((¬(A → ¬B) → (A → ¬(A → ¬B))) → ((¬(A → ¬B) → A) → (¬(A → ¬B) → ¬(A → ¬B))))
2025-12-27 00:05:48,731 - DEBUG - Подставляем в аксиому ((A → (B → C)) → ((A → B) → (A → C))) подстановку {'A': '¬(A → ¬B)', 'B': 'A', 'C': '(¬(A → ¬B) → A)'}. Результат: ((¬(A → ¬B) → (A → (¬(A → ¬B) → A))) → ((¬(A → ¬B) → A) → (¬(A → ¬B) → (¬(A → ¬B) → A))))
2025-12-27 00:05:48,731 - DEBUG - Подставляем в аксиому ((A → (B → C)) → ((A → B) → (A → C))) подстановку {'A': '¬(A → ¬B)', 'B': '¬(A → ¬B)', 'C': '¬B'}. Результат: ((¬(A → ¬B) → (¬(A → ¬B) → ¬B)) → ((¬(A → ¬B) → ¬(A → ¬B)) → (¬(A → ¬B) → ¬B)))
2025-12-27 00:05:48,731 - DEBUG - Подставляем в аксиому ((A → (B → C)) → ((A → B) → (A → C))) подстановку {'A': '¬(A → ¬B)', 'B': '¬(A → ¬B)', 'C': 'A'}. Результат: ((¬(A → ¬B) → (¬(A → ¬B) → A)) → ((¬(A → ¬B) → ¬(A → ¬B)) → (¬(A → ¬B) → A)))
2025-12-27 00:05:48,731 - DEBUG - Подставляем в аксиому ((A → (B → C)) → ((A → B) → (A → C))) подстановку {'A': '¬(A → ¬B)', 'B': '¬(A → ¬B)', 'C': '¬(A → ¬B)'}. Результат: ((¬(A → ¬B) → (¬(A → ¬B) → ¬(A → ¬B))) → ((¬(A → ¬B) → ¬(A → ¬B)) → (¬(A → ¬B) → ¬(A → ¬B))))
2025-12-27 00:05:48,731 - DEBUG - Подставляем в аксиому ((A → (B → C)) → ((A → B) → (A → C))) подстановку {'A': '¬(A → ¬B)', 'B': '¬(A → ¬B)', 'C': '(¬(A → ¬B) → A)'}. Результат: ((¬(A → ¬B) → (¬(A → ¬B) → (¬(A → ¬B) → A))) → ((¬(A → ¬B) → ¬(A → ¬B)) → (¬(A → ¬B) → (¬(A → ¬B) → A))))
2025-12-27 00:05:48,731 - DEBUG - Подставляем в аксиому ((A → (B → C)) → ((A → B) → (A → C))) подстановку {'A': '¬(A → ¬B)', 'B': '(¬(A → ¬B) → A)', 'C': '¬B'}. Результат: ((¬(A → ¬B) → ((¬(A → ¬B) → A) → ¬B)) → ((¬(A → ¬B) → (¬(A → ¬B) → A)) → (¬(A → ¬B) → ¬B)))
2025-12-27 00:05:48,731 - DEBUG - Подставляем в аксиому ((A → (B → C)) → ((A → B) → (A → C))) подстановку {'A': '¬(A → ¬B)', 'B': '(¬(A → ¬B) → A)', 'C': 'A'}. Результат: ((¬(A → ¬B) → ((¬(A → ¬B) → A) → A)) → ((¬(A → ¬B) → (¬(A → ¬B) → A)) → (¬(A → ¬B) → A)))
2025-12-27 00:05:48,731 - DEBUG - Подставляем в аксиому ((A → (B → C)) → ((A → B) → (A → C))) подстановку {'A': '¬(A → ¬B)', 'B': '(¬(A → ¬B) → A)', 'C': '¬(A → ¬B)'}. Результат: ((¬(A → ¬B) → ((¬(A → ¬B) → A) → ¬(A → ¬B))) → ((¬(A → ¬B) → (¬(A → ¬B) → A)) → (¬(A → ¬B) → ¬(A → ¬B))))
2025-12-27 00:05:48,731 - DEBUG - Подставляем в аксиому ((A → (B → C)) → ((A → B) → (A → C))) подстановку {'A': '¬(A → ¬B)', 'B': '(¬(A → ¬B) → A)', 'C': '(¬(A → ¬B) → A)'}. Результат: ((¬(A → ¬B) → ((¬(A → ¬B) → A) → (¬(A → ¬B) → A))) → ((¬(A → ¬B) → (¬(A → ¬B) → A)) → (¬(A → ¬B) → (¬(A → ¬B) → A))))
2025-12-27 00:05:48,731 - DEBUG - Подставляем в аксиому ((A → (B → C)) → ((A → B) → (A → C))) подстановку {'A': '(¬(A → ¬B) → A)', 'B': '¬B', 'C': '¬B'}. Результат: (((¬(A → ¬B) → A) → (¬B → ¬B)) → (((¬(A → ¬B) → A) → ¬B) → ((¬(A → ¬B) → A) → ¬B)))
2025-12-27 00:05:48,731 - DEBUG - Подставляем в аксиому ((A → (B → C)) → ((A → B) → (A → C))) подстановку {'A': '(¬(A → ¬B) → A)', 'B': '¬B', 'C': 'A'}. Результат: (((¬(A → ¬B) → A) → (¬B → A)) → (((¬(A → ¬B) → A) → ¬B) → ((¬(A → ¬B) → A) → A)))
2025-12-27 00:05:48,731 - DEBUG - Подставляем в аксиому ((A → (B → C)) → ((A → B) → (A → C))) подстановку {'A': '(¬(A → ¬B) → A)', 'B': '¬B', 'C': '¬(A → ¬B)'}. Результат: (((¬(A → ¬B) → A) → (¬B → ¬(A → ¬B))) → (((¬(A → ¬B) → A) → ¬B) → ((¬(A → ¬B) → A) → ¬(A → ¬B))))
2025-12-27 00:05:48,731 - DEBUG - Подставляем в аксиому ((A → (B → C)) → ((A → B) → (A → C))) подстановку {'A': '(¬(A → ¬B) → A)', 'B': '¬B', 'C': '(¬(A → ¬B) → A)'}. Результат: (((¬(A → ¬B) → A) → (¬B → (¬(A → ¬B) → A))) → (((¬(A → ¬B) → A) → ¬B) → ((¬(A → ¬B) → A) → (¬(A → ¬B) → A))))
2025-12-27 00:05:48,731 - DEBUG - Подставляем в аксиому ((A → (B → C)) → ((A → B) → (A → C))) подстановку {'A': '(¬(A → ¬B) → A)', 'B': 'A', 'C': '¬B'}. Результат: (((¬(A → ¬B) → A) → (A → ¬B)) → (((¬(A → ¬B) → A) → A) → ((¬(A → ¬B) → A) → ¬B)))
2025-12-27 00:05:48,731 - DEBUG - Подставляем в аксиому ((A → (B → C)) → ((A → B) → (A → C))) подстановку {'A': '(¬(A → ¬B) → A)', 'B': 'A', 'C': 'A'}. Результат: (((¬(A → ¬B) → A) → (A → A)) → (((¬(A → ¬B) → A) → A) → ((¬(A → ¬B) → A) → A)))
2025-12-27 00:05:48,731 - DEBUG - Подставляем в аксиому ((A → (B → C)) → ((A → B) → (A → C))) подстановку {'A': '(¬(A → ¬B) → A)', 'B': 'A', 'C': '¬(A → ¬B)'}. Результат: (((¬(A → ¬B) → A) → (A → ¬(A → ¬B))) → (((¬(A → ¬B) → A) → A) → ((¬(A → ¬B) → A) → ¬(A → ¬B))))
2025-12-27 00:05:48,731 - DEBUG - Подставляем в аксиому ((A → (B → C)) → ((A → B) → (A → C))) подстановку {'A': '(¬(A → ¬B) → A)', 'B': 'A', 'C': '(¬(A → ¬B) → A)'}. Результат: (((¬(A → ¬B) → A) → (A → (¬(A → ¬B) → A))) → (((¬(A → ¬B) → A) → A) → ((¬(A → ¬B) → A) → (¬(A → ¬B) → A))))
2025-12-27 00:05:48,731 - DEBUG - Подставляем в аксиому ((A → (B → C)) → ((A → B) → (A → C))) подстановку {'A': '(¬(A → ¬B) → A)', 'B': '¬(A → ¬B)', 'C': '¬B'}. Результат: (((¬(A → ¬B) → A) → (¬(A → ¬B) → ¬B)) → (((¬(A → ¬B) → A) → ¬(A → ¬B)) → ((¬(A → ¬B) → A) → ¬B)))
2025-12-27 00:05:48,731 - DEBUG - Подставляем в аксиому ((A → (B → C)) → ((A → B) → (A → C))) подстановку {'A': '(¬(A → ¬B) → A)', 'B': '¬(A → ¬B)', 'C': 'A'}. Результат: (((¬(A → ¬B) → A) → (¬(A → ¬B) → A)) → (((¬(A → ¬B) → A) → ¬(A → ¬B)) → ((¬(A → ¬B) → A) → A)))
2025-12-27 00:05:48,731 - DEBUG - Подставляем в аксиому ((A → (B → C)) → ((A → B) → (A → C))) подстановку {'A': '(¬(A → ¬B) → A)', 'B': '¬(A → ¬B)', 'C': '¬(A → ¬B)'}. Результат: (((¬(A → ¬B) → A) → (¬(A → ¬B) → ¬(A → ¬B))) → (((¬(A → ¬B) → A) → ¬(A → ¬B)) → ((¬(A → ¬B) → A) → ¬(A → ¬B))))
2025-12-27 00:05:48,731 - DEBUG - Подставляем в аксиому ((A → (B → C)) → ((A → B) → (A → C))) подстановку {'A': '(¬(A → ¬B) → A)', 'B': '¬(A → ¬B)', 'C': '(¬(A → ¬B) → A)'}. Результат: (((¬(A → ¬B) → A) → (¬(A → ¬B) → (¬(A → ¬B) → A))) → (((¬(A → ¬B) → A) → ¬(A → ¬B)) → ((¬(A → ¬B) → A) → (¬(A → ¬B) → A))))
2025-12-27 00:05:48,731 - DEBUG - Подставляем в аксиому ((A → (B → C)) → ((A → B) → (A → C))) подстановку {'A': '(¬(A → ¬B) → A)', 'B': '(¬(A → ¬B) → A)', 'C': '¬B'}. Результат: (((¬(A → ¬B) → A) → ((¬(A → ¬B) → A) → ¬B)) → (((¬(A → ¬B) → A) → (¬(A → ¬B) → A)) → ((¬(A → ¬B) → A) → ¬B)))
2025-12-27 00:05:48,732 - DEBUG - Подставляем в аксиому ((A → (B → C)) → ((A → B) → (A → C))) подстановку {'A': '(¬(A → ¬B) → A)', 'B': '(¬(A → ¬B) → A)', 'C': 'A'}. Результат: (((¬(A → ¬B) → A) → ((¬(A → ¬B) → A) → A)) → (((¬(A → ¬B) → A) → (¬(A → ¬B) → A)) → ((¬(A → ¬B) → A) → A)))
2025-12-27 00:05:48,732 - DEBUG - Подставляем в аксиому ((A → (B → C)) → ((A → B) → (A → C))) подстановку {'A': '(¬(A → ¬B) → A)', 'B': '(¬(A → ¬B) → A)', 'C': '¬(A → ¬B)'}. Результат: (((¬(A → ¬B) → A) → ((¬(A → ¬B) → A) → ¬(A → ¬B))) → (((¬(A → ¬B) → A) → (¬(A → ¬B) → A)) → ((¬(A → ¬B) → A) → ¬(A → ¬B))))
2025-12-27 00:05:48,732 - DEBUG - Подставляем в аксиому ((A → (B → C)) → ((A → B) → (A → C))) подстановку {'A': '(¬(A → ¬B) → A)', 'B': '(¬(A → ¬B) → A)', 'C': '(¬(A → ¬B) → A)'}. Результат: (((¬(A → ¬B) → A) → ((¬(A → ¬B) → A) → (¬(A → ¬B) → A))) → (((¬(A → ¬B) → A) → (¬(A → ¬B) → A)) → ((¬(A → ¬B) → A) → (¬(A → ¬B) → A))))
2025-12-27 00:05:48,732 - DEBUG - Подставляем в аксиому ((¬B → ¬A) → ((¬B → A) → B)) подстановку {'B': '¬B', 'A': '¬B'}. Результат: ((¬B → ¬B) → ((¬B → ¬B) → ¬B))
2025-12-27 00:05:48,732 - DEBUG - Подставляем в аксиому ((¬B → ¬A) → ((¬B → A) → B)) подстановку {'B': '¬B', 'A': 'A'}. Результат: ((¬B → A) → ((¬B → A) → ¬B))
2025-12-27 00:05:48,732 - DEBUG - Подставляем в аксиому ((¬B → ¬A) → ((¬B → A) → B)) подстановку {'B': '¬B', 'A': '¬(A → ¬B)'}. Результат: ((¬B → ¬(A → ¬B)) → ((¬B → ¬(A → ¬B)) → ¬B))
2025-12-27 00:05:48,732 - DEBUG - Подставляем в аксиому ((¬B → ¬A) → ((¬B → A) → B)) подстановку {'B': '¬B', 'A': '(¬(A → ¬B) → A)'}. Результат: ((¬B → (¬(A → ¬B) → A)) → ((¬B → (¬(A → ¬B) → A)) → ¬B))
2025-12-27 00:05:48,732 - DEBUG - Подставляем в аксиому ((¬B → ¬A) → ((¬B → A) → B)) подстановку {'B': 'A', 'A': '¬B'}. Результат: ((A → ¬B) → ((A → ¬B) → A))
2025-12-27 00:05:48,732 - DEBUG - Подставляем в аксиому ((¬B → ¬A) → ((¬B → A) → B)) подстановку {'B': 'A', 'A': 'A'}. Результат: ((A → A) → ((A → A) → A))
2025-12-27 00:05:48,732 - DEBUG - Подставляем в аксиому ((¬B → ¬A) → ((¬B → A) → B)) подстановку {'B': 'A', 'A': '¬(A → ¬B)'}. Результат: ((A → ¬(A → ¬B)) → ((A → ¬(A → ¬B)) → A))
2025-12-27 00:05:48,732 - DEBUG - Подставляем в аксиому ((¬B → ¬A) → ((¬B → A) → B)) подстановку {'B': 'A', 'A': '(¬(A → ¬B) → A)'}. Результат: ((A → (¬(A → ¬B) → A)) → ((A → (¬(A → ¬B) → A)) → A))
2025-12-27 00:05:48,732 - DEBUG - Подставляем в аксиому ((¬B → ¬A) → ((¬B → A) → B)) подстановку {'B': '¬(A → ¬B)', 'A': '¬B'}. Результат: ((¬(A → ¬B) → ¬B) → ((¬(A → ¬B) → ¬B) → ¬(A → ¬B)))
2025-12-27 00:05:48,732 - DEBUG - Подставляем в аксиому ((¬B → ¬A) → ((¬B → A) → B)) подстановку {'B': '¬(A → ¬B)', 'A': 'A'}. Результат: ((¬(A → ¬B) → A) → ((¬(A → ¬B) → A) → ¬(A → ¬B)))
2025-12-27 00:05:48,732 - DEBUG - Подставляем в аксиому ((¬B → ¬A) → ((¬B → A) → B)) подстановку {'B': '¬(A → ¬B)', 'A': '¬(A → ¬B)'}. Результат: ((¬(A → ¬B) → ¬(A → ¬B)) → ((¬(A → ¬B) → ¬(A → ¬B)) → ¬(A → ¬B)))
2025-12-27 00:05:48,732 - DEBUG - Подставляем в аксиому ((¬B → ¬A) → ((¬B → A) → B)) подстановку {'B': '¬(A → ¬B)', 'A': '(¬(A → ¬B) → A)'}. Результат: ((¬(A → ¬B) → (¬(A → ¬B) → A)) → ((¬(A → ¬B) → (¬(A → ¬B) → A)) → ¬(A → ¬B)))
2025-12-27 00:05:48,732 - DEBUG - Подставляем в аксиому ((¬B → ¬A) → ((¬B → A) → B)) подстановку {'B': '(¬(A → ¬B) → A)', 'A': '¬B'}. Результат: (((¬(A → ¬B) → A) → ¬B) → (((¬(A → ¬B) → A) → ¬B) → (¬(A → ¬B) → A)))
2025-12-27 00:05:48,732 - DEBUG - Подставляем в аксиому ((¬B → ¬A) → ((¬B → A) → B)) подстановку {'B': '(¬(A → ¬B) → A)', 'A': 'A'}. Результат: (((¬(A → ¬B) → A) → A) → (((¬(A → ¬B) → A) → A) → (¬(A → ¬B) → A)))
2025-12-27 00:05:48,732 - DEBUG - Подставляем в аксиому ((¬B → ¬A) → ((¬B → A) → B)) подстановку {'B': '(¬(A → ¬B) → A)', 'A': '¬(A → ¬B)'}. Результат: (((¬(A → ¬B) → A) → ¬(A → ¬B)) → (((¬(A → ¬B) → A) → ¬(A → ¬B)) → (¬(A → ¬B) → A)))
2025-12-27 00:05:48,732 - DEBUG - Подставляем в аксиому ((¬B → ¬A) → ((¬B → A) → B)) подстановку {'B': '(¬(A → ¬B) → A)', 'A': '(¬(A → ¬B) → A)'}. Результат: (((¬(A → ¬B) → A) → (¬(A → ¬B) → A)) → (((¬(A → ¬B) → A) → (¬(A → ¬B) → A)) → (¬(A → ¬B) → A)))
2025-12-27 00:05:48,733 - INFO - Используем правило вывода
2025-12-27 00:05:48,740 - DEBUG - Найдено соответствие для MP. Посылка 1: (A → (A → A)), Посылка с правилом вывода: ((A → (A → A)) → ((A → A) → (A → A))), Новая посылка: ((A → A) → (A → A))
2025-12-27 00:05:48,742 - DEBUG - Найдено соответствие для MP. Посылка 1: (A → (¬B → A)), Посылка с правилом вывода: ((A → (¬B → A)) → ((A → ¬B) → (A → A))), Новая посылка: ((A → ¬B) → (A → A))
2025-12-27 00:05:48,749 - DEBUG - Найдено соответствие для MP. Посылка 1: (¬(A → ¬B) → ((¬(A → ¬B) → A) → ¬(A → ¬B))), Посылка с правилом вывода: ((¬(A → ¬B) → ((¬(A → ¬B) → A) → ¬(A → ¬B))) → ((¬(A → ¬B) → (¬(A → ¬B) → A)) → (¬(A → ¬B) → ¬(A → ¬B)))), Новая посылка: ((¬(A → ¬B) → (¬(A → ¬B) → A)) → (¬(A → ¬B) → ¬(A → ¬B)))
2025-12-27 00:05:48,752 - DEBUG - Найдено соответствие для MP. Посылка 1: ((¬(A → ¬B) → A) → (¬(A → ¬B) → (¬(A → ¬B) → A))), Посылка с правилом вывода: (((¬(A → ¬B) → A) → (¬(A → ¬B) → (¬(A → ¬B) → A))) → (((¬(A → ¬B) → A) → ¬(A → ¬B)) → ((¬(A → ¬B) → A) → (¬(A → ¬B) → A)))), Новая посылка: (((¬(A → ¬B) → A) → ¬(A → ¬B)) → ((¬(A → ¬B) → A) → (¬(A → ¬B) → A)))
2025-12-27 00:05:48,753 - DEBUG - Найдено соответствие для MP. Посылка 1: (¬B → (A → ¬B)), Посылка с правилом вывода: ((¬B → (A → ¬B)) → ((¬B → A) → (¬B → ¬B))), Новая посылка: ((¬B → A) → (¬B → ¬B))
2025-12-27 00:05:48,754 - DEBUG - Найдено соответствие для MP. Посылка 1: (¬B → (¬(A → ¬B) → ¬B)), Посылка с правилом вывода: ((¬B → (¬(A → ¬B) → ¬B)) → ((¬B → ¬(A → ¬B)) → (¬B → ¬B))), Новая посылка: ((¬B → ¬(A → ¬B)) → (¬B → ¬B))
2025-12-27 00:05:48,754 - DEBUG - Найдено соответствие для MP. Посылка 1: (¬(A → ¬B) → (¬(A → ¬B) → ¬(A → ¬B))), Посылка с правилом вывода: ((¬(A → ¬B) → (¬(A → ¬B) → ¬(A → ¬B))) → ((¬(A → ¬B) → ¬(A → ¬B)) → (¬(A → ¬B) → ¬(A → ¬B)))), Новая посылка: ((¬(A → ¬B) → ¬(A → ¬B)) → (¬(A → ¬B) → ¬(A → ¬B)))
2025-12-27 00:05:48,757 - DEBUG - Найдено соответствие для MP. Посылка 1: ((¬(A → ¬B) → A) → (A → (¬(A → ¬B) → A))), Посылка с правилом вывода: (((¬(A → ¬B) → A) → (A → (¬(A → ¬B) → A))) → (((¬(A → ¬B) → A) → A) → ((¬(A → ¬B) → A) → (¬(A → ¬B) → A)))), Новая посылка: (((¬(A → ¬B) → A) → A) → ((¬(A → ¬B) → A) → (¬(A → ¬B) → A)))
2025-12-27 00:05:48,758 - DEBUG - Найдено соответствие для MP. Посылка 1: (A → ((¬(A → ¬B) → A) → A)), Посылка с правилом вывода: ((A → ((¬(A → ¬B) → A) → A)) → ((A → (¬(A → ¬B) → A)) → (A → A))), Новая посылка: ((A → (¬(A → ¬B) → A)) → (A → A))
2025-12-27 00:05:48,760 - DEBUG - Найдено соответствие для MP. Посылка 1: (¬B → ((¬(A → ¬B) → A) → ¬B)), Посылка с правилом вывода: ((¬B → ((¬(A → ¬B) → A) → ¬B)) → ((¬B → (¬(A → ¬B) → A)) → (¬B → ¬B))), Новая посылка: ((¬B → (¬(A → ¬B) → A)) → (¬B → ¬B))
2025-12-27 00:05:48,762 - DEBUG - Найдено соответствие для MP. Посылка 1: (A → (¬(A → ¬B) → A)), Посылка с правилом вывода: ((A → (¬(A → ¬B) → A)) → ((A → ¬(A → ¬B)) → (A → A))), Новая посылка: ((A → ¬(A → ¬B)) → (A → A))
2025-12-27 00:05:48,764 - DEBUG - Найдено соответствие для MP. Посылка 1: ((¬(A → ¬B) → A) → ((¬(A → ¬B) → A) → (¬(A → ¬B) → A))), Посылка с правилом вывода: (((¬(A → ¬B) → A) → ((¬(A → ¬B) → A) → (¬(A → ¬B) → A))) → (((¬(A → ¬B) → A) → (¬(A → ¬B) → A)) → ((¬(A → ¬B) → A) → (¬(A → ¬B) → A)))), Новая посылка: (((¬(A → ¬B) → A) → (¬(A → ¬B) → A)) → ((¬(A → ¬B) → A) → (¬(A → ¬B) → A)))
2025-12-27 00:05:48,764 - DEBUG - Найдено соответствие для MP. Посылка 1: (A → (¬(A → ¬B) → A)), Посылка с правилом вывода: ((A → (¬(A → ¬B) → A)) → ((A → (¬(A → ¬B) → A)) → A)), Новая посылка: ((A → (¬(A → ¬B) → A)) → A)
2025-12-27 00:05:48,765 - DEBUG - Найдено соответствие для MP. Посылка 1: ((¬(A → ¬B) → A) → (¬B → (¬(A → ¬B) → A))), Посылка с правилом вывода: (((¬(A → ¬B) → A) → (¬B → (¬(A → ¬B) → A))) → (((¬(A → ¬B) → A) → ¬B) → ((¬(A → ¬B) → A) → (¬(A → ¬B) → A)))), Новая посылка: (((¬(A → ¬B) → A) → ¬B) → ((¬(A → ¬B) → A) → (¬(A → ¬B) → A)))
2025-12-27 00:05:48,765 - DEBUG - Найдено соответствие для MP. Посылка 1: (¬B → (¬B → ¬B)), Посылка с правилом вывода: ((¬B → (¬B → ¬B)) → ((¬B → ¬B) → (¬B → ¬B))), Новая посылка: ((¬B → ¬B) → (¬B → ¬B))
2025-12-27 00:05:48,766 - DEBUG - Найдено соответствие для MP. Посылка 1: (¬(A → ¬B) → (A → ¬(A → ¬B))), Посылка с правилом вывода: ((¬(A → ¬B) → (A → ¬(A → ¬B))) → ((¬(A → ¬B) → A) → (¬(A → ¬B) → ¬(A → ¬B)))), Новая посылка: ((¬(A → ¬B) → A) → (¬(A → ¬B) → ¬(A → ¬B)))
2025-12-27 00:05:48,774 - DEBUG - Найдено соответствие для MP. Посылка 1: ((¬(A → ¬B) → A) → ((¬(A → ¬B) → A) → ¬(A → ¬B))), Посылка с правилом вывода: (((¬(A → ¬B) → A) → ((¬(A → ¬B) → A) → ¬(A → ¬B))) → (((¬(A → ¬B) → A) → (¬(A → ¬B) → A)) → ((¬(A → ¬B) → A) → ¬(A → ¬B)))), Новая посылка: (((¬(A → ¬B) → A) → (¬(A → ¬B) → A)) → ((¬(A → ¬B) → A) → ¬(A → ¬B)))
2025-12-27 00:05:48,775 - DEBUG - Найдено соответствие для MP. Посылка 1: (¬(A → ¬B) → (¬B → ¬(A → ¬B))), Посылка с правилом вывода: ((¬(A → ¬B) → (¬B → ¬(A → ¬B))) → ((¬(A → ¬B) → ¬B) → (¬(A → ¬B) → ¬(A → ¬B)))), Новая посылка: ((¬(A → ¬B) → ¬B) → (¬(A → ¬B) → ¬(A → ¬B)))
2025-12-27 00:05:48,777 - INFO - Используем теорему дедукции
2025-12-27 00:05:48,777 - DEBUG - Применена теорема дедукции для посылки: (¬(A → ¬B) → ((¬(A → ¬B) → A) → ¬(A → ¬B))), Новая посылка: ((¬A ∨ ¬B) → ((¬(A → ¬B) → A) → ¬(A → ¬B)))
2025-12-27 00:05:48,777 - DEBUG - Применена теорема дедукции для посылки: ((¬(A → ¬B) → ¬(A → ¬B)) → ((¬(A → ¬B) → ¬(A → ¬B)) → ¬(A → ¬B))), Новая посылка: ((¬B → (A → ¬B)) → ((A ∨ (¬A ∨ ¬B)) → ((¬(A → ¬B) → ¬(A → ¬B)) → ¬(A → ¬B))))
2025-12-27 00:05:48,777 - DEBUG - Применена теорема дедукции для посылки: ((¬B → (¬(A → ¬B) → A)) → ((¬B → ¬(A → ¬B)) → (¬B → A))), Новая посылка: ((¬B → (¬A → A)) → ((B ∨ (B ∨ A)) → ((¬B → ¬(A → ¬B)) → (¬B → A))))
2025-12-27 00:05:48,778 - DEBUG - Применена теорема дедукции для посылки: (((¬(A → ¬B) → A) → ((¬(A → ¬B) → A) → ¬B)) → (((¬(A → ¬B) → A) → (¬(A → ¬B) → A)) → ((¬(A → ¬B) → A) → ¬B))), Новая посылка: (¬(¬((¬(A → ¬B) → (A → ¬B)) → ¬(¬(A → ¬B) → (¬(A → ¬B) → ¬B))) → ¬(A → (A → ¬B))) → ((¬A ∨ ((¬A ∨ ¬B) ∨ ¬B)) → (((¬(A → ¬B) → A) → (¬(A → ¬B) → A)) → ((¬(A → ¬B) → A) → ¬B))))
2025-12-27 00:05:48,778 - DEBUG - Применена теорема дедукции для посылки: ((¬(A → ¬B) → (A → (¬(A → ¬B) → A))) → ((¬(A → ¬B) → A) → (¬(A → ¬B) → (¬(A → ¬B) → A)))), Новая посылка: (¬(¬((¬A → (A → (¬A → A))) → ¬(¬B → (A → (¬B → A)))) → ¬(¬B → (A → (¬A → A)))) → ((A ∨ (¬A ∨ (B ∨ A))) → ((¬(A → ¬B) → A) → (¬(A → ¬B) → (¬(A → ¬B) → A)))))
2025-12-27 00:05:48,778 - DEBUG - Применена теорема дедукции для посылки: ((¬B → A) → ((¬B → A) → ¬B)), Новая посылка: ((B ∨ A) → ((¬B → A) → ¬B))
2025-12-27 00:05:48,778 - DEBUG - Применена теорема дедукции для посылки: ((¬(A → ¬B) → (A → A)) → ((¬(A → ¬B) → A) → (¬(A → ¬B) → A))), Новая посылка: ((¬A → (A → A)) → ((B ∨ (¬A ∨ A)) → ((¬(A → ¬B) → A) → (¬(A → ¬B) → A))))
2025-12-27 00:05:48,778 - DEBUG - Применена теорема дедукции для посылки: ((¬B → (A → (¬(A → ¬B) → A))) → ((¬B → A) → (¬B → (¬(A → ¬B) → A)))), Новая посылка: ((¬B → (A → (¬A → A))) → ((B ∨ (¬A ∨ (B ∨ A))) → ((¬B → A) → (¬B → (¬(A → ¬B) → A)))))
2025-12-27 00:05:48,778 - DEBUG - Применена теорема дедукции для посылки: ((¬(A → ¬B) → (¬(A → ¬B) → A)) → ((¬(A → ¬B) → ¬(A → ¬B)) → (¬(A → ¬B) → A))), Новая посылка: (¬(¬((¬A → (¬A → A)) → ¬(¬B → (¬B → A))) → ¬(¬B → (¬A → A))) → ((A ∨ (B ∨ A)) → ((¬(A → ¬B) → ¬(A → ¬B)) → (¬(A → ¬B) → A))))
2025-12-27 00:05:48,778 - DEBUG - Применена теорема дедукции для посылки: ((¬B → ¬(A → ¬B)) → ((¬B → ¬(A → ¬B)) → ¬B)), Новая посылка: ((B ∨ (¬A ∨ ¬B)) → ((¬B → ¬(A → ¬B)) → ¬B))
2025-12-27 00:05:48,778 - DEBUG - Применена теорема дедукции для посылки: (((¬(A → ¬B) → A) → A) → (((¬(A → ¬B) → A) → A) → (¬(A → ¬B) → A))), Новая посылка: ((A → A) → (((¬A ∨ ¬B) ∨ A) → (((¬(A → ¬B) → A) → A) → (¬(A → ¬B) → A))))
2025-12-27 00:05:48,778 - DEBUG - Применена теорема дедукции для посылки: ((¬(A → ¬B) → (A → ¬B)) → ((¬(A → ¬B) → A) → (¬(A → ¬B) → ¬B))), Новая посылка: ((¬B → (A → ¬B)) → ((A ∨ (¬A ∨ ¬B)) → ((¬(A → ¬B) → A) → (¬(A → ¬B) → ¬B))))
2025-12-27 00:05:48,778 - DEBUG - Применена теорема дедукции для посылки: ((¬B → ((¬(A → ¬B) → A) → A)) → ((¬B → (¬(A → ¬B) → A)) → (¬B → A))), Новая посылка: ((¬B → (A → A)) → ((B ∨ ((¬A ∨ ¬B) ∨ A)) → ((¬B → (¬(A → ¬B) → A)) → (¬B → A))))
2025-12-27 00:05:48,778 - DEBUG - Применена теорема дедукции для посылки: ((A → (¬(A → ¬B) → (¬(A → ¬B) → A))) → ((A → ¬(A → ¬B)) → (A → (¬(A → ¬B) → A)))), Новая посылка: (¬(¬((A → (¬A → (¬B → A))) → ¬(A → (¬B → (¬B → A)))) → ¬(A → (¬A → (¬A → A)))) → ((¬A ∨ (B ∨ (A ∨ A))) → ((A → ¬(A → ¬B)) → (A → (¬(A → ¬B) → A)))))
2025-12-27 00:05:48,778 - DEBUG - Применена теорема дедукции для посылки: ((A → ((¬(A → ¬B) → A) → ¬(A → ¬B))) → ((A → (¬(A → ¬B) → A)) → (A → ¬(A → ¬B)))), Новая посылка: ((A → (A → (A → ¬B))) → ((¬A ∨ ((¬A ∨ ¬B) ∨ (¬A ∨ ¬B))) → ((A → (¬(A → ¬B) → A)) → (A → ¬(A → ¬B)))))
2025-12-27 00:05:48,779 - DEBUG - Применена теорема дедукции для посылки: ((A → (A → A)) → ((A → A) → (A → A))), Новая посылка: ((¬A ∨ (¬A ∨ A)) → ((A → A) → (A → A)))
2025-12-27 00:05:48,779 - DEBUG - Применена теорема дедукции для посылки: ((¬B → ¬B) → ((¬B → ¬B) → ¬B)), Новая посылка: ((B ∨ ¬B) → ((¬B → ¬B) → ¬B))
2025-12-27 00:05:48,779 - DEBUG - Применена теорема дедукции для посылки: (((¬(A → ¬B) → A) → (¬(A → ¬B) → ¬B)) → (((¬(A → ¬B) → A) → ¬(A → ¬B)) → ((¬(A → ¬B) → A) → ¬B))), Новая посылка: (¬(¬((¬(A → ¬B) → (¬A → ¬B)) → ¬(¬(A → ¬B) → (¬B → ¬B))) → ¬(A → (¬A → ¬B))) → ((¬A ∨ (B ∨ ¬B)) → (((¬(A → ¬B) → A) → ¬(A → ¬B)) → ((¬(A → ¬B) → A) → ¬B))))
2025-12-27 00:05:48,779 - DEBUG - Применена теорема дедукции для посылки: ((¬B → (¬B → A)) → ((¬B → ¬B) → (¬B → A))), Новая посылка: ((B ∨ (B ∨ A)) → ((¬B → ¬B) → (¬B → A)))
2025-12-27 00:05:48,779 - DEBUG - Применена теорема дедукции для посылки: ((A → ¬B) → ((A → ¬B) → A)), Новая посылка: ((¬A ∨ ¬B) → ((A → ¬B) → A))
2025-12-27 00:05:48,779 - DEBUG - Применена теорема дедукции для посылки: ((¬B → (¬B → ¬(A → ¬B))) → ((¬B → ¬B) → (¬B → ¬(A → ¬B)))), Новая посылка: ((B ∨ (B ∨ (¬A ∨ ¬B))) → ((¬B → ¬B) → (¬B → ¬(A → ¬B))))
2025-12-27 00:05:48,779 - DEBUG - Применена теорема дедукции для посылки: ((A → (¬B → A)) → ((A → ¬B) → (A → A))), Новая посылка: ((¬A ∨ (B ∨ A)) → ((A → ¬B) → (A → A)))
2025-12-27 00:05:48,779 - DEBUG - Применена теорема дедукции для посылки: ((A → (¬(A → ¬B) → ¬B)) → ((A → ¬(A → ¬B)) → (A → ¬B))), Новая посылка: ((A → (¬A → ¬B)) → ((¬A ∨ (B ∨ ¬B)) → ((A → ¬(A → ¬B)) → (A → ¬B))))
2025-12-27 00:05:48,779 - DEBUG - Применена теорема дедукции для посылки: ((¬(A → ¬B) → (¬(A → ¬B) → (¬(A → ¬B) → A))) → ((¬(A → ¬B) → ¬(A → ¬B)) → (¬(A → ¬B) → (¬(A → ¬B) → A)))), Новая посылка: (¬(¬(¬(¬(¬(¬((¬A → (¬A → (¬A → A))) → ¬(¬A → (¬A → (¬B → A)))) → ¬(¬B → (¬B → (¬A → A)))) → ¬(¬B → (¬A → (¬B → A)))) → ¬(¬A → (¬B → (¬B → A)))) → ¬(¬B → (¬A → (¬A → A)))) → ¬(¬B → (¬B → (¬B → A)))) → ((A ∨ (B ∨ (A ∨ A))) → ((¬(A → ¬B) → ¬(A → ¬B)) → (¬(A → ¬B) → (¬(A → ¬B) → A)))))
2025-12-27 00:05:48,779 - DEBUG - Применена теорема дедукции для посылки: ((¬(A → ¬B) → A) → (¬(A → ¬B) → (¬(A → ¬B) → A))), Новая посылка: ((¬B → A) → ((A ∨ A) → (¬(A → ¬B) → (¬(A → ¬B) → A))))
2025-12-27 00:05:48,779 - DEBUG - Применена теорема дедукции для посылки: ((A → (¬B → ¬B)) → ((A → ¬B) → (A → ¬B))), Новая посылка: ((¬A ∨ (B ∨ ¬B)) → ((A → ¬B) → (A → ¬B)))
2025-12-27 00:05:48,779 - DEBUG - Применена теорема дедукции для посылки: ((¬B → (A → A)) → ((¬B → A) → (¬B → A))), Новая посылка: ((B ∨ (¬A ∨ A)) → ((¬B → A) → (¬B → A)))
2025-12-27 00:05:48,779 - DEBUG - Применена теорема дедукции для посылки: (¬(A → ¬B) → (¬B → ¬(A → ¬B))), Новая посылка: ((¬A ∨ ¬B) → (¬B → ¬(A → ¬B)))
2025-12-27 00:05:48,779 - DEBUG - Применена теорема дедукции для посылки: ((¬(A → ¬B) → ((¬(A → ¬B) → A) → (¬(A → ¬B) → A))) → ((¬(A → ¬B) → (¬(A → ¬B) → A)) → (¬(A → ¬B) → (¬(A → ¬B) → A)))), Новая посылка: (¬(¬(¬(¬(¬(¬((¬A → (¬(A → ¬B) → (¬A → A))) → ¬(¬A → (¬(A → ¬B) → (¬B → A)))) → ¬(¬B → (¬(A → ¬B) → (¬B → A)))) → ¬(¬A → (A → (¬A → A)))) → ¬(¬A → (A → (¬B → A)))) → ¬(¬B → (A → (¬B → A)))) → ¬(¬B → (¬(A → ¬B) → (¬A → A)))) → ((B ∨ (¬A ∨ (A ∨ A))) → ((¬(A → ¬B) → (¬(A → ¬B) → A)) → (¬(A → ¬B) → (¬(A → ¬B) → A)))))
2025-12-27 00:05:48,780 - DEBUG - Применена теорема дедукции для посылки: (((¬(A → ¬B) → A) → (A → ¬(A → ¬B))) → (((¬(A → ¬B) → A) → A) → ((¬(A → ¬B) → A) → ¬(A → ¬B)))), Новая посылка: ((A → (A → (A → ¬B))) → (((¬A ∨ ¬B) ∨ (¬A ∨ (¬A ∨ ¬B))) → (((¬(A → ¬B) → A) → A) → ((¬(A → ¬B) → A) → ¬(A → ¬B)))))
2025-12-27 00:05:48,780 - DEBUG - Применена теорема дедукции для посылки: ((¬B → (¬B → (¬(A → ¬B) → A))) → ((¬B → ¬B) → (¬B → (¬(A → ¬B) → A)))), Новая посылка: ((¬B → (¬B → (¬B → A))) → ((B ∨ (B ∨ (A ∨ A))) → ((¬B → ¬B) → (¬B → (¬(A → ¬B) → A)))))
2025-12-27 00:05:48,780 - DEBUG - Применена теорема дедукции для посылки: (¬(A → ¬B) → (A → ¬(A → ¬B))), Новая посылка: ((¬A ∨ ¬B) → (A → ¬(A → ¬B)))
2025-12-27 00:05:48,780 - DEBUG - Применена теорема дедукции для посылки: ((¬B → (A → ¬(A → ¬B))) → ((¬B → A) → (¬B → ¬(A → ¬B)))), Новая посылка: ((B ∨ (¬A ∨ (¬A ∨ ¬B))) → ((¬B → A) → (¬B → ¬(A → ¬B))))
2025-12-27 00:05:48,780 - DEBUG - Применена теорема дедукции для посылки: ((¬(A → ¬B) → ((¬(A → ¬B) → A) → ¬(A → ¬B))) → ((¬(A → ¬B) → (¬(A → ¬B) → A)) → (¬(A → ¬B) → ¬(A → ¬B)))), Новая посылка: (¬(¬((¬A → (A → (A → ¬B))) → ¬(¬A → (¬(A → ¬B) → (A → ¬B)))) → ¬(¬B → (A → (A → ¬B)))) → ((B ∨ ((¬A ∨ ¬B) ∨ (¬A ∨ ¬B))) → ((¬(A → ¬B) → (¬(A → ¬B) → A)) → (¬(A → ¬B) → ¬(A → ¬B)))))
2025-12-27 00:05:48,780 - DEBUG - Применена теорема дедукции для посылки: ((A → (¬(A → ¬B) → ¬(A → ¬B))) → ((A → ¬(A → ¬B)) → (A → ¬(A → ¬B)))), Новая посылка: ((A → (¬B → (A → ¬B))) → ((¬A ∨ (A ∨ (¬A ∨ ¬B))) → ((A → ¬(A → ¬B)) → (A → ¬(A → ¬B)))))
2025-12-27 00:05:48,780 - DEBUG - Применена теорема дедукции для посылки: (((¬(A → ¬B) → A) → (A → ¬B)) → (((¬(A → ¬B) → A) → A) → ((¬(A → ¬B) → A) → ¬B))), Новая посылка: ((A → (A → ¬B)) → (((¬A ∨ ¬B) ∨ (¬A ∨ ¬B)) → (((¬(A → ¬B) → A) → A) → ((¬(A → ¬B) → A) → ¬B))))
2025-12-27 00:05:48,780 - DEBUG - Применена теорема дедукции для посылки: (((¬(A → ¬B) → A) → (¬B → ¬B)) → (((¬(A → ¬B) → A) → ¬B) → ((¬(A → ¬B) → A) → ¬B))), Новая посылка: ((¬(A → ¬B) → (¬B → ¬B)) → ((¬A ∨ (B ∨ ¬B)) → (((¬(A → ¬B) → A) → ¬B) → ((¬(A → ¬B) → A) → ¬B))))
2025-12-27 00:05:48,780 - DEBUG - Применена теорема дедукции для посылки: (((¬(A → ¬B) → A) → (A → A)) → (((¬(A → ¬B) → A) → A) → ((¬(A → ¬B) → A) → A))), Новая посылка: ((¬(A → ¬B) → (A → A)) → ((¬A ∨ (¬A ∨ A)) → (((¬(A → ¬B) → A) → A) → ((¬(A → ¬B) → A) → A))))
2025-12-27 00:05:48,780 - DEBUG - Применена теорема дедукции для посылки: (((¬(A → ¬B) → A) → (¬(A → ¬B) → (¬(A → ¬B) → A))) → (((¬(A → ¬B) → A) → ¬(A → ¬B)) → ((¬(A → ¬B) → A) → (¬(A → ¬B) → A)))), Новая посылка: (¬(¬(¬(¬(¬(¬((¬(A → ¬B) → (¬B → (¬B → A))) → ¬(¬(A → ¬B) → (¬A → (¬A → A)))) → ¬(¬(A → ¬B) → (¬A → (¬B → A)))) → ¬(A → (¬A → (¬A → A)))) → ¬(A → (¬B → (¬A → A)))) → ¬(A → (¬B → (¬B → A)))) → ¬(¬(A → ¬B) → (¬B → (¬A → A)))) → ((¬A ∨ (A ∨ (B ∨ A))) → (((¬(A → ¬B) → A) → ¬(A → ¬B)) → ((¬(A → ¬B) → A) → (¬(A → ¬B) → A)))))
2025-12-27 00:05:48,780 - DEBUG - Применена теорема дедукции для посылки: ((¬B → (A → ¬B)) → ((¬B → A) → (¬B → ¬B))), Новая посылка: ((B ∨ (¬A ∨ ¬B)) → ((¬B → A) → (¬B → ¬B)))
2025-12-27 00:05:48,781 - DEBUG - Применена теорема дедукции для посылки: ((¬B → ((¬(A → ¬B) → A) → ¬(A → ¬B))) → ((¬B → (¬(A → ¬B) → A)) → (¬B → ¬(A → ¬B)))), Новая посылка: ((¬B → (A → (A → ¬B))) → ((B ∨ ((¬A ∨ ¬B) ∨ (¬A ∨ ¬B))) → ((¬B → (¬(A → ¬B) → A)) → (¬B → ¬(A → ¬B)))))
2025-12-27 00:05:48,781 - DEBUG - Применена теорема дедукции для посылки: (((¬(A → ¬B) → A) → ¬B) → (((¬(A → ¬B) → A) → ¬B) → (¬(A → ¬B) → A))), Новая посылка: ((¬(A → ¬B) → ¬B) → ((¬A ∨ ¬B) → (((¬(A → ¬B) → A) → ¬B) → (¬(A → ¬B) → A))))
2025-12-27 00:05:48,781 - DEBUG - Применена теорема дедукции для посылки: ((¬B → (¬(A → ¬B) → ¬B)) → ((¬B → ¬(A → ¬B)) → (¬B → ¬B))), Новая посылка: ((¬B → (¬A → ¬B)) → ((B ∨ (B ∨ ¬B)) → ((¬B → ¬(A → ¬B)) → (¬B → ¬B))))
2025-12-27 00:05:48,781 - DEBUG - Применена теорема дедукции для посылки: ((¬(A → ¬B) → (¬(A → ¬B) → ¬(A → ¬B))) → ((¬(A → ¬B) → ¬(A → ¬B)) → (¬(A → ¬B) → ¬(A → ¬B)))), Новая посылка: (¬(¬((¬B → (¬A → (A → ¬B))) → ¬(¬B → (¬B → (A → ¬B)))) → ¬(¬A → (¬B → (A → ¬B)))) → ((A ∨ (A ∨ (¬A ∨ ¬B))) → ((¬(A → ¬B) → ¬(A → ¬B)) → (¬(A → ¬B) → ¬(A → ¬B)))))
2025-12-27 00:05:48,781 - DEBUG - Применена теорема дедукции для посылки: (((¬(A → ¬B) → A) → (¬B → A)) → (((¬(A → ¬B) → A) → ¬B) → ((¬(A → ¬B) → A) → A))), Новая посылка: ((¬(A → ¬B) → (¬B → A)) → ((¬A ∨ (B ∨ A)) → (((¬(A → ¬B) → A) → ¬B) → ((¬(A → ¬B) → A) → A))))
2025-12-27 00:05:48,781 - DEBUG - Применена теорема дедукции для посылки: ((¬(A → ¬B) → ((¬(A → ¬B) → A) → ¬B)) → ((¬(A → ¬B) → (¬(A → ¬B) → A)) → (¬(A → ¬B) → ¬B))), Новая посылка: (¬(¬((¬A → (A → ¬B)) → ¬(¬A → (¬(A → ¬B) → ¬B))) → ¬(¬B → (A → ¬B))) → ((B ∨ ((¬A ∨ ¬B) ∨ ¬B)) → ((¬(A → ¬B) → (¬(A → ¬B) → A)) → (¬(A → ¬B) → ¬B))))
2025-12-27 00:05:48,781 - DEBUG - Применена теорема дедукции для посылки: ((¬(A → ¬B) → ¬B) → ((¬(A → ¬B) → ¬B) → ¬(A → ¬B))), Новая посылка: ((¬A → ¬B) → ((B ∨ ¬B) → ((¬(A → ¬B) → ¬B) → ¬(A → ¬B))))
2025-12-27 00:05:48,781 - DEBUG - Применена теорема дедукции для посылки: ((¬B → ((¬(A → ¬B) → A) → (¬(A → ¬B) → A))) → ((¬B → (¬(A → ¬B) → A)) → (¬B → (¬(A → ¬B) → A)))), Новая посылка: (¬(¬((¬B → (¬(A → ¬B) → (¬B → A))) → ¬(¬B → (A → (¬B → A)))) → ¬(¬B → (¬(A → ¬B) → (¬A → A)))) → ((B ∨ (¬A ∨ (A ∨ A))) → ((¬B → (¬(A → ¬B) → A)) → (¬B → (¬(A → ¬B) → A)))))
2025-12-27 00:05:48,781 - DEBUG - Применена теорема дедукции для посылки: (((¬(A → ¬B) → A) → (A → (¬(A → ¬B) → A))) → (((¬(A → ¬B) → A) → A) → ((¬(A → ¬B) → A) → (¬(A → ¬B) → A)))), Новая посылка: (¬(¬((A → (A → (¬B → A))) → ¬(¬(A → ¬B) → (A → (¬B → A)))) → ¬(¬(A → ¬B) → (A → (¬A → A)))) → ((¬A ∨ (¬A ∨ (A ∨ A))) → (((¬(A → ¬B) → A) → A) → ((¬(A → ¬B) → A) → (¬(A → ¬B) → A)))))
2025-12-27 00:05:48,781 - DEBUG - Применена теорема дедукции для посылки: ((¬(A → ¬B) → (¬B → (¬(A → ¬B) → A))) → ((¬(A → ¬B) → ¬B) → (¬(A → ¬B) → (¬(A → ¬B) → A)))), Новая посылка: (¬(¬((¬A → (¬B → (¬B → A))) → ¬(¬B → (¬B → (¬A → A)))) → ¬(¬A → (¬B → (¬A → A)))) → ((B ∨ (B ∨ (B ∨ A))) → ((¬(A → ¬B) → ¬B) → (¬(A → ¬B) → (¬(A → ¬B) → A)))))
2025-12-27 00:05:48,781 - DEBUG - Применена теорема дедукции для посылки: ((A → ((¬(A → ¬B) → A) → A)) → ((A → (¬(A → ¬B) → A)) → (A → A))), Новая посылка: ((A → (A → A)) → ((¬A ∨ ((¬A ∨ ¬B) ∨ A)) → ((A → (¬(A → ¬B) → A)) → (A → A))))
2025-12-27 00:05:48,782 - DEBUG - Применена теорема дедукции для посылки: ((¬B → (¬(A → ¬B) → (¬(A → ¬B) → A))) → ((¬B → ¬(A → ¬B)) → (¬B → (¬(A → ¬B) → A)))), Новая посылка: (¬(¬((¬B → (¬A → (¬B → A))) → ¬(¬B → (¬A → (¬A → A)))) → ¬(¬B → (¬B → (¬B → A)))) → ((B ∨ (B ∨ (A ∨ A))) → ((¬B → ¬(A → ¬B)) → (¬B → (¬(A → ¬B) → A)))))
2025-12-27 00:05:48,782 - DEBUG - Применена теорема дедукции для посылки: ((¬B → ((¬(A → ¬B) → A) → ¬B)) → ((¬B → (¬(A → ¬B) → A)) → (¬B → ¬B))), Новая посылка: ((¬B → (A → ¬B)) → ((B ∨ ((¬A ∨ ¬B) ∨ ¬B)) → ((¬B → (¬(A → ¬B) → A)) → (¬B → ¬B))))
2025-12-27 00:05:48,782 - DEBUG - Применена теорема дедукции для посылки: ((¬(A → ¬B) → A) → ((¬(A → ¬B) → A) → (¬(A → ¬B) → A))), Новая посылка: ((¬A → A) → ((B ∨ A) → ((¬(A → ¬B) → A) → (¬(A → ¬B) → A))))
2025-12-27 00:05:48,782 - DEBUG - Применена теорема дедукции для посылки: (((¬(A → ¬B) → A) → (¬B → ¬(A → ¬B))) → (((¬(A → ¬B) → A) → ¬B) → ((¬(A → ¬B) → A) → ¬(A → ¬B)))), Новая посылка: ((A → (¬B → (A → ¬B))) → (((¬A ∨ ¬B) ∨ (B ∨ (¬A ∨ ¬B))) → (((¬(A → ¬B) → A) → ¬B) → ((¬(A → ¬B) → A) → ¬(A → ¬B)))))
2025-12-27 00:05:48,782 - DEBUG - Применена теорема дедукции для посылки: ((¬(A → ¬B) → (¬B → ¬B)) → ((¬(A → ¬B) → ¬B) → (¬(A → ¬B) → ¬B))), Новая посылка: ((¬B → (¬B → ¬B)) → ((A ∨ (B ∨ ¬B)) → ((¬(A → ¬B) → ¬B) → (¬(A → ¬B) → ¬B))))
2025-12-27 00:05:48,782 - DEBUG - Применена теорема дедукции для посылки: ((A → (¬(A → ¬B) → A)) → ((A → ¬(A → ¬B)) → (A → A))), Новая посылка: ((A → (¬A → A)) → ((¬A ∨ (B ∨ A)) → ((A → ¬(A → ¬B)) → (A → A))))
2025-12-27 00:05:48,782 - DEBUG - Применена теорема дедукции для посылки: ((A → (¬B → ¬(A → ¬B))) → ((A → ¬B) → (A → ¬(A → ¬B)))), Новая посылка: ((¬A ∨ (B ∨ (¬A ∨ ¬B))) → ((A → ¬B) → (A → ¬(A → ¬B))))
2025-12-27 00:05:48,782 - DEBUG - Применена теорема дедукции для посылки: (((¬(A → ¬B) → A) → ((¬(A → ¬B) → A) → (¬(A → ¬B) → A))) → (((¬(A → ¬B) → A) → (¬(A → ¬B) → A)) → ((¬(A → ¬B) → A) → (¬(A → ¬B) → A)))), Новая посылка: (¬(¬(¬(¬(¬(¬((A → (¬(A → ¬B) → (¬B → A))) → ¬(A → (A → (¬A → A)))) → ¬(¬(A → ¬B) → (A → (¬A → A)))) → ¬(A → (A → (¬B → A)))) → ¬(A → (¬(A → ¬B) → (¬A → A)))) → ¬(¬(A → ¬B) → (¬(A → ¬B) → (¬B → A)))) → ¬(¬(A → ¬B) → (A → (¬B → A)))) → (((¬A ∨ ¬B) ∨ ((¬A ∨ ¬B) ∨ (A ∨ A))) → (((¬(A → ¬B) → A) → (¬(A → ¬B) → A)) → ((¬(A → ¬B) → A) → (¬(A → ¬B) → A)))))
2025-12-27 00:05:48,782 - DEBUG - Применена теорема дедукции для посылки: ((A → (A → ¬B)) → ((A → A) → (A → ¬B))), Новая посылка: ((¬A ∨ (¬A ∨ ¬B)) → ((A → A) → (A → ¬B)))
2025-12-27 00:05:48,782 - DEBUG - Применена теорема дедукции для посылки: ((A → (¬(A → ¬B) → A)) → ((A → (¬(A → ¬B) → A)) → A)), Новая посылка: ((A → (¬B → A)) → ((¬A ∨ (A ∨ A)) → ((A → (¬(A → ¬B) → A)) → A)))
2025-12-27 00:05:48,782 - DEBUG - Применена теорема дедукции для посылки: (((¬(A → ¬B) → A) → (¬B → (¬(A → ¬B) → A))) → (((¬(A → ¬B) → A) → ¬B) → ((¬(A → ¬B) → A) → (¬(A → ¬B) → A)))), Новая посылка: (¬(¬((A → (¬B → (¬B → A))) → ¬(¬(A → ¬B) → (¬B → (¬B → A)))) → ¬(¬(A → ¬B) → (¬B → (¬A → A)))) → ((¬A ∨ (B ∨ (A ∨ A))) → (((¬(A → ¬B) → A) → ¬B) → ((¬(A → ¬B) → A) → (¬(A → ¬B) → A)))))
2025-12-27 00:05:48,782 - DEBUG - Применена теорема дедукции для посылки: ((¬B → (¬(A → ¬B) → A)) → ((¬B → (¬(A → ¬B) → A)) → ¬B)), Новая посылка: ((¬B → (¬A → A)) → ((B ∨ (B ∨ A)) → ((¬B → (¬(A → ¬B) → A)) → ¬B)))
2025-12-27 00:05:48,783 - DEBUG - Применена теорема дедукции для посылки: ((¬B → (¬B → ¬B)) → ((¬B → ¬B) → (¬B → ¬B))), Новая посылка: ((B ∨ (B ∨ ¬B)) → ((¬B → ¬B) → (¬B → ¬B)))
2025-12-27 00:05:48,783 - DEBUG - Применена теорема дедукции для посылки: ((¬(A → ¬B) → (A → ¬(A → ¬B))) → ((¬(A → ¬B) → A) → (¬(A → ¬B) → ¬(A → ¬B)))), Новая посылка: ((¬A → (A → (A → ¬B))) → ((B ∨ (¬A ∨ (¬A ∨ ¬B))) → ((¬(A → ¬B) → A) → (¬(A → ¬B) → ¬(A → ¬B)))))
2025-12-27 00:05:48,783 - DEBUG - Применена теорема дедукции для посылки: ((¬(A → ¬B) → A) → ((¬(A → ¬B) → A) → ¬(A → ¬B))), Новая посылка: ((¬A → A) → ((B ∨ A) → ((¬(A → ¬B) → A) → ¬(A → ¬B))))
2025-12-27 00:05:48,783 - DEBUG - Применена теорема дедукции для посылки: ((A → (¬B → (¬(A → ¬B) → A))) → ((A → ¬B) → (A → (¬(A → ¬B) → A)))), Новая посылка: ((A → (¬B → (¬B → A))) → ((¬A ∨ (B ∨ (A ∨ A))) → ((A → ¬B) → (A → (¬(A → ¬B) → A)))))
2025-12-27 00:05:48,783 - DEBUG - Применена теорема дедукции для посылки: ((¬(A → ¬B) → (¬B → A)) → ((¬(A → ¬B) → ¬B) → (¬(A → ¬B) → A))), Новая посылка: ((¬B → (¬B → A)) → ((A ∨ (B ∨ A)) → ((¬(A → ¬B) → ¬B) → (¬(A → ¬B) → A))))
2025-12-27 00:05:48,783 - DEBUG - Применена теорема дедукции для посылки: (((¬(A → ¬B) → A) → ((¬(A → ¬B) → A) → A)) → (((¬(A → ¬B) → A) → (¬(A → ¬B) → A)) → ((¬(A → ¬B) → A) → A))), Новая посылка: (¬(¬((A → (¬(A → ¬B) → A)) → ¬(¬(A → ¬B) → (A → A))) → ¬(A → (A → A))) → (((¬A ∨ ¬B) ∨ ((¬A ∨ ¬B) ∨ A)) → (((¬(A → ¬B) → A) → (¬(A → ¬B) → A)) → ((¬(A → ¬B) → A) → A))))
2025-12-27 00:05:48,783 - DEBUG - Применена теорема дедукции для посылки: (((¬(A → ¬B) → A) → (¬(A → ¬B) → ¬(A → ¬B))) → (((¬(A → ¬B) → A) → ¬(A → ¬B)) → ((¬(A → ¬B) → A) → ¬(A → ¬B)))), Новая посылка: (¬(¬((A → (¬B → (A → ¬B))) → ¬(A → (¬A → (A → ¬B)))) → ¬(¬(A → ¬B) → (¬A → (A → ¬B)))) → (((¬A ∨ ¬B) ∨ (B ∨ (¬A ∨ ¬B))) → (((¬(A → ¬B) → A) → ¬(A → ¬B)) → ((¬(A → ¬B) → A) → ¬(A → ¬B)))))
2025-12-27 00:05:48,783 - DEBUG - Применена теорема дедукции для посылки: ((A → A) → ((A → A) → A)), Новая посылка: ((¬A ∨ A) → ((A → A) → A))
2025-12-27 00:05:48,783 - DEBUG - Применена теорема дедукции для посылки: ((¬(A → ¬B) → (¬(A → ¬B) → A)) → ((¬(A → ¬B) → (¬(A → ¬B) → A)) → ¬(A → ¬B))), Новая посылка: (¬(¬((¬A → (¬B → A)) → ¬(¬A → (¬A → A))) → ¬(¬B → (¬A → A))) → ((B ∨ (B ∨ A)) → ((¬(A → ¬B) → (¬(A → ¬B) → A)) → ¬(A → ¬B))))
2025-12-27 00:05:48,783 - DEBUG - Применена теорема дедукции для посылки: ((A → ((¬(A → ¬B) → A) → ¬B)) → ((A → (¬(A → ¬B) → A)) → (A → ¬B))), Новая посылка: ((A → (A → ¬B)) → ((¬A ∨ ((¬A ∨ ¬B) ∨ ¬B)) → ((A → (¬(A → ¬B) → A)) → (A → ¬B))))
2025-12-27 00:05:48,783 - DEBUG - Применена теорема дедукции для посылки: (¬(A → ¬B) → (¬(A → ¬B) → ¬(A → ¬B))), Новая посылка: ((¬A ∨ ¬B) → (¬(A → ¬B) → ¬(A → ¬B)))
2025-12-27 00:05:48,783 - DEBUG - Применена теорема дедукции для посылки: ((¬(A → ¬B) → A) → (¬B → (¬(A → ¬B) → A))), Новая посылка: ((¬A → A) → ((B ∨ A) → (¬B → (¬(A → ¬B) → A))))
2025-12-27 00:05:48,783 - DEBUG - Применена теорема дедукции для посылки: ((A → (A → ¬(A → ¬B))) → ((A → A) → (A → ¬(A → ¬B)))), Новая посылка: ((¬A ∨ (¬A ∨ (¬A ∨ ¬B))) → ((A → A) → (A → ¬(A → ¬B))))
2025-12-27 00:05:48,783 - DEBUG - Применена теорема дедукции для посылки: ((¬(A → ¬B) → ((¬(A → ¬B) → A) → A)) → ((¬(A → ¬B) → (¬(A → ¬B) → A)) → (¬(A → ¬B) → A))), Новая посылка: (¬(¬((¬B → (A → A)) → ¬(¬A → (A → A))) → ¬(¬B → (¬(A → ¬B) → A))) → ((A ∨ ((¬A ∨ ¬B) ∨ A)) → ((¬(A → ¬B) → (¬(A → ¬B) → A)) → (¬(A → ¬B) → A))))
2025-12-27 00:05:48,784 - DEBUG - Применена теорема дедукции для посылки: (((¬(A → ¬B) → A) → ¬(A → ¬B)) → (((¬(A → ¬B) → A) → ¬(A → ¬B)) → (¬(A → ¬B) → A))), Новая посылка: ((¬(A → ¬B) → (A → ¬B)) → ((¬A ∨ (¬A ∨ ¬B)) → (((¬(A → ¬B) → A) → ¬(A → ¬B)) → (¬(A → ¬B) → A))))
2025-12-27 00:05:48,784 - DEBUG - Применена теорема дедукции для посылки: (((¬(A → ¬B) → A) → (¬(A → ¬B) → A)) → (((¬(A → ¬B) → A) → (¬(A → ¬B) → A)) → (¬(A → ¬B) → A))), Новая посылка: (¬(¬((¬(A → ¬B) → (¬A → A)) → ¬(A → (¬A → A))) → ¬(¬(A → ¬B) → (¬B → A))) → ((¬A ∨ (B ∨ A)) → (((¬(A → ¬B) → A) → (¬(A → ¬B) → A)) → (¬(A → ¬B) → A))))
2025-12-27 00:05:48,784 - DEBUG - Применена теорема дедукции для посылки: (((¬(A → ¬B) → A) → (¬(A → ¬B) → A)) → (((¬(A → ¬B) → A) → ¬(A → ¬B)) → ((¬(A → ¬B) → A) → A))), Новая посылка: (¬(¬((A → (¬B → A)) → ¬(¬(A → ¬B) → (¬A → A))) → ¬(¬(A → ¬B) → (¬B → A))) → ((¬A ∨ (A ∨ A)) → (((¬(A → ¬B) → A) → ¬(A → ¬B)) → ((¬(A → ¬B) → A) → A))))
2025-12-27 00:05:48,784 - DEBUG - Применена теорема дедукции для посылки: ((A → ¬(A → ¬B)) → ((A → ¬(A → ¬B)) → A)), Новая посылка: ((¬A ∨ (¬A ∨ ¬B)) → ((A → ¬(A → ¬B)) → A))
2025-12-27 00:05:48,784 - DEBUG - Применена теорема дедукции для посылки: (((¬(A → ¬B) → A) → ((¬(A → ¬B) → A) → ¬(A → ¬B))) → (((¬(A → ¬B) → A) → (¬(A → ¬B) → A)) → ((¬(A → ¬B) → A) → ¬(A → ¬B)))), Новая посылка: (¬(¬((¬(A → ¬B) → (¬(A → ¬B) → (A → ¬B))) → ¬(A → (A → (A → ¬B)))) → ¬(A → (¬(A → ¬B) → (A → ¬B)))) → (((¬A ∨ ¬B) ∨ (¬A ∨ (¬A ∨ ¬B))) → (((¬(A → ¬B) → A) → (¬(A → ¬B) → A)) → ((¬(A → ¬B) → A) → ¬(A → ¬B)))))
2025-12-27 00:05:48,784 - DEBUG - Применена теорема дедукции для посылки: ((¬(A → ¬B) → (¬B → ¬(A → ¬B))) → ((¬(A → ¬B) → ¬B) → (¬(A → ¬B) → ¬(A → ¬B)))), Новая посылка: ((¬B → (¬B → (A → ¬B))) → ((A ∨ (B ∨ (¬A ∨ ¬B))) → ((¬(A → ¬B) → ¬B) → (¬(A → ¬B) → ¬(A → ¬B)))))
2025-12-27 00:05:48,784 - DEBUG - Применена теорема дедукции для посылки: ((A → (A → (¬(A → ¬B) → A))) → ((A → A) → (A → (¬(A → ¬B) → A)))), Новая посылка: ((A → (A → (¬A → A))) → ((¬A ∨ (¬A ∨ (B ∨ A))) → ((A → A) → (A → (¬(A → ¬B) → A)))))
2025-12-27 00:05:48,784 - DEBUG - Применена теорема дедукции для посылки: ((A → ((¬(A → ¬B) → A) → (¬(A → ¬B) → A))) → ((A → (¬(A → ¬B) → A)) → (A → (¬(A → ¬B) → A)))), Новая посылка: (¬(¬((A → (¬(A → ¬B) → (¬A → A))) → ¬(A → (¬(A → ¬B) → (¬B → A)))) → ¬(A → (A → (¬A → A)))) → ((¬A ∨ (¬A ∨ (B ∨ A))) → ((A → (¬(A → ¬B) → A)) → (A → (¬(A → ¬B) → A)))))
2025-12-27 00:05:48,784 - DEBUG - Применена теорема дедукции для посылки: ((¬(A → ¬B) → A) → (A → (¬(A → ¬B) → A))), Новая посылка: ((¬B → A) → ((A ∨ A) → (A → (¬(A → ¬B) → A))))
2025-12-27 00:05:48,784 - DEBUG - Применена теорема дедукции для посылки: ((¬(A → ¬B) → (¬(A → ¬B) → ¬B)) → ((¬(A → ¬B) → ¬(A → ¬B)) → (¬(A → ¬B) → ¬B))), Новая посылка: (¬(¬((¬A → (¬A → ¬B)) → ¬(¬A → (¬B → ¬B))) → ¬(¬B → (¬A → ¬B))) → ((B ∨ (B ∨ ¬B)) → ((¬(A → ¬B) → ¬(A → ¬B)) → (¬(A → ¬B) → ¬B))))
2025-12-27 00:05:48,784 - DEBUG - Применена теорема дедукции для посылки: ((¬B → (¬(A → ¬B) → ¬(A → ¬B))) → ((¬B → ¬(A → ¬B)) → (¬B → ¬(A → ¬B)))), Новая посылка: ((¬B → (¬B → (A → ¬B))) → ((B ∨ (A ∨ (¬A ∨ ¬B))) → ((¬B → ¬(A → ¬B)) → (¬B → ¬(A → ¬B)))))
2025-12-27 00:05:48,785 - INFO - Step 0: 202 formulas
2025-12-27 00:05:48,786 - INFO - Используем правило вывода
2025-12-27 00:05:48,796 - DEBUG - Найдено соответствие для MP. Посылка 1: (A → (¬(A → ¬B) → A)), Посылка с правилом вывода: ((A → (¬(A → ¬B) → A)) → (A → A)), Новая посылка: (A → A)
2025-12-27 00:05:48,852 - DEBUG - Найдено соответствие для MP. Посылка 1: (A → (¬(A → ¬B) → A)), Посылка с правилом вывода: ((A → (¬(A → ¬B) → A)) → A), Новая посылка: A
2025-12-27 00:05:48,856 - DEBUG - Найдено соответствие для MP. Посылка 1: (¬B → (A → ¬B)), Посылка с правилом вывода: ((¬B → (A → ¬B)) → ((B ∨ ((¬A ∨ ¬B) ∨ ¬B)) → ((¬B → (¬(A → ¬B) → A)) → (¬B → ¬B)))), Новая посылка: ((B ∨ ((¬A ∨ ¬B) ∨ ¬B)) → ((¬B → (¬(A → ¬B) → A)) → (¬B → ¬B)))
2025-12-27 00:05:48,871 - DEBUG - Найдено соответствие для MP. Посылка 1: (¬B → (A → ¬B)), Посылка с правилом вывода: ((¬B → (A → ¬B)) → ((A ∨ (¬A ∨ ¬B)) → ((¬(A → ¬B) → A) → (¬(A → ¬B) → ¬B)))), Новая посылка: ((A ∨ (¬A ∨ ¬B)) → ((¬(A → ¬B) → A) → (¬(A → ¬B) → ¬B)))
2025-12-27 00:05:48,871 - DEBUG - Найдено соответствие для MP. Посылка 1: (A → (¬B → A)), Посылка с правилом вывода: ((A → (¬B → A)) → ((¬A ∨ (A ∨ A)) → ((A → (¬(A → ¬B) → A)) → A))), Новая посылка: ((¬A ∨ (A ∨ A)) → ((A → (¬(A → ¬B) → A)) → A))
2025-12-27 00:05:48,899 - DEBUG - Найдено соответствие для MP. Посылка 1: (¬B → (¬B → ¬B)), Посылка с правилом вывода: ((¬B → (¬B → ¬B)) → ((A ∨ (B ∨ ¬B)) → ((¬(A → ¬B) → ¬B) → (¬(A → ¬B) → ¬B)))), Новая посылка: ((A ∨ (B ∨ ¬B)) → ((¬(A → ¬B) → ¬B) → (¬(A → ¬B) → ¬B)))
2025-12-27 00:05:48,906 - DEBUG - Найдено соответствие для MP. Посылка 1: (A → (A → A)), Посылка с правилом вывода: ((A → (A → A)) → ((¬A ∨ ((¬A ∨ ¬B) ∨ A)) → ((A → (¬(A → ¬B) → A)) → (A → A)))), Новая посылка: ((¬A ∨ ((¬A ∨ ¬B) ∨ A)) → ((A → (¬(A → ¬B) → A)) → (A → A)))
2025-12-27 00:05:48,912 - DEBUG - Найдено соответствие для MP. Посылка 1: (¬B → (A → ¬B)), Посылка с правилом вывода: ((¬B → (A → ¬B)) → ((A ∨ (¬A ∨ ¬B)) → ((¬(A → ¬B) → ¬(A → ¬B)) → ¬(A → ¬B)))), Новая посылка: ((A ∨ (¬A ∨ ¬B)) → ((¬(A → ¬B) → ¬(A → ¬B)) → ¬(A → ¬B)))
2025-12-27 00:05:48,945 - DEBUG - Найдено соответствие для MP. Посылка 1: ((¬(A → ¬B) → A) → (¬(A → ¬B) → ¬(A → ¬B))), Посылка с правилом вывода: (((¬(A → ¬B) → A) → (¬(A → ¬B) → ¬(A → ¬B))) → (((¬(A → ¬B) → A) → ¬(A → ¬B)) → ((¬(A → ¬B) → A) → ¬(A → ¬B)))), Новая посылка: (((¬(A → ¬B) → A) → ¬(A → ¬B)) → ((¬(A → ¬B) → A) → ¬(A → ¬B)))
2025-12-27 00:05:48,979 - INFO - Step 1: 211 formulas
2025-12-27 00:05:48,979 - INFO - Используем правило вывода
2025-12-27 00:05:48,987 - DEBUG - Найдено соответствие для MP. Посылка 1: A, Посылка с правилом вывода: (A → ((¬(A → ¬B) → A) → A)), Новая посылка: ((¬(A → ¬B) → A) → A)
2025-12-27 00:05:49,004 - DEBUG - Найдено соответствие для MP. Посылка 1: (A → A), Посылка с правилом вывода: ((A → A) → (((¬A ∨ ¬B) ∨ A) → (((¬(A → ¬B) → A) → A) → (¬(A → ¬B) → A)))), Новая посылка: (((¬A ∨ ¬B) ∨ A) → (((¬(A → ¬B) → A) → A) → (¬(A → ¬B) → A)))
2025-12-27 00:05:49,027 - DEBUG - Найдено соответствие для MP. Посылка 1: A, Посылка с правилом вывода: (A → (¬B → A)), Новая посылка: (¬B → A)
2025-12-27 00:05:49,085 - DEBUG - Найдено соответствие для MP. Посылка 1: A, Посылка с правилом вывода: (A → (¬(A → ¬B) → A)), Новая посылка: (¬(A → ¬B) → A)
2025-12-27 00:05:49,134 - DEBUG - Найдено соответствие для MP. Посылка 1: (A → A), Посылка с правилом вывода: ((A → A) → ((A → A) → A)), Новая посылка: ((A → A) → A)
2025-12-27 00:05:49,170 - INFO - ===================Алгоритм доказал формулу=====================
2025-12-27 00:05:49,170 - INFO - Формула была выведена: (¬(A → ¬B) → A)
