2025-12-27 00:05:49,172 - INFO - ============Начало доказательства==============
2025-12-27 00:05:49,172 - INFO - Преобразованная формула: (¬(A → ¬B) → B)
2025-12-27 00:05:49,172 - DEBUG - Подставляем в аксиому (A → (B → A)) подстановку {'B': '¬B', 'A': '¬B'}. Результат: (¬B → (¬B → ¬B))
2025-12-27 00:05:49,172 - DEBUG - Подставляем в аксиому (A → (B → A)) подстановку {'B': '¬B', 'A': 'A'}. Результат: (A → (¬B → A))
2025-12-27 00:05:49,172 - DEBUG - Подставляем в аксиому (A → (B → A)) подстановку {'B': '¬B', 'A': 'B'}. Результат: (B → (¬B → B))
2025-12-27 00:05:49,174 - DEBUG - Подставляем в аксиому (A → (B → A)) подстановку {'B': '¬B', 'A': '¬(A → ¬B)'}. Результат: (¬(A → ¬B) → (¬B → ¬(A → ¬B)))
2025-12-27 00:05:49,175 - DEBUG - Подставляем в аксиому (A → (B → A)) подстановку {'B': '¬B', 'A': '(¬(A → ¬B) → B)'}. Результат: ((¬(A → ¬B) → B) → (¬B → (¬(A → ¬B) → B)))
2025-12-27 00:05:49,175 - DEBUG - Подставляем в аксиому (A → (B → A)) подстановку {'B': 'A', 'A': '¬B'}. Результат: (¬B → (A → ¬B))
2025-12-27 00:05:49,175 - DEBUG - Подставляем в аксиому (A → (B → A)) подстановку {'B': 'A', 'A': 'A'}. Результат: (A → (A → A))
2025-12-27 00:05:49,175 - DEBUG - Подставляем в аксиому (A → (B → A)) подстановку {'B': 'A', 'A': 'B'}. Результат: (B → (A → B))
2025-12-27 00:05:49,175 - DEBUG - Подставляем в аксиому (A → (B → A)) подстановку {'B': 'A', 'A': '¬(A → ¬B)'}. Результат: (¬(A → ¬B) → (A → ¬(A → ¬B)))
2025-12-27 00:05:49,175 - DEBUG - Подставляем в аксиому (A → (B → A)) подстановку {'B': 'A', 'A': '(¬(A → ¬B) → B)'}. Результат: ((¬(A → ¬B) → B) → (A → (¬(A → ¬B) → B)))
2025-12-27 00:05:49,175 - DEBUG - Подставляем в аксиому (A → (B → A)) подстановку {'B': 'B', 'A': '¬B'}. Результат: (¬B → (B → ¬B))
2025-12-27 00:05:49,175 - DEBUG - Подставляем в аксиому (A → (B → A)) подстановку {'B': 'B', 'A': 'A'}. Результат: (A → (B → A))
2025-12-27 00:05:49,175 - DEBUG - Подставляем в аксиому (A → (B → A)) подстановку {'B': 'B', 'A': 'B'}. Результат: (B → (B → B))
2025-12-27 00:05:49,175 - DEBUG - Подставляем в аксиому (A → (B → A)) подстановку {'B': 'B', 'A': '¬(A → ¬B)'}. Результат: (¬(A → ¬B) → (B → ¬(A → ¬B)))
2025-12-27 00:05:49,175 - DEBUG - Подставляем в аксиому (A → (B → A)) подстановку {'B': 'B', 'A': '(¬(A → ¬B) → B)'}. Результат: ((¬(A → ¬B) → B) → (B → (¬(A → ¬B) → B)))
2025-12-27 00:05:49,175 - DEBUG - Подставляем в аксиому (A → (B → A)) подстановку {'B': '¬(A → ¬B)', 'A': '¬B'}. Результат: (¬B → (¬(A → ¬B) → ¬B))
2025-12-27 00:05:49,175 - DEBUG - Подставляем в аксиому (A → (B → A)) подстановку {'B': '¬(A → ¬B)', 'A': 'A'}. Результат: (A → (¬(A → ¬B) → A))
2025-12-27 00:05:49,175 - DEBUG - Подставляем в аксиому (A → (B → A)) подстановку {'B': '¬(A → ¬B)', 'A': 'B'}. Результат: (B → (¬(A → ¬B) → B))
2025-12-27 00:05:49,175 - DEBUG - Подставляем в аксиому (A → (B → A)) подстановку {'B': '¬(A → ¬B)', 'A': '¬(A → ¬B)'}. Результат: (¬(A → ¬B) → (¬(A → ¬B) → ¬(A → ¬B)))
2025-12-27 00:05:49,175 - DEBUG - Подставляем в аксиому (A → (B → A)) подстановку {'B': '¬(A → ¬B)', 'A': '(¬(A → ¬B) → B)'}. Результат: ((¬(A → ¬B) → B) → (¬(A → ¬B) → (¬(A → ¬B) → B)))
2025-12-27 00:05:49,175 - DEBUG - Подставляем в аксиому (A → (B → A)) подстановку {'B': '(¬(A → ¬B) → B)', 'A': '¬B'}. Результат: (¬B → ((¬(A → ¬B) → B) → ¬B))
2025-12-27 00:05:49,175 - DEBUG - Подставляем в аксиому (A → (B → A)) подстановку {'B': '(¬(A → ¬B) → B)', 'A': 'A'}. Результат: (A → ((¬(A → ¬B) → B) → A))
2025-12-27 00:05:49,175 - DEBUG - Подставляем в аксиому (A → (B → A)) подстановку {'B': '(¬(A → ¬B) → B)', 'A': 'B'}. Результат: (B → ((¬(A → ¬B) → B) → B))
2025-12-27 00:05:49,175 - DEBUG - Подставляем в аксиому (A → (B → A)) подстановку {'B': '(¬(A → ¬B) → B)', 'A': '¬(A → ¬B)'}. Результат: (¬(A → ¬B) → ((¬(A → ¬B) → B) → ¬(A → ¬B)))
2025-12-27 00:05:49,175 - DEBUG - Подставляем в аксиому (A → (B → A)) подстановку {'B': '(¬(A → ¬B) → B)', 'A': '(¬(A → ¬B) → B)'}. Результат: ((¬(A → ¬B) → B) → ((¬(A → ¬B) → B) → (¬(A → ¬B) → B)))
2025-12-27 00:05:49,176 - DEBUG - Подставляем в аксиому ((A → (B → C)) → ((A → B) → (A → C))) подстановку {'A': '¬B', 'B': '¬B', 'C': '¬B'}. Результат: ((¬B → (¬B → ¬B)) → ((¬B → ¬B) → (¬B → ¬B)))
2025-12-27 00:05:49,176 - DEBUG - Подставляем в аксиому ((A → (B → C)) → ((A → B) → (A → C))) подстановку {'A': '¬B', 'B': '¬B', 'C': 'A'}. Результат: ((¬B → (¬B → A)) → ((¬B → ¬B) → (¬B → A)))
2025-12-27 00:05:49,176 - DEBUG - Подставляем в аксиому ((A → (B → C)) → ((A → B) → (A → C))) подстановку {'A': '¬B', 'B': '¬B', 'C': 'B'}. Результат: ((¬B → (¬B → B)) → ((¬B → ¬B) → (¬B → B)))
2025-12-27 00:05:49,176 - DEBUG - Подставляем в аксиому ((A → (B → C)) → ((A → B) → (A → C))) подстановку {'A': '¬B', 'B': '¬B', 'C': '¬(A → ¬B)'}. Результат: ((¬B → (¬B → ¬(A → ¬B))) → ((¬B → ¬B) → (¬B → ¬(A → ¬B))))
2025-12-27 00:05:49,176 - DEBUG - Подставляем в аксиому ((A → (B → C)) → ((A → B) → (A → C))) подстановку {'A': '¬B', 'B': '¬B', 'C': '(¬(A → ¬B) → B)'}. Результат: ((¬B → (¬B → (¬(A → ¬B) → B))) → ((¬B → ¬B) → (¬B → (¬(A → ¬B) → B))))
2025-12-27 00:05:49,176 - DEBUG - Подставляем в аксиому ((A → (B → C)) → ((A → B) → (A → C))) подстановку {'A': '¬B', 'B': 'A', 'C': '¬B'}. Результат: ((¬B → (A → ¬B)) → ((¬B → A) → (¬B → ¬B)))
2025-12-27 00:05:49,176 - DEBUG - Подставляем в аксиому ((A → (B → C)) → ((A → B) → (A → C))) подстановку {'A': '¬B', 'B': 'A', 'C': 'A'}. Результат: ((¬B → (A → A)) → ((¬B → A) → (¬B → A)))
2025-12-27 00:05:49,176 - DEBUG - Подставляем в аксиому ((A → (B → C)) → ((A → B) → (A → C))) подстановку {'A': '¬B', 'B': 'A', 'C': 'B'}. Результат: ((¬B → (A → B)) → ((¬B → A) → (¬B → B)))
2025-12-27 00:05:49,176 - DEBUG - Подставляем в аксиому ((A → (B → C)) → ((A → B) → (A → C))) подстановку {'A': '¬B', 'B': 'A', 'C': '¬(A → ¬B)'}. Результат: ((¬B → (A → ¬(A → ¬B))) → ((¬B → A) → (¬B → ¬(A → ¬B))))
2025-12-27 00:05:49,176 - DEBUG - Подставляем в аксиому ((A → (B → C)) → ((A → B) → (A → C))) подстановку {'A': '¬B', 'B': 'A', 'C': '(¬(A → ¬B) → B)'}. Результат: ((¬B → (A → (¬(A → ¬B) → B))) → ((¬B → A) → (¬B → (¬(A → ¬B) → B))))
2025-12-27 00:05:49,176 - DEBUG - Подставляем в аксиому ((A → (B → C)) → ((A → B) → (A → C))) подстановку {'A': '¬B', 'B': 'B', 'C': '¬B'}. Результат: ((¬B → (B → ¬B)) → ((¬B → B) → (¬B → ¬B)))
2025-12-27 00:05:49,176 - DEBUG - Подставляем в аксиому ((A → (B → C)) → ((A → B) → (A → C))) подстановку {'A': '¬B', 'B': 'B', 'C': 'A'}. Результат: ((¬B → (B → A)) → ((¬B → B) → (¬B → A)))
2025-12-27 00:05:49,176 - DEBUG - Подставляем в аксиому ((A → (B → C)) → ((A → B) → (A → C))) подстановку {'A': '¬B', 'B': 'B', 'C': 'B'}. Результат: ((¬B → (B → B)) → ((¬B → B) → (¬B → B)))
2025-12-27 00:05:49,176 - DEBUG - Подставляем в аксиому ((A → (B → C)) → ((A → B) → (A → C))) подстановку {'A': '¬B', 'B': 'B', 'C': '¬(A → ¬B)'}. Результат: ((¬B → (B → ¬(A → ¬B))) → ((¬B → B) → (¬B → ¬(A → ¬B))))
2025-12-27 00:05:49,176 - DEBUG - Подставляем в аксиому ((A → (B → C)) → ((A → B) → (A → C))) подстановку {'A': '¬B', 'B': 'B', 'C': '(¬(A → ¬B) → B)'}. Результат: ((¬B → (B → (¬(A → ¬B) → B))) → ((¬B → B) → (¬B → (¬(A → ¬B) → B))))
2025-12-27 00:05:49,176 - DEBUG - Подставляем в аксиому ((A → (B → C)) → ((A → B) → (A → C))) подстановку {'A': '¬B', 'B': '¬(A → ¬B)', 'C': '¬B'}. Результат: ((¬B → (¬(A → ¬B) → ¬B)) → ((¬B → ¬(A → ¬B)) → (¬B → ¬B)))
2025-12-27 00:05:49,176 - DEBUG - Подставляем в аксиому ((A → (B → C)) → ((A → B) → (A → C))) подстановку {'A': '¬B', 'B': '¬(A → ¬B)', 'C': 'A'}. Результат: ((¬B → (¬(A → ¬B) → A)) → ((¬B → ¬(A → ¬B)) → (¬B → A)))
2025-12-27 00:05:49,176 - DEBUG - Подставляем в аксиому ((A → (B → C)) → ((A → B) → (A → C))) подстановку {'A': '¬B', 'B': '¬(A → ¬B)', 'C': 'B'}. Результат: ((¬B → (¬(A → ¬B) → B)) → ((¬B → ¬(A → ¬B)) → (¬B → B)))
2025-12-27 00:05:49,176 - DEBUG - Подставляем в аксиому ((A → (B → C)) → ((A → B) → (A → C))) подстановку {'A': '¬B', 'B': '¬(A → ¬B)', 'C': '¬(A → ¬B)'}. Результат: ((¬B → (¬(A → ¬B) → ¬(A → ¬B))) → ((¬B → ¬(A → ¬B)) → (¬B → ¬(A → ¬B))))
2025-12-27 00:05:49,176 - DEBUG - Подставляем в аксиому ((A → (B → C)) → ((A → B) → (A → C))) подстановку {'A': '¬B', 'B': '¬(A → ¬B)', 'C': '(¬(A → ¬B) → B)'}. Результат: ((¬B → (¬(A → ¬B) → (¬(A → ¬B) → B))) → ((¬B → ¬(A → ¬B)) → (¬B → (¬(A → ¬B) → B))))
2025-12-27 00:05:49,176 - DEBUG - Подставляем в аксиому ((A → (B → C)) → ((A → B) → (A → C))) подстановку {'A': '¬B', 'B': '(¬(A → ¬B) → B)', 'C': '¬B'}. Результат: ((¬B → ((¬(A → ¬B) → B) → ¬B)) → ((¬B → (¬(A → ¬B) → B)) → (¬B → ¬B)))
2025-12-27 00:05:49,176 - DEBUG - Подставляем в аксиому ((A → (B → C)) → ((A → B) → (A → C))) подстановку {'A': '¬B', 'B': '(¬(A → ¬B) → B)', 'C': 'A'}. Результат: ((¬B → ((¬(A → ¬B) → B) → A)) → ((¬B → (¬(A → ¬B) → B)) → (¬B → A)))
2025-12-27 00:05:49,176 - DEBUG - Подставляем в аксиому ((A → (B → C)) → ((A → B) → (A → C))) подстановку {'A': '¬B', 'B': '(¬(A → ¬B) → B)', 'C': 'B'}. Результат: ((¬B → ((¬(A → ¬B) → B) → B)) → ((¬B → (¬(A → ¬B) → B)) → (¬B → B)))
2025-12-27 00:05:49,176 - DEBUG - Подставляем в аксиому ((A → (B → C)) → ((A → B) → (A → C))) подстановку {'A': '¬B', 'B': '(¬(A → ¬B) → B)', 'C': '¬(A → ¬B)'}. Результат: ((¬B → ((¬(A → ¬B) → B) → ¬(A → ¬B))) → ((¬B → (¬(A → ¬B) → B)) → (¬B → ¬(A → ¬B))))
2025-12-27 00:05:49,176 - DEBUG - Подставляем в аксиому ((A → (B → C)) → ((A → B) → (A → C))) подстановку {'A': '¬B', 'B': '(¬(A → ¬B) → B)', 'C': '(¬(A → ¬B) → B)'}. Результат: ((¬B → ((¬(A → ¬B) → B) → (¬(A → ¬B) → B))) → ((¬B → (¬(A → ¬B) → B)) → (¬B → (¬(A → ¬B) → B))))
2025-12-27 00:05:49,176 - DEBUG - Подставляем в аксиому ((A → (B → C)) → ((A → B) → (A → C))) подстановку {'A': 'A', 'B': '¬B', 'C': '¬B'}. Результат: ((A → (¬B → ¬B)) → ((A → ¬B) → (A → ¬B)))
2025-12-27 00:05:49,176 - DEBUG - Подставляем в аксиому ((A → (B → C)) → ((A → B) → (A → C))) подстановку {'A': 'A', 'B': '¬B', 'C': 'A'}. Результат: ((A → (¬B → A)) → ((A → ¬B) → (A → A)))
2025-12-27 00:05:49,176 - DEBUG - Подставляем в аксиому ((A → (B → C)) → ((A → B) → (A → C))) подстановку {'A': 'A', 'B': '¬B', 'C': 'B'}. Результат: ((A → (¬B → B)) → ((A → ¬B) → (A → B)))
2025-12-27 00:05:49,176 - DEBUG - Подставляем в аксиому ((A → (B → C)) → ((A → B) → (A → C))) подстановку {'A': 'A', 'B': '¬B', 'C': '¬(A → ¬B)'}. Результат: ((A → (¬B → ¬(A → ¬B))) → ((A → ¬B) → (A → ¬(A → ¬B))))
2025-12-27 00:05:49,177 - DEBUG - Подставляем в аксиому ((A → (B → C)) → ((A → B) → (A → C))) подстановку {'A': 'A', 'B': '¬B', 'C': '(¬(A → ¬B) → B)'}. Результат: ((A → (¬B → (¬(A → ¬B) → B))) → ((A → ¬B) → (A → (¬(A → ¬B) → B))))
2025-12-27 00:05:49,177 - DEBUG - Подставляем в аксиому ((A → (B → C)) → ((A → B) → (A → C))) подстановку {'A': 'A', 'B': 'A', 'C': '¬B'}. Результат: ((A → (A → ¬B)) → ((A → A) → (A → ¬B)))
2025-12-27 00:05:49,177 - DEBUG - Подставляем в аксиому ((A → (B → C)) → ((A → B) → (A → C))) подстановку {'A': 'A', 'B': 'A', 'C': 'A'}. Результат: ((A → (A → A)) → ((A → A) → (A → A)))
2025-12-27 00:05:49,177 - DEBUG - Подставляем в аксиому ((A → (B → C)) → ((A → B) → (A → C))) подстановку {'A': 'A', 'B': 'A', 'C': 'B'}. Результат: ((A → (A → B)) → ((A → A) → (A → B)))
2025-12-27 00:05:49,177 - DEBUG - Подставляем в аксиому ((A → (B → C)) → ((A → B) → (A → C))) подстановку {'A': 'A', 'B': 'A', 'C': '¬(A → ¬B)'}. Результат: ((A → (A → ¬(A → ¬B))) → ((A → A) → (A → ¬(A → ¬B))))
2025-12-27 00:05:49,177 - DEBUG - Подставляем в аксиому ((A → (B → C)) → ((A → B) → (A → C))) подстановку {'A': 'A', 'B': 'A', 'C': '(¬(A → ¬B) → B)'}. Результат: ((A → (A → (¬(A → ¬B) → B))) → ((A → A) → (A → (¬(A → ¬B) → B))))
2025-12-27 00:05:49,177 - DEBUG - Подставляем в аксиому ((A → (B → C)) → ((A → B) → (A → C))) подстановку {'A': 'A', 'B': 'B', 'C': '¬B'}. Результат: ((A → (B → ¬B)) → ((A → B) → (A → ¬B)))
2025-12-27 00:05:49,177 - DEBUG - Подставляем в аксиому ((A → (B → C)) → ((A → B) → (A → C))) подстановку {'A': 'A', 'B': 'B', 'C': 'A'}. Результат: ((A → (B → A)) → ((A → B) → (A → A)))
2025-12-27 00:05:49,177 - DEBUG - Подставляем в аксиому ((A → (B → C)) → ((A → B) → (A → C))) подстановку {'A': 'A', 'B': 'B', 'C': 'B'}. Результат: ((A → (B → B)) → ((A → B) → (A → B)))
2025-12-27 00:05:49,177 - DEBUG - Подставляем в аксиому ((A → (B → C)) → ((A → B) → (A → C))) подстановку {'A': 'A', 'B': 'B', 'C': '¬(A → ¬B)'}. Результат: ((A → (B → ¬(A → ¬B))) → ((A → B) → (A → ¬(A → ¬B))))
2025-12-27 00:05:49,177 - DEBUG - Подставляем в аксиому ((A → (B → C)) → ((A → B) → (A → C))) подстановку {'A': 'A', 'B': 'B', 'C': '(¬(A → ¬B) → B)'}. Результат: ((A → (B → (¬(A → ¬B) → B))) → ((A → B) → (A → (¬(A → ¬B) → B))))
2025-12-27 00:05:49,177 - DEBUG - Подставляем в аксиому ((A → (B → C)) → ((A → B) → (A → C))) подстановку {'A': 'A', 'B': '¬(A → ¬B)', 'C': '¬B'}. Результат: ((A → (¬(A → ¬B) → ¬B)) → ((A → ¬(A → ¬B)) → (A → ¬B)))
2025-12-27 00:05:49,177 - DEBUG - Подставляем в аксиому ((A → (B → C)) → ((A → B) → (A → C))) подстановку {'A': 'A', 'B': '¬(A → ¬B)', 'C': 'A'}. Результат: ((A → (¬(A → ¬B) → A)) → ((A → ¬(A → ¬B)) → (A → A)))
2025-12-27 00:05:49,177 - DEBUG - Подставляем в аксиому ((A → (B → C)) → ((A → B) → (A → C))) подстановку {'A': 'A', 'B': '¬(A → ¬B)', 'C': 'B'}. Результат: ((A → (¬(A → ¬B) → B)) → ((A → ¬(A → ¬B)) → (A → B)))
2025-12-27 00:05:49,177 - DEBUG - Подставляем в аксиому ((A → (B → C)) → ((A → B) → (A → C))) подстановку {'A': 'A', 'B': '¬(A → ¬B)', 'C': '¬(A → ¬B)'}. Результат: ((A → (¬(A → ¬B) → ¬(A → ¬B))) → ((A → ¬(A → ¬B)) → (A → ¬(A → ¬B))))
2025-12-27 00:05:49,177 - DEBUG - Подставляем в аксиому ((A → (B → C)) → ((A → B) → (A → C))) подстановку {'A': 'A', 'B': '¬(A → ¬B)', 'C': '(¬(A → ¬B) → B)'}. Результат: ((A → (¬(A → ¬B) → (¬(A → ¬B) → B))) → ((A → ¬(A → ¬B)) → (A → (¬(A → ¬B) → B))))
2025-12-27 00:05:49,177 - DEBUG - Подставляем в аксиому ((A → (B → C)) → ((A → B) → (A → C))) подстановку {'A': 'A', 'B': '(¬(A → ¬B) → B)', 'C': '¬B'}. Результат: ((A → ((¬(A → ¬B) → B) → ¬B)) → ((A → (¬(A → ¬B) → B)) → (A → ¬B)))
2025-12-27 00:05:49,177 - DEBUG - Подставляем в аксиому ((A → (B → C)) → ((A → B) → (A → C))) подстановку {'A': 'A', 'B': '(¬(A → ¬B) → B)', 'C': 'A'}. Результат: ((A → ((¬(A → ¬B) → B) → A)) → ((A → (¬(A → ¬B) → B)) → (A → A)))
2025-12-27 00:05:49,177 - DEBUG - Подставляем в аксиому ((A → (B → C)) → ((A → B) → (A → C))) подстановку {'A': 'A', 'B': '(¬(A → ¬B) → B)', 'C': 'B'}. Результат: ((A → ((¬(A → ¬B) → B) → B)) → ((A → (¬(A → ¬B) → B)) → (A → B)))
2025-12-27 00:05:49,177 - DEBUG - Подставляем в аксиому ((A → (B → C)) → ((A → B) → (A → C))) подстановку {'A': 'A', 'B': '(¬(A → ¬B) → B)', 'C': '¬(A → ¬B)'}. Результат: ((A → ((¬(A → ¬B) → B) → ¬(A → ¬B))) → ((A → (¬(A → ¬B) → B)) → (A → ¬(A → ¬B))))
2025-12-27 00:05:49,177 - DEBUG - Подставляем в аксиому ((A → (B → C)) → ((A → B) → (A → C))) подстановку {'A': 'A', 'B': '(¬(A → ¬B) → B)', 'C': '(¬(A → ¬B) → B)'}. Результат: ((A → ((¬(A → ¬B) → B) → (¬(A → ¬B) → B))) → ((A → (¬(A → ¬B) → B)) → (A → (¬(A → ¬B) → B))))
2025-12-27 00:05:49,177 - DEBUG - Подставляем в аксиому ((A → (B → C)) → ((A → B) → (A → C))) подстановку {'A': 'B', 'B': '¬B', 'C': '¬B'}. Результат: ((B → (¬B → ¬B)) → ((B → ¬B) → (B → ¬B)))
2025-12-27 00:05:49,177 - DEBUG - Подставляем в аксиому ((A → (B → C)) → ((A → B) → (A → C))) подстановку {'A': 'B', 'B': '¬B', 'C': 'A'}. Результат: ((B → (¬B → A)) → ((B → ¬B) → (B → A)))
2025-12-27 00:05:49,177 - DEBUG - Подставляем в аксиому ((A → (B → C)) → ((A → B) → (A → C))) подстановку {'A': 'B', 'B': '¬B', 'C': 'B'}. Результат: ((B → (¬B → B)) → ((B → ¬B) → (B → B)))
2025-12-27 00:05:49,177 - DEBUG - Подставляем в аксиому ((A → (B → C)) → ((A → B) → (A → C))) подстановку {'A': 'B', 'B': '¬B', 'C': '¬(A → ¬B)'}. Результат: ((B → (¬B → ¬(A → ¬B))) → ((B → ¬B) → (B → ¬(A → ¬B))))
2025-12-27 00:05:49,177 - DEBUG - Подставляем в аксиому ((A → (B → C)) → ((A → B) → (A → C))) подстановку {'A': 'B', 'B': '¬B', 'C': '(¬(A → ¬B) → B)'}. Результат: ((B → (¬B → (¬(A → ¬B) → B))) → ((B → ¬B) → (B → (¬(A → ¬B) → B))))
2025-12-27 00:05:49,177 - DEBUG - Подставляем в аксиому ((A → (B → C)) → ((A → B) → (A → C))) подстановку {'A': 'B', 'B': 'A', 'C': '¬B'}. Результат: ((B → (A → ¬B)) → ((B → A) → (B → ¬B)))
2025-12-27 00:05:49,177 - DEBUG - Подставляем в аксиому ((A → (B → C)) → ((A → B) → (A → C))) подстановку {'A': 'B', 'B': 'A', 'C': 'A'}. Результат: ((B → (A → A)) → ((B → A) → (B → A)))
2025-12-27 00:05:49,177 - DEBUG - Подставляем в аксиому ((A → (B → C)) → ((A → B) → (A → C))) подстановку {'A': 'B', 'B': 'A', 'C': 'B'}. Результат: ((B → (A → B)) → ((B → A) → (B → B)))
2025-12-27 00:05:49,177 - DEBUG - Подставляем в аксиому ((A → (B → C)) → ((A → B) → (A → C))) подстановку {'A': 'B', 'B': 'A', 'C': '¬(A → ¬B)'}. Результат: ((B → (A → ¬(A → ¬B))) → ((B → A) → (B → ¬(A → ¬B))))
2025-12-27 00:05:49,177 - DEBUG - Подставляем в аксиому ((A → (B → C)) → ((A → B) → (A → C))) подстановку {'A': 'B', 'B': 'A', 'C': '(¬(A → ¬B) → B)'}. Результат: ((B → (A → (¬(A → ¬B) → B))) → ((B → A) → (B → (¬(A → ¬B) → B))))
2025-12-27 00:05:49,177 - DEBUG - Подставляем в аксиому ((A → (B → C)) → ((A → B) → (A → C))) подстановку {'A': 'B', 'B': 'B', 'C': '¬B'}. Результат: ((B → (B → ¬B)) → ((B → B) → (B → ¬B)))
2025-12-27 00:05:49,178 - DEBUG - Подставляем в аксиому ((A → (B → C)) → ((A → B) → (A → C))) подстановку {'A': 'B', 'B': 'B', 'C': 'A'}. Результат: ((B → (B → A)) → ((B → B) → (B → A)))
2025-12-27 00:05:49,178 - DEBUG - Подставляем в аксиому ((A → (B → C)) → ((A → B) → (A → C))) подстановку {'A': 'B', 'B': 'B', 'C': 'B'}. Результат: ((B → (B → B)) → ((B → B) → (B → B)))
2025-12-27 00:05:49,178 - DEBUG - Подставляем в аксиому ((A → (B → C)) → ((A → B) → (A → C))) подстановку {'A': 'B', 'B': 'B', 'C': '¬(A → ¬B)'}. Результат: ((B → (B → ¬(A → ¬B))) → ((B → B) → (B → ¬(A → ¬B))))
2025-12-27 00:05:49,178 - DEBUG - Подставляем в аксиому ((A → (B → C)) → ((A → B) → (A → C))) подстановку {'A': 'B', 'B': 'B', 'C': '(¬(A → ¬B) → B)'}. Результат: ((B → (B → (¬(A → ¬B) → B))) → ((B → B) → (B → (¬(A → ¬B) → B))))
2025-12-27 00:05:49,178 - DEBUG - Подставляем в аксиому ((A → (B → C)) → ((A → B) → (A → C))) подстановку {'A': 'B', 'B': '¬(A → ¬B)', 'C': '¬B'}. Результат: ((B → (¬(A → ¬B) → ¬B)) → ((B → ¬(A → ¬B)) → (B → ¬B)))
2025-12-27 00:05:49,178 - DEBUG - Подставляем в аксиому ((A → (B → C)) → ((A → B) → (A → C))) подстановку {'A': 'B', 'B': '¬(A → ¬B)', 'C': 'A'}. Результат: ((B → (¬(A → ¬B) → A)) → ((B → ¬(A → ¬B)) → (B → A)))
2025-12-27 00:05:49,178 - DEBUG - Подставляем в аксиому ((A → (B → C)) → ((A → B) → (A → C))) подстановку {'A': 'B', 'B': '¬(A → ¬B)', 'C': 'B'}. Результат: ((B → (¬(A → ¬B) → B)) → ((B → ¬(A → ¬B)) → (B → B)))
2025-12-27 00:05:49,178 - DEBUG - Подставляем в аксиому ((A → (B → C)) → ((A → B) → (A → C))) подстановку {'A': 'B', 'B': '¬(A → ¬B)', 'C': '¬(A → ¬B)'}. Результат: ((B → (¬(A → ¬B) → ¬(A → ¬B))) → ((B → ¬(A → ¬B)) → (B → ¬(A → ¬B))))
2025-12-27 00:05:49,178 - DEBUG - Подставляем в аксиому ((A → (B → C)) → ((A → B) → (A → C))) подстановку {'A': 'B', 'B': '¬(A → ¬B)', 'C': '(¬(A → ¬B) → B)'}. Результат: ((B → (¬(A → ¬B) → (¬(A → ¬B) → B))) → ((B → ¬(A → ¬B)) → (B → (¬(A → ¬B) → B))))
2025-12-27 00:05:49,178 - DEBUG - Подставляем в аксиому ((A → (B → C)) → ((A → B) → (A → C))) подстановку {'A': 'B', 'B': '(¬(A → ¬B) → B)', 'C': '¬B'}. Результат: ((B → ((¬(A → ¬B) → B) → ¬B)) → ((B → (¬(A → ¬B) → B)) → (B → ¬B)))
2025-12-27 00:05:49,178 - DEBUG - Подставляем в аксиому ((A → (B → C)) → ((A → B) → (A → C))) подстановку {'A': 'B', 'B': '(¬(A → ¬B) → B)', 'C': 'A'}. Результат: ((B → ((¬(A → ¬B) → B) → A)) → ((B → (¬(A → ¬B) → B)) → (B → A)))
2025-12-27 00:05:49,178 - DEBUG - Подставляем в аксиому ((A → (B → C)) → ((A → B) → (A → C))) подстановку {'A': 'B', 'B': '(¬(A → ¬B) → B)', 'C': 'B'}. Результат: ((B → ((¬(A → ¬B) → B) → B)) → ((B → (¬(A → ¬B) → B)) → (B → B)))
2025-12-27 00:05:49,178 - DEBUG - Подставляем в аксиому ((A → (B → C)) → ((A → B) → (A → C))) подстановку {'A': 'B', 'B': '(¬(A → ¬B) → B)', 'C': '¬(A → ¬B)'}. Результат: ((B → ((¬(A → ¬B) → B) → ¬(A → ¬B))) → ((B → (¬(A → ¬B) → B)) → (B → ¬(A → ¬B))))
2025-12-27 00:05:49,178 - DEBUG - Подставляем в аксиому ((A → (B → C)) → ((A → B) → (A → C))) подстановку {'A': 'B', 'B': '(¬(A → ¬B) → B)', 'C': '(¬(A → ¬B) → B)'}. Результат: ((B → ((¬(A → ¬B) → B) → (¬(A → ¬B) → B))) → ((B → (¬(A → ¬B) → B)) → (B → (¬(A → ¬B) → B))))
2025-12-27 00:05:49,178 - DEBUG - Подставляем в аксиому ((A → (B → C)) → ((A → B) → (A → C))) подстановку {'A': '¬(A → ¬B)', 'B': '¬B', 'C': '¬B'}. Результат: ((¬(A → ¬B) → (¬B → ¬B)) → ((¬(A → ¬B) → ¬B) → (¬(A → ¬B) → ¬B)))
2025-12-27 00:05:49,178 - DEBUG - Подставляем в аксиому ((A → (B → C)) → ((A → B) → (A → C))) подстановку {'A': '¬(A → ¬B)', 'B': '¬B', 'C': 'A'}. Результат: ((¬(A → ¬B) → (¬B → A)) → ((¬(A → ¬B) → ¬B) → (¬(A → ¬B) → A)))
2025-12-27 00:05:49,178 - DEBUG - Подставляем в аксиому ((A → (B → C)) → ((A → B) → (A → C))) подстановку {'A': '¬(A → ¬B)', 'B': '¬B', 'C': 'B'}. Результат: ((¬(A → ¬B) → (¬B → B)) → ((¬(A → ¬B) → ¬B) → (¬(A → ¬B) → B)))
2025-12-27 00:05:49,178 - DEBUG - Подставляем в аксиому ((A → (B → C)) → ((A → B) → (A → C))) подстановку {'A': '¬(A → ¬B)', 'B': '¬B', 'C': '¬(A → ¬B)'}. Результат: ((¬(A → ¬B) → (¬B → ¬(A → ¬B))) → ((¬(A → ¬B) → ¬B) → (¬(A → ¬B) → ¬(A → ¬B))))
2025-12-27 00:05:49,178 - DEBUG - Подставляем в аксиому ((A → (B → C)) → ((A → B) → (A → C))) подстановку {'A': '¬(A → ¬B)', 'B': '¬B', 'C': '(¬(A → ¬B) → B)'}. Результат: ((¬(A → ¬B) → (¬B → (¬(A → ¬B) → B))) → ((¬(A → ¬B) → ¬B) → (¬(A → ¬B) → (¬(A → ¬B) → B))))
2025-12-27 00:05:49,178 - DEBUG - Подставляем в аксиому ((A → (B → C)) → ((A → B) → (A → C))) подстановку {'A': '¬(A → ¬B)', 'B': 'A', 'C': '¬B'}. Результат: ((¬(A → ¬B) → (A → ¬B)) → ((¬(A → ¬B) → A) → (¬(A → ¬B) → ¬B)))
2025-12-27 00:05:49,178 - DEBUG - Подставляем в аксиому ((A → (B → C)) → ((A → B) → (A → C))) подстановку {'A': '¬(A → ¬B)', 'B': 'A', 'C': 'A'}. Результат: ((¬(A → ¬B) → (A → A)) → ((¬(A → ¬B) → A) → (¬(A → ¬B) → A)))
2025-12-27 00:05:49,178 - DEBUG - Подставляем в аксиому ((A → (B → C)) → ((A → B) → (A → C))) подстановку {'A': '¬(A → ¬B)', 'B': 'A', 'C': 'B'}. Результат: ((¬(A → ¬B) → (A → B)) → ((¬(A → ¬B) → A) → (¬(A → ¬B) → B)))
2025-12-27 00:05:49,178 - DEBUG - Подставляем в аксиому ((A → (B → C)) → ((A → B) → (A → C))) подстановку {'A': '¬(A → ¬B)', 'B': 'A', 'C': '¬(A → ¬B)'}. Результат: ((¬(A → ¬B) → (A → ¬(A → ¬B))) → ((¬(A → ¬B) → A) → (¬(A → ¬B) → ¬(A → ¬B))))
2025-12-27 00:05:49,178 - DEBUG - Подставляем в аксиому ((A → (B → C)) → ((A → B) → (A → C))) подстановку {'A': '¬(A → ¬B)', 'B': 'A', 'C': '(¬(A → ¬B) → B)'}. Результат: ((¬(A → ¬B) → (A → (¬(A → ¬B) → B))) → ((¬(A → ¬B) → A) → (¬(A → ¬B) → (¬(A → ¬B) → B))))
2025-12-27 00:05:49,178 - DEBUG - Подставляем в аксиому ((A → (B → C)) → ((A → B) → (A → C))) подстановку {'A': '¬(A → ¬B)', 'B': 'B', 'C': '¬B'}. Результат: ((¬(A → ¬B) → (B → ¬B)) → ((¬(A → ¬B) → B) → (¬(A → ¬B) → ¬B)))
2025-12-27 00:05:49,178 - DEBUG - Подставляем в аксиому ((A → (B → C)) → ((A → B) → (A → C))) подстановку {'A': '¬(A → ¬B)', 'B': 'B', 'C': 'A'}. Результат: ((¬(A → ¬B) → (B → A)) → ((¬(A → ¬B) → B) → (¬(A → ¬B) → A)))
2025-12-27 00:05:49,178 - DEBUG - Подставляем в аксиому ((A → (B → C)) → ((A → B) → (A → C))) подстановку {'A': '¬(A → ¬B)', 'B': 'B', 'C': 'B'}. Результат: ((¬(A → ¬B) → (B → B)) → ((¬(A → ¬B) → B) → (¬(A → ¬B) → B)))
2025-12-27 00:05:49,178 - DEBUG - Подставляем в аксиому ((A → (B → C)) → ((A → B) → (A → C))) подстановку {'A': '¬(A → ¬B)', 'B': 'B', 'C': '¬(A → ¬B)'}. Результат: ((¬(A → ¬B) → (B → ¬(A → ¬B))) → ((¬(A → ¬B) → B) → (¬(A → ¬B) → ¬(A → ¬B))))
2025-12-27 00:05:49,178 - DEBUG - Подставляем в аксиому ((A → (B → C)) → ((A → B) → (A → C))) подстановку {'A': '¬(A → ¬B)', 'B': 'B', 'C': '(¬(A → ¬B) → B)'}. Результат: ((¬(A → ¬B) → (B → (¬(A → ¬B) → B))) → ((¬(A → ¬B) → B) → (¬(A → ¬B) → (¬(A → ¬B) → B))))
2025-12-27 00:05:49,178 - DEBUG - Подставляем в аксиому ((A → (B → C)) → ((A → B) → (A → C))) подстановку {'A': '¬(A → ¬B)', 'B': '¬(A → ¬B)', 'C': '¬B'}. Результат: ((¬(A → ¬B) → (¬(A → ¬B) → ¬B)) → ((¬(A → ¬B) → ¬(A → ¬B)) → (¬(A → ¬B) → ¬B)))
2025-12-27 00:05:49,179 - DEBUG - Подставляем в аксиому ((A → (B → C)) → ((A → B) → (A → C))) подстановку {'A': '¬(A → ¬B)', 'B': '¬(A → ¬B)', 'C': 'A'}. Результат: ((¬(A → ¬B) → (¬(A → ¬B) → A)) → ((¬(A → ¬B) → ¬(A → ¬B)) → (¬(A → ¬B) → A)))
2025-12-27 00:05:49,179 - DEBUG - Подставляем в аксиому ((A → (B → C)) → ((A → B) → (A → C))) подстановку {'A': '¬(A → ¬B)', 'B': '¬(A → ¬B)', 'C': 'B'}. Результат: ((¬(A → ¬B) → (¬(A → ¬B) → B)) → ((¬(A → ¬B) → ¬(A → ¬B)) → (¬(A → ¬B) → B)))
2025-12-27 00:05:49,179 - DEBUG - Подставляем в аксиому ((A → (B → C)) → ((A → B) → (A → C))) подстановку {'A': '¬(A → ¬B)', 'B': '¬(A → ¬B)', 'C': '¬(A → ¬B)'}. Результат: ((¬(A → ¬B) → (¬(A → ¬B) → ¬(A → ¬B))) → ((¬(A → ¬B) → ¬(A → ¬B)) → (¬(A → ¬B) → ¬(A → ¬B))))
2025-12-27 00:05:49,179 - DEBUG - Подставляем в аксиому ((A → (B → C)) → ((A → B) → (A → C))) подстановку {'A': '¬(A → ¬B)', 'B': '¬(A → ¬B)', 'C': '(¬(A → ¬B) → B)'}. Результат: ((¬(A → ¬B) → (¬(A → ¬B) → (¬(A → ¬B) → B))) → ((¬(A → ¬B) → ¬(A → ¬B)) → (¬(A → ¬B) → (¬(A → ¬B) → B))))
2025-12-27 00:05:49,179 - DEBUG - Подставляем в аксиому ((A → (B → C)) → ((A → B) → (A → C))) подстановку {'A': '¬(A → ¬B)', 'B': '(¬(A → ¬B) → B)', 'C': '¬B'}. Результат: ((¬(A → ¬B) → ((¬(A → ¬B) → B) → ¬B)) → ((¬(A → ¬B) → (¬(A → ¬B) → B)) → (¬(A → ¬B) → ¬B)))
2025-12-27 00:05:49,179 - DEBUG - Подставляем в аксиому ((A → (B → C)) → ((A → B) → (A → C))) подстановку {'A': '¬(A → ¬B)', 'B': '(¬(A → ¬B) → B)', 'C': 'A'}. Результат: ((¬(A → ¬B) → ((¬(A → ¬B) → B) → A)) → ((¬(A → ¬B) → (¬(A → ¬B) → B)) → (¬(A → ¬B) → A)))
2025-12-27 00:05:49,179 - DEBUG - Подставляем в аксиому ((A → (B → C)) → ((A → B) → (A → C))) подстановку {'A': '¬(A → ¬B)', 'B': '(¬(A → ¬B) → B)', 'C': 'B'}. Результат: ((¬(A → ¬B) → ((¬(A → ¬B) → B) → B)) → ((¬(A → ¬B) → (¬(A → ¬B) → B)) → (¬(A → ¬B) → B)))
2025-12-27 00:05:49,179 - DEBUG - Подставляем в аксиому ((A → (B → C)) → ((A → B) → (A → C))) подстановку {'A': '¬(A → ¬B)', 'B': '(¬(A → ¬B) → B)', 'C': '¬(A → ¬B)'}. Результат: ((¬(A → ¬B) → ((¬(A → ¬B) → B) → ¬(A → ¬B))) → ((¬(A → ¬B) → (¬(A → ¬B) → B)) → (¬(A → ¬B) → ¬(A → ¬B))))
2025-12-27 00:05:49,179 - DEBUG - Подставляем в аксиому ((A → (B → C)) → ((A → B) → (A → C))) подстановку {'A': '¬(A → ¬B)', 'B': '(¬(A → ¬B) → B)', 'C': '(¬(A → ¬B) → B)'}. Результат: ((¬(A → ¬B) → ((¬(A → ¬B) → B) → (¬(A → ¬B) → B))) → ((¬(A → ¬B) → (¬(A → ¬B) → B)) → (¬(A → ¬B) → (¬(A → ¬B) → B))))
2025-12-27 00:05:49,179 - DEBUG - Подставляем в аксиому ((¬B → ¬A) → ((¬B → A) → B)) подстановку {'B': '¬B', 'A': '¬B'}. Результат: ((¬B → ¬B) → ((¬B → ¬B) → ¬B))
2025-12-27 00:05:49,179 - DEBUG - Подставляем в аксиому ((¬B → ¬A) → ((¬B → A) → B)) подстановку {'B': '¬B', 'A': 'A'}. Результат: ((¬B → A) → ((¬B → A) → ¬B))
2025-12-27 00:05:49,179 - DEBUG - Подставляем в аксиому ((¬B → ¬A) → ((¬B → A) → B)) подстановку {'B': '¬B', 'A': 'B'}. Результат: ((¬B → B) → ((¬B → B) → ¬B))
2025-12-27 00:05:49,179 - DEBUG - Подставляем в аксиому ((¬B → ¬A) → ((¬B → A) → B)) подстановку {'B': '¬B', 'A': '¬(A → ¬B)'}. Результат: ((¬B → ¬(A → ¬B)) → ((¬B → ¬(A → ¬B)) → ¬B))
2025-12-27 00:05:49,179 - DEBUG - Подставляем в аксиому ((¬B → ¬A) → ((¬B → A) → B)) подстановку {'B': '¬B', 'A': '(¬(A → ¬B) → B)'}. Результат: ((¬B → (¬(A → ¬B) → B)) → ((¬B → (¬(A → ¬B) → B)) → ¬B))
2025-12-27 00:05:49,179 - DEBUG - Подставляем в аксиому ((¬B → ¬A) → ((¬B → A) → B)) подстановку {'B': 'A', 'A': '¬B'}. Результат: ((A → ¬B) → ((A → ¬B) → A))
2025-12-27 00:05:49,179 - DEBUG - Подставляем в аксиому ((¬B → ¬A) → ((¬B → A) → B)) подстановку {'B': 'A', 'A': 'A'}. Результат: ((A → A) → ((A → A) → A))
2025-12-27 00:05:49,179 - DEBUG - Подставляем в аксиому ((¬B → ¬A) → ((¬B → A) → B)) подстановку {'B': 'A', 'A': 'B'}. Результат: ((A → B) → ((A → B) → A))
2025-12-27 00:05:49,180 - DEBUG - Подставляем в аксиому ((¬B → ¬A) → ((¬B → A) → B)) подстановку {'B': 'A', 'A': '¬(A → ¬B)'}. Результат: ((A → ¬(A → ¬B)) → ((A → ¬(A → ¬B)) → A))
2025-12-27 00:05:49,180 - DEBUG - Подставляем в аксиому ((¬B → ¬A) → ((¬B → A) → B)) подстановку {'B': 'A', 'A': '(¬(A → ¬B) → B)'}. Результат: ((A → (¬(A → ¬B) → B)) → ((A → (¬(A → ¬B) → B)) → A))
2025-12-27 00:05:49,180 - DEBUG - Подставляем в аксиому ((¬B → ¬A) → ((¬B → A) → B)) подстановку {'B': 'B', 'A': '¬B'}. Результат: ((B → ¬B) → ((B → ¬B) → B))
2025-12-27 00:05:49,180 - DEBUG - Подставляем в аксиому ((¬B → ¬A) → ((¬B → A) → B)) подстановку {'B': 'B', 'A': 'A'}. Результат: ((B → A) → ((B → A) → B))
2025-12-27 00:05:49,180 - DEBUG - Подставляем в аксиому ((¬B → ¬A) → ((¬B → A) → B)) подстановку {'B': 'B', 'A': 'B'}. Результат: ((B → B) → ((B → B) → B))
2025-12-27 00:05:49,180 - DEBUG - Подставляем в аксиому ((¬B → ¬A) → ((¬B → A) → B)) подстановку {'B': 'B', 'A': '¬(A → ¬B)'}. Результат: ((B → ¬(A → ¬B)) → ((B → ¬(A → ¬B)) → B))
2025-12-27 00:05:49,180 - DEBUG - Подставляем в аксиому ((¬B → ¬A) → ((¬B → A) → B)) подстановку {'B': 'B', 'A': '(¬(A → ¬B) → B)'}. Результат: ((B → (¬(A → ¬B) → B)) → ((B → (¬(A → ¬B) → B)) → B))
2025-12-27 00:05:49,180 - DEBUG - Подставляем в аксиому ((¬B → ¬A) → ((¬B → A) → B)) подстановку {'B': '¬(A → ¬B)', 'A': '¬B'}. Результат: ((¬(A → ¬B) → ¬B) → ((¬(A → ¬B) → ¬B) → ¬(A → ¬B)))
2025-12-27 00:05:49,180 - DEBUG - Подставляем в аксиому ((¬B → ¬A) → ((¬B → A) → B)) подстановку {'B': '¬(A → ¬B)', 'A': 'A'}. Результат: ((¬(A → ¬B) → A) → ((¬(A → ¬B) → A) → ¬(A → ¬B)))
2025-12-27 00:05:49,180 - DEBUG - Подставляем в аксиому ((¬B → ¬A) → ((¬B → A) → B)) подстановку {'B': '¬(A → ¬B)', 'A': 'B'}. Результат: ((¬(A → ¬B) → B) → ((¬(A → ¬B) → B) → ¬(A → ¬B)))
2025-12-27 00:05:49,180 - DEBUG - Подставляем в аксиому ((¬B → ¬A) → ((¬B → A) → B)) подстановку {'B': '¬(A → ¬B)', 'A': '¬(A → ¬B)'}. Результат: ((¬(A → ¬B) → ¬(A → ¬B)) → ((¬(A → ¬B) → ¬(A → ¬B)) → ¬(A → ¬B)))
2025-12-27 00:05:49,180 - DEBUG - Подставляем в аксиому ((¬B → ¬A) → ((¬B → A) → B)) подстановку {'B': '¬(A → ¬B)', 'A': '(¬(A → ¬B) → B)'}. Результат: ((¬(A → ¬B) → (¬(A → ¬B) → B)) → ((¬(A → ¬B) → (¬(A → ¬B) → B)) → ¬(A → ¬B)))
2025-12-27 00:05:49,180 - DEBUG - Подставляем в аксиому ((¬B → ¬A) → ((¬B → A) → B)) подстановку {'B': '(¬(A → ¬B) → B)', 'A': '¬B'}. Результат: (((¬(A → ¬B) → B) → ¬B) → (((¬(A → ¬B) → B) → ¬B) → (¬(A → ¬B) → B)))
2025-12-27 00:05:49,180 - DEBUG - Подставляем в аксиому ((¬B → ¬A) → ((¬B → A) → B)) подстановку {'B': '(¬(A → ¬B) → B)', 'A': 'A'}. Результат: (((¬(A → ¬B) → B) → A) → (((¬(A → ¬B) → B) → A) → (¬(A → ¬B) → B)))
2025-12-27 00:05:49,180 - DEBUG - Подставляем в аксиому ((¬B → ¬A) → ((¬B → A) → B)) подстановку {'B': '(¬(A → ¬B) → B)', 'A': 'B'}. Результат: (((¬(A → ¬B) → B) → B) → (((¬(A → ¬B) → B) → B) → (¬(A → ¬B) → B)))
2025-12-27 00:05:49,180 - DEBUG - Подставляем в аксиому ((¬B → ¬A) → ((¬B → A) → B)) подстановку {'B': '(¬(A → ¬B) → B)', 'A': '¬(A → ¬B)'}. Результат: (((¬(A → ¬B) → B) → ¬(A → ¬B)) → (((¬(A → ¬B) → B) → ¬(A → ¬B)) → (¬(A → ¬B) → B)))
2025-12-27 00:05:49,180 - DEBUG - Подставляем в аксиому ((¬B → ¬A) → ((¬B → A) → B)) подстановку {'B': '(¬(A → ¬B) → B)', 'A': '(¬(A → ¬B) → B)'}. Результат: (((¬(A → ¬B) → B) → (¬(A → ¬B) → B)) → (((¬(A → ¬B) → B) → (¬(A → ¬B) → B)) → (¬(A → ¬B) → B)))
2025-12-27 00:05:49,181 - INFO - Используем правило вывода
2025-12-27 00:05:49,185 - DEBUG - Найдено соответствие для MP. Посылка 1: (¬B → ((¬(A → ¬B) → B) → ¬B)), Посылка с правилом вывода: ((¬B → ((¬(A → ¬B) → B) → ¬B)) → ((¬B → (¬(A → ¬B) → B)) → (¬B → ¬B))), Новая посылка: ((¬B → (¬(A → ¬B) → B)) → (¬B → ¬B))
2025-12-27 00:05:49,192 - DEBUG - Найдено соответствие для MP. Посылка 1: (A → (A → A)), Посылка с правилом вывода: ((A → (A → A)) → ((A → A) → (A → A))), Новая посылка: ((A → A) → (A → A))
2025-12-27 00:05:49,201 - DEBUG - Найдено соответствие для MP. Посылка 1: (B → (¬B → B)), Посылка с правилом вывода: ((B → (¬B → B)) → ((B → ¬B) → (B → B))), Новая посылка: ((B → ¬B) → (B → B))
2025-12-27 00:05:49,203 - DEBUG - Найдено соответствие для MP. Посылка 1: (A → (¬B → A)), Посылка с правилом вывода: ((A → (¬B → A)) → ((A → ¬B) → (A → A))), Новая посылка: ((A → ¬B) → (A → A))
2025-12-27 00:05:49,208 - DEBUG - Найдено соответствие для MP. Посылка 1: (B → (B → B)), Посылка с правилом вывода: ((B → (B → B)) → ((B → B) → (B → B))), Новая посылка: ((B → B) → (B → B))
2025-12-27 00:05:49,212 - DEBUG - Найдено соответствие для MP. Посылка 1: (B → (¬(A → ¬B) → B)), Посылка с правилом вывода: ((B → (¬(A → ¬B) → B)) → ((B → ¬(A → ¬B)) → (B → B))), Новая посылка: ((B → ¬(A → ¬B)) → (B → B))
2025-12-27 00:05:49,213 - DEBUG - Найдено соответствие для MP. Посылка 1: (B → (¬(A → ¬B) → B)), Посылка с правилом вывода: ((B → (¬(A → ¬B) → B)) → ((B → (¬(A → ¬B) → B)) → B)), Новая посылка: ((B → (¬(A → ¬B) → B)) → B)
2025-12-27 00:05:49,215 - DEBUG - Найдено соответствие для MP. Посылка 1: (A → (B → A)), Посылка с правилом вывода: ((A → (B → A)) → ((A → B) → (A → A))), Новая посылка: ((A → B) → (A → A))
2025-12-27 00:05:49,223 - DEBUG - Найдено соответствие для MP. Посылка 1: (¬(A → ¬B) → (B → ¬(A → ¬B))), Посылка с правилом вывода: ((¬(A → ¬B) → (B → ¬(A → ¬B))) → ((¬(A → ¬B) → B) → (¬(A → ¬B) → ¬(A → ¬B)))), Новая посылка: ((¬(A → ¬B) → B) → (¬(A → ¬B) → ¬(A → ¬B)))
2025-12-27 00:05:49,225 - DEBUG - Найдено соответствие для MP. Посылка 1: (¬B → (A → ¬B)), Посылка с правилом вывода: ((¬B → (A → ¬B)) → ((¬B → A) → (¬B → ¬B))), Новая посылка: ((¬B → A) → (¬B → ¬B))
2025-12-27 00:05:49,228 - DEBUG - Найдено соответствие для MP. Посылка 1: (¬B → (¬(A → ¬B) → ¬B)), Посылка с правилом вывода: ((¬B → (¬(A → ¬B) → ¬B)) → ((¬B → ¬(A → ¬B)) → (¬B → ¬B))), Новая посылка: ((¬B → ¬(A → ¬B)) → (¬B → ¬B))
2025-12-27 00:05:49,229 - DEBUG - Найдено соответствие для MP. Посылка 1: (¬(A → ¬B) → (¬(A → ¬B) → ¬(A → ¬B))), Посылка с правилом вывода: ((¬(A → ¬B) → (¬(A → ¬B) → ¬(A → ¬B))) → ((¬(A → ¬B) → ¬(A → ¬B)) → (¬(A → ¬B) → ¬(A → ¬B)))), Новая посылка: ((¬(A → ¬B) → ¬(A → ¬B)) → (¬(A → ¬B) → ¬(A → ¬B)))
2025-12-27 00:05:49,234 - DEBUG - Найдено соответствие для MP. Посылка 1: (B → ((¬(A → ¬B) → B) → B)), Посылка с правилом вывода: ((B → ((¬(A → ¬B) → B) → B)) → ((B → (¬(A → ¬B) → B)) → (B → B))), Новая посылка: ((B → (¬(A → ¬B) → B)) → (B → B))
2025-12-27 00:05:49,237 - DEBUG - Найдено соответствие для MP. Посылка 1: (¬B → (B → ¬B)), Посылка с правилом вывода: ((¬B → (B → ¬B)) → ((¬B → B) → (¬B → ¬B))), Новая посылка: ((¬B → B) → (¬B → ¬B))
2025-12-27 00:05:49,238 - DEBUG - Найдено соответствие для MP. Посылка 1: (¬(A → ¬B) → ((¬(A → ¬B) → B) → ¬(A → ¬B))), Посылка с правилом вывода: ((¬(A → ¬B) → ((¬(A → ¬B) → B) → ¬(A → ¬B))) → ((¬(A → ¬B) → (¬(A → ¬B) → B)) → (¬(A → ¬B) → ¬(A → ¬B)))), Новая посылка: ((¬(A → ¬B) → (¬(A → ¬B) → B)) → (¬(A → ¬B) → ¬(A → ¬B)))
2025-12-27 00:05:49,241 - DEBUG - Найдено соответствие для MP. Посылка 1: (A → (¬(A → ¬B) → A)), Посылка с правилом вывода: ((A → (¬(A → ¬B) → A)) → ((A → ¬(A → ¬B)) → (A → A))), Новая посылка: ((A → ¬(A → ¬B)) → (A → A))
2025-12-27 00:05:49,246 - DEBUG - Найдено соответствие для MP. Посылка 1: (¬B → (¬B → ¬B)), Посылка с правилом вывода: ((¬B → (¬B → ¬B)) → ((¬B → ¬B) → (¬B → ¬B))), Новая посылка: ((¬B → ¬B) → (¬B → ¬B))
2025-12-27 00:05:49,247 - DEBUG - Найдено соответствие для MP. Посылка 1: (¬(A → ¬B) → (A → ¬(A → ¬B))), Посылка с правилом вывода: ((¬(A → ¬B) → (A → ¬(A → ¬B))) → ((¬(A → ¬B) → A) → (¬(A → ¬B) → ¬(A → ¬B)))), Новая посылка: ((¬(A → ¬B) → A) → (¬(A → ¬B) → ¬(A → ¬B)))
2025-12-27 00:05:49,260 - DEBUG - Найдено соответствие для MP. Посылка 1: (B → (A → B)), Посылка с правилом вывода: ((B → (A → B)) → ((B → A) → (B → B))), Новая посылка: ((B → A) → (B → B))
2025-12-27 00:05:49,263 - DEBUG - Найдено соответствие для MP. Посылка 1: (¬(A → ¬B) → (¬B → ¬(A → ¬B))), Посылка с правилом вывода: ((¬(A → ¬B) → (¬B → ¬(A → ¬B))) → ((¬(A → ¬B) → ¬B) → (¬(A → ¬B) → ¬(A → ¬B)))), Новая посылка: ((¬(A → ¬B) → ¬B) → (¬(A → ¬B) → ¬(A → ¬B)))
2025-12-27 00:05:49,267 - DEBUG - Найдено соответствие для MP. Посылка 1: (A → ((¬(A → ¬B) → B) → A)), Посылка с правилом вывода: ((A → ((¬(A → ¬B) → B) → A)) → ((A → (¬(A → ¬B) → B)) → (A → A))), Новая посылка: ((A → (¬(A → ¬B) → B)) → (A → A))
2025-12-27 00:05:49,268 - INFO - Используем теорему дедукции
2025-12-27 00:05:49,269 - DEBUG - Применена теорема дедукции для посылки: ((B → (B → ¬(A → ¬B))) → ((B → B) → (B → ¬(A → ¬B)))), Новая посылка: ((¬B ∨ (¬B ∨ (¬A ∨ ¬B))) → ((B → B) → (B → ¬(A → ¬B))))
2025-12-27 00:05:49,269 - DEBUG - Применена теорема дедукции для посылки: ((B → (¬(A → ¬B) → ¬(A → ¬B))) → ((B → ¬(A → ¬B)) → (B → ¬(A → ¬B)))), Новая посылка: ((B → (¬B → (A → ¬B))) → ((¬B ∨ (A ∨ (¬A ∨ ¬B))) → ((B → ¬(A → ¬B)) → (B → ¬(A → ¬B)))))
2025-12-27 00:05:49,269 - DEBUG - Применена теорема дедукции для посылки: ((¬(A → ¬B) → (B → A)) → ((¬(A → ¬B) → B) → (¬(A → ¬B) → A))), Новая посылка: ((¬A → (B → A)) → ((B ∨ (¬B ∨ A)) → ((¬(A → ¬B) → B) → (¬(A → ¬B) → A))))
2025-12-27 00:05:49,269 - DEBUG - Применена теорема дедукции для посылки: ((¬B → (¬B → (¬(A → ¬B) → B))) → ((¬B → ¬B) → (¬B → (¬(A → ¬B) → B)))), Новая посылка: ((¬B → (¬B → (¬B → B))) → ((B ∨ (B ∨ (A ∨ B))) → ((¬B → ¬B) → (¬B → (¬(A → ¬B) → B)))))
2025-12-27 00:05:49,269 - DEBUG - Применена теорема дедукции для посылки: ((¬(A → ¬B) → ¬(A → ¬B)) → ((¬(A → ¬B) → ¬(A → ¬B)) → ¬(A → ¬B))), Новая посылка: ((¬A → (A → ¬B)) → ((B ∨ (¬A ∨ ¬B)) → ((¬(A → ¬B) → ¬(A → ¬B)) → ¬(A → ¬B))))
2025-12-27 00:05:49,269 - DEBUG - Применена теорема дедукции для посылки: ((¬(A → ¬B) → (¬(A → ¬B) → B)) → ((¬(A → ¬B) → (¬(A → ¬B) → B)) → ¬(A → ¬B))), Новая посылка: (¬(¬((¬B → (¬B → B)) → ¬(¬A → (¬A → B))) → ¬(¬A → (¬B → B))) → ((B ∨ (A ∨ B)) → ((¬(A → ¬B) → (¬(A → ¬B) → B)) → ¬(A → ¬B))))
2025-12-27 00:05:49,269 - DEBUG - Применена теорема дедукции для посылки: ((¬B → ((¬(A → ¬B) → B) → ¬B)) → ((¬B → (¬(A → ¬B) → B)) → (¬B → ¬B))), Новая посылка: ((¬B → (B → ¬B)) → ((B ∨ ((¬A ∨ ¬B) ∨ ¬B)) → ((¬B → (¬(A → ¬B) → B)) → (¬B → ¬B))))
2025-12-27 00:05:49,269 - DEBUG - Применена теорема дедукции для посылки: ((¬B → (¬(A → ¬B) → A)) → ((¬B → ¬(A → ¬B)) → (¬B → A))), Новая посылка: ((¬B → (¬B → A)) → ((B ∨ (A ∨ A)) → ((¬B → ¬(A → ¬B)) → (¬B → A))))
2025-12-27 00:05:49,269 - DEBUG - Применена теорема дедукции для посылки: ((¬(A → ¬B) → B) → (¬(A → ¬B) → (¬(A → ¬B) → B))), Новая посылка: ((¬B → B) → ((A ∨ B) → (¬(A → ¬B) → (¬(A → ¬B) → B))))
2025-12-27 00:05:49,269 - DEBUG - Применена теорема дедукции для посылки: ((¬B → A) → ((¬B → A) → ¬B)), Новая посылка: ((B ∨ A) → ((¬B → A) → ¬B))
2025-12-27 00:05:49,269 - DEBUG - Применена теорема дедукции для посылки: ((¬(A → ¬B) → (A → A)) → ((¬(A → ¬B) → A) → (¬(A → ¬B) → A))), Новая посылка: ((¬B → (A → A)) → ((A ∨ (¬A ∨ A)) → ((¬(A → ¬B) → A) → (¬(A → ¬B) → A))))
2025-12-27 00:05:49,269 - DEBUG - Применена теорема дедукции для посылки: ((¬(A → ¬B) → (¬(A → ¬B) → A)) → ((¬(A → ¬B) → ¬(A → ¬B)) → (¬(A → ¬B) → A))), Новая посылка: (¬(¬((¬A → (¬B → A)) → ¬(¬A → (¬A → A))) → ¬(¬B → (¬A → A))) → ((B ∨ (B ∨ A)) → ((¬(A → ¬B) → ¬(A → ¬B)) → (¬(A → ¬B) → A))))
2025-12-27 00:05:49,269 - DEBUG - Применена теорема дедукции для посылки: ((¬B → ¬(A → ¬B)) → ((¬B → ¬(A → ¬B)) → ¬B)), Новая посылка: ((B ∨ (¬A ∨ ¬B)) → ((¬B → ¬(A → ¬B)) → ¬B))
2025-12-27 00:05:49,269 - DEBUG - Применена теорема дедукции для посылки: ((¬(A → ¬B) → (A → ¬B)) → ((¬(A → ¬B) → A) → (¬(A → ¬B) → ¬B))), Новая посылка: ((¬A → (A → ¬B)) → ((B ∨ (¬A ∨ ¬B)) → ((¬(A → ¬B) → A) → (¬(A → ¬B) → ¬B))))
2025-12-27 00:05:49,270 - DEBUG - Применена теорема дедукции для посылки: ((B → ((¬(A → ¬B) → B) → A)) → ((B → (¬(A → ¬B) → B)) → (B → A))), Новая посылка: ((B → (¬(A → ¬B) → A)) → ((¬B ∨ (¬B ∨ A)) → ((B → (¬(A → ¬B) → B)) → (B → A))))
2025-12-27 00:05:49,270 - DEBUG - Применена теорема дедукции для посылки: ((¬B → B) → ((¬B → B) → ¬B)), Новая посылка: ((B ∨ B) → ((¬B → B) → ¬B))
2025-12-27 00:05:49,270 - DEBUG - Применена теорема дедукции для посылки: ((A → (A → A)) → ((A → A) → (A → A))), Новая посылка: ((¬A ∨ (¬A ∨ A)) → ((A → A) → (A → A)))
2025-12-27 00:05:49,270 - DEBUG - Применена теорема дедукции для посылки: ((B → (A → ¬B)) → ((B → A) → (B → ¬B))), Новая посылка: ((¬B ∨ (¬A ∨ ¬B)) → ((B → A) → (B → ¬B)))
2025-12-27 00:05:49,270 - DEBUG - Применена теорема дедукции для посылки: ((B → ((¬(A → ¬B) → B) → ¬(A → ¬B))) → ((B → (¬(A → ¬B) → B)) → (B → ¬(A → ¬B)))), Новая посылка: ((B → (¬(A → ¬B) → (A → ¬B))) → ((¬B ∨ (¬B ∨ (¬A ∨ ¬B))) → ((B → (¬(A → ¬B) → B)) → (B → ¬(A → ¬B)))))
2025-12-27 00:05:49,270 - DEBUG - Применена теорема дедукции для посылки: ((¬(A → ¬B) → ((¬(A → ¬B) → B) → B)) → ((¬(A → ¬B) → (¬(A → ¬B) → B)) → (¬(A → ¬B) → B))), Новая посылка: (¬(¬((¬A → (¬(A → ¬B) → B)) → ¬(¬B → (B → B))) → ¬(¬B → (¬(A → ¬B) → B))) → ((A ∨ (¬B ∨ B)) → ((¬(A → ¬B) → (¬(A → ¬B) → B)) → (¬(A → ¬B) → B))))
2025-12-27 00:05:49,270 - DEBUG - Применена теорема дедукции для посылки: ((¬B → ((¬(A → ¬B) → B) → B)) → ((¬B → (¬(A → ¬B) → B)) → (¬B → B))), Новая посылка: ((¬B → (B → B)) → ((B ∨ ((¬A ∨ ¬B) ∨ B)) → ((¬B → (¬(A → ¬B) → B)) → (¬B → B))))
2025-12-27 00:05:49,270 - DEBUG - Применена теорема дедукции для посылки: ((¬B → ¬B) → ((¬B → ¬B) → ¬B)), Новая посылка: ((B ∨ ¬B) → ((¬B → ¬B) → ¬B))
2025-12-27 00:05:49,270 - DEBUG - Применена теорема дедукции для посылки: ((¬B → (¬B → A)) → ((¬B → ¬B) → (¬B → A))), Новая посылка: ((B ∨ (B ∨ A)) → ((¬B → ¬B) → (¬B → A)))
2025-12-27 00:05:49,270 - DEBUG - Применена теорема дедукции для посылки: (((¬(A → ¬B) → B) → ¬(A → ¬B)) → (((¬(A → ¬B) → B) → ¬(A → ¬B)) → (¬(A → ¬B) → B))), Новая посылка: ((¬(A → ¬B) → (A → ¬B)) → ((¬B ∨ (¬A ∨ ¬B)) → (((¬(A → ¬B) → B) → ¬(A → ¬B)) → (¬(A → ¬B) → B))))
2025-12-27 00:05:49,270 - DEBUG - Применена теорема дедукции для посылки: ((¬B → (¬(A → ¬B) → B)) → ((¬B → ¬(A → ¬B)) → (¬B → B))), Новая посылка: ((¬B → (¬A → B)) → ((B ∨ (B ∨ B)) → ((¬B → ¬(A → ¬B)) → (¬B → B))))
2025-12-27 00:05:49,270 - DEBUG - Применена теорема дедукции для посылки: ((A → ¬B) → ((A → ¬B) → A)), Новая посылка: ((¬A ∨ ¬B) → ((A → ¬B) → A))
2025-12-27 00:05:49,270 - DEBUG - Применена теорема дедукции для посылки: ((B → (B → A)) → ((B → B) → (B → A))), Новая посылка: ((¬B ∨ (¬B ∨ A)) → ((B → B) → (B → A)))
2025-12-27 00:05:49,270 - DEBUG - Применена теорема дедукции для посылки: ((A → ((¬(A → ¬B) → B) → ¬B)) → ((A → (¬(A → ¬B) → B)) → (A → ¬B))), Новая посылка: ((A → (¬(A → ¬B) → ¬B)) → ((¬A ∨ (¬B ∨ ¬B)) → ((A → (¬(A → ¬B) → B)) → (A → ¬B))))
2025-12-27 00:05:49,270 - DEBUG - Применена теорема дедукции для посылки: ((¬(A → ¬B) → B) → (¬B → (¬(A → ¬B) → B))), Новая посылка: ((¬B → B) → ((A ∨ B) → (¬B → (¬(A → ¬B) → B))))
2025-12-27 00:05:49,270 - DEBUG - Применена теорема дедукции для посылки: ((B → (B → (¬(A → ¬B) → B))) → ((B → B) → (B → (¬(A → ¬B) → B)))), Новая посылка: ((B → (B → (¬A → B))) → ((¬B ∨ (¬B ∨ (B ∨ B))) → ((B → B) → (B → (¬(A → ¬B) → B)))))
2025-12-27 00:05:49,270 - DEBUG - Применена теорема дедукции для посылки: ((B → (¬B → B)) → ((B → ¬B) → (B → B))), Новая посылка: ((¬B ∨ (B ∨ B)) → ((B → ¬B) → (B → B)))
2025-12-27 00:05:49,271 - DEBUG - Применена теорема дедукции для посылки: ((B → (¬(A → ¬B) → (¬(A → ¬B) → B))) → ((B → ¬(A → ¬B)) → (B → (¬(A → ¬B) → B)))), Новая посылка: (¬(¬((B → (¬B → (¬B → B))) → ¬(B → (¬B → (¬A → B)))) → ¬(B → (¬A → (¬B → B)))) → ((¬B ∨ (A ∨ (A ∨ B))) → ((B → ¬(A → ¬B)) → (B → (¬(A → ¬B) → B)))))
2025-12-27 00:05:49,271 - DEBUG - Применена теорема дедукции для посылки: ((¬(A → ¬B) → (B → ¬B)) → ((¬(A → ¬B) → B) → (¬(A → ¬B) → ¬B))), Новая посылка: ((¬B → (B → ¬B)) → ((A ∨ (¬B ∨ ¬B)) → ((¬(A → ¬B) → B) → (¬(A → ¬B) → ¬B))))
2025-12-27 00:05:49,271 - DEBUG - Применена теорема дедукции для посылки: ((¬B → (¬B → ¬(A → ¬B))) → ((¬B → ¬B) → (¬B → ¬(A → ¬B)))), Новая посылка: ((B ∨ (B ∨ (¬A ∨ ¬B))) → ((¬B → ¬B) → (¬B → ¬(A → ¬B))))
2025-12-27 00:05:49,271 - DEBUG - Применена теорема дедукции для посылки: ((A → (¬B → A)) → ((A → ¬B) → (A → A))), Новая посылка: ((¬A ∨ (B ∨ A)) → ((A → ¬B) → (A → A)))
2025-12-27 00:05:49,271 - DEBUG - Применена теорема дедукции для посылки: ((A → (¬(A → ¬B) → ¬B)) → ((A → ¬(A → ¬B)) → (A → ¬B))), Новая посылка: ((A → (¬B → ¬B)) → ((¬A ∨ (A ∨ ¬B)) → ((A → ¬(A → ¬B)) → (A → ¬B))))
2025-12-27 00:05:49,271 - DEBUG - Применена теорема дедукции для посылки: ((A → ((¬(A → ¬B) → B) → (¬(A → ¬B) → B))) → ((A → (¬(A → ¬B) → B)) → (A → (¬(A → ¬B) → B)))), Новая посылка: (¬(¬((A → (B → (¬A → B))) → ¬(A → (B → (¬B → B)))) → ¬(A → (¬(A → ¬B) → (¬B → B)))) → ((¬A ∨ ((¬A ∨ ¬B) ∨ (A ∨ B))) → ((A → (¬(A → ¬B) → B)) → (A → (¬(A → ¬B) → B)))))
2025-12-27 00:05:49,271 - DEBUG - Применена теорема дедукции для посылки: ((A → ((¬(A → ¬B) → B) → B)) → ((A → (¬(A → ¬B) → B)) → (A → B))), Новая посылка: ((A → (¬(A → ¬B) → B)) → ((¬A ∨ (¬B ∨ B)) → ((A → (¬(A → ¬B) → B)) → (A → B))))
2025-12-27 00:05:49,271 - DEBUG - Применена теорема дедукции для посылки: ((A → (B → B)) → ((A → B) → (A → B))), Новая посылка: ((¬A ∨ (¬B ∨ B)) → ((A → B) → (A → B)))
2025-12-27 00:05:49,271 - DEBUG - Применена теорема дедукции для посылки: ((B → (¬(A → ¬B) → A)) → ((B → ¬(A → ¬B)) → (B → A))), Новая посылка: ((B → (¬A → A)) → ((¬B ∨ (B ∨ A)) → ((B → ¬(A → ¬B)) → (B → A))))
2025-12-27 00:05:49,271 - DEBUG - Применена теорема дедукции для посылки: (¬(A → ¬B) → (B → ¬(A → ¬B))), Новая посылка: ((¬A ∨ ¬B) → (B → ¬(A → ¬B)))
2025-12-27 00:05:49,271 - DEBUG - Применена теорема дедукции для посылки: ((A → (¬B → ¬B)) → ((A → ¬B) → (A → ¬B))), Новая посылка: ((¬A ∨ (B ∨ ¬B)) → ((A → ¬B) → (A → ¬B)))
2025-12-27 00:05:49,271 - DEBUG - Применена теорема дедукции для посылки: ((B → (B → B)) → ((B → B) → (B → B))), Новая посылка: ((¬B ∨ (¬B ∨ B)) → ((B → B) → (B → B)))
2025-12-27 00:05:49,271 - DEBUG - Применена теорема дедукции для посылки: ((¬B → (A → A)) → ((¬B → A) → (¬B → A))), Новая посылка: ((B ∨ (¬A ∨ A)) → ((¬B → A) → (¬B → A)))
2025-12-27 00:05:49,271 - DEBUG - Применена теорема дедукции для посылки: (¬(A → ¬B) → ((¬(A → ¬B) → B) → ¬(A → ¬B))), Новая посылка: ((¬A ∨ ¬B) → ((¬(A → ¬B) → B) → ¬(A → ¬B)))
2025-12-27 00:05:49,271 - DEBUG - Применена теорема дедукции для посылки: (¬(A → ¬B) → (¬B → ¬(A → ¬B))), Новая посылка: ((¬A ∨ ¬B) → (¬B → ¬(A → ¬B)))
2025-12-27 00:05:49,271 - DEBUG - Применена теорема дедукции для посылки: ((B → ((¬(A → ¬B) → B) → (¬(A → ¬B) → B))) → ((B → (¬(A → ¬B) → B)) → (B → (¬(A → ¬B) → B)))), Новая посылка: (¬(¬((B → (¬(A → ¬B) → (¬B → B))) → ¬(B → (B → (¬A → B)))) → ¬(B → (¬(A → ¬B) → (¬A → B)))) → ((¬B ∨ (¬B ∨ (B ∨ B))) → ((B → (¬(A → ¬B) → B)) → (B → (¬(A → ¬B) → B)))))
2025-12-27 00:05:49,272 - DEBUG - Применена теорема дедукции для посылки: ((B → (¬(A → ¬B) → B)) → ((B → ¬(A → ¬B)) → (B → B))), Новая посылка: ((B → (¬A → B)) → ((¬B ∨ (B ∨ B)) → ((B → ¬(A → ¬B)) → (B → B))))
2025-12-27 00:05:49,272 - DEBUG - Применена теорема дедукции для посылки: ((B → (¬(A → ¬B) → B)) → ((B → (¬(A → ¬B) → B)) → B)), Новая посылка: ((B → (¬A → B)) → ((¬B ∨ (B ∨ B)) → ((B → (¬(A → ¬B) → B)) → B)))
2025-12-27 00:05:49,272 - DEBUG - Применена теорема дедукции для посылки: ((¬B → ((¬(A → ¬B) → B) → ¬(A → ¬B))) → ((¬B → (¬(A → ¬B) → B)) → (¬B → ¬(A → ¬B)))), Новая посылка: ((¬B → (¬(A → ¬B) → (A → ¬B))) → ((B ∨ (¬B ∨ (¬A ∨ ¬B))) → ((¬B → (¬(A → ¬B) → B)) → (¬B → ¬(A → ¬B)))))
2025-12-27 00:05:49,272 - DEBUG - Применена теорема дедукции для посылки: ((¬(A → ¬B) → (¬(A → ¬B) → B)) → ((¬(A → ¬B) → ¬(A → ¬B)) → (¬(A → ¬B) → B))), Новая посылка: (¬(¬((¬B → (¬B → B)) → ¬(¬A → (¬A → B))) → ¬(¬A → (¬B → B))) → ((B ∨ (A ∨ B)) → ((¬(A → ¬B) → ¬(A → ¬B)) → (¬(A → ¬B) → B))))
2025-12-27 00:05:49,272 - DEBUG - Применена теорема дедукции для посылки: ((B → (A → ¬(A → ¬B))) → ((B → A) → (B → ¬(A → ¬B)))), Новая посылка: ((¬B ∨ (¬A ∨ (¬A ∨ ¬B))) → ((B → A) → (B → ¬(A → ¬B))))
2025-12-27 00:05:49,272 - DEBUG - Применена теорема дедукции для посылки: ((A → (B → A)) → ((A → B) → (A → A))), Новая посылка: ((¬A ∨ (¬B ∨ A)) → ((A → B) → (A → A)))
2025-12-27 00:05:49,272 - DEBUG - Применена теорема дедукции для посылки: ((¬B → (B → B)) → ((¬B → B) → (¬B → B))), Новая посылка: ((B ∨ (¬B ∨ B)) → ((¬B → B) → (¬B → B)))
2025-12-27 00:05:49,272 - DEBUG - Применена теорема дедукции для посылки: ((¬B → (¬(A → ¬B) → (¬(A → ¬B) → B))) → ((¬B → ¬(A → ¬B)) → (¬B → (¬(A → ¬B) → B)))), Новая посылка: (¬(¬((¬B → (¬A → (¬A → B))) → ¬(¬B → (¬B → (¬A → B)))) → ¬(¬B → (¬B → (¬B → B)))) → ((B ∨ (A ∨ (B ∨ B))) → ((¬B → ¬(A → ¬B)) → (¬B → (¬(A → ¬B) → B)))))
2025-12-27 00:05:49,272 - DEBUG - Применена теорема дедукции для посылки: (¬(A → ¬B) → (A → ¬(A → ¬B))), Новая посылка: ((¬A ∨ ¬B) → (A → ¬(A → ¬B)))
2025-12-27 00:05:49,272 - DEBUG - Применена теорема дедукции для посылки: ((A → (¬(A → ¬B) → B)) → ((A → (¬(A → ¬B) → B)) → A)), Новая посылка: ((A → (¬B → B)) → ((¬A ∨ (A ∨ B)) → ((A → (¬(A → ¬B) → B)) → A)))
2025-12-27 00:05:49,272 - DEBUG - Применена теорема дедукции для посылки: ((¬B → (A → ¬(A → ¬B))) → ((¬B → A) → (¬B → ¬(A → ¬B)))), Новая посылка: ((B ∨ (¬A ∨ (¬A ∨ ¬B))) → ((¬B → A) → (¬B → ¬(A → ¬B))))
2025-12-27 00:05:49,272 - DEBUG - Применена теорема дедукции для посылки: ((B → ((¬(A → ¬B) → B) → ¬B)) → ((B → (¬(A → ¬B) → B)) → (B → ¬B))), Новая посылка: ((B → (¬(A → ¬B) → ¬B)) → ((¬B ∨ (¬B ∨ ¬B)) → ((B → (¬(A → ¬B) → B)) → (B → ¬B))))
2025-12-27 00:05:49,272 - DEBUG - Применена теорема дедукции для посылки: ((A → (B → ¬B)) → ((A → B) → (A → ¬B))), Новая посылка: ((¬A ∨ (¬B ∨ ¬B)) → ((A → B) → (A → ¬B)))
2025-12-27 00:05:49,272 - DEBUG - Применена теорема дедукции для посылки: ((B → (¬B → A)) → ((B → ¬B) → (B → A))), Новая посылка: ((¬B ∨ (B ∨ A)) → ((B → ¬B) → (B → A)))
2025-12-27 00:05:49,272 - DEBUG - Применена теорема дедукции для посылки: ((B → (¬(A → ¬B) → ¬B)) → ((B → ¬(A → ¬B)) → (B → ¬B))), Новая посылка: ((B → (¬B → ¬B)) → ((¬B ∨ (A ∨ ¬B)) → ((B → ¬(A → ¬B)) → (B → ¬B))))
2025-12-27 00:05:49,273 - DEBUG - Применена теорема дедукции для посылки: ((A → (¬(A → ¬B) → ¬(A → ¬B))) → ((A → ¬(A → ¬B)) → (A → ¬(A → ¬B)))), Новая посылка: ((A → (¬B → (A → ¬B))) → ((¬A ∨ (A ∨ (¬A ∨ ¬B))) → ((A → ¬(A → ¬B)) → (A → ¬(A → ¬B)))))
2025-12-27 00:05:49,273 - DEBUG - Применена теорема дедукции для посылки: ((¬(A → ¬B) → (A → (¬(A → ¬B) → B))) → ((¬(A → ¬B) → A) → (¬(A → ¬B) → (¬(A → ¬B) → B)))), Новая посылка: (¬(¬((¬B → (A → (¬B → B))) → ¬(¬A → (A → (¬A → B)))) → ¬(¬B → (A → (¬A → B)))) → ((A ∨ (¬A ∨ (B ∨ B))) → ((¬(A → ¬B) → A) → (¬(A → ¬B) → (¬(A → ¬B) → B)))))
2025-12-27 00:05:49,273 - DEBUG - Применена теорема дедукции для посылки: ((¬(A → ¬B) → B) → (A → (¬(A → ¬B) → B))), Новая посылка: ((¬A → B) → ((B ∨ B) → (A → (¬(A → ¬B) → B))))
2025-12-27 00:05:49,273 - DEBUG - Применена теорема дедукции для посылки: ((¬(A → ¬B) → (B → ¬(A → ¬B))) → ((¬(A → ¬B) → B) → (¬(A → ¬B) → ¬(A → ¬B)))), Новая посылка: ((¬B → (B → (A → ¬B))) → ((A ∨ (¬B ∨ (¬A ∨ ¬B))) → ((¬(A → ¬B) → B) → (¬(A → ¬B) → ¬(A → ¬B)))))
2025-12-27 00:05:49,273 - DEBUG - Применена теорема дедукции для посылки: ((A → (¬(A → ¬B) → (¬(A → ¬B) → B))) → ((A → ¬(A → ¬B)) → (A → (¬(A → ¬B) → B)))), Новая посылка: (¬(¬((A → (¬A → (¬B → B))) → ¬(A → (¬B → (¬B → B)))) → ¬(A → (¬A → (¬A → B)))) → ((¬A ∨ (B ∨ (A ∨ B))) → ((A → ¬(A → ¬B)) → (A → (¬(A → ¬B) → B)))))
2025-12-27 00:05:49,273 - DEBUG - Применена теорема дедукции для посылки: ((¬B → (A → ¬B)) → ((¬B → A) → (¬B → ¬B))), Новая посылка: ((B ∨ (¬A ∨ ¬B)) → ((¬B → A) → (¬B → ¬B)))
2025-12-27 00:05:49,273 - DEBUG - Применена теорема дедукции для посылки: ((A → ((¬(A → ¬B) → B) → ¬(A → ¬B))) → ((A → (¬(A → ¬B) → B)) → (A → ¬(A → ¬B)))), Новая посылка: ((A → (¬(A → ¬B) → (A → ¬B))) → ((¬A ∨ (¬B ∨ (¬A ∨ ¬B))) → ((A → (¬(A → ¬B) → B)) → (A → ¬(A → ¬B)))))
2025-12-27 00:05:49,273 - DEBUG - Применена теорема дедукции для посылки: ((B → (¬B → (¬(A → ¬B) → B))) → ((B → ¬B) → (B → (¬(A → ¬B) → B)))), Новая посылка: ((B → (¬B → (¬B → B))) → ((¬B ∨ (B ∨ (A ∨ B))) → ((B → ¬B) → (B → (¬(A → ¬B) → B)))))
2025-12-27 00:05:49,273 - DEBUG - Применена теорема дедукции для посылки: ((¬B → (B → A)) → ((¬B → B) → (¬B → A))), Новая посылка: ((B ∨ (¬B ∨ A)) → ((¬B → B) → (¬B → A)))
2025-12-27 00:05:49,273 - DEBUG - Применена теорема дедукции для посылки: ((¬B → (¬(A → ¬B) → ¬B)) → ((¬B → ¬(A → ¬B)) → (¬B → ¬B))), Новая посылка: ((¬B → (¬B → ¬B)) → ((B ∨ (A ∨ ¬B)) → ((¬B → ¬(A → ¬B)) → (¬B → ¬B))))
2025-12-27 00:05:49,273 - DEBUG - Применена теорема дедукции для посылки: ((¬(A → ¬B) → (¬(A → ¬B) → ¬(A → ¬B))) → ((¬(A → ¬B) → ¬(A → ¬B)) → (¬(A → ¬B) → ¬(A → ¬B)))), Новая посылка: (¬(¬((¬A → (¬A → (A → ¬B))) → ¬(¬B → (¬A → (A → ¬B)))) → ¬(¬B → (¬B → (A → ¬B)))) → ((A ∨ (B ∨ (¬A ∨ ¬B))) → ((¬(A → ¬B) → ¬(A → ¬B)) → (¬(A → ¬B) → ¬(A → ¬B)))))
2025-12-27 00:05:49,273 - DEBUG - Применена теорема дедукции для посылки: ((B → A) → ((B → A) → B)), Новая посылка: ((¬B ∨ A) → ((B → A) → B))
2025-12-27 00:05:49,273 - DEBUG - Применена теорема дедукции для посылки: ((¬(A → ¬B) → ¬B) → ((¬(A → ¬B) → ¬B) → ¬(A → ¬B))), Новая посылка: ((¬B → ¬B) → ((A ∨ ¬B) → ((¬(A → ¬B) → ¬B) → ¬(A → ¬B))))
2025-12-27 00:05:49,274 - DEBUG - Применена теорема дедукции для посылки: ((¬B → ((¬(A → ¬B) → B) → (¬(A → ¬B) → B))) → ((¬B → (¬(A → ¬B) → B)) → (¬B → (¬(A → ¬B) → B)))), Новая посылка: (¬(¬((¬B → (B → (¬A → B))) → ¬(¬B → (¬(A → ¬B) → (¬B → B)))) → ¬(¬B → (¬(A → ¬B) → (¬A → B)))) → ((B ∨ (¬B ∨ (B ∨ B))) → ((¬B → (¬(A → ¬B) → B)) → (¬B → (¬(A → ¬B) → B)))))
2025-12-27 00:05:49,274 - DEBUG - Применена теорема дедукции для посылки: ((B → ¬(A → ¬B)) → ((B → ¬(A → ¬B)) → B)), Новая посылка: ((¬B ∨ (¬A ∨ ¬B)) → ((B → ¬(A → ¬B)) → B))
2025-12-27 00:05:49,274 - DEBUG - Применена теорема дедукции для посылки: ((¬(A → ¬B) → B) → (B → (¬(A → ¬B) → B))), Новая посылка: ((¬A → B) → ((B ∨ B) → (B → (¬(A → ¬B) → B))))
2025-12-27 00:05:49,274 - DEBUG - Применена теорема дедукции для посылки: ((A → (¬B → (¬(A → ¬B) → B))) → ((A → ¬B) → (A → (¬(A → ¬B) → B)))), Новая посылка: ((A → (¬B → (¬A → B))) → ((¬A ∨ (B ∨ (B ∨ B))) → ((A → ¬B) → (A → (¬(A → ¬B) → B)))))
2025-12-27 00:05:49,274 - DEBUG - Применена теорема дедукции для посылки: ((B → B) → ((B → B) → B)), Новая посылка: ((¬B ∨ B) → ((B → B) → B))
2025-12-27 00:05:49,274 - DEBUG - Применена теорема дедукции для посылки: ((¬(A → ¬B) → B) → ((¬(A → ¬B) → B) → (¬(A → ¬B) → B))), Новая посылка: ((¬A → B) → ((B ∨ B) → ((¬(A → ¬B) → B) → (¬(A → ¬B) → B))))
2025-12-27 00:05:49,274 - DEBUG - Применена теорема дедукции для посылки: ((B → ((¬(A → ¬B) → B) → B)) → ((B → (¬(A → ¬B) → B)) → (B → B))), Новая посылка: ((B → (¬(A → ¬B) → B)) → ((¬B ∨ (¬B ∨ B)) → ((B → (¬(A → ¬B) → B)) → (B → B))))
2025-12-27 00:05:49,274 - DEBUG - Применена теорема дедукции для посылки: ((¬B → (¬(A → ¬B) → B)) → ((¬B → (¬(A → ¬B) → B)) → ¬B)), Новая посылка: ((¬B → (¬B → B)) → ((B ∨ (A ∨ B)) → ((¬B → (¬(A → ¬B) → B)) → ¬B)))
2025-12-27 00:05:49,274 - DEBUG - Применена теорема дедукции для посылки: ((¬(A → ¬B) → (¬B → (¬(A → ¬B) → B))) → ((¬(A → ¬B) → ¬B) → (¬(A → ¬B) → (¬(A → ¬B) → B)))), Новая посылка: (¬(¬((¬A → (¬B → (¬A → B))) → ¬(¬B → (¬B → (¬B → B)))) → ¬(¬B → (¬B → (¬A → B)))) → ((A ∨ (B ∨ (B ∨ B))) → ((¬(A → ¬B) → ¬B) → (¬(A → ¬B) → (¬(A → ¬B) → B)))))
2025-12-27 00:05:49,274 - DEBUG - Применена теорема дедукции для посылки: ((A → (B → (¬(A → ¬B) → B))) → ((A → B) → (A → (¬(A → ¬B) → B)))), Новая посылка: ((A → (B → (¬B → B))) → ((¬A ∨ (¬B ∨ (A ∨ B))) → ((A → B) → (A → (¬(A → ¬B) → B)))))
2025-12-27 00:05:49,274 - DEBUG - Применена теорема дедукции для посылки: (((¬(A → ¬B) → B) → (¬(A → ¬B) → B)) → (((¬(A → ¬B) → B) → (¬(A → ¬B) → B)) → (¬(A → ¬B) → B))), Новая посылка: (¬(¬((B → (¬B → B)) → ¬(¬(A → ¬B) → (¬B → B))) → ¬(¬(A → ¬B) → (¬A → B))) → ((¬B ∨ (A ∨ B)) → (((¬(A → ¬B) → B) → (¬(A → ¬B) → B)) → (¬(A → ¬B) → B))))
2025-12-27 00:05:49,275 - DEBUG - Применена теорема дедукции для посылки: ((¬(A → ¬B) → (B → (¬(A → ¬B) → B))) → ((¬(A → ¬B) → B) → (¬(A → ¬B) → (¬(A → ¬B) → B)))), Новая посылка: (¬(¬((¬A → (B → (¬B → B))) → ¬(¬A → (B → (¬A → B)))) → ¬(¬B → (B → (¬A → B)))) → ((B ∨ (¬B ∨ (B ∨ B))) → ((¬(A → ¬B) → B) → (¬(A → ¬B) → (¬(A → ¬B) → B)))))
2025-12-27 00:05:49,275 - DEBUG - Применена теорема дедукции для посылки: ((¬B → (B → ¬B)) → ((¬B → B) → (¬B → ¬B))), Новая посылка: ((B ∨ (¬B ∨ ¬B)) → ((¬B → B) → (¬B → ¬B)))
2025-12-27 00:05:49,275 - DEBUG - Применена теорема дедукции для посылки: ((¬(A → ¬B) → (A → B)) → ((¬(A → ¬B) → A) → (¬(A → ¬B) → B))), Новая посылка: ((¬A → (A → B)) → ((B ∨ (¬A ∨ B)) → ((¬(A → ¬B) → A) → (¬(A → ¬B) → B))))
2025-12-27 00:05:49,275 - DEBUG - Применена теорема дедукции для посылки: ((¬(A → ¬B) → ((¬(A → ¬B) → B) → ¬(A → ¬B))) → ((¬(A → ¬B) → (¬(A → ¬B) → B)) → (¬(A → ¬B) → ¬(A → ¬B)))), Новая посылка: (¬(¬((¬B → (¬(A → ¬B) → (A → ¬B))) → ¬(¬A → (¬(A → ¬B) → (A → ¬B)))) → ¬(¬B → (B → (A → ¬B)))) → ((A ∨ (¬B ∨ (¬A ∨ ¬B))) → ((¬(A → ¬B) → (¬(A → ¬B) → B)) → (¬(A → ¬B) → ¬(A → ¬B)))))
2025-12-27 00:05:49,275 - DEBUG - Применена теорема дедукции для посылки: ((A → B) → ((A → B) → A)), Новая посылка: ((¬A ∨ B) → ((A → B) → A))
2025-12-27 00:05:49,275 - DEBUG - Применена теорема дедукции для посылки: ((¬(A → ¬B) → (¬B → ¬B)) → ((¬(A → ¬B) → ¬B) → (¬(A → ¬B) → ¬B))), Новая посылка: ((¬A → (¬B → ¬B)) → ((B ∨ (B ∨ ¬B)) → ((¬(A → ¬B) → ¬B) → (¬(A → ¬B) → ¬B))))
2025-12-27 00:05:49,275 - DEBUG - Применена теорема дедукции для посылки: ((A → (B → ¬(A → ¬B))) → ((A → B) → (A → ¬(A → ¬B)))), Новая посылка: ((¬A ∨ (¬B ∨ (¬A ∨ ¬B))) → ((A → B) → (A → ¬(A → ¬B))))
2025-12-27 00:05:49,275 - DEBUG - Применена теорема дедукции для посылки: ((A → (¬(A → ¬B) → A)) → ((A → ¬(A → ¬B)) → (A → A))), Новая посылка: ((A → (¬A → A)) → ((¬A ∨ (B ∨ A)) → ((A → ¬(A → ¬B)) → (A → A))))
2025-12-27 00:05:49,275 - DEBUG - Применена теорема дедукции для посылки: ((A → (¬B → ¬(A → ¬B))) → ((A → ¬B) → (A → ¬(A → ¬B)))), Новая посылка: ((¬A ∨ (B ∨ (¬A ∨ ¬B))) → ((A → ¬B) → (A → ¬(A → ¬B))))
2025-12-27 00:05:49,275 - DEBUG - Применена теорема дедукции для посылки: ((¬(A → ¬B) → (¬B → B)) → ((¬(A → ¬B) → ¬B) → (¬(A → ¬B) → B))), Новая посылка: ((¬A → (¬B → B)) → ((B ∨ (B ∨ B)) → ((¬(A → ¬B) → ¬B) → (¬(A → ¬B) → B))))
2025-12-27 00:05:49,275 - DEBUG - Применена теорема дедукции для посылки: ((A → (A → ¬B)) → ((A → A) → (A → ¬B))), Новая посылка: ((¬A ∨ (¬A ∨ ¬B)) → ((A → A) → (A → ¬B)))
2025-12-27 00:05:49,275 - DEBUG - Применена теорема дедукции для посылки: ((A → (A → (¬(A → ¬B) → B))) → ((A → A) → (A → (¬(A → ¬B) → B)))), Новая посылка: ((A → (A → (¬A → B))) → ((¬A ∨ (¬A ∨ (B ∨ B))) → ((A → A) → (A → (¬(A → ¬B) → B)))))
2025-12-27 00:05:49,275 - DEBUG - Применена теорема дедукции для посылки: ((A → (¬(A → ¬B) → B)) → ((A → ¬(A → ¬B)) → (A → B))), Новая посылка: ((A → (¬A → B)) → ((¬A ∨ (B ∨ B)) → ((A → ¬(A → ¬B)) → (A → B))))
2025-12-27 00:05:49,275 - DEBUG - Применена теорема дедукции для посылки: ((B → (¬B → ¬(A → ¬B))) → ((B → ¬B) → (B → ¬(A → ¬B)))), Новая посылка: ((¬B ∨ (B ∨ (¬A ∨ ¬B))) → ((B → ¬B) → (B → ¬(A → ¬B))))
2025-12-27 00:05:49,275 - DEBUG - Применена теорема дедукции для посылки: ((B → (A → (¬(A → ¬B) → B))) → ((B → A) → (B → (¬(A → ¬B) → B)))), Новая посылка: ((B → (A → (¬A → B))) → ((¬B ∨ (¬A ∨ (B ∨ B))) → ((B → A) → (B → (¬(A → ¬B) → B)))))
2025-12-27 00:05:49,276 - DEBUG - Применена теорема дедукции для посылки: ((¬B → (¬B → ¬B)) → ((¬B → ¬B) → (¬B → ¬B))), Новая посылка: ((B ∨ (B ∨ ¬B)) → ((¬B → ¬B) → (¬B → ¬B)))
2025-12-27 00:05:49,276 - DEBUG - Применена теорема дедукции для посылки: ((¬(A → ¬B) → (A → ¬(A → ¬B))) → ((¬(A → ¬B) → A) → (¬(A → ¬B) → ¬(A → ¬B)))), Новая посылка: ((¬B → (A → (A → ¬B))) → ((A ∨ (¬A ∨ (¬A ∨ ¬B))) → ((¬(A → ¬B) → A) → (¬(A → ¬B) → ¬(A → ¬B)))))
2025-12-27 00:05:49,276 - DEBUG - Применена теорема дедукции для посылки: ((¬(A → ¬B) → A) → ((¬(A → ¬B) → A) → ¬(A → ¬B))), Новая посылка: ((¬B → A) → ((A ∨ A) → ((¬(A → ¬B) → A) → ¬(A → ¬B))))
2025-12-27 00:05:49,276 - DEBUG - Применена теорема дедукции для посылки: ((¬(A → ¬B) → (¬B → A)) → ((¬(A → ¬B) → ¬B) → (¬(A → ¬B) → A))), Новая посылка: ((¬A → (¬B → A)) → ((B ∨ (B ∨ A)) → ((¬(A → ¬B) → ¬B) → (¬(A → ¬B) → A))))
2025-12-27 00:05:49,276 - DEBUG - Применена теорема дедукции для посылки: ((B → ¬B) → ((B → ¬B) → B)), Новая посылка: ((¬B ∨ ¬B) → ((B → ¬B) → B))
2025-12-27 00:05:49,276 - DEBUG - Применена теорема дедукции для посылки: ((B → (A → A)) → ((B → A) → (B → A))), Новая посылка: ((¬B ∨ (¬A ∨ A)) → ((B → A) → (B → A)))
2025-12-27 00:05:49,276 - DEBUG - Применена теорема дедукции для посылки: ((¬(A → ¬B) → (¬(A → ¬B) → (¬(A → ¬B) → B))) → ((¬(A → ¬B) → ¬(A → ¬B)) → (¬(A → ¬B) → (¬(A → ¬B) → B)))), Новая посылка: (¬(¬(¬(¬(¬(¬((¬A → (¬B → (¬B → B))) → ¬(¬B → (¬B → (¬B → B)))) → ¬(¬A → (¬A → (¬A → B)))) → ¬(¬A → (¬A → (¬B → B)))) → ¬(¬B → (¬B → (¬A → B)))) → ¬(¬B → (¬A → (¬B → B)))) → ¬(¬A → (¬B → (¬A → B)))) → ((B ∨ (A ∨ (A ∨ B))) → ((¬(A → ¬B) → ¬(A → ¬B)) → (¬(A → ¬B) → (¬(A → ¬B) → B)))))
2025-12-27 00:05:49,276 - DEBUG - Применена теорема дедукции для посылки: (((¬(A → ¬B) → B) → A) → (((¬(A → ¬B) → B) → A) → (¬(A → ¬B) → B))), Новая посылка: ((¬(A → ¬B) → A) → ((¬B ∨ A) → (((¬(A → ¬B) → B) → A) → (¬(A → ¬B) → B))))
2025-12-27 00:05:49,276 - DEBUG - Применена теорема дедукции для посылки: ((A → A) → ((A → A) → A)), Новая посылка: ((¬A ∨ A) → ((A → A) → A))
2025-12-27 00:05:49,276 - DEBUG - Применена теорема дедукции для посылки: ((¬(A → ¬B) → (B → B)) → ((¬(A → ¬B) → B) → (¬(A → ¬B) → B))), Новая посылка: ((¬B → (B → B)) → ((A ∨ (¬B ∨ B)) → ((¬(A → ¬B) → B) → (¬(A → ¬B) → B))))
2025-12-27 00:05:49,276 - DEBUG - Применена теорема дедукции для посылки: (¬(A → ¬B) → (¬(A → ¬B) → ¬(A → ¬B))), Новая посылка: ((¬A ∨ ¬B) → (¬(A → ¬B) → ¬(A → ¬B)))
2025-12-27 00:05:49,276 - DEBUG - Применена теорема дедукции для посылки: ((A → (A → ¬(A → ¬B))) → ((A → A) → (A → ¬(A → ¬B)))), Новая посылка: ((¬A ∨ (¬A ∨ (¬A ∨ ¬B))) → ((A → A) → (A → ¬(A → ¬B))))
2025-12-27 00:05:49,276 - DEBUG - Применена теорема дедукции для посылки: ((B → (¬B → ¬B)) → ((B → ¬B) → (B → ¬B))), Новая посылка: ((¬B ∨ (B ∨ ¬B)) → ((B → ¬B) → (B → ¬B)))
2025-12-27 00:05:49,276 - DEBUG - Применена теорема дедукции для посылки: ((¬B → (B → ¬(A → ¬B))) → ((¬B → B) → (¬B → ¬(A → ¬B)))), Новая посылка: ((B ∨ (¬B ∨ (¬A ∨ ¬B))) → ((¬B → B) → (¬B → ¬(A → ¬B))))
2025-12-27 00:05:49,276 - DEBUG - Применена теорема дедукции для посылки: (((¬(A → ¬B) → B) → B) → (((¬(A → ¬B) → B) → B) → (¬(A → ¬B) → B))), Новая посылка: ((B → B) → (((¬A ∨ ¬B) ∨ B) → (((¬(A → ¬B) → B) → B) → (¬(A → ¬B) → B))))
2025-12-27 00:05:49,276 - DEBUG - Применена теорема дедукции для посылки: ((¬B → (A → (¬(A → ¬B) → B))) → ((¬B → A) → (¬B → (¬(A → ¬B) → B)))), Новая посылка: ((¬B → (A → (¬A → B))) → ((B ∨ (¬A ∨ (B ∨ B))) → ((¬B → A) → (¬B → (¬(A → ¬B) → B)))))
2025-12-27 00:05:49,277 - DEBUG - Применена теорема дедукции для посылки: ((¬B → ((¬(A → ¬B) → B) → A)) → ((¬B → (¬(A → ¬B) → B)) → (¬B → A))), Новая посылка: ((¬B → (B → A)) → ((B ∨ ((¬A ∨ ¬B) ∨ A)) → ((¬B → (¬(A → ¬B) → B)) → (¬B → A))))
2025-12-27 00:05:49,277 - DEBUG - Применена теорема дедукции для посылки: ((A → (A → B)) → ((A → A) → (A → B))), Новая посылка: ((¬A ∨ (¬A ∨ B)) → ((A → A) → (A → B)))
2025-12-27 00:05:49,277 - DEBUG - Применена теорема дедукции для посылки: ((B → (B → ¬B)) → ((B → B) → (B → ¬B))), Новая посылка: ((¬B ∨ (¬B ∨ ¬B)) → ((B → B) → (B → ¬B)))
2025-12-27 00:05:49,277 - DEBUG - Применена теорема дедукции для посылки: ((¬B → (¬B → B)) → ((¬B → ¬B) → (¬B → B))), Новая посылка: ((B ∨ (B ∨ B)) → ((¬B → ¬B) → (¬B → B)))
2025-12-27 00:05:49,277 - DEBUG - Применена теорема дедукции для посылки: ((A → ¬(A → ¬B)) → ((A → ¬(A → ¬B)) → A)), Новая посылка: ((¬A ∨ (¬A ∨ ¬B)) → ((A → ¬(A → ¬B)) → A))
2025-12-27 00:05:49,277 - DEBUG - Применена теорема дедукции для посылки: ((B → (A → B)) → ((B → A) → (B → B))), Новая посылка: ((¬B ∨ (¬A ∨ B)) → ((B → A) → (B → B)))
2025-12-27 00:05:49,277 - DEBUG - Применена теорема дедукции для посылки: ((¬B → (A → B)) → ((¬B → A) → (¬B → B))), Новая посылка: ((B ∨ (¬A ∨ B)) → ((¬B → A) → (¬B → B)))
2025-12-27 00:05:49,277 - DEBUG - Применена теорема дедукции для посылки: (((¬(A → ¬B) → B) → ¬B) → (((¬(A → ¬B) → B) → ¬B) → (¬(A → ¬B) → B))), Новая посылка: ((¬(A → ¬B) → ¬B) → ((¬B ∨ ¬B) → (((¬(A → ¬B) → B) → ¬B) → (¬(A → ¬B) → B))))
2025-12-27 00:05:49,277 - DEBUG - Применена теорема дедукции для посылки: ((¬(A → ¬B) → ((¬(A → ¬B) → B) → ¬B)) → ((¬(A → ¬B) → (¬(A → ¬B) → B)) → (¬(A → ¬B) → ¬B))), Новая посылка: (¬(¬((¬B → (B → ¬B)) → ¬(¬A → (¬(A → ¬B) → ¬B))) → ¬(¬B → (¬(A → ¬B) → ¬B))) → ((A ∨ (¬B ∨ ¬B)) → ((¬(A → ¬B) → (¬(A → ¬B) → B)) → (¬(A → ¬B) → ¬B))))
2025-12-27 00:05:49,277 - DEBUG - Применена теорема дедукции для посылки: ((¬(A → ¬B) → ((¬(A → ¬B) → B) → A)) → ((¬(A → ¬B) → (¬(A → ¬B) → B)) → (¬(A → ¬B) → A))), Новая посылка: (¬(¬((¬A → (¬(A → ¬B) → A)) → ¬(¬A → (B → A))) → ¬(¬B → (¬(A → ¬B) → A))) → ((B ∨ (¬B ∨ A)) → ((¬(A → ¬B) → (¬(A → ¬B) → B)) → (¬(A → ¬B) → A))))
2025-12-27 00:05:49,277 - DEBUG - Применена теорема дедукции для посылки: ((¬(A → ¬B) → (¬B → ¬(A → ¬B))) → ((¬(A → ¬B) → ¬B) → (¬(A → ¬B) → ¬(A → ¬B)))), Новая посылка: ((¬A → (¬B → (A → ¬B))) → ((B ∨ (B ∨ (¬A ∨ ¬B))) → ((¬(A → ¬B) → ¬B) → (¬(A → ¬B) → ¬(A → ¬B)))))
2025-12-27 00:05:49,278 - DEBUG - Применена теорема дедукции для посылки: ((¬(A → ¬B) → ((¬(A → ¬B) → B) → (¬(A → ¬B) → B))) → ((¬(A → ¬B) → (¬(A → ¬B) → B)) → (¬(A → ¬B) → (¬(A → ¬B) → B)))), Новая посылка: (¬(¬(¬(¬(¬(¬((¬B → (B → (¬A → B))) → ¬(¬B → (B → (¬B → B)))) → ¬(¬A → (¬(A → ¬B) → (¬A → B)))) → ¬(¬A → (B → (¬A → B)))) → ¬(¬A → (B → (¬B → B)))) → ¬(¬B → (¬(A → ¬B) → (¬B → B)))) → ¬(¬B → (¬(A → ¬B) → (¬A → B)))) → ((A ∨ ((¬A ∨ ¬B) ∨ (B ∨ B))) → ((¬(A → ¬B) → (¬(A → ¬B) → B)) → (¬(A → ¬B) → (¬(A → ¬B) → B)))))
2025-12-27 00:05:49,278 - DEBUG - Применена теорема дедукции для посылки: ((¬B → (B → (¬(A → ¬B) → B))) → ((¬B → B) → (¬B → (¬(A → ¬B) → B)))), Новая посылка: ((¬B → (B → (¬A → B))) → ((B ∨ (¬B ∨ (B ∨ B))) → ((¬B → B) → (¬B → (¬(A → ¬B) → B)))))
2025-12-27 00:05:49,278 - DEBUG - Применена теорема дедукции для посылки: ((¬(A → ¬B) → (¬(A → ¬B) → ¬B)) → ((¬(A → ¬B) → ¬(A → ¬B)) → (¬(A → ¬B) → ¬B))), Новая посылка: (¬(¬((¬A → (¬B → ¬B)) → ¬(¬B → (¬A → ¬B))) → ¬(¬B → (¬B → ¬B))) → ((A ∨ (A ∨ ¬B)) → ((¬(A → ¬B) → ¬(A → ¬B)) → (¬(A → ¬B) → ¬B))))
2025-12-27 00:05:49,278 - DEBUG - Применена теорема дедукции для посылки: ((A → (¬B → B)) → ((A → ¬B) → (A → B))), Новая посылка: ((¬A ∨ (B ∨ B)) → ((A → ¬B) → (A → B)))
2025-12-27 00:05:49,278 - DEBUG - Применена теорема дедукции для посылки: ((A → ((¬(A → ¬B) → B) → A)) → ((A → (¬(A → ¬B) → B)) → (A → A))), Новая посылка: ((A → (B → A)) → ((¬A ∨ ((¬A ∨ ¬B) ∨ A)) → ((A → (¬(A → ¬B) → B)) → (A → A))))
2025-12-27 00:05:49,278 - DEBUG - Применена теорема дедукции для посылки: ((¬B → (¬(A → ¬B) → ¬(A → ¬B))) → ((¬B → ¬(A → ¬B)) → (¬B → ¬(A → ¬B)))), Новая посылка: ((¬B → (¬B → (A → ¬B))) → ((B ∨ (A ∨ (¬A ∨ ¬B))) → ((¬B → ¬(A → ¬B)) → (¬B → ¬(A → ¬B)))))
2025-12-27 00:05:49,278 - DEBUG - Применена теорема дедукции для посылки: ((¬(A → ¬B) → B) → ((¬(A → ¬B) → B) → ¬(A → ¬B))), Новая посылка: ((¬B → B) → ((A ∨ B) → ((¬(A → ¬B) → B) → ¬(A → ¬B))))
2025-12-27 00:05:49,279 - INFO - Step 0: 306 formulas
2025-12-27 00:05:49,279 - INFO - Используем правило вывода
2025-12-27 00:05:49,314 - DEBUG - Найдено соответствие для MP. Посылка 1: (A → (B → A)), Посылка с правилом вывода: ((A → (B → A)) → ((¬A ∨ ((¬A ∨ ¬B) ∨ A)) → ((A → (¬(A → ¬B) → B)) → (A → A)))), Новая посылка: ((¬A ∨ ((¬A ∨ ¬B) ∨ A)) → ((A → (¬(A → ¬B) → B)) → (A → A)))
2025-12-27 00:05:49,384 - DEBUG - Найдено соответствие для MP. Посылка 1: (¬B → (B → ¬B)), Посылка с правилом вывода: ((¬B → (B → ¬B)) → ((A ∨ (¬B ∨ ¬B)) → ((¬(A → ¬B) → B) → (¬(A → ¬B) → ¬B)))), Новая посылка: ((A ∨ (¬B ∨ ¬B)) → ((¬(A → ¬B) → B) → (¬(A → ¬B) → ¬B)))
2025-12-27 00:05:49,443 - DEBUG - Найдено соответствие для MP. Посылка 1: (¬B → (B → ¬B)), Посылка с правилом вывода: ((¬B → (B → ¬B)) → ((B ∨ ((¬A ∨ ¬B) ∨ ¬B)) → ((¬B → (¬(A → ¬B) → B)) → (¬B → ¬B)))), Новая посылка: ((B ∨ ((¬A ∨ ¬B) ∨ ¬B)) → ((¬B → (¬(A → ¬B) → B)) → (¬B → ¬B)))
2025-12-27 00:05:49,478 - DEBUG - Найдено соответствие для MP. Посылка 1: (¬B → (¬B → ¬B)), Посылка с правилом вывода: ((¬B → (¬B → ¬B)) → ((B ∨ (A ∨ ¬B)) → ((¬B → ¬(A → ¬B)) → (¬B → ¬B)))), Новая посылка: ((B ∨ (A ∨ ¬B)) → ((¬B → ¬(A → ¬B)) → (¬B → ¬B)))
2025-12-27 00:05:49,573 - DEBUG - Найдено соответствие для MP. Посылка 1: (B → (¬(A → ¬B) → B)), Посылка с правилом вывода: ((B → (¬(A → ¬B) → B)) → B), Новая посылка: B
2025-12-27 00:05:49,577 - DEBUG - Найдено соответствие для MP. Посылка 1: (B → (¬(A → ¬B) → B)), Посылка с правилом вывода: ((B → (¬(A → ¬B) → B)) → ((¬B ∨ (¬B ∨ B)) → ((B → (¬(A → ¬B) → B)) → (B → B)))), Новая посылка: ((¬B ∨ (¬B ∨ B)) → ((B → (¬(A → ¬B) → B)) → (B → B)))
2025-12-27 00:05:49,583 - DEBUG - Найдено соответствие для MP. Посылка 1: (B → (¬(A → ¬B) → B)), Посылка с правилом вывода: ((B → (¬(A → ¬B) → B)) → (B → B)), Новая посылка: (B → B)
2025-12-27 00:05:49,644 - INFO - Step 1: 313 formulas
2025-12-27 00:05:49,644 - INFO - Используем правило вывода
2025-12-27 00:05:49,683 - DEBUG - Найдено соответствие для MP. Посылка 1: B, Посылка с правилом вывода: (B → (A → B)), Новая посылка: (A → B)
2025-12-27 00:05:49,716 - DEBUG - Найдено соответствие для MP. Посылка 1: B, Посылка с правилом вывода: (B → ((¬(A → ¬B) → B) → B)), Новая посылка: ((¬(A → ¬B) → B) → B)
2025-12-27 00:05:49,745 - DEBUG - Найдено соответствие для MP. Посылка 1: B, Посылка с правилом вывода: (B → (¬B → B)), Новая посылка: (¬B → B)
2025-12-27 00:05:49,773 - DEBUG - Найдено соответствие для MP. Посылка 1: (B → B), Посылка с правилом вывода: ((B → B) → (((¬A ∨ ¬B) ∨ B) → (((¬(A → ¬B) → B) → B) → (¬(A → ¬B) → B)))), Новая посылка: (((¬A ∨ ¬B) ∨ B) → (((¬(A → ¬B) → B) → B) → (¬(A → ¬B) → B)))
2025-12-27 00:05:49,793 - DEBUG - Найдено соответствие для MP. Посылка 1: B, Посылка с правилом вывода: (B → (¬(A → ¬B) → B)), Новая посылка: (¬(A → ¬B) → B)
2025-12-27 00:05:49,938 - DEBUG - Найдено соответствие для MP. Посылка 1: (B → B), Посылка с правилом вывода: ((B → B) → ((B → B) → B)), Новая посылка: ((B → B) → B)
2025-12-27 00:05:49,992 - INFO - ===================Алгоритм доказал формулу=====================
2025-12-27 00:05:49,992 - INFO - Формула была выведена: (¬(A → ¬B) → B)
