2025-12-27 00:05:49,994 - INFO - ============Начало доказательства==============
2025-12-27 00:05:49,994 - INFO - Преобразованная формула: (A → (B → ¬(A → ¬B)))
2025-12-27 00:05:49,994 - DEBUG - Подставляем в аксиому (A → (B → A)) подстановку {'B': '¬B', 'A': '¬B'}. Результат: (¬B → (¬B → ¬B))
2025-12-27 00:05:49,994 - DEBUG - Подставляем в аксиому (A → (B → A)) подстановку {'B': '¬B', 'A': '¬(A → ¬B)'}. Результат: (¬(A → ¬B) → (¬B → ¬(A → ¬B)))
2025-12-27 00:05:49,994 - DEBUG - Подставляем в аксиому (A → (B → A)) подстановку {'B': '¬B', 'A': 'B'}. Результат: (B → (¬B → B))
2025-12-27 00:05:49,996 - DEBUG - Подставляем в аксиому (A → (B → A)) подстановку {'B': '¬B', 'A': '(B → ¬(A → ¬B))'}. Результат: ((B → ¬(A → ¬B)) → (¬B → (B → ¬(A → ¬B))))
2025-12-27 00:05:49,996 - DEBUG - Подставляем в аксиому (A → (B → A)) подстановку {'B': '¬B', 'A': 'A'}. Результат: (A → (¬B → A))
2025-12-27 00:05:49,996 - DEBUG - Подставляем в аксиому (A → (B → A)) подстановку {'B': '¬B', 'A': '(A → (B → ¬(A → ¬B)))'}. Результат: ((A → (B → ¬(A → ¬B))) → (¬B → (A → (B → ¬(A → ¬B)))))
2025-12-27 00:05:49,996 - DEBUG - Подставляем в аксиому (A → (B → A)) подстановку {'B': '¬(A → ¬B)', 'A': '¬B'}. Результат: (¬B → (¬(A → ¬B) → ¬B))
2025-12-27 00:05:49,996 - DEBUG - Подставляем в аксиому (A → (B → A)) подстановку {'B': '¬(A → ¬B)', 'A': '¬(A → ¬B)'}. Результат: (¬(A → ¬B) → (¬(A → ¬B) → ¬(A → ¬B)))
2025-12-27 00:05:49,996 - DEBUG - Подставляем в аксиому (A → (B → A)) подстановку {'B': '¬(A → ¬B)', 'A': 'B'}. Результат: (B → (¬(A → ¬B) → B))
2025-12-27 00:05:49,996 - DEBUG - Подставляем в аксиому (A → (B → A)) подстановку {'B': '¬(A → ¬B)', 'A': '(B → ¬(A → ¬B))'}. Результат: ((B → ¬(A → ¬B)) → (¬(A → ¬B) → (B → ¬(A → ¬B))))
2025-12-27 00:05:49,996 - DEBUG - Подставляем в аксиому (A → (B → A)) подстановку {'B': '¬(A → ¬B)', 'A': 'A'}. Результат: (A → (¬(A → ¬B) → A))
2025-12-27 00:05:49,996 - DEBUG - Подставляем в аксиому (A → (B → A)) подстановку {'B': '¬(A → ¬B)', 'A': '(A → (B → ¬(A → ¬B)))'}. Результат: ((A → (B → ¬(A → ¬B))) → (¬(A → ¬B) → (A → (B → ¬(A → ¬B)))))
2025-12-27 00:05:49,996 - DEBUG - Подставляем в аксиому (A → (B → A)) подстановку {'B': 'B', 'A': '¬B'}. Результат: (¬B → (B → ¬B))
2025-12-27 00:05:49,996 - DEBUG - Подставляем в аксиому (A → (B → A)) подстановку {'B': 'B', 'A': '¬(A → ¬B)'}. Результат: (¬(A → ¬B) → (B → ¬(A → ¬B)))
2025-12-27 00:05:49,996 - DEBUG - Подставляем в аксиому (A → (B → A)) подстановку {'B': 'B', 'A': 'B'}. Результат: (B → (B → B))
2025-12-27 00:05:49,996 - DEBUG - Подставляем в аксиому (A → (B → A)) подстановку {'B': 'B', 'A': '(B → ¬(A → ¬B))'}. Результат: ((B → ¬(A → ¬B)) → (B → (B → ¬(A → ¬B))))
2025-12-27 00:05:49,997 - DEBUG - Подставляем в аксиому (A → (B → A)) подстановку {'B': 'B', 'A': 'A'}. Результат: (A → (B → A))
2025-12-27 00:05:49,997 - DEBUG - Подставляем в аксиому (A → (B → A)) подстановку {'B': 'B', 'A': '(A → (B → ¬(A → ¬B)))'}. Результат: ((A → (B → ¬(A → ¬B))) → (B → (A → (B → ¬(A → ¬B)))))
2025-12-27 00:05:49,997 - DEBUG - Подставляем в аксиому (A → (B → A)) подстановку {'B': '(B → ¬(A → ¬B))', 'A': '¬B'}. Результат: (¬B → ((B → ¬(A → ¬B)) → ¬B))
2025-12-27 00:05:49,997 - DEBUG - Подставляем в аксиому (A → (B → A)) подстановку {'B': '(B → ¬(A → ¬B))', 'A': '¬(A → ¬B)'}. Результат: (¬(A → ¬B) → ((B → ¬(A → ¬B)) → ¬(A → ¬B)))
2025-12-27 00:05:49,997 - DEBUG - Подставляем в аксиому (A → (B → A)) подстановку {'B': '(B → ¬(A → ¬B))', 'A': 'B'}. Результат: (B → ((B → ¬(A → ¬B)) → B))
2025-12-27 00:05:49,997 - DEBUG - Подставляем в аксиому (A → (B → A)) подстановку {'B': '(B → ¬(A → ¬B))', 'A': '(B → ¬(A → ¬B))'}. Результат: ((B → ¬(A → ¬B)) → ((B → ¬(A → ¬B)) → (B → ¬(A → ¬B))))
2025-12-27 00:05:49,997 - DEBUG - Подставляем в аксиому (A → (B → A)) подстановку {'B': '(B → ¬(A → ¬B))', 'A': 'A'}. Результат: (A → ((B → ¬(A → ¬B)) → A))
2025-12-27 00:05:49,997 - DEBUG - Подставляем в аксиому (A → (B → A)) подстановку {'B': '(B → ¬(A → ¬B))', 'A': '(A → (B → ¬(A → ¬B)))'}. Результат: ((A → (B → ¬(A → ¬B))) → ((B → ¬(A → ¬B)) → (A → (B → ¬(A → ¬B)))))
2025-12-27 00:05:49,997 - DEBUG - Подставляем в аксиому (A → (B → A)) подстановку {'B': 'A', 'A': '¬B'}. Результат: (¬B → (A → ¬B))
2025-12-27 00:05:49,997 - DEBUG - Подставляем в аксиому (A → (B → A)) подстановку {'B': 'A', 'A': '¬(A → ¬B)'}. Результат: (¬(A → ¬B) → (A → ¬(A → ¬B)))
2025-12-27 00:05:49,997 - DEBUG - Подставляем в аксиому (A → (B → A)) подстановку {'B': 'A', 'A': 'B'}. Результат: (B → (A → B))
2025-12-27 00:05:49,997 - DEBUG - Подставляем в аксиому (A → (B → A)) подстановку {'B': 'A', 'A': '(B → ¬(A → ¬B))'}. Результат: ((B → ¬(A → ¬B)) → (A → (B → ¬(A → ¬B))))
2025-12-27 00:05:49,997 - DEBUG - Подставляем в аксиому (A → (B → A)) подстановку {'B': 'A', 'A': 'A'}. Результат: (A → (A → A))
2025-12-27 00:05:49,997 - DEBUG - Подставляем в аксиому (A → (B → A)) подстановку {'B': 'A', 'A': '(A → (B → ¬(A → ¬B)))'}. Результат: ((A → (B → ¬(A → ¬B))) → (A → (A → (B → ¬(A → ¬B)))))
2025-12-27 00:05:49,997 - DEBUG - Подставляем в аксиому (A → (B → A)) подстановку {'B': '(A → (B → ¬(A → ¬B)))', 'A': '¬B'}. Результат: (¬B → ((A → (B → ¬(A → ¬B))) → ¬B))
2025-12-27 00:05:49,997 - DEBUG - Подставляем в аксиому (A → (B → A)) подстановку {'B': '(A → (B → ¬(A → ¬B)))', 'A': '¬(A → ¬B)'}. Результат: (¬(A → ¬B) → ((A → (B → ¬(A → ¬B))) → ¬(A → ¬B)))
2025-12-27 00:05:49,997 - DEBUG - Подставляем в аксиому (A → (B → A)) подстановку {'B': '(A → (B → ¬(A → ¬B)))', 'A': 'B'}. Результат: (B → ((A → (B → ¬(A → ¬B))) → B))
2025-12-27 00:05:49,997 - DEBUG - Подставляем в аксиому (A → (B → A)) подстановку {'B': '(A → (B → ¬(A → ¬B)))', 'A': '(B → ¬(A → ¬B))'}. Результат: ((B → ¬(A → ¬B)) → ((A → (B → ¬(A → ¬B))) → (B → ¬(A → ¬B))))
2025-12-27 00:05:49,997 - DEBUG - Подставляем в аксиому (A → (B → A)) подстановку {'B': '(A → (B → ¬(A → ¬B)))', 'A': 'A'}. Результат: (A → ((A → (B → ¬(A → ¬B))) → A))
2025-12-27 00:05:49,997 - DEBUG - Подставляем в аксиому (A → (B → A)) подстановку {'B': '(A → (B → ¬(A → ¬B)))', 'A': '(A → (B → ¬(A → ¬B)))'}. Результат: ((A → (B → ¬(A → ¬B))) → ((A → (B → ¬(A → ¬B))) → (A → (B → ¬(A → ¬B)))))
2025-12-27 00:05:49,997 - DEBUG - Подставляем в аксиому ((A → (B → C)) → ((A → B) → (A → C))) подстановку {'A': '¬B', 'B': '¬B', 'C': '¬B'}. Результат: ((¬B → (¬B → ¬B)) → ((¬B → ¬B) → (¬B → ¬B)))
2025-12-27 00:05:49,997 - DEBUG - Подставляем в аксиому ((A → (B → C)) → ((A → B) → (A → C))) подстановку {'A': '¬B', 'B': '¬B', 'C': '¬(A → ¬B)'}. Результат: ((¬B → (¬B → ¬(A → ¬B))) → ((¬B → ¬B) → (¬B → ¬(A → ¬B))))
2025-12-27 00:05:49,997 - DEBUG - Подставляем в аксиому ((A → (B → C)) → ((A → B) → (A → C))) подстановку {'A': '¬B', 'B': '¬B', 'C': 'B'}. Результат: ((¬B → (¬B → B)) → ((¬B → ¬B) → (¬B → B)))
2025-12-27 00:05:49,997 - DEBUG - Подставляем в аксиому ((A → (B → C)) → ((A → B) → (A → C))) подстановку {'A': '¬B', 'B': '¬B', 'C': '(B → ¬(A → ¬B))'}. Результат: ((¬B → (¬B → (B → ¬(A → ¬B)))) → ((¬B → ¬B) → (¬B → (B → ¬(A → ¬B)))))
2025-12-27 00:05:49,997 - DEBUG - Подставляем в аксиому ((A → (B → C)) → ((A → B) → (A → C))) подстановку {'A': '¬B', 'B': '¬B', 'C': 'A'}. Результат: ((¬B → (¬B → A)) → ((¬B → ¬B) → (¬B → A)))
2025-12-27 00:05:49,997 - DEBUG - Подставляем в аксиому ((A → (B → C)) → ((A → B) → (A → C))) подстановку {'A': '¬B', 'B': '¬B', 'C': '(A → (B → ¬(A → ¬B)))'}. Результат: ((¬B → (¬B → (A → (B → ¬(A → ¬B))))) → ((¬B → ¬B) → (¬B → (A → (B → ¬(A → ¬B))))))
2025-12-27 00:05:49,997 - DEBUG - Подставляем в аксиому ((A → (B → C)) → ((A → B) → (A → C))) подстановку {'A': '¬B', 'B': '¬(A → ¬B)', 'C': '¬B'}. Результат: ((¬B → (¬(A → ¬B) → ¬B)) → ((¬B → ¬(A → ¬B)) → (¬B → ¬B)))
2025-12-27 00:05:49,998 - DEBUG - Подставляем в аксиому ((A → (B → C)) → ((A → B) → (A → C))) подстановку {'A': '¬B', 'B': '¬(A → ¬B)', 'C': '¬(A → ¬B)'}. Результат: ((¬B → (¬(A → ¬B) → ¬(A → ¬B))) → ((¬B → ¬(A → ¬B)) → (¬B → ¬(A → ¬B))))
2025-12-27 00:05:49,998 - DEBUG - Подставляем в аксиому ((A → (B → C)) → ((A → B) → (A → C))) подстановку {'A': '¬B', 'B': '¬(A → ¬B)', 'C': 'B'}. Результат: ((¬B → (¬(A → ¬B) → B)) → ((¬B → ¬(A → ¬B)) → (¬B → B)))
2025-12-27 00:05:49,998 - DEBUG - Подставляем в аксиому ((A → (B → C)) → ((A → B) → (A → C))) подстановку {'A': '¬B', 'B': '¬(A → ¬B)', 'C': '(B → ¬(A → ¬B))'}. Результат: ((¬B → (¬(A → ¬B) → (B → ¬(A → ¬B)))) → ((¬B → ¬(A → ¬B)) → (¬B → (B → ¬(A → ¬B)))))
2025-12-27 00:05:49,998 - DEBUG - Подставляем в аксиому ((A → (B → C)) → ((A → B) → (A → C))) подстановку {'A': '¬B', 'B': '¬(A → ¬B)', 'C': 'A'}. Результат: ((¬B → (¬(A → ¬B) → A)) → ((¬B → ¬(A → ¬B)) → (¬B → A)))
2025-12-27 00:05:49,998 - DEBUG - Подставляем в аксиому ((A → (B → C)) → ((A → B) → (A → C))) подстановку {'A': '¬B', 'B': '¬(A → ¬B)', 'C': '(A → (B → ¬(A → ¬B)))'}. Результат: ((¬B → (¬(A → ¬B) → (A → (B → ¬(A → ¬B))))) → ((¬B → ¬(A → ¬B)) → (¬B → (A → (B → ¬(A → ¬B))))))
2025-12-27 00:05:49,998 - DEBUG - Подставляем в аксиому ((A → (B → C)) → ((A → B) → (A → C))) подстановку {'A': '¬B', 'B': 'B', 'C': '¬B'}. Результат: ((¬B → (B → ¬B)) → ((¬B → B) → (¬B → ¬B)))
2025-12-27 00:05:49,998 - DEBUG - Подставляем в аксиому ((A → (B → C)) → ((A → B) → (A → C))) подстановку {'A': '¬B', 'B': 'B', 'C': '¬(A → ¬B)'}. Результат: ((¬B → (B → ¬(A → ¬B))) → ((¬B → B) → (¬B → ¬(A → ¬B))))
2025-12-27 00:05:49,998 - DEBUG - Подставляем в аксиому ((A → (B → C)) → ((A → B) → (A → C))) подстановку {'A': '¬B', 'B': 'B', 'C': 'B'}. Результат: ((¬B → (B → B)) → ((¬B → B) → (¬B → B)))
2025-12-27 00:05:49,998 - DEBUG - Подставляем в аксиому ((A → (B → C)) → ((A → B) → (A → C))) подстановку {'A': '¬B', 'B': 'B', 'C': '(B → ¬(A → ¬B))'}. Результат: ((¬B → (B → (B → ¬(A → ¬B)))) → ((¬B → B) → (¬B → (B → ¬(A → ¬B)))))
2025-12-27 00:05:49,998 - DEBUG - Подставляем в аксиому ((A → (B → C)) → ((A → B) → (A → C))) подстановку {'A': '¬B', 'B': 'B', 'C': 'A'}. Результат: ((¬B → (B → A)) → ((¬B → B) → (¬B → A)))
2025-12-27 00:05:49,998 - DEBUG - Подставляем в аксиому ((A → (B → C)) → ((A → B) → (A → C))) подстановку {'A': '¬B', 'B': 'B', 'C': '(A → (B → ¬(A → ¬B)))'}. Результат: ((¬B → (B → (A → (B → ¬(A → ¬B))))) → ((¬B → B) → (¬B → (A → (B → ¬(A → ¬B))))))
2025-12-27 00:05:49,998 - DEBUG - Подставляем в аксиому ((A → (B → C)) → ((A → B) → (A → C))) подстановку {'A': '¬B', 'B': '(B → ¬(A → ¬B))', 'C': '¬B'}. Результат: ((¬B → ((B → ¬(A → ¬B)) → ¬B)) → ((¬B → (B → ¬(A → ¬B))) → (¬B → ¬B)))
2025-12-27 00:05:49,998 - DEBUG - Подставляем в аксиому ((A → (B → C)) → ((A → B) → (A → C))) подстановку {'A': '¬B', 'B': '(B → ¬(A → ¬B))', 'C': '¬(A → ¬B)'}. Результат: ((¬B → ((B → ¬(A → ¬B)) → ¬(A → ¬B))) → ((¬B → (B → ¬(A → ¬B))) → (¬B → ¬(A → ¬B))))
2025-12-27 00:05:49,998 - DEBUG - Подставляем в аксиому ((A → (B → C)) → ((A → B) → (A → C))) подстановку {'A': '¬B', 'B': '(B → ¬(A → ¬B))', 'C': 'B'}. Результат: ((¬B → ((B → ¬(A → ¬B)) → B)) → ((¬B → (B → ¬(A → ¬B))) → (¬B → B)))
2025-12-27 00:05:49,998 - DEBUG - Подставляем в аксиому ((A → (B → C)) → ((A → B) → (A → C))) подстановку {'A': '¬B', 'B': '(B → ¬(A → ¬B))', 'C': '(B → ¬(A → ¬B))'}. Результат: ((¬B → ((B → ¬(A → ¬B)) → (B → ¬(A → ¬B)))) → ((¬B → (B → ¬(A → ¬B))) → (¬B → (B → ¬(A → ¬B)))))
2025-12-27 00:05:49,998 - DEBUG - Подставляем в аксиому ((A → (B → C)) → ((A → B) → (A → C))) подстановку {'A': '¬B', 'B': '(B → ¬(A → ¬B))', 'C': 'A'}. Результат: ((¬B → ((B → ¬(A → ¬B)) → A)) → ((¬B → (B → ¬(A → ¬B))) → (¬B → A)))
2025-12-27 00:05:49,998 - DEBUG - Подставляем в аксиому ((A → (B → C)) → ((A → B) → (A → C))) подстановку {'A': '¬B', 'B': '(B → ¬(A → ¬B))', 'C': '(A → (B → ¬(A → ¬B)))'}. Результат: ((¬B → ((B → ¬(A → ¬B)) → (A → (B → ¬(A → ¬B))))) → ((¬B → (B → ¬(A → ¬B))) → (¬B → (A → (B → ¬(A → ¬B))))))
2025-12-27 00:05:49,998 - DEBUG - Подставляем в аксиому ((A → (B → C)) → ((A → B) → (A → C))) подстановку {'A': '¬B', 'B': 'A', 'C': '¬B'}. Результат: ((¬B → (A → ¬B)) → ((¬B → A) → (¬B → ¬B)))
2025-12-27 00:05:49,998 - DEBUG - Подставляем в аксиому ((A → (B → C)) → ((A → B) → (A → C))) подстановку {'A': '¬B', 'B': 'A', 'C': '¬(A → ¬B)'}. Результат: ((¬B → (A → ¬(A → ¬B))) → ((¬B → A) → (¬B → ¬(A → ¬B))))
2025-12-27 00:05:49,998 - DEBUG - Подставляем в аксиому ((A → (B → C)) → ((A → B) → (A → C))) подстановку {'A': '¬B', 'B': 'A', 'C': 'B'}. Результат: ((¬B → (A → B)) → ((¬B → A) → (¬B → B)))
2025-12-27 00:05:49,998 - DEBUG - Подставляем в аксиому ((A → (B → C)) → ((A → B) → (A → C))) подстановку {'A': '¬B', 'B': 'A', 'C': '(B → ¬(A → ¬B))'}. Результат: ((¬B → (A → (B → ¬(A → ¬B)))) → ((¬B → A) → (¬B → (B → ¬(A → ¬B)))))
2025-12-27 00:05:49,998 - DEBUG - Подставляем в аксиому ((A → (B → C)) → ((A → B) → (A → C))) подстановку {'A': '¬B', 'B': 'A', 'C': 'A'}. Результат: ((¬B → (A → A)) → ((¬B → A) → (¬B → A)))
2025-12-27 00:05:49,998 - DEBUG - Подставляем в аксиому ((A → (B → C)) → ((A → B) → (A → C))) подстановку {'A': '¬B', 'B': 'A', 'C': '(A → (B → ¬(A → ¬B)))'}. Результат: ((¬B → (A → (A → (B → ¬(A → ¬B))))) → ((¬B → A) → (¬B → (A → (B → ¬(A → ¬B))))))
2025-12-27 00:05:49,998 - DEBUG - Подставляем в аксиому ((A → (B → C)) → ((A → B) → (A → C))) подстановку {'A': '¬B', 'B': '(A → (B → ¬(A → ¬B)))', 'C': '¬B'}. Результат: ((¬B → ((A → (B → ¬(A → ¬B))) → ¬B)) → ((¬B → (A → (B → ¬(A → ¬B)))) → (¬B → ¬B)))
2025-12-27 00:05:49,998 - DEBUG - Подставляем в аксиому ((A → (B → C)) → ((A → B) → (A → C))) подстановку {'A': '¬B', 'B': '(A → (B → ¬(A → ¬B)))', 'C': '¬(A → ¬B)'}. Результат: ((¬B → ((A → (B → ¬(A → ¬B))) → ¬(A → ¬B))) → ((¬B → (A → (B → ¬(A → ¬B)))) → (¬B → ¬(A → ¬B))))
2025-12-27 00:05:49,998 - DEBUG - Подставляем в аксиому ((A → (B → C)) → ((A → B) → (A → C))) подстановку {'A': '¬B', 'B': '(A → (B → ¬(A → ¬B)))', 'C': 'B'}. Результат: ((¬B → ((A → (B → ¬(A → ¬B))) → B)) → ((¬B → (A → (B → ¬(A → ¬B)))) → (¬B → B)))
2025-12-27 00:05:49,998 - DEBUG - Подставляем в аксиому ((A → (B → C)) → ((A → B) → (A → C))) подстановку {'A': '¬B', 'B': '(A → (B → ¬(A → ¬B)))', 'C': '(B → ¬(A → ¬B))'}. Результат: ((¬B → ((A → (B → ¬(A → ¬B))) → (B → ¬(A → ¬B)))) → ((¬B → (A → (B → ¬(A → ¬B)))) → (¬B → (B → ¬(A → ¬B)))))
2025-12-27 00:05:49,998 - DEBUG - Подставляем в аксиому ((A → (B → C)) → ((A → B) → (A → C))) подстановку {'A': '¬B', 'B': '(A → (B → ¬(A → ¬B)))', 'C': 'A'}. Результат: ((¬B → ((A → (B → ¬(A → ¬B))) → A)) → ((¬B → (A → (B → ¬(A → ¬B)))) → (¬B → A)))
2025-12-27 00:05:49,998 - DEBUG - Подставляем в аксиому ((A → (B → C)) → ((A → B) → (A → C))) подстановку {'A': '¬B', 'B': '(A → (B → ¬(A → ¬B)))', 'C': '(A → (B → ¬(A → ¬B)))'}. Результат: ((¬B → ((A → (B → ¬(A → ¬B))) → (A → (B → ¬(A → ¬B))))) → ((¬B → (A → (B → ¬(A → ¬B)))) → (¬B → (A → (B → ¬(A → ¬B))))))
2025-12-27 00:05:49,999 - DEBUG - Подставляем в аксиому ((A → (B → C)) → ((A → B) → (A → C))) подстановку {'A': '¬(A → ¬B)', 'B': '¬B', 'C': '¬B'}. Результат: ((¬(A → ¬B) → (¬B → ¬B)) → ((¬(A → ¬B) → ¬B) → (¬(A → ¬B) → ¬B)))
2025-12-27 00:05:49,999 - DEBUG - Подставляем в аксиому ((A → (B → C)) → ((A → B) → (A → C))) подстановку {'A': '¬(A → ¬B)', 'B': '¬B', 'C': '¬(A → ¬B)'}. Результат: ((¬(A → ¬B) → (¬B → ¬(A → ¬B))) → ((¬(A → ¬B) → ¬B) → (¬(A → ¬B) → ¬(A → ¬B))))
2025-12-27 00:05:49,999 - DEBUG - Подставляем в аксиому ((A → (B → C)) → ((A → B) → (A → C))) подстановку {'A': '¬(A → ¬B)', 'B': '¬B', 'C': 'B'}. Результат: ((¬(A → ¬B) → (¬B → B)) → ((¬(A → ¬B) → ¬B) → (¬(A → ¬B) → B)))
2025-12-27 00:05:49,999 - DEBUG - Подставляем в аксиому ((A → (B → C)) → ((A → B) → (A → C))) подстановку {'A': '¬(A → ¬B)', 'B': '¬B', 'C': '(B → ¬(A → ¬B))'}. Результат: ((¬(A → ¬B) → (¬B → (B → ¬(A → ¬B)))) → ((¬(A → ¬B) → ¬B) → (¬(A → ¬B) → (B → ¬(A → ¬B)))))
2025-12-27 00:05:49,999 - DEBUG - Подставляем в аксиому ((A → (B → C)) → ((A → B) → (A → C))) подстановку {'A': '¬(A → ¬B)', 'B': '¬B', 'C': 'A'}. Результат: ((¬(A → ¬B) → (¬B → A)) → ((¬(A → ¬B) → ¬B) → (¬(A → ¬B) → A)))
2025-12-27 00:05:49,999 - DEBUG - Подставляем в аксиому ((A → (B → C)) → ((A → B) → (A → C))) подстановку {'A': '¬(A → ¬B)', 'B': '¬B', 'C': '(A → (B → ¬(A → ¬B)))'}. Результат: ((¬(A → ¬B) → (¬B → (A → (B → ¬(A → ¬B))))) → ((¬(A → ¬B) → ¬B) → (¬(A → ¬B) → (A → (B → ¬(A → ¬B))))))
2025-12-27 00:05:49,999 - DEBUG - Подставляем в аксиому ((A → (B → C)) → ((A → B) → (A → C))) подстановку {'A': '¬(A → ¬B)', 'B': '¬(A → ¬B)', 'C': '¬B'}. Результат: ((¬(A → ¬B) → (¬(A → ¬B) → ¬B)) → ((¬(A → ¬B) → ¬(A → ¬B)) → (¬(A → ¬B) → ¬B)))
2025-12-27 00:05:49,999 - DEBUG - Подставляем в аксиому ((A → (B → C)) → ((A → B) → (A → C))) подстановку {'A': '¬(A → ¬B)', 'B': '¬(A → ¬B)', 'C': '¬(A → ¬B)'}. Результат: ((¬(A → ¬B) → (¬(A → ¬B) → ¬(A → ¬B))) → ((¬(A → ¬B) → ¬(A → ¬B)) → (¬(A → ¬B) → ¬(A → ¬B))))
2025-12-27 00:05:49,999 - DEBUG - Подставляем в аксиому ((A → (B → C)) → ((A → B) → (A → C))) подстановку {'A': '¬(A → ¬B)', 'B': '¬(A → ¬B)', 'C': 'B'}. Результат: ((¬(A → ¬B) → (¬(A → ¬B) → B)) → ((¬(A → ¬B) → ¬(A → ¬B)) → (¬(A → ¬B) → B)))
2025-12-27 00:05:49,999 - DEBUG - Подставляем в аксиому ((A → (B → C)) → ((A → B) → (A → C))) подстановку {'A': '¬(A → ¬B)', 'B': '¬(A → ¬B)', 'C': '(B → ¬(A → ¬B))'}. Результат: ((¬(A → ¬B) → (¬(A → ¬B) → (B → ¬(A → ¬B)))) → ((¬(A → ¬B) → ¬(A → ¬B)) → (¬(A → ¬B) → (B → ¬(A → ¬B)))))
2025-12-27 00:05:49,999 - DEBUG - Подставляем в аксиому ((A → (B → C)) → ((A → B) → (A → C))) подстановку {'A': '¬(A → ¬B)', 'B': '¬(A → ¬B)', 'C': 'A'}. Результат: ((¬(A → ¬B) → (¬(A → ¬B) → A)) → ((¬(A → ¬B) → ¬(A → ¬B)) → (¬(A → ¬B) → A)))
2025-12-27 00:05:49,999 - DEBUG - Подставляем в аксиому ((A → (B → C)) → ((A → B) → (A → C))) подстановку {'A': '¬(A → ¬B)', 'B': '¬(A → ¬B)', 'C': '(A → (B → ¬(A → ¬B)))'}. Результат: ((¬(A → ¬B) → (¬(A → ¬B) → (A → (B → ¬(A → ¬B))))) → ((¬(A → ¬B) → ¬(A → ¬B)) → (¬(A → ¬B) → (A → (B → ¬(A → ¬B))))))
2025-12-27 00:05:49,999 - DEBUG - Подставляем в аксиому ((A → (B → C)) → ((A → B) → (A → C))) подстановку {'A': '¬(A → ¬B)', 'B': 'B', 'C': '¬B'}. Результат: ((¬(A → ¬B) → (B → ¬B)) → ((¬(A → ¬B) → B) → (¬(A → ¬B) → ¬B)))
2025-12-27 00:05:49,999 - DEBUG - Подставляем в аксиому ((A → (B → C)) → ((A → B) → (A → C))) подстановку {'A': '¬(A → ¬B)', 'B': 'B', 'C': '¬(A → ¬B)'}. Результат: ((¬(A → ¬B) → (B → ¬(A → ¬B))) → ((¬(A → ¬B) → B) → (¬(A → ¬B) → ¬(A → ¬B))))
2025-12-27 00:05:49,999 - DEBUG - Подставляем в аксиому ((A → (B → C)) → ((A → B) → (A → C))) подстановку {'A': '¬(A → ¬B)', 'B': 'B', 'C': 'B'}. Результат: ((¬(A → ¬B) → (B → B)) → ((¬(A → ¬B) → B) → (¬(A → ¬B) → B)))
2025-12-27 00:05:49,999 - DEBUG - Подставляем в аксиому ((A → (B → C)) → ((A → B) → (A → C))) подстановку {'A': '¬(A → ¬B)', 'B': 'B', 'C': '(B → ¬(A → ¬B))'}. Результат: ((¬(A → ¬B) → (B → (B → ¬(A → ¬B)))) → ((¬(A → ¬B) → B) → (¬(A → ¬B) → (B → ¬(A → ¬B)))))
2025-12-27 00:05:49,999 - DEBUG - Подставляем в аксиому ((A → (B → C)) → ((A → B) → (A → C))) подстановку {'A': '¬(A → ¬B)', 'B': 'B', 'C': 'A'}. Результат: ((¬(A → ¬B) → (B → A)) → ((¬(A → ¬B) → B) → (¬(A → ¬B) → A)))
2025-12-27 00:05:49,999 - DEBUG - Подставляем в аксиому ((A → (B → C)) → ((A → B) → (A → C))) подстановку {'A': '¬(A → ¬B)', 'B': 'B', 'C': '(A → (B → ¬(A → ¬B)))'}. Результат: ((¬(A → ¬B) → (B → (A → (B → ¬(A → ¬B))))) → ((¬(A → ¬B) → B) → (¬(A → ¬B) → (A → (B → ¬(A → ¬B))))))
2025-12-27 00:05:49,999 - DEBUG - Подставляем в аксиому ((A → (B → C)) → ((A → B) → (A → C))) подстановку {'A': '¬(A → ¬B)', 'B': '(B → ¬(A → ¬B))', 'C': '¬B'}. Результат: ((¬(A → ¬B) → ((B → ¬(A → ¬B)) → ¬B)) → ((¬(A → ¬B) → (B → ¬(A → ¬B))) → (¬(A → ¬B) → ¬B)))
2025-12-27 00:05:49,999 - DEBUG - Подставляем в аксиому ((A → (B → C)) → ((A → B) → (A → C))) подстановку {'A': '¬(A → ¬B)', 'B': '(B → ¬(A → ¬B))', 'C': '¬(A → ¬B)'}. Результат: ((¬(A → ¬B) → ((B → ¬(A → ¬B)) → ¬(A → ¬B))) → ((¬(A → ¬B) → (B → ¬(A → ¬B))) → (¬(A → ¬B) → ¬(A → ¬B))))
2025-12-27 00:05:49,999 - DEBUG - Подставляем в аксиому ((A → (B → C)) → ((A → B) → (A → C))) подстановку {'A': '¬(A → ¬B)', 'B': '(B → ¬(A → ¬B))', 'C': 'B'}. Результат: ((¬(A → ¬B) → ((B → ¬(A → ¬B)) → B)) → ((¬(A → ¬B) → (B → ¬(A → ¬B))) → (¬(A → ¬B) → B)))
2025-12-27 00:05:49,999 - DEBUG - Подставляем в аксиому ((A → (B → C)) → ((A → B) → (A → C))) подстановку {'A': '¬(A → ¬B)', 'B': '(B → ¬(A → ¬B))', 'C': '(B → ¬(A → ¬B))'}. Результат: ((¬(A → ¬B) → ((B → ¬(A → ¬B)) → (B → ¬(A → ¬B)))) → ((¬(A → ¬B) → (B → ¬(A → ¬B))) → (¬(A → ¬B) → (B → ¬(A → ¬B)))))
2025-12-27 00:05:49,999 - DEBUG - Подставляем в аксиому ((A → (B → C)) → ((A → B) → (A → C))) подстановку {'A': '¬(A → ¬B)', 'B': '(B → ¬(A → ¬B))', 'C': 'A'}. Результат: ((¬(A → ¬B) → ((B → ¬(A → ¬B)) → A)) → ((¬(A → ¬B) → (B → ¬(A → ¬B))) → (¬(A → ¬B) → A)))
2025-12-27 00:05:49,999 - DEBUG - Подставляем в аксиому ((A → (B → C)) → ((A → B) → (A → C))) подстановку {'A': '¬(A → ¬B)', 'B': '(B → ¬(A → ¬B))', 'C': '(A → (B → ¬(A → ¬B)))'}. Результат: ((¬(A → ¬B) → ((B → ¬(A → ¬B)) → (A → (B → ¬(A → ¬B))))) → ((¬(A → ¬B) → (B → ¬(A → ¬B))) → (¬(A → ¬B) → (A → (B → ¬(A → ¬B))))))
2025-12-27 00:05:49,999 - DEBUG - Подставляем в аксиому ((A → (B → C)) → ((A → B) → (A → C))) подстановку {'A': '¬(A → ¬B)', 'B': 'A', 'C': '¬B'}. Результат: ((¬(A → ¬B) → (A → ¬B)) → ((¬(A → ¬B) → A) → (¬(A → ¬B) → ¬B)))
2025-12-27 00:05:49,999 - DEBUG - Подставляем в аксиому ((A → (B → C)) → ((A → B) → (A → C))) подстановку {'A': '¬(A → ¬B)', 'B': 'A', 'C': '¬(A → ¬B)'}. Результат: ((¬(A → ¬B) → (A → ¬(A → ¬B))) → ((¬(A → ¬B) → A) → (¬(A → ¬B) → ¬(A → ¬B))))
2025-12-27 00:05:50,000 - DEBUG - Подставляем в аксиому ((A → (B → C)) → ((A → B) → (A → C))) подстановку {'A': '¬(A → ¬B)', 'B': 'A', 'C': 'B'}. Результат: ((¬(A → ¬B) → (A → B)) → ((¬(A → ¬B) → A) → (¬(A → ¬B) → B)))
2025-12-27 00:05:50,000 - DEBUG - Подставляем в аксиому ((A → (B → C)) → ((A → B) → (A → C))) подстановку {'A': '¬(A → ¬B)', 'B': 'A', 'C': '(B → ¬(A → ¬B))'}. Результат: ((¬(A → ¬B) → (A → (B → ¬(A → ¬B)))) → ((¬(A → ¬B) → A) → (¬(A → ¬B) → (B → ¬(A → ¬B)))))
2025-12-27 00:05:50,000 - DEBUG - Подставляем в аксиому ((A → (B → C)) → ((A → B) → (A → C))) подстановку {'A': '¬(A → ¬B)', 'B': 'A', 'C': 'A'}. Результат: ((¬(A → ¬B) → (A → A)) → ((¬(A → ¬B) → A) → (¬(A → ¬B) → A)))
2025-12-27 00:05:50,000 - DEBUG - Подставляем в аксиому ((A → (B → C)) → ((A → B) → (A → C))) подстановку {'A': '¬(A → ¬B)', 'B': 'A', 'C': '(A → (B → ¬(A → ¬B)))'}. Результат: ((¬(A → ¬B) → (A → (A → (B → ¬(A → ¬B))))) → ((¬(A → ¬B) → A) → (¬(A → ¬B) → (A → (B → ¬(A → ¬B))))))
2025-12-27 00:05:50,000 - DEBUG - Подставляем в аксиому ((A → (B → C)) → ((A → B) → (A → C))) подстановку {'A': '¬(A → ¬B)', 'B': '(A → (B → ¬(A → ¬B)))', 'C': '¬B'}. Результат: ((¬(A → ¬B) → ((A → (B → ¬(A → ¬B))) → ¬B)) → ((¬(A → ¬B) → (A → (B → ¬(A → ¬B)))) → (¬(A → ¬B) → ¬B)))
2025-12-27 00:05:50,000 - DEBUG - Подставляем в аксиому ((A → (B → C)) → ((A → B) → (A → C))) подстановку {'A': '¬(A → ¬B)', 'B': '(A → (B → ¬(A → ¬B)))', 'C': '¬(A → ¬B)'}. Результат: ((¬(A → ¬B) → ((A → (B → ¬(A → ¬B))) → ¬(A → ¬B))) → ((¬(A → ¬B) → (A → (B → ¬(A → ¬B)))) → (¬(A → ¬B) → ¬(A → ¬B))))
2025-12-27 00:05:50,000 - DEBUG - Подставляем в аксиому ((A → (B → C)) → ((A → B) → (A → C))) подстановку {'A': '¬(A → ¬B)', 'B': '(A → (B → ¬(A → ¬B)))', 'C': 'B'}. Результат: ((¬(A → ¬B) → ((A → (B → ¬(A → ¬B))) → B)) → ((¬(A → ¬B) → (A → (B → ¬(A → ¬B)))) → (¬(A → ¬B) → B)))
2025-12-27 00:05:50,000 - DEBUG - Подставляем в аксиому ((A → (B → C)) → ((A → B) → (A → C))) подстановку {'A': '¬(A → ¬B)', 'B': '(A → (B → ¬(A → ¬B)))', 'C': '(B → ¬(A → ¬B))'}. Результат: ((¬(A → ¬B) → ((A → (B → ¬(A → ¬B))) → (B → ¬(A → ¬B)))) → ((¬(A → ¬B) → (A → (B → ¬(A → ¬B)))) → (¬(A → ¬B) → (B → ¬(A → ¬B)))))
2025-12-27 00:05:50,000 - DEBUG - Подставляем в аксиому ((A → (B → C)) → ((A → B) → (A → C))) подстановку {'A': '¬(A → ¬B)', 'B': '(A → (B → ¬(A → ¬B)))', 'C': 'A'}. Результат: ((¬(A → ¬B) → ((A → (B → ¬(A → ¬B))) → A)) → ((¬(A → ¬B) → (A → (B → ¬(A → ¬B)))) → (¬(A → ¬B) → A)))
2025-12-27 00:05:50,000 - DEBUG - Подставляем в аксиому ((A → (B → C)) → ((A → B) → (A → C))) подстановку {'A': '¬(A → ¬B)', 'B': '(A → (B → ¬(A → ¬B)))', 'C': '(A → (B → ¬(A → ¬B)))'}. Результат: ((¬(A → ¬B) → ((A → (B → ¬(A → ¬B))) → (A → (B → ¬(A → ¬B))))) → ((¬(A → ¬B) → (A → (B → ¬(A → ¬B)))) → (¬(A → ¬B) → (A → (B → ¬(A → ¬B))))))
2025-12-27 00:05:50,000 - DEBUG - Подставляем в аксиому ((A → (B → C)) → ((A → B) → (A → C))) подстановку {'A': 'B', 'B': '¬B', 'C': '¬B'}. Результат: ((B → (¬B → ¬B)) → ((B → ¬B) → (B → ¬B)))
2025-12-27 00:05:50,000 - DEBUG - Подставляем в аксиому ((A → (B → C)) → ((A → B) → (A → C))) подстановку {'A': 'B', 'B': '¬B', 'C': '¬(A → ¬B)'}. Результат: ((B → (¬B → ¬(A → ¬B))) → ((B → ¬B) → (B → ¬(A → ¬B))))
2025-12-27 00:05:50,000 - DEBUG - Подставляем в аксиому ((A → (B → C)) → ((A → B) → (A → C))) подстановку {'A': 'B', 'B': '¬B', 'C': 'B'}. Результат: ((B → (¬B → B)) → ((B → ¬B) → (B → B)))
2025-12-27 00:05:50,000 - DEBUG - Подставляем в аксиому ((A → (B → C)) → ((A → B) → (A → C))) подстановку {'A': 'B', 'B': '¬B', 'C': '(B → ¬(A → ¬B))'}. Результат: ((B → (¬B → (B → ¬(A → ¬B)))) → ((B → ¬B) → (B → (B → ¬(A → ¬B)))))
2025-12-27 00:05:50,000 - DEBUG - Подставляем в аксиому ((A → (B → C)) → ((A → B) → (A → C))) подстановку {'A': 'B', 'B': '¬B', 'C': 'A'}. Результат: ((B → (¬B → A)) → ((B → ¬B) → (B → A)))
2025-12-27 00:05:50,001 - DEBUG - Подставляем в аксиому ((A → (B → C)) → ((A → B) → (A → C))) подстановку {'A': 'B', 'B': '¬B', 'C': '(A → (B → ¬(A → ¬B)))'}. Результат: ((B → (¬B → (A → (B → ¬(A → ¬B))))) → ((B → ¬B) → (B → (A → (B → ¬(A → ¬B))))))
2025-12-27 00:05:50,001 - DEBUG - Подставляем в аксиому ((A → (B → C)) → ((A → B) → (A → C))) подстановку {'A': 'B', 'B': '¬(A → ¬B)', 'C': '¬B'}. Результат: ((B → (¬(A → ¬B) → ¬B)) → ((B → ¬(A → ¬B)) → (B → ¬B)))
2025-12-27 00:05:50,001 - DEBUG - Подставляем в аксиому ((A → (B → C)) → ((A → B) → (A → C))) подстановку {'A': 'B', 'B': '¬(A → ¬B)', 'C': '¬(A → ¬B)'}. Результат: ((B → (¬(A → ¬B) → ¬(A → ¬B))) → ((B → ¬(A → ¬B)) → (B → ¬(A → ¬B))))
2025-12-27 00:05:50,001 - DEBUG - Подставляем в аксиому ((A → (B → C)) → ((A → B) → (A → C))) подстановку {'A': 'B', 'B': '¬(A → ¬B)', 'C': 'B'}. Результат: ((B → (¬(A → ¬B) → B)) → ((B → ¬(A → ¬B)) → (B → B)))
2025-12-27 00:05:50,001 - DEBUG - Подставляем в аксиому ((A → (B → C)) → ((A → B) → (A → C))) подстановку {'A': 'B', 'B': '¬(A → ¬B)', 'C': '(B → ¬(A → ¬B))'}. Результат: ((B → (¬(A → ¬B) → (B → ¬(A → ¬B)))) → ((B → ¬(A → ¬B)) → (B → (B → ¬(A → ¬B)))))
2025-12-27 00:05:50,001 - DEBUG - Подставляем в аксиому ((A → (B → C)) → ((A → B) → (A → C))) подстановку {'A': 'B', 'B': '¬(A → ¬B)', 'C': 'A'}. Результат: ((B → (¬(A → ¬B) → A)) → ((B → ¬(A → ¬B)) → (B → A)))
2025-12-27 00:05:50,001 - DEBUG - Подставляем в аксиому ((A → (B → C)) → ((A → B) → (A → C))) подстановку {'A': 'B', 'B': '¬(A → ¬B)', 'C': '(A → (B → ¬(A → ¬B)))'}. Результат: ((B → (¬(A → ¬B) → (A → (B → ¬(A → ¬B))))) → ((B → ¬(A → ¬B)) → (B → (A → (B → ¬(A → ¬B))))))
2025-12-27 00:05:50,001 - DEBUG - Подставляем в аксиому ((A → (B → C)) → ((A → B) → (A → C))) подстановку {'A': 'B', 'B': 'B', 'C': '¬B'}. Результат: ((B → (B → ¬B)) → ((B → B) → (B → ¬B)))
2025-12-27 00:05:50,001 - DEBUG - Подставляем в аксиому ((A → (B → C)) → ((A → B) → (A → C))) подстановку {'A': 'B', 'B': 'B', 'C': '¬(A → ¬B)'}. Результат: ((B → (B → ¬(A → ¬B))) → ((B → B) → (B → ¬(A → ¬B))))
2025-12-27 00:05:50,001 - DEBUG - Подставляем в аксиому ((A → (B → C)) → ((A → B) → (A → C))) подстановку {'A': 'B', 'B': 'B', 'C': 'B'}. Результат: ((B → (B → B)) → ((B → B) → (B → B)))
2025-12-27 00:05:50,001 - DEBUG - Подставляем в аксиому ((A → (B → C)) → ((A → B) → (A → C))) подстановку {'A': 'B', 'B': 'B', 'C': '(B → ¬(A → ¬B))'}. Результат: ((B → (B → (B → ¬(A → ¬B)))) → ((B → B) → (B → (B → ¬(A → ¬B)))))
2025-12-27 00:05:50,001 - DEBUG - Подставляем в аксиому ((A → (B → C)) → ((A → B) → (A → C))) подстановку {'A': 'B', 'B': 'B', 'C': 'A'}. Результат: ((B → (B → A)) → ((B → B) → (B → A)))
2025-12-27 00:05:50,001 - DEBUG - Подставляем в аксиому ((A → (B → C)) → ((A → B) → (A → C))) подстановку {'A': 'B', 'B': 'B', 'C': '(A → (B → ¬(A → ¬B)))'}. Результат: ((B → (B → (A → (B → ¬(A → ¬B))))) → ((B → B) → (B → (A → (B → ¬(A → ¬B))))))
2025-12-27 00:05:50,001 - DEBUG - Подставляем в аксиому ((A → (B → C)) → ((A → B) → (A → C))) подстановку {'A': 'B', 'B': '(B → ¬(A → ¬B))', 'C': '¬B'}. Результат: ((B → ((B → ¬(A → ¬B)) → ¬B)) → ((B → (B → ¬(A → ¬B))) → (B → ¬B)))
2025-12-27 00:05:50,001 - DEBUG - Подставляем в аксиому ((A → (B → C)) → ((A → B) → (A → C))) подстановку {'A': 'B', 'B': '(B → ¬(A → ¬B))', 'C': '¬(A → ¬B)'}. Результат: ((B → ((B → ¬(A → ¬B)) → ¬(A → ¬B))) → ((B → (B → ¬(A → ¬B))) → (B → ¬(A → ¬B))))
2025-12-27 00:05:50,001 - DEBUG - Подставляем в аксиому ((A → (B → C)) → ((A → B) → (A → C))) подстановку {'A': 'B', 'B': '(B → ¬(A → ¬B))', 'C': 'B'}. Результат: ((B → ((B → ¬(A → ¬B)) → B)) → ((B → (B → ¬(A → ¬B))) → (B → B)))
2025-12-27 00:05:50,001 - DEBUG - Подставляем в аксиому ((A → (B → C)) → ((A → B) → (A → C))) подстановку {'A': 'B', 'B': '(B → ¬(A → ¬B))', 'C': '(B → ¬(A → ¬B))'}. Результат: ((B → ((B → ¬(A → ¬B)) → (B → ¬(A → ¬B)))) → ((B → (B → ¬(A → ¬B))) → (B → (B → ¬(A → ¬B)))))
2025-12-27 00:05:50,001 - DEBUG - Подставляем в аксиому ((A → (B → C)) → ((A → B) → (A → C))) подстановку {'A': 'B', 'B': '(B → ¬(A → ¬B))', 'C': 'A'}. Результат: ((B → ((B → ¬(A → ¬B)) → A)) → ((B → (B → ¬(A → ¬B))) → (B → A)))
2025-12-27 00:05:50,001 - DEBUG - Подставляем в аксиому ((A → (B → C)) → ((A → B) → (A → C))) подстановку {'A': 'B', 'B': '(B → ¬(A → ¬B))', 'C': '(A → (B → ¬(A → ¬B)))'}. Результат: ((B → ((B → ¬(A → ¬B)) → (A → (B → ¬(A → ¬B))))) → ((B → (B → ¬(A → ¬B))) → (B → (A → (B → ¬(A → ¬B))))))
2025-12-27 00:05:50,001 - DEBUG - Подставляем в аксиому ((A → (B → C)) → ((A → B) → (A → C))) подстановку {'A': 'B', 'B': 'A', 'C': '¬B'}. Результат: ((B → (A → ¬B)) → ((B → A) → (B → ¬B)))
2025-12-27 00:05:50,001 - DEBUG - Подставляем в аксиому ((A → (B → C)) → ((A → B) → (A → C))) подстановку {'A': 'B', 'B': 'A', 'C': '¬(A → ¬B)'}. Результат: ((B → (A → ¬(A → ¬B))) → ((B → A) → (B → ¬(A → ¬B))))
2025-12-27 00:05:50,001 - DEBUG - Подставляем в аксиому ((A → (B → C)) → ((A → B) → (A → C))) подстановку {'A': 'B', 'B': 'A', 'C': 'B'}. Результат: ((B → (A → B)) → ((B → A) → (B → B)))
2025-12-27 00:05:50,001 - DEBUG - Подставляем в аксиому ((A → (B → C)) → ((A → B) → (A → C))) подстановку {'A': 'B', 'B': 'A', 'C': '(B → ¬(A → ¬B))'}. Результат: ((B → (A → (B → ¬(A → ¬B)))) → ((B → A) → (B → (B → ¬(A → ¬B)))))
2025-12-27 00:05:50,001 - DEBUG - Подставляем в аксиому ((¬B → ¬A) → ((¬B → A) → B)) подстановку {'B': '¬B', 'A': '¬B'}. Результат: ((¬B → ¬B) → ((¬B → ¬B) → ¬B))
2025-12-27 00:05:50,001 - DEBUG - Подставляем в аксиому ((¬B → ¬A) → ((¬B → A) → B)) подстановку {'B': '¬B', 'A': '¬(A → ¬B)'}. Результат: ((¬B → ¬(A → ¬B)) → ((¬B → ¬(A → ¬B)) → ¬B))
2025-12-27 00:05:50,001 - DEBUG - Подставляем в аксиому ((¬B → ¬A) → ((¬B → A) → B)) подстановку {'B': '¬B', 'A': 'B'}. Результат: ((¬B → B) → ((¬B → B) → ¬B))
2025-12-27 00:05:50,001 - DEBUG - Подставляем в аксиому ((¬B → ¬A) → ((¬B → A) → B)) подстановку {'B': '¬B', 'A': '(B → ¬(A → ¬B))'}. Результат: ((¬B → (B → ¬(A → ¬B))) → ((¬B → (B → ¬(A → ¬B))) → ¬B))
2025-12-27 00:05:50,001 - DEBUG - Подставляем в аксиому ((¬B → ¬A) → ((¬B → A) → B)) подстановку {'B': '¬B', 'A': 'A'}. Результат: ((¬B → A) → ((¬B → A) → ¬B))
2025-12-27 00:05:50,001 - DEBUG - Подставляем в аксиому ((¬B → ¬A) → ((¬B → A) → B)) подстановку {'B': '¬B', 'A': '(A → (B → ¬(A → ¬B)))'}. Результат: ((¬B → (A → (B → ¬(A → ¬B)))) → ((¬B → (A → (B → ¬(A → ¬B)))) → ¬B))
2025-12-27 00:05:50,001 - DEBUG - Подставляем в аксиому ((¬B → ¬A) → ((¬B → A) → B)) подстановку {'B': '¬(A → ¬B)', 'A': '¬B'}. Результат: ((¬(A → ¬B) → ¬B) → ((¬(A → ¬B) → ¬B) → ¬(A → ¬B)))
2025-12-27 00:05:50,002 - DEBUG - Подставляем в аксиому ((¬B → ¬A) → ((¬B → A) → B)) подстановку {'B': '¬(A → ¬B)', 'A': '¬(A → ¬B)'}. Результат: ((¬(A → ¬B) → ¬(A → ¬B)) → ((¬(A → ¬B) → ¬(A → ¬B)) → ¬(A → ¬B)))
2025-12-27 00:05:50,002 - DEBUG - Подставляем в аксиому ((¬B → ¬A) → ((¬B → A) → B)) подстановку {'B': '¬(A → ¬B)', 'A': 'B'}. Результат: ((¬(A → ¬B) → B) → ((¬(A → ¬B) → B) → ¬(A → ¬B)))
2025-12-27 00:05:50,002 - DEBUG - Подставляем в аксиому ((¬B → ¬A) → ((¬B → A) → B)) подстановку {'B': '¬(A → ¬B)', 'A': '(B → ¬(A → ¬B))'}. Результат: ((¬(A → ¬B) → (B → ¬(A → ¬B))) → ((¬(A → ¬B) → (B → ¬(A → ¬B))) → ¬(A → ¬B)))
2025-12-27 00:05:50,002 - DEBUG - Подставляем в аксиому ((¬B → ¬A) → ((¬B → A) → B)) подстановку {'B': '¬(A → ¬B)', 'A': 'A'}. Результат: ((¬(A → ¬B) → A) → ((¬(A → ¬B) → A) → ¬(A → ¬B)))
2025-12-27 00:05:50,002 - DEBUG - Подставляем в аксиому ((¬B → ¬A) → ((¬B → A) → B)) подстановку {'B': '¬(A → ¬B)', 'A': '(A → (B → ¬(A → ¬B)))'}. Результат: ((¬(A → ¬B) → (A → (B → ¬(A → ¬B)))) → ((¬(A → ¬B) → (A → (B → ¬(A → ¬B)))) → ¬(A → ¬B)))
2025-12-27 00:05:50,002 - DEBUG - Подставляем в аксиому ((¬B → ¬A) → ((¬B → A) → B)) подстановку {'B': 'B', 'A': '¬B'}. Результат: ((B → ¬B) → ((B → ¬B) → B))
2025-12-27 00:05:50,002 - DEBUG - Подставляем в аксиому ((¬B → ¬A) → ((¬B → A) → B)) подстановку {'B': 'B', 'A': '¬(A → ¬B)'}. Результат: ((B → ¬(A → ¬B)) → ((B → ¬(A → ¬B)) → B))
2025-12-27 00:05:50,002 - DEBUG - Подставляем в аксиому ((¬B → ¬A) → ((¬B → A) → B)) подстановку {'B': 'B', 'A': 'B'}. Результат: ((B → B) → ((B → B) → B))
2025-12-27 00:05:50,002 - DEBUG - Подставляем в аксиому ((¬B → ¬A) → ((¬B → A) → B)) подстановку {'B': 'B', 'A': '(B → ¬(A → ¬B))'}. Результат: ((B → (B → ¬(A → ¬B))) → ((B → (B → ¬(A → ¬B))) → B))
2025-12-27 00:05:50,002 - DEBUG - Подставляем в аксиому ((¬B → ¬A) → ((¬B → A) → B)) подстановку {'B': 'B', 'A': 'A'}. Результат: ((B → A) → ((B → A) → B))
2025-12-27 00:05:50,002 - DEBUG - Подставляем в аксиому ((¬B → ¬A) → ((¬B → A) → B)) подстановку {'B': 'B', 'A': '(A → (B → ¬(A → ¬B)))'}. Результат: ((B → (A → (B → ¬(A → ¬B)))) → ((B → (A → (B → ¬(A → ¬B)))) → B))
2025-12-27 00:05:50,002 - DEBUG - Подставляем в аксиому ((¬B → ¬A) → ((¬B → A) → B)) подстановку {'B': '(B → ¬(A → ¬B))', 'A': '¬B'}. Результат: (((B → ¬(A → ¬B)) → ¬B) → (((B → ¬(A → ¬B)) → ¬B) → (B → ¬(A → ¬B))))
2025-12-27 00:05:50,002 - DEBUG - Подставляем в аксиому ((¬B → ¬A) → ((¬B → A) → B)) подстановку {'B': '(B → ¬(A → ¬B))', 'A': '¬(A → ¬B)'}. Результат: (((B → ¬(A → ¬B)) → ¬(A → ¬B)) → (((B → ¬(A → ¬B)) → ¬(A → ¬B)) → (B → ¬(A → ¬B))))
2025-12-27 00:05:50,002 - DEBUG - Подставляем в аксиому ((¬B → ¬A) → ((¬B → A) → B)) подстановку {'B': '(B → ¬(A → ¬B))', 'A': 'B'}. Результат: (((B → ¬(A → ¬B)) → B) → (((B → ¬(A → ¬B)) → B) → (B → ¬(A → ¬B))))
2025-12-27 00:05:50,002 - DEBUG - Подставляем в аксиому ((¬B → ¬A) → ((¬B → A) → B)) подстановку {'B': '(B → ¬(A → ¬B))', 'A': '(B → ¬(A → ¬B))'}. Результат: (((B → ¬(A → ¬B)) → (B → ¬(A → ¬B))) → (((B → ¬(A → ¬B)) → (B → ¬(A → ¬B))) → (B → ¬(A → ¬B))))
2025-12-27 00:05:50,002 - DEBUG - Подставляем в аксиому ((¬B → ¬A) → ((¬B → A) → B)) подстановку {'B': '(B → ¬(A → ¬B))', 'A': 'A'}. Результат: (((B → ¬(A → ¬B)) → A) → (((B → ¬(A → ¬B)) → A) → (B → ¬(A → ¬B))))
2025-12-27 00:05:50,002 - DEBUG - Подставляем в аксиому ((¬B → ¬A) → ((¬B → A) → B)) подстановку {'B': '(B → ¬(A → ¬B))', 'A': '(A → (B → ¬(A → ¬B)))'}. Результат: (((B → ¬(A → ¬B)) → (A → (B → ¬(A → ¬B)))) → (((B → ¬(A → ¬B)) → (A → (B → ¬(A → ¬B)))) → (B → ¬(A → ¬B))))
2025-12-27 00:05:50,002 - DEBUG - Подставляем в аксиому ((¬B → ¬A) → ((¬B → A) → B)) подстановку {'B': 'A', 'A': '¬B'}. Результат: ((A → ¬B) → ((A → ¬B) → A))
2025-12-27 00:05:50,002 - DEBUG - Подставляем в аксиому ((¬B → ¬A) → ((¬B → A) → B)) подстановку {'B': 'A', 'A': '¬(A → ¬B)'}. Результат: ((A → ¬(A → ¬B)) → ((A → ¬(A → ¬B)) → A))
2025-12-27 00:05:50,002 - DEBUG - Подставляем в аксиому ((¬B → ¬A) → ((¬B → A) → B)) подстановку {'B': 'A', 'A': 'B'}. Результат: ((A → B) → ((A → B) → A))
2025-12-27 00:05:50,002 - DEBUG - Подставляем в аксиому ((¬B → ¬A) → ((¬B → A) → B)) подстановку {'B': 'A', 'A': '(B → ¬(A → ¬B))'}. Результат: ((A → (B → ¬(A → ¬B))) → ((A → (B → ¬(A → ¬B))) → A))
2025-12-27 00:05:50,002 - DEBUG - Подставляем в аксиому ((¬B → ¬A) → ((¬B → A) → B)) подстановку {'B': 'A', 'A': 'A'}. Результат: ((A → A) → ((A → A) → A))
2025-12-27 00:05:50,002 - DEBUG - Подставляем в аксиому ((¬B → ¬A) → ((¬B → A) → B)) подстановку {'B': 'A', 'A': '(A → (B → ¬(A → ¬B)))'}. Результат: ((A → (A → (B → ¬(A → ¬B)))) → ((A → (A → (B → ¬(A → ¬B)))) → A))
2025-12-27 00:05:50,002 - DEBUG - Подставляем в аксиому ((¬B → ¬A) → ((¬B → A) → B)) подстановку {'B': '(A → (B → ¬(A → ¬B)))', 'A': '¬B'}. Результат: (((A → (B → ¬(A → ¬B))) → ¬B) → (((A → (B → ¬(A → ¬B))) → ¬B) → (A → (B → ¬(A → ¬B)))))
2025-12-27 00:05:50,002 - DEBUG - Подставляем в аксиому ((¬B → ¬A) → ((¬B → A) → B)) подстановку {'B': '(A → (B → ¬(A → ¬B)))', 'A': '¬(A → ¬B)'}. Результат: (((A → (B → ¬(A → ¬B))) → ¬(A → ¬B)) → (((A → (B → ¬(A → ¬B))) → ¬(A → ¬B)) → (A → (B → ¬(A → ¬B)))))
2025-12-27 00:05:50,002 - DEBUG - Подставляем в аксиому ((¬B → ¬A) → ((¬B → A) → B)) подстановку {'B': '(A → (B → ¬(A → ¬B)))', 'A': 'B'}. Результат: (((A → (B → ¬(A → ¬B))) → B) → (((A → (B → ¬(A → ¬B))) → B) → (A → (B → ¬(A → ¬B)))))
2025-12-27 00:05:50,002 - DEBUG - Подставляем в аксиому ((¬B → ¬A) → ((¬B → A) → B)) подстановку {'B': '(A → (B → ¬(A → ¬B)))', 'A': '(B → ¬(A → ¬B))'}. Результат: (((A → (B → ¬(A → ¬B))) → (B → ¬(A → ¬B))) → (((A → (B → ¬(A → ¬B))) → (B → ¬(A → ¬B))) → (A → (B → ¬(A → ¬B)))))
2025-12-27 00:05:50,002 - DEBUG - Подставляем в аксиому ((¬B → ¬A) → ((¬B → A) → B)) подстановку {'B': '(A → (B → ¬(A → ¬B)))', 'A': 'A'}. Результат: (((A → (B → ¬(A → ¬B))) → A) → (((A → (B → ¬(A → ¬B))) → A) → (A → (B → ¬(A → ¬B)))))
2025-12-27 00:05:50,002 - DEBUG - Подставляем в аксиому ((¬B → ¬A) → ((¬B → A) → B)) подстановку {'B': '(A → (B → ¬(A → ¬B)))', 'A': '(A → (B → ¬(A → ¬B)))'}. Результат: (((A → (B → ¬(A → ¬B))) → (A → (B → ¬(A → ¬B)))) → (((A → (B → ¬(A → ¬B))) → (A → (B → ¬(A → ¬B)))) → (A → (B → ¬(A → ¬B)))))
2025-12-27 00:05:50,004 - INFO - Используем правило вывода
2025-12-27 00:05:50,033 - DEBUG - Найдено соответствие для MP. Посылка 1: (B → (¬B → B)), Посылка с правилом вывода: ((B → (¬B → B)) → ((B → ¬B) → (B → B))), Новая посылка: ((B → ¬B) → (B → B))
2025-12-27 00:05:50,037 - DEBUG - Найдено соответствие для MP. Посылка 1: ((B → ¬(A → ¬B)) → (A → (B → ¬(A → ¬B)))), Посылка с правилом вывода: (((B → ¬(A → ¬B)) → (A → (B → ¬(A → ¬B)))) → (((B → ¬(A → ¬B)) → (A → (B → ¬(A → ¬B)))) → (B → ¬(A → ¬B)))), Новая посылка: (((B → ¬(A → ¬B)) → (A → (B → ¬(A → ¬B)))) → (B → ¬(A → ¬B)))
2025-12-27 00:05:50,041 - DEBUG - Найдено соответствие для MP. Посылка 1: (B → (B → B)), Посылка с правилом вывода: ((B → (B → B)) → ((B → B) → (B → B))), Новая посылка: ((B → B) → (B → B))
2025-12-27 00:05:50,046 - DEBUG - Найдено соответствие для MP. Посылка 1: (B → (¬(A → ¬B) → B)), Посылка с правилом вывода: ((B → (¬(A → ¬B) → B)) → ((B → ¬(A → ¬B)) → (B → B))), Новая посылка: ((B → ¬(A → ¬B)) → (B → B))
2025-12-27 00:05:50,053 - DEBUG - Найдено соответствие для MP. Посылка 1: (¬(A → ¬B) → (B → ¬(A → ¬B))), Посылка с правилом вывода: ((¬(A → ¬B) → (B → ¬(A → ¬B))) → ((¬(A → ¬B) → (B → ¬(A → ¬B))) → ¬(A → ¬B))), Новая посылка: ((¬(A → ¬B) → (B → ¬(A → ¬B))) → ¬(A → ¬B))
2025-12-27 00:05:50,055 - DEBUG - Найдено соответствие для MP. Посылка 1: (¬B → ((A → (B → ¬(A → ¬B))) → ¬B)), Посылка с правилом вывода: ((¬B → ((A → (B → ¬(A → ¬B))) → ¬B)) → ((¬B → (A → (B → ¬(A → ¬B)))) → (¬B → ¬B))), Новая посылка: ((¬B → (A → (B → ¬(A → ¬B)))) → (¬B → ¬B))
2025-12-27 00:05:50,070 - DEBUG - Найдено соответствие для MP. Посылка 1: (¬(A → ¬B) → (B → ¬(A → ¬B))), Посылка с правилом вывода: ((¬(A → ¬B) → (B → ¬(A → ¬B))) → ((¬(A → ¬B) → B) → (¬(A → ¬B) → ¬(A → ¬B)))), Новая посылка: ((¬(A → ¬B) → B) → (¬(A → ¬B) → ¬(A → ¬B)))
2025-12-27 00:05:50,073 - DEBUG - Найдено соответствие для MP. Посылка 1: (¬B → (A → ¬B)), Посылка с правилом вывода: ((¬B → (A → ¬B)) → ((¬B → A) → (¬B → ¬B))), Новая посылка: ((¬B → A) → (¬B → ¬B))
2025-12-27 00:05:50,075 - DEBUG - Найдено соответствие для MP. Посылка 1: (¬(A → ¬B) → ((A → (B → ¬(A → ¬B))) → ¬(A → ¬B))), Посылка с правилом вывода: ((¬(A → ¬B) → ((A → (B → ¬(A → ¬B))) → ¬(A → ¬B))) → ((¬(A → ¬B) → (A → (B → ¬(A → ¬B)))) → (¬(A → ¬B) → ¬(A → ¬B)))), Новая посылка: ((¬(A → ¬B) → (A → (B → ¬(A → ¬B)))) → (¬(A → ¬B) → ¬(A → ¬B)))
2025-12-27 00:05:50,079 - DEBUG - Найдено соответствие для MP. Посылка 1: (¬B → (¬(A → ¬B) → ¬B)), Посылка с правилом вывода: ((¬B → (¬(A → ¬B) → ¬B)) → ((¬B → ¬(A → ¬B)) → (¬B → ¬B))), Новая посылка: ((¬B → ¬(A → ¬B)) → (¬B → ¬B))
2025-12-27 00:05:50,081 - DEBUG - Найдено соответствие для MP. Посылка 1: (¬(A → ¬B) → (¬(A → ¬B) → ¬(A → ¬B))), Посылка с правилом вывода: ((¬(A → ¬B) → (¬(A → ¬B) → ¬(A → ¬B))) → ((¬(A → ¬B) → ¬(A → ¬B)) → (¬(A → ¬B) → ¬(A → ¬B)))), Новая посылка: ((¬(A → ¬B) → ¬(A → ¬B)) → (¬(A → ¬B) → ¬(A → ¬B)))
2025-12-27 00:05:50,084 - DEBUG - Найдено соответствие для MP. Посылка 1: (¬B → ((B → ¬(A → ¬B)) → ¬B)), Посылка с правилом вывода: ((¬B → ((B → ¬(A → ¬B)) → ¬B)) → ((¬B → (B → ¬(A → ¬B))) → (¬B → ¬B))), Новая посылка: ((¬B → (B → ¬(A → ¬B))) → (¬B → ¬B))
2025-12-27 00:05:50,091 - DEBUG - Найдено соответствие для MP. Посылка 1: (¬B → (B → ¬B)), Посылка с правилом вывода: ((¬B → (B → ¬B)) → ((¬B → B) → (¬B → ¬B))), Новая посылка: ((¬B → B) → (¬B → ¬B))
2025-12-27 00:05:50,101 - DEBUG - Найдено соответствие для MP. Посылка 1: (¬B → (¬B → ¬B)), Посылка с правилом вывода: ((¬B → (¬B → ¬B)) → ((¬B → ¬B) → (¬B → ¬B))), Новая посылка: ((¬B → ¬B) → (¬B → ¬B))
2025-12-27 00:05:50,102 - DEBUG - Найдено соответствие для MP. Посылка 1: (¬(A → ¬B) → (A → ¬(A → ¬B))), Посылка с правилом вывода: ((¬(A → ¬B) → (A → ¬(A → ¬B))) → ((¬(A → ¬B) → A) → (¬(A → ¬B) → ¬(A → ¬B)))), Новая посылка: ((¬(A → ¬B) → A) → (¬(A → ¬B) → ¬(A → ¬B)))
2025-12-27 00:05:50,111 - DEBUG - Найдено соответствие для MP. Посылка 1: (B → ((B → ¬(A → ¬B)) → B)), Посылка с правилом вывода: ((B → ((B → ¬(A → ¬B)) → B)) → ((B → (B → ¬(A → ¬B))) → (B → B))), Новая посылка: ((B → (B → ¬(A → ¬B))) → (B → B))
2025-12-27 00:05:50,124 - DEBUG - Найдено соответствие для MP. Посылка 1: (B → (A → B)), Посылка с правилом вывода: ((B → (A → B)) → ((B → A) → (B → B))), Новая посылка: ((B → A) → (B → B))
2025-12-27 00:05:50,127 - DEBUG - Найдено соответствие для MP. Посылка 1: (¬(A → ¬B) → (¬B → ¬(A → ¬B))), Посылка с правилом вывода: ((¬(A → ¬B) → (¬B → ¬(A → ¬B))) → ((¬(A → ¬B) → ¬B) → (¬(A → ¬B) → ¬(A → ¬B)))), Новая посылка: ((¬(A → ¬B) → ¬B) → (¬(A → ¬B) → ¬(A → ¬B)))
2025-12-27 00:05:50,129 - DEBUG - Найдено соответствие для MP. Посылка 1: (¬(A → ¬B) → ((B → ¬(A → ¬B)) → ¬(A → ¬B))), Посылка с правилом вывода: ((¬(A → ¬B) → ((B → ¬(A → ¬B)) → ¬(A → ¬B))) → ((¬(A → ¬B) → (B → ¬(A → ¬B))) → (¬(A → ¬B) → ¬(A → ¬B)))), Новая посылка: ((¬(A → ¬B) → (B → ¬(A → ¬B))) → (¬(A → ¬B) → ¬(A → ¬B)))
2025-12-27 00:05:50,132 - INFO - Используем теорему дедукции
2025-12-27 00:05:50,132 - DEBUG - Применена теорема дедукции для посылки: ((B → (B → ¬(A → ¬B))) → ((B → B) → (B → ¬(A → ¬B)))), Новая посылка: ((¬B ∨ (¬B ∨ (¬A ∨ ¬B))) → ((B → B) → (B → ¬(A → ¬B))))
2025-12-27 00:05:50,132 - DEBUG - Применена теорема дедукции для посылки: ((B → (¬(A → ¬B) → ¬(A → ¬B))) → ((B → ¬(A → ¬B)) → (B → ¬(A → ¬B)))), Новая посылка: ((B → (¬B → (A → ¬B))) → ((¬B ∨ (A ∨ (¬A ∨ ¬B))) → ((B → ¬(A → ¬B)) → (B → ¬(A → ¬B)))))
2025-12-27 00:05:50,132 - DEBUG - Применена теорема дедукции для посылки: ((¬(A → ¬B) → (B → A)) → ((¬(A → ¬B) → B) → (¬(A → ¬B) → A))), Новая посылка: ((¬B → (B → A)) → ((A ∨ (¬B ∨ A)) → ((¬(A → ¬B) → B) → (¬(A → ¬B) → A))))
2025-12-27 00:05:50,133 - DEBUG - Применена теорема дедукции для посылки: ((¬(A → ¬B) → ((B → ¬(A → ¬B)) → ¬B)) → ((¬(A → ¬B) → (B → ¬(A → ¬B))) → (¬(A → ¬B) → ¬B))), Новая посылка: (¬(¬((¬B → (¬B → ¬B)) → ¬(¬A → (¬B → ¬B))) → ¬(¬A → (¬(A → ¬B) → ¬B))) → ((B ∨ ((¬A ∨ ¬B) ∨ ¬B)) → ((¬(A → ¬B) → (B → ¬(A → ¬B))) → (¬(A → ¬B) → ¬B))))
2025-12-27 00:05:50,133 - DEBUG - Применена теорема дедукции для посылки: ((¬B → (A → (B → ¬(A → ¬B)))) → ((¬B → A) → (¬B → (B → ¬(A → ¬B))))), Новая посылка: ((B ∨ (¬A ∨ (¬B ∨ (¬A ∨ ¬B)))) → ((¬B → A) → (¬B → (B → ¬(A → ¬B)))))
2025-12-27 00:05:50,133 - DEBUG - Применена теорема дедукции для посылки: ((¬(A → ¬B) → ¬(A → ¬B)) → ((¬(A → ¬B) → ¬(A → ¬B)) → ¬(A → ¬B))), Новая посылка: ((¬A → (A → ¬B)) → ((B ∨ (¬A ∨ ¬B)) → ((¬(A → ¬B) → ¬(A → ¬B)) → ¬(A → ¬B))))
2025-12-27 00:05:50,133 - DEBUG - Применена теорема дедукции для посылки: ((¬B → (¬(A → ¬B) → A)) → ((¬B → ¬(A → ¬B)) → (¬B → A))), Новая посылка: ((¬B → (¬A → A)) → ((B ∨ (B ∨ A)) → ((¬B → ¬(A → ¬B)) → (¬B → A))))
2025-12-27 00:05:50,133 - DEBUG - Применена теорема дедукции для посылки: (((A → (B → ¬(A → ¬B))) → (B → ¬(A → ¬B))) → (((A → (B → ¬(A → ¬B))) → (B → ¬(A → ¬B))) → (A → (B → ¬(A → ¬B))))), Новая посылка: ((¬A → (B → (A → ¬B))) → (((¬B ∨ (¬A ∨ ¬B)) ∨ (¬B ∨ (¬A ∨ ¬B))) → (((A → (B → ¬(A → ¬B))) → (B → ¬(A → ¬B))) → (A → (B → ¬(A → ¬B))))))
2025-12-27 00:05:50,133 - DEBUG - Применена теорема дедукции для посылки: ((B → (¬B → (B → ¬(A → ¬B)))) → ((B → ¬B) → (B → (B → ¬(A → ¬B))))), Новая посылка: ((¬B ∨ (B ∨ (¬B ∨ (¬A ∨ ¬B)))) → ((B → ¬B) → (B → (B → ¬(A → ¬B)))))
2025-12-27 00:05:50,133 - DEBUG - Применена теорема дедукции для посылки: ((¬B → A) → ((¬B → A) → ¬B)), Новая посылка: ((B ∨ A) → ((¬B → A) → ¬B))
2025-12-27 00:05:50,133 - DEBUG - Применена теорема дедукции для посылки: ((¬(A → ¬B) → (A → A)) → ((¬(A → ¬B) → A) → (¬(A → ¬B) → A))), Новая посылка: ((¬B → (A → A)) → ((A ∨ (¬A ∨ A)) → ((¬(A → ¬B) → A) → (¬(A → ¬B) → A))))
2025-12-27 00:05:50,133 - DEBUG - Применена теорема дедукции для посылки: ((¬(A → ¬B) → (¬(A → ¬B) → A)) → ((¬(A → ¬B) → ¬(A → ¬B)) → (¬(A → ¬B) → A))), Новая посылка: (¬(¬((¬A → (¬B → A)) → ¬(¬A → (¬A → A))) → ¬(¬B → (¬B → A))) → ((B ∨ (A ∨ A)) → ((¬(A → ¬B) → ¬(A → ¬B)) → (¬(A → ¬B) → A))))
2025-12-27 00:05:50,133 - DEBUG - Применена теорема дедукции для посылки: ((¬B → ¬(A → ¬B)) → ((¬B → ¬(A → ¬B)) → ¬B)), Новая посылка: ((B ∨ (¬A ∨ ¬B)) → ((¬B → ¬(A → ¬B)) → ¬B))
2025-12-27 00:05:50,133 - DEBUG - Применена теорема дедукции для посылки: ((¬(A → ¬B) → ((B → ¬(A → ¬B)) → (A → (B → ¬(A → ¬B))))) → ((¬(A → ¬B) → (B → ¬(A → ¬B))) → (¬(A → ¬B) → (A → (B → ¬(A → ¬B)))))), Новая посылка: (¬(¬((¬A → (¬B → (A → (B → (A → ¬B))))) → ¬(¬B → (¬(A → ¬B) → (A → (B → (A → ¬B)))))) → ¬(¬A → (¬(A → ¬B) → (A → (B → (A → ¬B)))))) → ((B ∨ (B ∨ (¬A ∨ (¬B ∨ (¬A ∨ ¬B))))) → ((¬(A → ¬B) → (B → ¬(A → ¬B))) → (¬(A → ¬B) → (A → (B → ¬(A → ¬B)))))))
2025-12-27 00:05:50,133 - DEBUG - Применена теорема дедукции для посылки: ((¬(A → ¬B) → (A → ¬B)) → ((¬(A → ¬B) → A) → (¬(A → ¬B) → ¬B))), Новая посылка: ((¬B → (A → ¬B)) → ((A ∨ (¬A ∨ ¬B)) → ((¬(A → ¬B) → A) → (¬(A → ¬B) → ¬B))))
2025-12-27 00:05:50,133 - DEBUG - Применена теорема дедукции для посылки: ((B → (A → (B → ¬(A → ¬B)))) → ((B → A) → (B → (B → ¬(A → ¬B))))), Новая посылка: ((¬B ∨ (¬A ∨ (¬B ∨ (¬A ∨ ¬B)))) → ((B → A) → (B → (B → ¬(A → ¬B)))))
2025-12-27 00:05:50,133 - DEBUG - Применена теорема дедукции для посылки: ((¬B → (¬B → (B → ¬(A → ¬B)))) → ((¬B → ¬B) → (¬B → (B → ¬(A → ¬B))))), Новая посылка: ((B ∨ (B ∨ (¬B ∨ (¬A ∨ ¬B)))) → ((¬B → ¬B) → (¬B → (B → ¬(A → ¬B)))))
2025-12-27 00:05:50,134 - DEBUG - Применена теорема дедукции для посылки: ((B → ¬(A → ¬B)) → (A → (B → ¬(A → ¬B)))), Новая посылка: ((¬B ∨ (¬A ∨ ¬B)) → (A → (B → ¬(A → ¬B))))
2025-12-27 00:05:50,134 - DEBUG - Применена теорема дедукции для посылки: ((¬B → B) → ((¬B → B) → ¬B)), Новая посылка: ((B ∨ B) → ((¬B → B) → ¬B))
2025-12-27 00:05:50,134 - DEBUG - Применена теорема дедукции для посылки: ((B → (A → ¬B)) → ((B → A) → (B → ¬B))), Новая посылка: ((¬B ∨ (¬A ∨ ¬B)) → ((B → A) → (B → ¬B)))
2025-12-27 00:05:50,134 - DEBUG - Применена теорема дедукции для посылки: ((B → ((B → ¬(A → ¬B)) → A)) → ((B → (B → ¬(A → ¬B))) → (B → A))), Новая посылка: ((B → (¬(A → ¬B) → A)) → ((¬B ∨ (B ∨ A)) → ((B → (B → ¬(A → ¬B))) → (B → A))))
2025-12-27 00:05:50,134 - DEBUG - Применена теорема дедукции для посылки: ((¬B → (¬(A → ¬B) → (A → (B → ¬(A → ¬B))))) → ((¬B → ¬(A → ¬B)) → (¬B → (A → (B → ¬(A → ¬B)))))), Новая посылка: ((¬B → (¬B → (A → (B → (A → ¬B))))) → ((B ∨ (A ∨ (¬A ∨ (¬B ∨ (¬A ∨ ¬B))))) → ((¬B → ¬(A → ¬B)) → (¬B → (A → (B → ¬(A → ¬B)))))))
2025-12-27 00:05:50,134 - DEBUG - Применена теорема дедукции для посылки: ((¬(A → ¬B) → ((A → (B → ¬(A → ¬B))) → B)) → ((¬(A → ¬B) → (A → (B → ¬(A → ¬B)))) → (¬(A → ¬B) → B))), Новая посылка: (¬(¬((¬A → (¬(B → (A → ¬B)) → B)) → ¬(¬A → (¬A → B))) → ¬(¬B → (¬(B → (A → ¬B)) → B))) → ((B ∨ (A ∨ B)) → ((¬(A → ¬B) → (A → (B → ¬(A → ¬B)))) → (¬(A → ¬B) → B))))
2025-12-27 00:05:50,134 - DEBUG - Применена теорема дедукции для посылки: ((¬B → ¬B) → ((¬B → ¬B) → ¬B)), Новая посылка: ((B ∨ ¬B) → ((¬B → ¬B) → ¬B))
2025-12-27 00:05:50,134 - DEBUG - Применена теорема дедукции для посылки: ((B → ¬(A → ¬B)) → (¬(A → ¬B) → (B → ¬(A → ¬B)))), Новая посылка: ((¬B ∨ (¬A ∨ ¬B)) → (¬(A → ¬B) → (B → ¬(A → ¬B))))
2025-12-27 00:05:50,134 - DEBUG - Применена теорема дедукции для посылки: ((A → (B → ¬(A → ¬B))) → (¬(A → ¬B) → (A → (B → ¬(A → ¬B))))), Новая посылка: ((¬A ∨ (¬B ∨ (¬A ∨ ¬B))) → (¬(A → ¬B) → (A → (B → ¬(A → ¬B)))))
2025-12-27 00:05:50,134 - DEBUG - Применена теорема дедукции для посылки: ((¬(A → ¬B) → ((B → ¬(A → ¬B)) → A)) → ((¬(A → ¬B) → (B → ¬(A → ¬B))) → (¬(A → ¬B) → A))), Новая посылка: (¬(¬((¬A → (¬(A → ¬B) → A)) → ¬(¬B → (¬B → A))) → ¬(¬B → (¬(A → ¬B) → A))) → ((A ∨ (B ∨ A)) → ((¬(A → ¬B) → (B → ¬(A → ¬B))) → (¬(A → ¬B) → A))))
2025-12-27 00:05:50,134 - DEBUG - Применена теорема дедукции для посылки: ((¬B → (¬B → A)) → ((¬B → ¬B) → (¬B → A))), Новая посылка: ((B ∨ (B ∨ A)) → ((¬B → ¬B) → (¬B → A)))
2025-12-27 00:05:50,134 - DEBUG - Применена теорема дедукции для посылки: ((¬B → ((B → ¬(A → ¬B)) → (A → (B → ¬(A → ¬B))))) → ((¬B → (B → ¬(A → ¬B))) → (¬B → (A → (B → ¬(A → ¬B)))))), Новая посылка: ((¬B → (¬B → (A → (B → (A → ¬B))))) → ((B ∨ ((¬A ∨ ¬B) ∨ (¬A ∨ (¬B ∨ (¬A ∨ ¬B))))) → ((¬B → (B → ¬(A → ¬B))) → (¬B → (A → (B → ¬(A → ¬B)))))))
2025-12-27 00:05:50,134 - DEBUG - Применена теорема дедукции для посылки: ((A → (B → ¬(A → ¬B))) → (¬B → (A → (B → ¬(A → ¬B))))), Новая посылка: ((¬A ∨ (¬B ∨ (¬A ∨ ¬B))) → (¬B → (A → (B → ¬(A → ¬B)))))
2025-12-27 00:05:50,134 - DEBUG - Применена теорема дедукции для посылки: ((¬B → (¬(A → ¬B) → B)) → ((¬B → ¬(A → ¬B)) → (¬B → B))), Новая посылка: ((¬B → (¬A → B)) → ((B ∨ (B ∨ B)) → ((¬B → ¬(A → ¬B)) → (¬B → B))))
2025-12-27 00:05:50,134 - DEBUG - Применена теорема дедукции для посылки: ((¬B → (B → (B → ¬(A → ¬B)))) → ((¬B → B) → (¬B → (B → ¬(A → ¬B))))), Новая посылка: ((B ∨ (¬B ∨ (¬B ∨ (¬A ∨ ¬B)))) → ((¬B → B) → (¬B → (B → ¬(A → ¬B)))))
2025-12-27 00:05:50,135 - DEBUG - Применена теорема дедукции для посылки: ((¬B → ((B → ¬(A → ¬B)) → B)) → ((¬B → (B → ¬(A → ¬B))) → (¬B → B))), Новая посылка: ((¬B → (¬(A → ¬B) → B)) → ((B ∨ (B ∨ B)) → ((¬B → (B → ¬(A → ¬B))) → (¬B → B))))
2025-12-27 00:05:50,135 - DEBUG - Применена теорема дедукции для посылки: ((A → ¬B) → ((A → ¬B) → A)), Новая посылка: ((¬A ∨ ¬B) → ((A → ¬B) → A))
2025-12-27 00:05:50,135 - DEBUG - Применена теорема дедукции для посылки: ((B → (B → A)) → ((B → B) → (B → A))), Новая посылка: ((¬B ∨ (¬B ∨ A)) → ((B → B) → (B → A)))
2025-12-27 00:05:50,135 - DEBUG - Применена теорема дедукции для посылки: ((B → (¬B → B)) → ((B → ¬B) → (B → B))), Новая посылка: ((¬B ∨ (B ∨ B)) → ((B → ¬B) → (B → B)))
2025-12-27 00:05:50,135 - DEBUG - Применена теорема дедукции для посылки: ((¬(A → ¬B) → (B → ¬B)) → ((¬(A → ¬B) → B) → (¬(A → ¬B) → ¬B))), Новая посылка: ((¬A → (B → ¬B)) → ((B ∨ (¬B ∨ ¬B)) → ((¬(A → ¬B) → B) → (¬(A → ¬B) → ¬B))))
2025-12-27 00:05:50,135 - DEBUG - Применена теорема дедукции для посылки: ((B → (¬(A → ¬B) → (A → (B → ¬(A → ¬B))))) → ((B → ¬(A → ¬B)) → (B → (A → (B → ¬(A → ¬B)))))), Новая посылка: ((B → (¬B → (A → (B → (A → ¬B))))) → ((¬B ∨ (A ∨ (¬A ∨ (¬B ∨ (¬A ∨ ¬B))))) → ((B → ¬(A → ¬B)) → (B → (A → (B → ¬(A → ¬B)))))))
2025-12-27 00:05:50,135 - DEBUG - Применена теорема дедукции для посылки: ((¬(A → ¬B) → (A → (B → ¬(A → ¬B)))) → ((¬(A → ¬B) → (A → (B → ¬(A → ¬B)))) → ¬(A → ¬B))), Новая посылка: ((¬A → (A → (B → (A → ¬B)))) → ((B ∨ (¬A ∨ (¬B ∨ (¬A ∨ ¬B)))) → ((¬(A → ¬B) → (A → (B → ¬(A → ¬B)))) → ¬(A → ¬B))))
2025-12-27 00:05:50,135 - DEBUG - Применена теорема дедукции для посылки: ((¬B → (¬B → ¬(A → ¬B))) → ((¬B → ¬B) → (¬B → ¬(A → ¬B)))), Новая посылка: ((B ∨ (B ∨ (¬A ∨ ¬B))) → ((¬B → ¬B) → (¬B → ¬(A → ¬B))))
2025-12-27 00:05:50,135 - DEBUG - Применена теорема дедукции для посылки: ((B → (¬(A → ¬B) → A)) → ((B → ¬(A → ¬B)) → (B → A))), Новая посылка: ((B → (¬A → A)) → ((¬B ∨ (B ∨ A)) → ((B → ¬(A → ¬B)) → (B → A))))
2025-12-27 00:05:50,135 - DEBUG - Применена теорема дедукции для посылки: (((B → ¬(A → ¬B)) → (A → (B → ¬(A → ¬B)))) → (((B → ¬(A → ¬B)) → (A → (B → ¬(A → ¬B)))) → (B → ¬(A → ¬B)))), Новая посылка: ((¬B → (A → (B → (A → ¬B)))) → (((¬A ∨ ¬B) ∨ (¬A ∨ (¬B ∨ (¬A ∨ ¬B)))) → (((B → ¬(A → ¬B)) → (A → (B → ¬(A → ¬B)))) → (B → ¬(A → ¬B)))))
2025-12-27 00:05:50,135 - DEBUG - Применена теорема дедукции для посылки: (((A → (B → ¬(A → ¬B))) → ¬(A → ¬B)) → (((A → (B → ¬(A → ¬B))) → ¬(A → ¬B)) → (A → (B → ¬(A → ¬B))))), Новая посылка: ((¬(B → (A → ¬B)) → (A → ¬B)) → ((A ∨ (¬A ∨ ¬B)) → (((A → (B → ¬(A → ¬B))) → ¬(A → ¬B)) → (A → (B → ¬(A → ¬B))))))
2025-12-27 00:05:50,135 - DEBUG - Применена теорема дедукции для посылки: (¬(A → ¬B) → (B → ¬(A → ¬B))), Новая посылка: ((¬A ∨ ¬B) → (B → ¬(A → ¬B)))
2025-12-27 00:05:50,135 - DEBUG - Применена теорема дедукции для посылки: ((¬B → (A → (A → (B → ¬(A → ¬B))))) → ((¬B → A) → (¬B → (A → (B → ¬(A → ¬B)))))), Новая посылка: ((B ∨ (¬A ∨ (¬A ∨ (¬B ∨ (¬A ∨ ¬B))))) → ((¬B → A) → (¬B → (A → (B → ¬(A → ¬B))))))
2025-12-27 00:05:50,135 - DEBUG - Применена теорема дедукции для посылки: ((B → (B → B)) → ((B → B) → (B → B))), Новая посылка: ((¬B ∨ (¬B ∨ B)) → ((B → B) → (B → B)))
2025-12-27 00:05:50,135 - DEBUG - Применена теорема дедукции для посылки: ((¬B → (A → A)) → ((¬B → A) → (¬B → A))), Новая посылка: ((B ∨ (¬A ∨ A)) → ((¬B → A) → (¬B → A)))
2025-12-27 00:05:50,135 - DEBUG - Применена теорема дедукции для посылки: (((A → (B → ¬(A → ¬B))) → A) → (((A → (B → ¬(A → ¬B))) → A) → (A → (B → ¬(A → ¬B))))), Новая посылка: ((¬(B → (A → ¬B)) → A) → ((A ∨ A) → (((A → (B → ¬(A → ¬B))) → A) → (A → (B → ¬(A → ¬B))))))
2025-12-27 00:05:50,136 - DEBUG - Применена теорема дедукции для посылки: (((B → ¬(A → ¬B)) → ¬(A → ¬B)) → (((B → ¬(A → ¬B)) → ¬(A → ¬B)) → (B → ¬(A → ¬B)))), Новая посылка: ((¬(A → ¬B) → (A → ¬B)) → ((B ∨ (¬A ∨ ¬B)) → (((B → ¬(A → ¬B)) → ¬(A → ¬B)) → (B → ¬(A → ¬B)))))
2025-12-27 00:05:50,136 - DEBUG - Применена теорема дедукции для посылки: (¬(A → ¬B) → (¬B → ¬(A → ¬B))), Новая посылка: ((¬A ∨ ¬B) → (¬B → ¬(A → ¬B)))
2025-12-27 00:05:50,136 - DEBUG - Применена теорема дедукции для посылки: ((B → (¬(A → ¬B) → B)) → ((B → ¬(A → ¬B)) → (B → B))), Новая посылка: ((B → (¬A → B)) → ((¬B ∨ (B ∨ B)) → ((B → ¬(A → ¬B)) → (B → B))))
2025-12-27 00:05:50,136 - DEBUG - Применена теорема дедукции для посылки: ((B → (¬B → (A → (B → ¬(A → ¬B))))) → ((B → ¬B) → (B → (A → (B → ¬(A → ¬B)))))), Новая посылка: ((¬B ∨ (B ∨ (¬A ∨ (¬B ∨ (¬A ∨ ¬B))))) → ((B → ¬B) → (B → (A → (B → ¬(A → ¬B))))))
2025-12-27 00:05:50,136 - DEBUG - Применена теорема дедукции для посылки: ((A → (A → (B → ¬(A → ¬B)))) → ((A → (A → (B → ¬(A → ¬B)))) → A)), Новая посылка: ((¬A ∨ (¬A ∨ (¬B ∨ (¬A ∨ ¬B)))) → ((A → (A → (B → ¬(A → ¬B)))) → A))
2025-12-27 00:05:50,136 - DEBUG - Применена теорема дедукции для посылки: ((¬(A → ¬B) → (¬(A → ¬B) → B)) → ((¬(A → ¬B) → ¬(A → ¬B)) → (¬(A → ¬B) → B))), Новая посылка: (¬(¬((¬A → (¬A → B)) → ¬(¬B → (¬A → B))) → ¬(¬A → (¬B → B))) → ((B ∨ (B ∨ B)) → ((¬(A → ¬B) → ¬(A → ¬B)) → (¬(A → ¬B) → B))))
2025-12-27 00:05:50,136 - DEBUG - Применена теорема дедукции для посылки: ((B → (A → ¬(A → ¬B))) → ((B → A) → (B → ¬(A → ¬B)))), Новая посылка: ((¬B ∨ (¬A ∨ (¬A ∨ ¬B))) → ((B → A) → (B → ¬(A → ¬B))))
2025-12-27 00:05:50,136 - DEBUG - Применена теорема дедукции для посылки: ((A → (B → ¬(A → ¬B))) → (B → (A → (B → ¬(A → ¬B))))), Новая посылка: ((¬A ∨ (¬B ∨ (¬A ∨ ¬B))) → (B → (A → (B → ¬(A → ¬B)))))
2025-12-27 00:05:50,136 - DEBUG - Применена теорема дедукции для посылки: ((¬B → (¬(A → ¬B) → (B → ¬(A → ¬B)))) → ((¬B → ¬(A → ¬B)) → (¬B → (B → ¬(A → ¬B))))), Новая посылка: ((¬B → (¬A → (B → (A → ¬B)))) → ((B ∨ (B ∨ (¬B ∨ (¬A ∨ ¬B)))) → ((¬B → ¬(A → ¬B)) → (¬B → (B → ¬(A → ¬B))))))
2025-12-27 00:05:50,136 - DEBUG - Применена теорема дедукции для посылки: ((¬B → ((A → (B → ¬(A → ¬B))) → (B → ¬(A → ¬B)))) → ((¬B → (A → (B → ¬(A → ¬B)))) → (¬B → (B → ¬(A → ¬B))))), Новая посылка: ((¬B → (¬A → (B → (A → ¬B)))) → ((B ∨ ((¬B ∨ (¬A ∨ ¬B)) ∨ (¬B ∨ (¬A ∨ ¬B)))) → ((¬B → (A → (B → ¬(A → ¬B)))) → (¬B → (B → ¬(A → ¬B))))))
2025-12-27 00:05:50,136 - DEBUG - Применена теорема дедукции для посылки: ((B → ¬(A → ¬B)) → ((B → ¬(A → ¬B)) → (B → ¬(A → ¬B)))), Новая посылка: ((¬B ∨ (¬A ∨ ¬B)) → ((B → ¬(A → ¬B)) → (B → ¬(A → ¬B))))
2025-12-27 00:05:50,136 - DEBUG - Применена теорема дедукции для посылки: ((¬B → (A → (B → ¬(A → ¬B)))) → ((¬B → (A → (B → ¬(A → ¬B)))) → ¬B)), Новая посылка: ((B ∨ (¬A ∨ (¬B ∨ (¬A ∨ ¬B)))) → ((¬B → (A → (B → ¬(A → ¬B)))) → ¬B))
2025-12-27 00:05:50,136 - DEBUG - Применена теорема дедукции для посылки: ((¬(A → ¬B) → (B → ¬(A → ¬B))) → ((¬(A → ¬B) → (B → ¬(A → ¬B))) → ¬(A → ¬B))), Новая посылка: ((¬A → (B → (A → ¬B))) → ((B ∨ (¬B ∨ (¬A ∨ ¬B))) → ((¬(A → ¬B) → (B → ¬(A → ¬B))) → ¬(A → ¬B))))
2025-12-27 00:05:50,136 - DEBUG - Применена теорема дедукции для посылки: ((¬B → (B → B)) → ((¬B → B) → (¬B → B))), Новая посылка: ((B ∨ (¬B ∨ B)) → ((¬B → B) → (¬B → B)))
2025-12-27 00:05:50,136 - DEBUG - Применена теорема дедукции для посылки: ((¬B → ((A → (B → ¬(A → ¬B))) → ¬B)) → ((¬B → (A → (B → ¬(A → ¬B)))) → (¬B → ¬B))), Новая посылка: ((¬B → (¬A → ¬B)) → ((B ∨ ((¬B ∨ (¬A ∨ ¬B)) ∨ ¬B)) → ((¬B → (A → (B → ¬(A → ¬B)))) → (¬B → ¬B))))
2025-12-27 00:05:50,137 - DEBUG - Применена теорема дедукции для посылки: (¬(A → ¬B) → (A → ¬(A → ¬B))), Новая посылка: ((¬A ∨ ¬B) → (A → ¬(A → ¬B)))
2025-12-27 00:05:50,137 - DEBUG - Применена теорема дедукции для посылки: ((¬(A → ¬B) → ((B → ¬(A → ¬B)) → B)) → ((¬(A → ¬B) → (B → ¬(A → ¬B))) → (¬(A → ¬B) → B))), Новая посылка: (¬(¬((¬B → (¬B → B)) → ¬(¬A → (¬B → B))) → ¬(¬A → (¬(A → ¬B) → B))) → ((B ∨ ((¬A ∨ ¬B) ∨ B)) → ((¬(A → ¬B) → (B → ¬(A → ¬B))) → (¬(A → ¬B) → B))))
2025-12-27 00:05:50,137 - DEBUG - Применена теорема дедукции для посылки: (((B → ¬(A → ¬B)) → ¬B) → (((B → ¬(A → ¬B)) → ¬B) → (B → ¬(A → ¬B)))), Новая посылка: ((¬(A → ¬B) → ¬B) → ((B ∨ ¬B) → (((B → ¬(A → ¬B)) → ¬B) → (B → ¬(A → ¬B)))))
2025-12-27 00:05:50,137 - DEBUG - Применена теорема дедукции для посылки: ((B → ((B → ¬(A → ¬B)) → ¬B)) → ((B → (B → ¬(A → ¬B))) → (B → ¬B))), Новая посылка: ((B → (¬(A → ¬B) → ¬B)) → ((¬B ∨ (B ∨ ¬B)) → ((B → (B → ¬(A → ¬B))) → (B → ¬B))))
2025-12-27 00:05:50,137 - DEBUG - Применена теорема дедукции для посылки: ((¬B → (A → ¬(A → ¬B))) → ((¬B → A) → (¬B → ¬(A → ¬B)))), Новая посылка: ((B ∨ (¬A ∨ (¬A ∨ ¬B))) → ((¬B → A) → (¬B → ¬(A → ¬B))))
2025-12-27 00:05:50,137 - DEBUG - Применена теорема дедукции для посылки: (((B → ¬(A → ¬B)) → (B → ¬(A → ¬B))) → (((B → ¬(A → ¬B)) → (B → ¬(A → ¬B))) → (B → ¬(A → ¬B)))), Новая посылка: ((¬(A → ¬B) → (B → (A → ¬B))) → ((B ∨ (¬B ∨ (¬A ∨ ¬B))) → (((B → ¬(A → ¬B)) → (B → ¬(A → ¬B))) → (B → ¬(A → ¬B)))))
2025-12-27 00:05:50,137 - DEBUG - Применена теорема дедукции для посылки: ((A → (B → ¬(A → ¬B))) → ((A → (B → ¬(A → ¬B))) → A)), Новая посылка: ((¬A ∨ (¬B ∨ (¬A ∨ ¬B))) → ((A → (B → ¬(A → ¬B))) → A))
2025-12-27 00:05:50,137 - DEBUG - Применена теорема дедукции для посылки: ((¬(A → ¬B) → (¬(A → ¬B) → (A → (B → ¬(A → ¬B))))) → ((¬(A → ¬B) → ¬(A → ¬B)) → (¬(A → ¬B) → (A → (B → ¬(A → ¬B)))))), Новая посылка: (¬(¬((¬A → (¬B → (A → (B → (A → ¬B))))) → ¬(¬B → (¬B → (A → (B → (A → ¬B)))))) → ¬(¬A → (¬A → (A → (B → (A → ¬B)))))) → ((B ∨ (A ∨ (¬A ∨ (¬B ∨ (¬A ∨ ¬B))))) → ((¬(A → ¬B) → ¬(A → ¬B)) → (¬(A → ¬B) → (A → (B → ¬(A → ¬B)))))))
2025-12-27 00:05:50,137 - DEBUG - Применена теорема дедукции для посылки: ((B → (B → (A → (B → ¬(A → ¬B))))) → ((B → B) → (B → (A → (B → ¬(A → ¬B)))))), Новая посылка: ((¬B ∨ (¬B ∨ (¬A ∨ (¬B ∨ (¬A ∨ ¬B))))) → ((B → B) → (B → (A → (B → ¬(A → ¬B))))))
2025-12-27 00:05:50,137 - DEBUG - Применена теорема дедукции для посылки: ((B → (¬B → A)) → ((B → ¬B) → (B → A))), Новая посылка: ((¬B ∨ (B ∨ A)) → ((B → ¬B) → (B → A)))
2025-12-27 00:05:50,137 - DEBUG - Применена теорема дедукции для посылки: ((B → (¬(A → ¬B) → ¬B)) → ((B → ¬(A → ¬B)) → (B → ¬B))), Новая посылка: ((B → (¬B → ¬B)) → ((¬B ∨ (A ∨ ¬B)) → ((B → ¬(A → ¬B)) → (B → ¬B))))
2025-12-27 00:05:50,137 - DEBUG - Применена теорема дедукции для посылки: ((¬B → ((A → (B → ¬(A → ¬B))) → (A → (B → ¬(A → ¬B))))) → ((¬B → (A → (B → ¬(A → ¬B)))) → (¬B → (A → (B → ¬(A → ¬B)))))), Новая посылка: ((¬B → (¬A → (A → (B → (A → ¬B))))) → ((B ∨ ((¬B ∨ (¬A ∨ ¬B)) ∨ (¬A ∨ (¬B ∨ (¬A ∨ ¬B))))) → ((¬B → (A → (B → ¬(A → ¬B)))) → (¬B → (A → (B → ¬(A → ¬B)))))))
2025-12-27 00:05:50,138 - DEBUG - Применена теорема дедукции для посылки: ((¬B → ((A → (B → ¬(A → ¬B))) → B)) → ((¬B → (A → (B → ¬(A → ¬B)))) → (¬B → B))), Новая посылка: ((¬B → (¬A → B)) → ((B ∨ ((¬B ∨ (¬A ∨ ¬B)) ∨ B)) → ((¬B → (A → (B → ¬(A → ¬B)))) → (¬B → B))))
2025-12-27 00:05:50,138 - DEBUG - Применена теорема дедукции для посылки: ((¬B → ((B → ¬(A → ¬B)) → ¬(A → ¬B))) → ((¬B → (B → ¬(A → ¬B))) → (¬B → ¬(A → ¬B)))), Новая посылка: ((¬B → (¬(A → ¬B) → (A → ¬B))) → ((B ∨ (B ∨ (¬A ∨ ¬B))) → ((¬B → (B → ¬(A → ¬B))) → (¬B → ¬(A → ¬B)))))
2025-12-27 00:05:50,138 - DEBUG - Применена теорема дедукции для посылки: ((¬(A → ¬B) → (B → ¬(A → ¬B))) → ((¬(A → ¬B) → B) → (¬(A → ¬B) → ¬(A → ¬B)))), Новая посылка: ((¬A → (B → (A → ¬B))) → ((B ∨ (¬B ∨ (¬A ∨ ¬B))) → ((¬(A → ¬B) → B) → (¬(A → ¬B) → ¬(A → ¬B)))))
2025-12-27 00:05:50,138 - DEBUG - Применена теорема дедукции для посылки: ((¬(A → ¬B) → ((A → (B → ¬(A → ¬B))) → (B → ¬(A → ¬B)))) → ((¬(A → ¬B) → (A → (B → ¬(A → ¬B)))) → (¬(A → ¬B) → (B → ¬(A → ¬B))))), Новая посылка: (¬(¬((¬B → (¬A → (B → (A → ¬B)))) → ¬(¬A → (¬A → (B → (A → ¬B))))) → ¬(¬B → (¬(B → (A → ¬B)) → (B → (A → ¬B))))) → ((A ∨ ((¬B ∨ (¬A ∨ ¬B)) ∨ (¬B ∨ (¬A ∨ ¬B)))) → ((¬(A → ¬B) → (A → (B → ¬(A → ¬B)))) → (¬(A → ¬B) → (B → ¬(A → ¬B))))))
2025-12-27 00:05:50,138 - DEBUG - Применена теорема дедукции для посылки: ((¬B → (A → ¬B)) → ((¬B → A) → (¬B → ¬B))), Новая посылка: ((B ∨ (¬A ∨ ¬B)) → ((¬B → A) → (¬B → ¬B)))
2025-12-27 00:05:50,138 - DEBUG - Применена теорема дедукции для посылки: ((¬(A → ¬B) → ((A → (B → ¬(A → ¬B))) → (A → (B → ¬(A → ¬B))))) → ((¬(A → ¬B) → (A → (B → ¬(A → ¬B)))) → (¬(A → ¬B) → (A → (B → ¬(A → ¬B)))))), Новая посылка: (¬(¬((¬A → (¬(B → (A → ¬B)) → (A → (B → (A → ¬B))))) → ¬(¬B → (¬A → (A → (B → (A → ¬B)))))) → ¬(¬B → (¬(B → (A → ¬B)) → (A → (B → (A → ¬B)))))) → ((A ∨ (A ∨ (¬A ∨ (¬B ∨ (¬A ∨ ¬B))))) → ((¬(A → ¬B) → (A → (B → ¬(A → ¬B)))) → (¬(A → ¬B) → (A → (B → ¬(A → ¬B)))))))
2025-12-27 00:05:50,138 - DEBUG - Применена теорема дедукции для посылки: ((¬(A → ¬B) → ((A → (B → ¬(A → ¬B))) → ¬(A → ¬B))) → ((¬(A → ¬B) → (A → (B → ¬(A → ¬B)))) → (¬(A → ¬B) → ¬(A → ¬B)))), Новая посылка: (¬(¬((¬A → (¬A → (A → ¬B))) → ¬(¬B → (¬A → (A → ¬B)))) → ¬(¬A → (¬(B → (A → ¬B)) → (A → ¬B)))) → ((B ∨ ((¬B ∨ (¬A ∨ ¬B)) ∨ (¬A ∨ ¬B))) → ((¬(A → ¬B) → (A → (B → ¬(A → ¬B)))) → (¬(A → ¬B) → ¬(A → ¬B)))))
2025-12-27 00:05:50,138 - DEBUG - Применена теорема дедукции для посылки: ((¬B → (B → A)) → ((¬B → B) → (¬B → A))), Новая посылка: ((B ∨ (¬B ∨ A)) → ((¬B → B) → (¬B → A)))
2025-12-27 00:05:50,138 - DEBUG - Применена теорема дедукции для посылки: (((A → (B → ¬(A → ¬B))) → ¬B) → (((A → (B → ¬(A → ¬B))) → ¬B) → (A → (B → ¬(A → ¬B))))), Новая посылка: ((¬A → ¬B) → (((¬B ∨ (¬A ∨ ¬B)) ∨ ¬B) → (((A → (B → ¬(A → ¬B))) → ¬B) → (A → (B → ¬(A → ¬B))))))
2025-12-27 00:05:50,138 - DEBUG - Применена теорема дедукции для посылки: (¬(A → ¬B) → ((A → (B → ¬(A → ¬B))) → ¬(A → ¬B))), Новая посылка: ((¬A ∨ ¬B) → ((A → (B → ¬(A → ¬B))) → ¬(A → ¬B)))
2025-12-27 00:05:50,138 - DEBUG - Применена теорема дедукции для посылки: ((¬(A → ¬B) → (A → (A → (B → ¬(A → ¬B))))) → ((¬(A → ¬B) → A) → (¬(A → ¬B) → (A → (B → ¬(A → ¬B)))))), Новая посылка: ((¬A → (A → (A → (B → (A → ¬B))))) → ((B ∨ (¬A ∨ (¬A ∨ (¬B ∨ (¬A ∨ ¬B))))) → ((¬(A → ¬B) → A) → (¬(A → ¬B) → (A → (B → ¬(A → ¬B)))))))
2025-12-27 00:05:50,139 - DEBUG - Применена теорема дедукции для посылки: ((¬B → (¬(A → ¬B) → ¬B)) → ((¬B → ¬(A → ¬B)) → (¬B → ¬B))), Новая посылка: ((¬B → (¬B → ¬B)) → ((B ∨ (A ∨ ¬B)) → ((¬B → ¬(A → ¬B)) → (¬B → ¬B))))
2025-12-27 00:05:50,139 - DEBUG - Применена теорема дедукции для посылки: (((B → ¬(A → ¬B)) → B) → (((B → ¬(A → ¬B)) → B) → (B → ¬(A → ¬B)))), Новая посылка: ((¬B → B) → (((¬A ∨ ¬B) ∨ B) → (((B → ¬(A → ¬B)) → B) → (B → ¬(A → ¬B)))))
2025-12-27 00:05:50,139 - DEBUG - Применена теорема дедукции для посылки: ((¬(A → ¬B) → (¬(A → ¬B) → ¬(A → ¬B))) → ((¬(A → ¬B) → ¬(A → ¬B)) → (¬(A → ¬B) → ¬(A → ¬B)))), Новая посылка: (¬(¬((¬B → (¬A → (A → ¬B))) → ¬(¬B → (¬B → (A → ¬B)))) → ¬(¬A → (¬B → (A → ¬B)))) → ((A ∨ (A ∨ (¬A ∨ ¬B))) → ((¬(A → ¬B) → ¬(A → ¬B)) → (¬(A → ¬B) → ¬(A → ¬B)))))
2025-12-27 00:05:50,139 - DEBUG - Применена теорема дедукции для посылки: ((B → A) → ((B → A) → B)), Новая посылка: ((¬B ∨ A) → ((B → A) → B))
2025-12-27 00:05:50,139 - DEBUG - Применена теорема дедукции для посылки: ((B → ¬(A → ¬B)) → (B → (B → ¬(A → ¬B)))), Новая посылка: ((¬B ∨ (¬A ∨ ¬B)) → (B → (B → ¬(A → ¬B))))
2025-12-27 00:05:50,139 - DEBUG - Применена теорема дедукции для посылки: ((¬(A → ¬B) → ¬B) → ((¬(A → ¬B) → ¬B) → ¬(A → ¬B))), Новая посылка: ((¬A → ¬B) → ((B ∨ ¬B) → ((¬(A → ¬B) → ¬B) → ¬(A → ¬B))))
2025-12-27 00:05:50,139 - DEBUG - Применена теорема дедукции для посылки: ((B → ¬(A → ¬B)) → ((B → ¬(A → ¬B)) → B)), Новая посылка: ((¬B ∨ (¬A ∨ ¬B)) → ((B → ¬(A → ¬B)) → B))
2025-12-27 00:05:50,139 - DEBUG - Применена теорема дедукции для посылки: ((¬B → ((B → ¬(A → ¬B)) → ¬B)) → ((¬B → (B → ¬(A → ¬B))) → (¬B → ¬B))), Новая посылка: ((¬B → (¬(A → ¬B) → ¬B)) → ((B ∨ (B ∨ ¬B)) → ((¬B → (B → ¬(A → ¬B))) → (¬B → ¬B))))
2025-12-27 00:05:50,139 - DEBUG - Применена теорема дедукции для посылки: ((B → (¬(A → ¬B) → (B → ¬(A → ¬B)))) → ((B → ¬(A → ¬B)) → (B → (B → ¬(A → ¬B))))), Новая посылка: ((B → (¬A → (B → (A → ¬B)))) → ((¬B ∨ (B ∨ (¬B ∨ (¬A ∨ ¬B)))) → ((B → ¬(A → ¬B)) → (B → (B → ¬(A → ¬B))))))
2025-12-27 00:05:50,139 - DEBUG - Применена теорема дедукции для посылки: ((B → B) → ((B → B) → B)), Новая посылка: ((¬B ∨ B) → ((B → B) → B))
2025-12-27 00:05:50,139 - DEBUG - Применена теорема дедукции для посылки: ((B → (B → ¬(A → ¬B))) → ((B → (B → ¬(A → ¬B))) → B)), Новая посылка: ((¬B ∨ (¬B ∨ (¬A ∨ ¬B))) → ((B → (B → ¬(A → ¬B))) → B))
2025-12-27 00:05:50,139 - DEBUG - Применена теорема дедукции для посылки: ((¬B → (¬B → (A → (B → ¬(A → ¬B))))) → ((¬B → ¬B) → (¬B → (A → (B → ¬(A → ¬B)))))), Новая посылка: ((B ∨ (B ∨ (¬A ∨ (¬B ∨ (¬A ∨ ¬B))))) → ((¬B → ¬B) → (¬B → (A → (B → ¬(A → ¬B))))))
2025-12-27 00:05:50,139 - DEBUG - Применена теорема дедукции для посылки: ((¬B → ((B → ¬(A → ¬B)) → (B → ¬(A → ¬B)))) → ((¬B → (B → ¬(A → ¬B))) → (¬B → (B → ¬(A → ¬B))))), Новая посылка: ((¬B → (¬B → (B → (A → ¬B)))) → ((B ∨ ((¬A ∨ ¬B) ∨ (¬B ∨ (¬A ∨ ¬B)))) → ((¬B → (B → ¬(A → ¬B))) → (¬B → (B → ¬(A → ¬B))))))
2025-12-27 00:05:50,139 - DEBUG - Применена теорема дедукции для посылки: ((¬(A → ¬B) → (B → (A → (B → ¬(A → ¬B))))) → ((¬(A → ¬B) → B) → (¬(A → ¬B) → (A → (B → ¬(A → ¬B)))))), Новая посылка: ((¬B → (B → (A → (B → (A → ¬B))))) → ((A ∨ (¬B ∨ (¬A ∨ (¬B ∨ (¬A ∨ ¬B))))) → ((¬(A → ¬B) → B) → (¬(A → ¬B) → (A → (B → ¬(A → ¬B)))))))
2025-12-27 00:05:50,139 - DEBUG - Применена теорема дедукции для посылки: ((¬B → (B → ¬B)) → ((¬B → B) → (¬B → ¬B))), Новая посылка: ((B ∨ (¬B ∨ ¬B)) → ((¬B → B) → (¬B → ¬B)))
2025-12-27 00:05:50,140 - DEBUG - Применена теорема дедукции для посылки: ((¬(A → ¬B) → (A → B)) → ((¬(A → ¬B) → A) → (¬(A → ¬B) → B))), Новая посылка: ((¬A → (A → B)) → ((B ∨ (¬A ∨ B)) → ((¬(A → ¬B) → A) → (¬(A → ¬B) → B))))
2025-12-27 00:05:50,140 - DEBUG - Применена теорема дедукции для посылки: ((¬(A → ¬B) → ((A → (B → ¬(A → ¬B))) → A)) → ((¬(A → ¬B) → (A → (B → ¬(A → ¬B)))) → (¬(A → ¬B) → A))), Новая посылка: (¬(¬((¬A → (¬A → A)) → ¬(¬B → (¬A → A))) → ¬(¬B → (¬(B → (A → ¬B)) → A))) → ((A ∨ ((¬B ∨ (¬A ∨ ¬B)) ∨ A)) → ((¬(A → ¬B) → (A → (B → ¬(A → ¬B)))) → (¬(A → ¬B) → A))))
2025-12-27 00:05:50,140 - DEBUG - Применена теорема дедукции для посылки: ((A → B) → ((A → B) → A)), Новая посылка: ((¬A ∨ B) → ((A → B) → A))
2025-12-27 00:05:50,140 - DEBUG - Применена теорема дедукции для посылки: ((¬(A → ¬B) → (¬B → ¬B)) → ((¬(A → ¬B) → ¬B) → (¬(A → ¬B) → ¬B))), Новая посылка: ((¬A → (¬B → ¬B)) → ((B ∨ (B ∨ ¬B)) → ((¬(A → ¬B) → ¬B) → (¬(A → ¬B) → ¬B))))
2025-12-27 00:05:50,140 - DEBUG - Применена теорема дедукции для посылки: ((¬(A → ¬B) → ((A → (B → ¬(A → ¬B))) → ¬B)) → ((¬(A → ¬B) → (A → (B → ¬(A → ¬B)))) → (¬(A → ¬B) → ¬B))), Новая посылка: (¬(¬((¬A → (¬(B → (A → ¬B)) → ¬B)) → ¬(¬A → (¬A → ¬B))) → ¬(¬B → (¬A → ¬B))) → ((B ∨ ((¬B ∨ (¬A ∨ ¬B)) ∨ ¬B)) → ((¬(A → ¬B) → (A → (B → ¬(A → ¬B)))) → (¬(A → ¬B) → ¬B))))
2025-12-27 00:05:50,140 - DEBUG - Применена теорема дедукции для посылки: ((B → ((B → ¬(A → ¬B)) → ¬(A → ¬B))) → ((B → (B → ¬(A → ¬B))) → (B → ¬(A → ¬B)))), Новая посылка: ((B → (¬B → (A → ¬B))) → ((¬B ∨ ((¬A ∨ ¬B) ∨ (¬A ∨ ¬B))) → ((B → (B → ¬(A → ¬B))) → (B → ¬(A → ¬B)))))
2025-12-27 00:05:50,140 - DEBUG - Применена теорема дедукции для посылки: ((B → (A → (B → ¬(A → ¬B)))) → ((B → (A → (B → ¬(A → ¬B)))) → B)), Новая посылка: ((¬B ∨ (¬A ∨ (¬B ∨ (¬A ∨ ¬B)))) → ((B → (A → (B → ¬(A → ¬B)))) → B))
2025-12-27 00:05:50,140 - DEBUG - Применена теорема дедукции для посылки: ((¬(A → ¬B) → (¬B → B)) → ((¬(A → ¬B) → ¬B) → (¬(A → ¬B) → B))), Новая посылка: ((¬A → (¬B → B)) → ((B ∨ (B ∨ B)) → ((¬(A → ¬B) → ¬B) → (¬(A → ¬B) → B))))
2025-12-27 00:05:50,140 - DEBUG - Применена теорема дедукции для посылки: (((A → (B → ¬(A → ¬B))) → B) → (((A → (B → ¬(A → ¬B))) → B) → (A → (B → ¬(A → ¬B))))), Новая посылка: ((¬(B → (A → ¬B)) → B) → ((A ∨ B) → (((A → (B → ¬(A → ¬B))) → B) → (A → (B → ¬(A → ¬B))))))
2025-12-27 00:05:50,140 - DEBUG - Применена теорема дедукции для посылки: ((A → (B → ¬(A → ¬B))) → (A → (A → (B → ¬(A → ¬B))))), Новая посылка: ((¬A ∨ (¬B ∨ (¬A ∨ ¬B))) → (A → (A → (B → ¬(A → ¬B)))))
2025-12-27 00:05:50,140 - DEBUG - Применена теорема дедукции для посылки: ((B → (¬B → ¬(A → ¬B))) → ((B → ¬B) → (B → ¬(A → ¬B)))), Новая посылка: ((¬B ∨ (B ∨ (¬A ∨ ¬B))) → ((B → ¬B) → (B → ¬(A → ¬B))))
2025-12-27 00:05:50,140 - DEBUG - Применена теорема дедукции для посылки: ((¬B → ((A → (B → ¬(A → ¬B))) → A)) → ((¬B → (A → (B → ¬(A → ¬B)))) → (¬B → A))), Новая посылка: ((¬B → (¬A → A)) → ((B ∨ ((¬B ∨ (¬A ∨ ¬B)) ∨ A)) → ((¬B → (A → (B → ¬(A → ¬B)))) → (¬B → A))))
2025-12-27 00:05:50,140 - DEBUG - Применена теорема дедукции для посылки: ((¬B → ((A → (B → ¬(A → ¬B))) → ¬(A → ¬B))) → ((¬B → (A → (B → ¬(A → ¬B)))) → (¬B → ¬(A → ¬B)))), Новая посылка: ((¬B → (¬(B → (A → ¬B)) → (A → ¬B))) → ((B ∨ (A ∨ (¬A ∨ ¬B))) → ((¬B → (A → (B → ¬(A → ¬B)))) → (¬B → ¬(A → ¬B)))))
2025-12-27 00:05:50,140 - DEBUG - Применена теорема дедукции для посылки: ((¬B → (¬B → ¬B)) → ((¬B → ¬B) → (¬B → ¬B))), Новая посылка: ((B ∨ (B ∨ ¬B)) → ((¬B → ¬B) → (¬B → ¬B)))
2025-12-27 00:05:50,141 - DEBUG - Применена теорема дедукции для посылки: ((¬(A → ¬B) → (A → ¬(A → ¬B))) → ((¬(A → ¬B) → A) → (¬(A → ¬B) → ¬(A → ¬B)))), Новая посылка: ((¬A → (A → (A → ¬B))) → ((B ∨ (¬A ∨ (¬A ∨ ¬B))) → ((¬(A → ¬B) → A) → (¬(A → ¬B) → ¬(A → ¬B)))))
2025-12-27 00:05:50,141 - DEBUG - Применена теорема дедукции для посылки: (((A → (B → ¬(A → ¬B))) → (A → (B → ¬(A → ¬B)))) → (((A → (B → ¬(A → ¬B))) → (A → (B → ¬(A → ¬B)))) → (A → (B → ¬(A → ¬B))))), Новая посылка: ((¬(B → (A → ¬B)) → (A → (B → (A → ¬B)))) → ((A ∨ (¬A ∨ (¬B ∨ (¬A ∨ ¬B)))) → (((A → (B → ¬(A → ¬B))) → (A → (B → ¬(A → ¬B)))) → (A → (B → ¬(A → ¬B))))))
2025-12-27 00:05:50,141 - DEBUG - Применена теорема дедукции для посылки: ((¬(A → ¬B) → (¬B → (A → (B → ¬(A → ¬B))))) → ((¬(A → ¬B) → ¬B) → (¬(A → ¬B) → (A → (B → ¬(A → ¬B)))))), Новая посылка: ((¬B → (¬B → (A → (B → (A → ¬B))))) → ((A ∨ (B ∨ (¬A ∨ (¬B ∨ (¬A ∨ ¬B))))) → ((¬(A → ¬B) → ¬B) → (¬(A → ¬B) → (A → (B → ¬(A → ¬B)))))))
2025-12-27 00:05:50,141 - DEBUG - Применена теорема дедукции для посылки: ((¬(A → ¬B) → A) → ((¬(A → ¬B) → A) → ¬(A → ¬B))), Новая посылка: ((¬B → A) → ((A ∨ A) → ((¬(A → ¬B) → A) → ¬(A → ¬B))))
2025-12-27 00:05:50,141 - DEBUG - Применена теорема дедукции для посылки: ((¬(A → ¬B) → (¬B → A)) → ((¬(A → ¬B) → ¬B) → (¬(A → ¬B) → A))), Новая посылка: ((¬B → (¬B → A)) → ((A ∨ (B ∨ A)) → ((¬(A → ¬B) → ¬B) → (¬(A → ¬B) → A))))
2025-12-27 00:05:50,141 - DEBUG - Применена теорема дедукции для посылки: ((¬(A → ¬B) → ((B → ¬(A → ¬B)) → (B → ¬(A → ¬B)))) → ((¬(A → ¬B) → (B → ¬(A → ¬B))) → (¬(A → ¬B) → (B → ¬(A → ¬B))))), Новая посылка: (¬(¬((¬B → (¬(A → ¬B) → (B → (A → ¬B)))) → ¬(¬A → (¬(A → ¬B) → (B → (A → ¬B))))) → ¬(¬B → (¬B → (B → (A → ¬B))))) → ((A ∨ (B ∨ (¬B ∨ (¬A ∨ ¬B)))) → ((¬(A → ¬B) → (B → ¬(A → ¬B))) → (¬(A → ¬B) → (B → ¬(A → ¬B))))))
2025-12-27 00:05:50,141 - DEBUG - Применена теорема дедукции для посылки: ((B → ¬B) → ((B → ¬B) → B)), Новая посылка: ((¬B ∨ ¬B) → ((B → ¬B) → B))
2025-12-27 00:05:50,141 - DEBUG - Применена теорема дедукции для посылки: ((B → ((B → ¬(A → ¬B)) → (A → (B → ¬(A → ¬B))))) → ((B → (B → ¬(A → ¬B))) → (B → (A → (B → ¬(A → ¬B)))))), Новая посылка: ((B → (¬B → (A → (B → (A → ¬B))))) → ((¬B ∨ ((¬A ∨ ¬B) ∨ (¬A ∨ (¬B ∨ (¬A ∨ ¬B))))) → ((B → (B → ¬(A → ¬B))) → (B → (A → (B → ¬(A → ¬B)))))))
2025-12-27 00:05:50,141 - DEBUG - Применена теорема дедукции для посылки: (((B → ¬(A → ¬B)) → A) → (((B → ¬(A → ¬B)) → A) → (B → ¬(A → ¬B)))), Новая посылка: ((¬(A → ¬B) → A) → ((B ∨ A) → (((B → ¬(A → ¬B)) → A) → (B → ¬(A → ¬B)))))
2025-12-27 00:05:50,141 - DEBUG - Применена теорема дедукции для посылки: ((¬B → ((B → ¬(A → ¬B)) → A)) → ((¬B → (B → ¬(A → ¬B))) → (¬B → A))), Новая посылка: ((¬B → (¬(A → ¬B) → A)) → ((B ∨ (B ∨ A)) → ((¬B → (B → ¬(A → ¬B))) → (¬B → A))))
2025-12-27 00:05:50,141 - DEBUG - Применена теорема дедукции для посылки: ((B → ((B → ¬(A → ¬B)) → B)) → ((B → (B → ¬(A → ¬B))) → (B → B))), Новая посылка: ((B → (¬(A → ¬B) → B)) → ((¬B ∨ (B ∨ B)) → ((B → (B → ¬(A → ¬B))) → (B → B))))
2025-12-27 00:05:50,141 - DEBUG - Применена теорема дедукции для посылки: ((B → ((B → ¬(A → ¬B)) → (B → ¬(A → ¬B)))) → ((B → (B → ¬(A → ¬B))) → (B → (B → ¬(A → ¬B))))), Новая посылка: ((B → (¬(A → ¬B) → (B → (A → ¬B)))) → ((¬B ∨ (B ∨ (¬B ∨ (¬A ∨ ¬B)))) → ((B → (B → ¬(A → ¬B))) → (B → (B → ¬(A → ¬B))))))
2025-12-27 00:05:50,142 - DEBUG - Применена теорема дедукции для посылки: ((¬B → (B → ¬(A → ¬B))) → ((¬B → (B → ¬(A → ¬B))) → ¬B)), Новая посылка: ((B ∨ (¬B ∨ (¬A ∨ ¬B))) → ((¬B → (B → ¬(A → ¬B))) → ¬B))
2025-12-27 00:05:50,142 - DEBUG - Применена теорема дедукции для посылки: (¬(A → ¬B) → ((B → ¬(A → ¬B)) → ¬(A → ¬B))), Новая посылка: ((¬A ∨ ¬B) → ((B → ¬(A → ¬B)) → ¬(A → ¬B)))
2025-12-27 00:05:50,142 - DEBUG - Применена теорема дедукции для посылки: ((¬(A → ¬B) → (¬(A → ¬B) → (B → ¬(A → ¬B)))) → ((¬(A → ¬B) → ¬(A → ¬B)) → (¬(A → ¬B) → (B → ¬(A → ¬B))))), Новая посылка: (¬(¬((¬B → (¬A → (B → (A → ¬B)))) → ¬(¬B → (¬B → (B → (A → ¬B))))) → ¬(¬A → (¬B → (B → (A → ¬B))))) → ((A ∨ (A ∨ (¬B ∨ (¬A ∨ ¬B)))) → ((¬(A → ¬B) → ¬(A → ¬B)) → (¬(A → ¬B) → (B → ¬(A → ¬B))))))
2025-12-27 00:05:50,142 - DEBUG - Применена теорема дедукции для посылки: ((A → A) → ((A → A) → A)), Новая посылка: ((¬A ∨ A) → ((A → A) → A))
2025-12-27 00:05:50,142 - DEBUG - Применена теорема дедукции для посылки: ((¬(A → ¬B) → (B → B)) → ((¬(A → ¬B) → B) → (¬(A → ¬B) → B))), Новая посылка: ((¬A → (B → B)) → ((B ∨ (¬B ∨ B)) → ((¬(A → ¬B) → B) → (¬(A → ¬B) → B))))
2025-12-27 00:05:50,142 - DEBUG - Применена теорема дедукции для посылки: (¬(A → ¬B) → (¬(A → ¬B) → ¬(A → ¬B))), Новая посылка: ((¬A ∨ ¬B) → (¬(A → ¬B) → ¬(A → ¬B)))
2025-12-27 00:05:50,142 - DEBUG - Применена теорема дедукции для посылки: ((A → (B → ¬(A → ¬B))) → ((A → (B → ¬(A → ¬B))) → (A → (B → ¬(A → ¬B))))), Новая посылка: ((¬A ∨ (¬B ∨ (¬A ∨ ¬B))) → ((A → (B → ¬(A → ¬B))) → (A → (B → ¬(A → ¬B)))))
2025-12-27 00:05:50,142 - DEBUG - Применена теорема дедукции для посылки: ((B → (¬B → ¬B)) → ((B → ¬B) → (B → ¬B))), Новая посылка: ((¬B ∨ (B ∨ ¬B)) → ((B → ¬B) → (B → ¬B)))
2025-12-27 00:05:50,142 - DEBUG - Применена теорема дедукции для посылки: ((¬(A → ¬B) → (¬B → (B → ¬(A → ¬B)))) → ((¬(A → ¬B) → ¬B) → (¬(A → ¬B) → (B → ¬(A → ¬B))))), Новая посылка: ((¬A → (¬B → (B → (A → ¬B)))) → ((B ∨ (B ∨ (¬B ∨ (¬A ∨ ¬B)))) → ((¬(A → ¬B) → ¬B) → (¬(A → ¬B) → (B → ¬(A → ¬B))))))
2025-12-27 00:05:50,142 - DEBUG - Применена теорема дедукции для посылки: ((¬B → (B → ¬(A → ¬B))) → ((¬B → B) → (¬B → ¬(A → ¬B)))), Новая посылка: ((B ∨ (¬B ∨ (¬A ∨ ¬B))) → ((¬B → B) → (¬B → ¬(A → ¬B))))
2025-12-27 00:05:50,142 - DEBUG - Применена теорема дедукции для посылки: ((B → (B → (B → ¬(A → ¬B)))) → ((B → B) → (B → (B → ¬(A → ¬B))))), Новая посылка: ((¬B ∨ (¬B ∨ (¬B ∨ (¬A ∨ ¬B)))) → ((B → B) → (B → (B → ¬(A → ¬B)))))
2025-12-27 00:05:50,142 - DEBUG - Применена теорема дедукции для посылки: ((¬B → (B → (A → (B → ¬(A → ¬B))))) → ((¬B → B) → (¬B → (A → (B → ¬(A → ¬B)))))), Новая посылка: ((B ∨ (¬B ∨ (¬A ∨ (¬B ∨ (¬A ∨ ¬B))))) → ((¬B → B) → (¬B → (A → (B → ¬(A → ¬B))))))
2025-12-27 00:05:50,142 - DEBUG - Применена теорема дедукции для посылки: ((A → (B → ¬(A → ¬B))) → ((B → ¬(A → ¬B)) → (A → (B → ¬(A → ¬B))))), Новая посылка: ((¬A ∨ (¬B ∨ (¬A ∨ ¬B))) → ((B → ¬(A → ¬B)) → (A → (B → ¬(A → ¬B)))))
2025-12-27 00:05:50,142 - DEBUG - Применена теорема дедукции для посылки: ((B → ¬(A → ¬B)) → ((A → (B → ¬(A → ¬B))) → (B → ¬(A → ¬B)))), Новая посылка: ((¬B ∨ (¬A ∨ ¬B)) → ((A → (B → ¬(A → ¬B))) → (B → ¬(A → ¬B))))
2025-12-27 00:05:50,142 - DEBUG - Применена теорема дедукции для посылки: ((B → (B → ¬B)) → ((B → B) → (B → ¬B))), Новая посылка: ((¬B ∨ (¬B ∨ ¬B)) → ((B → B) → (B → ¬B)))
2025-12-27 00:05:50,142 - DEBUG - Применена теорема дедукции для посылки: ((¬B → (¬B → B)) → ((¬B → ¬B) → (¬B → B))), Новая посылка: ((B ∨ (B ∨ B)) → ((¬B → ¬B) → (¬B → B)))
2025-12-27 00:05:50,142 - DEBUG - Применена теорема дедукции для посылки: ((A → ¬(A → ¬B)) → ((A → ¬(A → ¬B)) → A)), Новая посылка: ((¬A ∨ (¬A ∨ ¬B)) → ((A → ¬(A → ¬B)) → A))
2025-12-27 00:05:50,142 - DEBUG - Применена теорема дедукции для посылки: ((B → (A → B)) → ((B → A) → (B → B))), Новая посылка: ((¬B ∨ (¬A ∨ B)) → ((B → A) → (B → B)))
2025-12-27 00:05:50,143 - DEBUG - Применена теорема дедукции для посылки: ((B → ¬(A → ¬B)) → (¬B → (B → ¬(A → ¬B)))), Новая посылка: ((¬B ∨ (¬A ∨ ¬B)) → (¬B → (B → ¬(A → ¬B))))
2025-12-27 00:05:50,143 - DEBUG - Применена теорема дедукции для посылки: ((¬B → (A → B)) → ((¬B → A) → (¬B → B))), Новая посылка: ((B ∨ (¬A ∨ B)) → ((¬B → A) → (¬B → B)))
2025-12-27 00:05:50,143 - DEBUG - Применена теорема дедукции для посылки: ((¬(A → ¬B) → (¬B → ¬(A → ¬B))) → ((¬(A → ¬B) → ¬B) → (¬(A → ¬B) → ¬(A → ¬B)))), Новая посылка: ((¬B → (¬B → (A → ¬B))) → ((A ∨ (B ∨ (¬A ∨ ¬B))) → ((¬(A → ¬B) → ¬B) → (¬(A → ¬B) → ¬(A → ¬B)))))
2025-12-27 00:05:50,143 - DEBUG - Применена теорема дедукции для посылки: ((¬(A → ¬B) → (B → (B → ¬(A → ¬B)))) → ((¬(A → ¬B) → B) → (¬(A → ¬B) → (B → ¬(A → ¬B))))), Новая посылка: ((¬A → (B → (B → (A → ¬B)))) → ((B ∨ (¬B ∨ (¬B ∨ (¬A ∨ ¬B)))) → ((¬(A → ¬B) → B) → (¬(A → ¬B) → (B → ¬(A → ¬B))))))
2025-12-27 00:05:50,143 - DEBUG - Применена теорема дедукции для посылки: ((¬(A → ¬B) → ((B → ¬(A → ¬B)) → ¬(A → ¬B))) → ((¬(A → ¬B) → (B → ¬(A → ¬B))) → (¬(A → ¬B) → ¬(A → ¬B)))), Новая посылка: (¬(¬((¬A → (¬(A → ¬B) → (A → ¬B))) → ¬(¬A → (¬B → (A → ¬B)))) → ¬(¬B → (¬(A → ¬B) → (A → ¬B)))) → ((B ∨ (B ∨ (¬A ∨ ¬B))) → ((¬(A → ¬B) → (B → ¬(A → ¬B))) → (¬(A → ¬B) → ¬(A → ¬B)))))
2025-12-27 00:05:50,143 - DEBUG - Применена теорема дедукции для посылки: ((¬(A → ¬B) → (¬(A → ¬B) → ¬B)) → ((¬(A → ¬B) → ¬(A → ¬B)) → (¬(A → ¬B) → ¬B))), Новая посылка: (¬(¬((¬A → (¬A → ¬B)) → ¬(¬A → (¬B → ¬B))) → ¬(¬B → (¬B → ¬B))) → ((B ∨ (A ∨ ¬B)) → ((¬(A → ¬B) → ¬(A → ¬B)) → (¬(A → ¬B) → ¬B))))
2025-12-27 00:05:50,143 - DEBUG - Применена теорема дедукции для посылки: ((¬(A → ¬B) → (A → (B → ¬(A → ¬B)))) → ((¬(A → ¬B) → A) → (¬(A → ¬B) → (B → ¬(A → ¬B))))), Новая посылка: ((¬A → (A → (B → (A → ¬B)))) → ((B ∨ (¬A ∨ (¬B ∨ (¬A ∨ ¬B)))) → ((¬(A → ¬B) → A) → (¬(A → ¬B) → (B → ¬(A → ¬B))))))
2025-12-27 00:05:50,143 - DEBUG - Применена теорема дедукции для посылки: ((¬B → (¬(A → ¬B) → ¬(A → ¬B))) → ((¬B → ¬(A → ¬B)) → (¬B → ¬(A → ¬B)))), Новая посылка: ((¬B → (¬B → (A → ¬B))) → ((B ∨ (A ∨ (¬A ∨ ¬B))) → ((¬B → ¬(A → ¬B)) → (¬B → ¬(A → ¬B)))))
2025-12-27 00:05:50,143 - DEBUG - Применена теорема дедукции для посылки: ((¬(A → ¬B) → B) → ((¬(A → ¬B) → B) → ¬(A → ¬B))), Новая посылка: ((¬A → B) → ((B ∨ B) → ((¬(A → ¬B) → B) → ¬(A → ¬B))))
2025-12-27 00:05:50,145 - INFO - Step 0: 345 formulas
2025-12-27 00:05:50,145 - INFO - Используем правило вывода
2025-12-27 00:05:50,235 - DEBUG - Найдено соответствие для MP. Посылка 1: (¬B → (¬(A → ¬B) → ¬B)), Посылка с правилом вывода: ((¬B → (¬(A → ¬B) → ¬B)) → ((B ∨ (B ∨ ¬B)) → ((¬B → (B → ¬(A → ¬B))) → (¬B → ¬B)))), Новая посылка: ((B ∨ (B ∨ ¬B)) → ((¬B → (B → ¬(A → ¬B))) → (¬B → ¬B)))
2025-12-27 00:05:50,263 - DEBUG - Найдено соответствие для MP. Посылка 1: (B → (¬(A → ¬B) → B)), Посылка с правилом вывода: ((B → (¬(A → ¬B) → B)) → ((¬B ∨ (B ∨ B)) → ((B → (B → ¬(A → ¬B))) → (B → B)))), Новая посылка: ((¬B ∨ (B ∨ B)) → ((B → (B → ¬(A → ¬B))) → (B → B)))
2025-12-27 00:05:50,291 - DEBUG - Найдено соответствие для MP. Посылка 1: (¬(A → ¬B) → (B → ¬(A → ¬B))), Посылка с правилом вывода: ((¬(A → ¬B) → (B → ¬(A → ¬B))) → ¬(A → ¬B)), Новая посылка: ¬(A → ¬B)
2025-12-27 00:05:50,322 - DEBUG - Найдено соответствие для MP. Посылка 1: (¬B → (A → ¬B)), Посылка с правилом вывода: ((¬B → (A → ¬B)) → ((A ∨ (¬A ∨ ¬B)) → ((¬(A → ¬B) → A) → (¬(A → ¬B) → ¬B)))), Новая посылка: ((A ∨ (¬A ∨ ¬B)) → ((¬(A → ¬B) → A) → (¬(A → ¬B) → ¬B)))
2025-12-27 00:05:50,345 - DEBUG - Найдено соответствие для MP. Посылка 1: (¬B → (¬B → ¬B)), Посылка с правилом вывода: ((¬B → (¬B → ¬B)) → ((B ∨ (A ∨ ¬B)) → ((¬B → ¬(A → ¬B)) → (¬B → ¬B)))), Новая посылка: ((B ∨ (A ∨ ¬B)) → ((¬B → ¬(A → ¬B)) → (¬B → ¬B)))
2025-12-27 00:05:50,350 - DEBUG - Найдено соответствие для MP. Посылка 1: ((B → ¬(A → ¬B)) → (A → (B → ¬(A → ¬B)))), Посылка с правилом вывода: (((B → ¬(A → ¬B)) → (A → (B → ¬(A → ¬B)))) → (B → ¬(A → ¬B))), Новая посылка: (B → ¬(A → ¬B))
2025-12-27 00:05:50,456 - DEBUG - Найдено соответствие для MP. Посылка 1: (¬(A → ¬B) → (B → ¬(A → ¬B))), Посылка с правилом вывода: ((¬(A → ¬B) → (B → ¬(A → ¬B))) → (¬(A → ¬B) → ¬(A → ¬B))), Новая посылка: (¬(A → ¬B) → ¬(A → ¬B))
2025-12-27 00:05:50,676 - INFO - Step 1: 352 formulas
2025-12-27 00:05:50,676 - INFO - Используем правило вывода
2025-12-27 00:05:50,812 - DEBUG - Найдено соответствие для MP. Посылка 1: (B → ¬(A → ¬B)), Посылка с правилом вывода: ((B → ¬(A → ¬B)) → (¬B → (B → ¬(A → ¬B)))), Новая посылка: (¬B → (B → ¬(A → ¬B)))
2025-12-27 00:05:50,828 - DEBUG - Найдено соответствие для MP. Посылка 1: (B → ¬(A → ¬B)), Посылка с правилом вывода: ((B → ¬(A → ¬B)) → (A → (B → ¬(A → ¬B)))), Новая посылка: (A → (B → ¬(A → ¬B)))
2025-12-27 00:05:50,859 - DEBUG - Найдено соответствие для MP. Посылка 1: (B → ¬(A → ¬B)), Посылка с правилом вывода: ((B → ¬(A → ¬B)) → ((B → ¬(A → ¬B)) → (B → ¬(A → ¬B)))), Новая посылка: ((B → ¬(A → ¬B)) → (B → ¬(A → ¬B)))
2025-12-27 00:05:50,916 - DEBUG - Найдено соответствие для MP. Посылка 1: (B → ¬(A → ¬B)), Посылка с правилом вывода: ((B → ¬(A → ¬B)) → (B → B)), Новая посылка: (B → B)
2025-12-27 00:05:50,940 - DEBUG - Найдено соответствие для MP. Посылка 1: (B → ¬(A → ¬B)), Посылка с правилом вывода: ((B → ¬(A → ¬B)) → ((A → (B → ¬(A → ¬B))) → (B → ¬(A → ¬B)))), Новая посылка: ((A → (B → ¬(A → ¬B))) → (B → ¬(A → ¬B)))
2025-12-27 00:05:50,953 - DEBUG - Найдено соответствие для MP. Посылка 1: (¬(A → ¬B) → ¬(A → ¬B)), Посылка с правилом вывода: ((¬(A → ¬B) → ¬(A → ¬B)) → ((¬(A → ¬B) → ¬(A → ¬B)) → ¬(A → ¬B))), Новая посылка: ((¬(A → ¬B) → ¬(A → ¬B)) → ¬(A → ¬B))
2025-12-27 00:05:50,982 - DEBUG - Найдено соответствие для MP. Посылка 1: ¬(A → ¬B), Посылка с правилом вывода: (¬(A → ¬B) → (¬B → ¬(A → ¬B))), Новая посылка: (¬B → ¬(A → ¬B))
2025-12-27 00:05:51,014 - DEBUG - Найдено соответствие для MP. Посылка 1: ¬(A → ¬B), Посылка с правилом вывода: (¬(A → ¬B) → ((A → (B → ¬(A → ¬B))) → ¬(A → ¬B))), Новая посылка: ((A → (B → ¬(A → ¬B))) → ¬(A → ¬B))
2025-12-27 00:05:51,021 - DEBUG - Найдено соответствие для MP. Посылка 1: (B → ¬(A → ¬B)), Посылка с правилом вывода: ((B → ¬(A → ¬B)) → (B → (B → ¬(A → ¬B)))), Новая посылка: (B → (B → ¬(A → ¬B)))
2025-12-27 00:05:51,024 - DEBUG - Найдено соответствие для MP. Посылка 1: (B → ¬(A → ¬B)), Посылка с правилом вывода: ((B → ¬(A → ¬B)) → ((B → ¬(A → ¬B)) → B)), Новая посылка: ((B → ¬(A → ¬B)) → B)
2025-12-27 00:05:51,110 - DEBUG - Найдено соответствие для MP. Посылка 1: ¬(A → ¬B), Посылка с правилом вывода: (¬(A → ¬B) → (A → ¬(A → ¬B))), Новая посылка: (A → ¬(A → ¬B))
2025-12-27 00:05:51,184 - DEBUG - Найдено соответствие для MP. Посылка 1: ¬(A → ¬B), Посылка с правилом вывода: (¬(A → ¬B) → ((B → ¬(A → ¬B)) → ¬(A → ¬B))), Новая посылка: ((B → ¬(A → ¬B)) → ¬(A → ¬B))
2025-12-27 00:05:51,207 - INFO - ===================Алгоритм доказал формулу=====================
2025-12-27 00:05:51,207 - INFO - Формула была выведена: (A → (B → ¬(A → ¬B)))
