2025-12-27 00:05:51,211 - INFO - ============Начало доказательства==============
2025-12-27 00:05:51,211 - INFO - Преобразованная формула: (A → (¬A → B))
2025-12-27 00:05:51,211 - DEBUG - Подставляем в аксиому (A → (B → A)) подстановку {'B': 'B', 'A': 'B'}. Результат: (B → (B → B))
2025-12-27 00:05:51,211 - DEBUG - Подставляем в аксиому (A → (B → A)) подстановку {'B': 'B', 'A': '¬A'}. Результат: (¬A → (B → ¬A))
2025-12-27 00:05:51,211 - DEBUG - Подставляем в аксиому (A → (B → A)) подстановку {'B': 'B', 'A': '(¬A → B)'}. Результат: ((¬A → B) → (B → (¬A → B)))
2025-12-27 00:05:51,211 - DEBUG - Подставляем в аксиому (A → (B → A)) подстановку {'B': 'B', 'A': 'A'}. Результат: (A → (B → A))
2025-12-27 00:05:51,211 - DEBUG - Подставляем в аксиому (A → (B → A)) подстановку {'B': 'B', 'A': '(A → (¬A → B))'}. Результат: ((A → (¬A → B)) → (B → (A → (¬A → B))))
2025-12-27 00:05:51,211 - DEBUG - Подставляем в аксиому (A → (B → A)) подстановку {'B': '¬A', 'A': 'B'}. Результат: (B → (¬A → B))
2025-12-27 00:05:51,212 - DEBUG - Подставляем в аксиому (A → (B → A)) подстановку {'B': '¬A', 'A': '¬A'}. Результат: (¬A → (¬A → ¬A))
2025-12-27 00:05:51,212 - DEBUG - Подставляем в аксиому (A → (B → A)) подстановку {'B': '¬A', 'A': '(¬A → B)'}. Результат: ((¬A → B) → (¬A → (¬A → B)))
2025-12-27 00:05:51,212 - DEBUG - Подставляем в аксиому (A → (B → A)) подстановку {'B': '¬A', 'A': 'A'}. Результат: (A → (¬A → A))
2025-12-27 00:05:51,212 - DEBUG - Подставляем в аксиому (A → (B → A)) подстановку {'B': '¬A', 'A': '(A → (¬A → B))'}. Результат: ((A → (¬A → B)) → (¬A → (A → (¬A → B))))
2025-12-27 00:05:51,212 - DEBUG - Подставляем в аксиому (A → (B → A)) подстановку {'B': '(¬A → B)', 'A': 'B'}. Результат: (B → ((¬A → B) → B))
2025-12-27 00:05:51,212 - DEBUG - Подставляем в аксиому (A → (B → A)) подстановку {'B': '(¬A → B)', 'A': '¬A'}. Результат: (¬A → ((¬A → B) → ¬A))
2025-12-27 00:05:51,212 - DEBUG - Подставляем в аксиому (A → (B → A)) подстановку {'B': '(¬A → B)', 'A': '(¬A → B)'}. Результат: ((¬A → B) → ((¬A → B) → (¬A → B)))
2025-12-27 00:05:51,212 - DEBUG - Подставляем в аксиому (A → (B → A)) подстановку {'B': '(¬A → B)', 'A': 'A'}. Результат: (A → ((¬A → B) → A))
2025-12-27 00:05:51,212 - DEBUG - Подставляем в аксиому (A → (B → A)) подстановку {'B': '(¬A → B)', 'A': '(A → (¬A → B))'}. Результат: ((A → (¬A → B)) → ((¬A → B) → (A → (¬A → B))))
2025-12-27 00:05:51,212 - DEBUG - Подставляем в аксиому (A → (B → A)) подстановку {'B': 'A', 'A': 'B'}. Результат: (B → (A → B))
2025-12-27 00:05:51,212 - DEBUG - Подставляем в аксиому (A → (B → A)) подстановку {'B': 'A', 'A': '¬A'}. Результат: (¬A → (A → ¬A))
2025-12-27 00:05:51,212 - DEBUG - Подставляем в аксиому (A → (B → A)) подстановку {'B': 'A', 'A': '(¬A → B)'}. Результат: ((¬A → B) → (A → (¬A → B)))
2025-12-27 00:05:51,212 - DEBUG - Подставляем в аксиому (A → (B → A)) подстановку {'B': 'A', 'A': 'A'}. Результат: (A → (A → A))
2025-12-27 00:05:51,212 - DEBUG - Подставляем в аксиому (A → (B → A)) подстановку {'B': 'A', 'A': '(A → (¬A → B))'}. Результат: ((A → (¬A → B)) → (A → (A → (¬A → B))))
2025-12-27 00:05:51,212 - DEBUG - Подставляем в аксиому (A → (B → A)) подстановку {'B': '(A → (¬A → B))', 'A': 'B'}. Результат: (B → ((A → (¬A → B)) → B))
2025-12-27 00:05:51,212 - DEBUG - Подставляем в аксиому (A → (B → A)) подстановку {'B': '(A → (¬A → B))', 'A': '¬A'}. Результат: (¬A → ((A → (¬A → B)) → ¬A))
2025-12-27 00:05:51,212 - DEBUG - Подставляем в аксиому (A → (B → A)) подстановку {'B': '(A → (¬A → B))', 'A': '(¬A → B)'}. Результат: ((¬A → B) → ((A → (¬A → B)) → (¬A → B)))
2025-12-27 00:05:51,212 - DEBUG - Подставляем в аксиому (A → (B → A)) подстановку {'B': '(A → (¬A → B))', 'A': 'A'}. Результат: (A → ((A → (¬A → B)) → A))
2025-12-27 00:05:51,212 - DEBUG - Подставляем в аксиому (A → (B → A)) подстановку {'B': '(A → (¬A → B))', 'A': '(A → (¬A → B))'}. Результат: ((A → (¬A → B)) → ((A → (¬A → B)) → (A → (¬A → B))))
2025-12-27 00:05:51,212 - DEBUG - Подставляем в аксиому ((A → (B → C)) → ((A → B) → (A → C))) подстановку {'A': 'B', 'B': 'B', 'C': 'B'}. Результат: ((B → (B → B)) → ((B → B) → (B → B)))
2025-12-27 00:05:51,212 - DEBUG - Подставляем в аксиому ((A → (B → C)) → ((A → B) → (A → C))) подстановку {'A': 'B', 'B': 'B', 'C': '¬A'}. Результат: ((B → (B → ¬A)) → ((B → B) → (B → ¬A)))
2025-12-27 00:05:51,212 - DEBUG - Подставляем в аксиому ((A → (B → C)) → ((A → B) → (A → C))) подстановку {'A': 'B', 'B': 'B', 'C': '(¬A → B)'}. Результат: ((B → (B → (¬A → B))) → ((B → B) → (B → (¬A → B))))
2025-12-27 00:05:51,212 - DEBUG - Подставляем в аксиому ((A → (B → C)) → ((A → B) → (A → C))) подстановку {'A': 'B', 'B': 'B', 'C': 'A'}. Результат: ((B → (B → A)) → ((B → B) → (B → A)))
2025-12-27 00:05:51,212 - DEBUG - Подставляем в аксиому ((A → (B → C)) → ((A → B) → (A → C))) подстановку {'A': 'B', 'B': 'B', 'C': '(A → (¬A → B))'}. Результат: ((B → (B → (A → (¬A → B)))) → ((B → B) → (B → (A → (¬A → B)))))
2025-12-27 00:05:51,212 - DEBUG - Подставляем в аксиому ((A → (B → C)) → ((A → B) → (A → C))) подстановку {'A': 'B', 'B': '¬A', 'C': 'B'}. Результат: ((B → (¬A → B)) → ((B → ¬A) → (B → B)))
2025-12-27 00:05:51,212 - DEBUG - Подставляем в аксиому ((A → (B → C)) → ((A → B) → (A → C))) подстановку {'A': 'B', 'B': '¬A', 'C': '¬A'}. Результат: ((B → (¬A → ¬A)) → ((B → ¬A) → (B → ¬A)))
2025-12-27 00:05:51,212 - DEBUG - Подставляем в аксиому ((A → (B → C)) → ((A → B) → (A → C))) подстановку {'A': 'B', 'B': '¬A', 'C': '(¬A → B)'}. Результат: ((B → (¬A → (¬A → B))) → ((B → ¬A) → (B → (¬A → B))))
2025-12-27 00:05:51,212 - DEBUG - Подставляем в аксиому ((A → (B → C)) → ((A → B) → (A → C))) подстановку {'A': 'B', 'B': '¬A', 'C': 'A'}. Результат: ((B → (¬A → A)) → ((B → ¬A) → (B → A)))
2025-12-27 00:05:51,212 - DEBUG - Подставляем в аксиому ((A → (B → C)) → ((A → B) → (A → C))) подстановку {'A': 'B', 'B': '¬A', 'C': '(A → (¬A → B))'}. Результат: ((B → (¬A → (A → (¬A → B)))) → ((B → ¬A) → (B → (A → (¬A → B)))))
2025-12-27 00:05:51,212 - DEBUG - Подставляем в аксиому ((A → (B → C)) → ((A → B) → (A → C))) подстановку {'A': 'B', 'B': '(¬A → B)', 'C': 'B'}. Результат: ((B → ((¬A → B) → B)) → ((B → (¬A → B)) → (B → B)))
2025-12-27 00:05:51,212 - DEBUG - Подставляем в аксиому ((A → (B → C)) → ((A → B) → (A → C))) подстановку {'A': 'B', 'B': '(¬A → B)', 'C': '¬A'}. Результат: ((B → ((¬A → B) → ¬A)) → ((B → (¬A → B)) → (B → ¬A)))
2025-12-27 00:05:51,212 - DEBUG - Подставляем в аксиому ((A → (B → C)) → ((A → B) → (A → C))) подстановку {'A': 'B', 'B': '(¬A → B)', 'C': '(¬A → B)'}. Результат: ((B → ((¬A → B) → (¬A → B))) → ((B → (¬A → B)) → (B → (¬A → B))))
2025-12-27 00:05:51,212 - DEBUG - Подставляем в аксиому ((A → (B → C)) → ((A → B) → (A → C))) подстановку {'A': 'B', 'B': '(¬A → B)', 'C': 'A'}. Результат: ((B → ((¬A → B) → A)) → ((B → (¬A → B)) → (B → A)))
2025-12-27 00:05:51,213 - DEBUG - Подставляем в аксиому ((A → (B → C)) → ((A → B) → (A → C))) подстановку {'A': 'B', 'B': '(¬A → B)', 'C': '(A → (¬A → B))'}. Результат: ((B → ((¬A → B) → (A → (¬A → B)))) → ((B → (¬A → B)) → (B → (A → (¬A → B)))))
2025-12-27 00:05:51,213 - DEBUG - Подставляем в аксиому ((A → (B → C)) → ((A → B) → (A → C))) подстановку {'A': 'B', 'B': 'A', 'C': 'B'}. Результат: ((B → (A → B)) → ((B → A) → (B → B)))
2025-12-27 00:05:51,213 - DEBUG - Подставляем в аксиому ((A → (B → C)) → ((A → B) → (A → C))) подстановку {'A': 'B', 'B': 'A', 'C': '¬A'}. Результат: ((B → (A → ¬A)) → ((B → A) → (B → ¬A)))
2025-12-27 00:05:51,213 - DEBUG - Подставляем в аксиому ((A → (B → C)) → ((A → B) → (A → C))) подстановку {'A': 'B', 'B': 'A', 'C': '(¬A → B)'}. Результат: ((B → (A → (¬A → B))) → ((B → A) → (B → (¬A → B))))
2025-12-27 00:05:51,213 - DEBUG - Подставляем в аксиому ((A → (B → C)) → ((A → B) → (A → C))) подстановку {'A': 'B', 'B': 'A', 'C': 'A'}. Результат: ((B → (A → A)) → ((B → A) → (B → A)))
2025-12-27 00:05:51,213 - DEBUG - Подставляем в аксиому ((A → (B → C)) → ((A → B) → (A → C))) подстановку {'A': 'B', 'B': 'A', 'C': '(A → (¬A → B))'}. Результат: ((B → (A → (A → (¬A → B)))) → ((B → A) → (B → (A → (¬A → B)))))
2025-12-27 00:05:51,213 - DEBUG - Подставляем в аксиому ((A → (B → C)) → ((A → B) → (A → C))) подстановку {'A': 'B', 'B': '(A → (¬A → B))', 'C': 'B'}. Результат: ((B → ((A → (¬A → B)) → B)) → ((B → (A → (¬A → B))) → (B → B)))
2025-12-27 00:05:51,213 - DEBUG - Подставляем в аксиому ((A → (B → C)) → ((A → B) → (A → C))) подстановку {'A': 'B', 'B': '(A → (¬A → B))', 'C': '¬A'}. Результат: ((B → ((A → (¬A → B)) → ¬A)) → ((B → (A → (¬A → B))) → (B → ¬A)))
2025-12-27 00:05:51,213 - DEBUG - Подставляем в аксиому ((A → (B → C)) → ((A → B) → (A → C))) подстановку {'A': 'B', 'B': '(A → (¬A → B))', 'C': '(¬A → B)'}. Результат: ((B → ((A → (¬A → B)) → (¬A → B))) → ((B → (A → (¬A → B))) → (B → (¬A → B))))
2025-12-27 00:05:51,213 - DEBUG - Подставляем в аксиому ((A → (B → C)) → ((A → B) → (A → C))) подстановку {'A': 'B', 'B': '(A → (¬A → B))', 'C': 'A'}. Результат: ((B → ((A → (¬A → B)) → A)) → ((B → (A → (¬A → B))) → (B → A)))
2025-12-27 00:05:51,213 - DEBUG - Подставляем в аксиому ((A → (B → C)) → ((A → B) → (A → C))) подстановку {'A': 'B', 'B': '(A → (¬A → B))', 'C': '(A → (¬A → B))'}. Результат: ((B → ((A → (¬A → B)) → (A → (¬A → B)))) → ((B → (A → (¬A → B))) → (B → (A → (¬A → B)))))
2025-12-27 00:05:51,213 - DEBUG - Подставляем в аксиому ((A → (B → C)) → ((A → B) → (A → C))) подстановку {'A': '¬A', 'B': 'B', 'C': 'B'}. Результат: ((¬A → (B → B)) → ((¬A → B) → (¬A → B)))
2025-12-27 00:05:51,213 - DEBUG - Подставляем в аксиому ((A → (B → C)) → ((A → B) → (A → C))) подстановку {'A': '¬A', 'B': 'B', 'C': '¬A'}. Результат: ((¬A → (B → ¬A)) → ((¬A → B) → (¬A → ¬A)))
2025-12-27 00:05:51,213 - DEBUG - Подставляем в аксиому ((A → (B → C)) → ((A → B) → (A → C))) подстановку {'A': '¬A', 'B': 'B', 'C': '(¬A → B)'}. Результат: ((¬A → (B → (¬A → B))) → ((¬A → B) → (¬A → (¬A → B))))
2025-12-27 00:05:51,213 - DEBUG - Подставляем в аксиому ((A → (B → C)) → ((A → B) → (A → C))) подстановку {'A': '¬A', 'B': 'B', 'C': 'A'}. Результат: ((¬A → (B → A)) → ((¬A → B) → (¬A → A)))
2025-12-27 00:05:51,213 - DEBUG - Подставляем в аксиому ((A → (B → C)) → ((A → B) → (A → C))) подстановку {'A': '¬A', 'B': 'B', 'C': '(A → (¬A → B))'}. Результат: ((¬A → (B → (A → (¬A → B)))) → ((¬A → B) → (¬A → (A → (¬A → B)))))
2025-12-27 00:05:51,213 - DEBUG - Подставляем в аксиому ((A → (B → C)) → ((A → B) → (A → C))) подстановку {'A': '¬A', 'B': '¬A', 'C': 'B'}. Результат: ((¬A → (¬A → B)) → ((¬A → ¬A) → (¬A → B)))
2025-12-27 00:05:51,213 - DEBUG - Подставляем в аксиому ((A → (B → C)) → ((A → B) → (A → C))) подстановку {'A': '¬A', 'B': '¬A', 'C': '¬A'}. Результат: ((¬A → (¬A → ¬A)) → ((¬A → ¬A) → (¬A → ¬A)))
2025-12-27 00:05:51,213 - DEBUG - Подставляем в аксиому ((A → (B → C)) → ((A → B) → (A → C))) подстановку {'A': '¬A', 'B': '¬A', 'C': '(¬A → B)'}. Результат: ((¬A → (¬A → (¬A → B))) → ((¬A → ¬A) → (¬A → (¬A → B))))
2025-12-27 00:05:51,213 - DEBUG - Подставляем в аксиому ((A → (B → C)) → ((A → B) → (A → C))) подстановку {'A': '¬A', 'B': '¬A', 'C': 'A'}. Результат: ((¬A → (¬A → A)) → ((¬A → ¬A) → (¬A → A)))
2025-12-27 00:05:51,213 - DEBUG - Подставляем в аксиому ((A → (B → C)) → ((A → B) → (A → C))) подстановку {'A': '¬A', 'B': '¬A', 'C': '(A → (¬A → B))'}. Результат: ((¬A → (¬A → (A → (¬A → B)))) → ((¬A → ¬A) → (¬A → (A → (¬A → B)))))
2025-12-27 00:05:51,213 - DEBUG - Подставляем в аксиому ((A → (B → C)) → ((A → B) → (A → C))) подстановку {'A': '¬A', 'B': '(¬A → B)', 'C': 'B'}. Результат: ((¬A → ((¬A → B) → B)) → ((¬A → (¬A → B)) → (¬A → B)))
2025-12-27 00:05:51,213 - DEBUG - Подставляем в аксиому ((A → (B → C)) → ((A → B) → (A → C))) подстановку {'A': '¬A', 'B': '(¬A → B)', 'C': '¬A'}. Результат: ((¬A → ((¬A → B) → ¬A)) → ((¬A → (¬A → B)) → (¬A → ¬A)))
2025-12-27 00:05:51,213 - DEBUG - Подставляем в аксиому ((A → (B → C)) → ((A → B) → (A → C))) подстановку {'A': '¬A', 'B': '(¬A → B)', 'C': '(¬A → B)'}. Результат: ((¬A → ((¬A → B) → (¬A → B))) → ((¬A → (¬A → B)) → (¬A → (¬A → B))))
2025-12-27 00:05:51,213 - DEBUG - Подставляем в аксиому ((A → (B → C)) → ((A → B) → (A → C))) подстановку {'A': '¬A', 'B': '(¬A → B)', 'C': 'A'}. Результат: ((¬A → ((¬A → B) → A)) → ((¬A → (¬A → B)) → (¬A → A)))
2025-12-27 00:05:51,213 - DEBUG - Подставляем в аксиому ((A → (B → C)) → ((A → B) → (A → C))) подстановку {'A': '¬A', 'B': '(¬A → B)', 'C': '(A → (¬A → B))'}. Результат: ((¬A → ((¬A → B) → (A → (¬A → B)))) → ((¬A → (¬A → B)) → (¬A → (A → (¬A → B)))))
2025-12-27 00:05:51,213 - DEBUG - Подставляем в аксиому ((A → (B → C)) → ((A → B) → (A → C))) подстановку {'A': '¬A', 'B': 'A', 'C': 'B'}. Результат: ((¬A → (A → B)) → ((¬A → A) → (¬A → B)))
2025-12-27 00:05:51,213 - DEBUG - Подставляем в аксиому ((A → (B → C)) → ((A → B) → (A → C))) подстановку {'A': '¬A', 'B': 'A', 'C': '¬A'}. Результат: ((¬A → (A → ¬A)) → ((¬A → A) → (¬A → ¬A)))
2025-12-27 00:05:51,213 - DEBUG - Подставляем в аксиому ((A → (B → C)) → ((A → B) → (A → C))) подстановку {'A': '¬A', 'B': 'A', 'C': '(¬A → B)'}. Результат: ((¬A → (A → (¬A → B))) → ((¬A → A) → (¬A → (¬A → B))))
2025-12-27 00:05:51,213 - DEBUG - Подставляем в аксиому ((A → (B → C)) → ((A → B) → (A → C))) подстановку {'A': '¬A', 'B': 'A', 'C': 'A'}. Результат: ((¬A → (A → A)) → ((¬A → A) → (¬A → A)))
2025-12-27 00:05:51,213 - DEBUG - Подставляем в аксиому ((A → (B → C)) → ((A → B) → (A → C))) подстановку {'A': '¬A', 'B': 'A', 'C': '(A → (¬A → B))'}. Результат: ((¬A → (A → (A → (¬A → B)))) → ((¬A → A) → (¬A → (A → (¬A → B)))))
2025-12-27 00:05:51,213 - DEBUG - Подставляем в аксиому ((A → (B → C)) → ((A → B) → (A → C))) подстановку {'A': '¬A', 'B': '(A → (¬A → B))', 'C': 'B'}. Результат: ((¬A → ((A → (¬A → B)) → B)) → ((¬A → (A → (¬A → B))) → (¬A → B)))
2025-12-27 00:05:51,214 - DEBUG - Подставляем в аксиому ((A → (B → C)) → ((A → B) → (A → C))) подстановку {'A': '¬A', 'B': '(A → (¬A → B))', 'C': '¬A'}. Результат: ((¬A → ((A → (¬A → B)) → ¬A)) → ((¬A → (A → (¬A → B))) → (¬A → ¬A)))
2025-12-27 00:05:51,214 - DEBUG - Подставляем в аксиому ((A → (B → C)) → ((A → B) → (A → C))) подстановку {'A': '¬A', 'B': '(A → (¬A → B))', 'C': '(¬A → B)'}. Результат: ((¬A → ((A → (¬A → B)) → (¬A → B))) → ((¬A → (A → (¬A → B))) → (¬A → (¬A → B))))
2025-12-27 00:05:51,214 - DEBUG - Подставляем в аксиому ((A → (B → C)) → ((A → B) → (A → C))) подстановку {'A': '¬A', 'B': '(A → (¬A → B))', 'C': 'A'}. Результат: ((¬A → ((A → (¬A → B)) → A)) → ((¬A → (A → (¬A → B))) → (¬A → A)))
2025-12-27 00:05:51,214 - DEBUG - Подставляем в аксиому ((A → (B → C)) → ((A → B) → (A → C))) подстановку {'A': '¬A', 'B': '(A → (¬A → B))', 'C': '(A → (¬A → B))'}. Результат: ((¬A → ((A → (¬A → B)) → (A → (¬A → B)))) → ((¬A → (A → (¬A → B))) → (¬A → (A → (¬A → B)))))
2025-12-27 00:05:51,214 - DEBUG - Подставляем в аксиому ((A → (B → C)) → ((A → B) → (A → C))) подстановку {'A': '(¬A → B)', 'B': 'B', 'C': 'B'}. Результат: (((¬A → B) → (B → B)) → (((¬A → B) → B) → ((¬A → B) → B)))
2025-12-27 00:05:51,214 - DEBUG - Подставляем в аксиому ((A → (B → C)) → ((A → B) → (A → C))) подстановку {'A': '(¬A → B)', 'B': 'B', 'C': '¬A'}. Результат: (((¬A → B) → (B → ¬A)) → (((¬A → B) → B) → ((¬A → B) → ¬A)))
2025-12-27 00:05:51,214 - DEBUG - Подставляем в аксиому ((A → (B → C)) → ((A → B) → (A → C))) подстановку {'A': '(¬A → B)', 'B': 'B', 'C': '(¬A → B)'}. Результат: (((¬A → B) → (B → (¬A → B))) → (((¬A → B) → B) → ((¬A → B) → (¬A → B))))
2025-12-27 00:05:51,214 - DEBUG - Подставляем в аксиому ((A → (B → C)) → ((A → B) → (A → C))) подстановку {'A': '(¬A → B)', 'B': 'B', 'C': 'A'}. Результат: (((¬A → B) → (B → A)) → (((¬A → B) → B) → ((¬A → B) → A)))
2025-12-27 00:05:51,214 - DEBUG - Подставляем в аксиому ((A → (B → C)) → ((A → B) → (A → C))) подстановку {'A': '(¬A → B)', 'B': 'B', 'C': '(A → (¬A → B))'}. Результат: (((¬A → B) → (B → (A → (¬A → B)))) → (((¬A → B) → B) → ((¬A → B) → (A → (¬A → B)))))
2025-12-27 00:05:51,214 - DEBUG - Подставляем в аксиому ((A → (B → C)) → ((A → B) → (A → C))) подстановку {'A': '(¬A → B)', 'B': '¬A', 'C': 'B'}. Результат: (((¬A → B) → (¬A → B)) → (((¬A → B) → ¬A) → ((¬A → B) → B)))
2025-12-27 00:05:51,214 - DEBUG - Подставляем в аксиому ((A → (B → C)) → ((A → B) → (A → C))) подстановку {'A': '(¬A → B)', 'B': '¬A', 'C': '¬A'}. Результат: (((¬A → B) → (¬A → ¬A)) → (((¬A → B) → ¬A) → ((¬A → B) → ¬A)))
2025-12-27 00:05:51,214 - DEBUG - Подставляем в аксиому ((A → (B → C)) → ((A → B) → (A → C))) подстановку {'A': '(¬A → B)', 'B': '¬A', 'C': '(¬A → B)'}. Результат: (((¬A → B) → (¬A → (¬A → B))) → (((¬A → B) → ¬A) → ((¬A → B) → (¬A → B))))
2025-12-27 00:05:51,214 - DEBUG - Подставляем в аксиому ((A → (B → C)) → ((A → B) → (A → C))) подстановку {'A': '(¬A → B)', 'B': '¬A', 'C': 'A'}. Результат: (((¬A → B) → (¬A → A)) → (((¬A → B) → ¬A) → ((¬A → B) → A)))
2025-12-27 00:05:51,214 - DEBUG - Подставляем в аксиому ((A → (B → C)) → ((A → B) → (A → C))) подстановку {'A': '(¬A → B)', 'B': '¬A', 'C': '(A → (¬A → B))'}. Результат: (((¬A → B) → (¬A → (A → (¬A → B)))) → (((¬A → B) → ¬A) → ((¬A → B) → (A → (¬A → B)))))
2025-12-27 00:05:51,214 - DEBUG - Подставляем в аксиому ((A → (B → C)) → ((A → B) → (A → C))) подстановку {'A': '(¬A → B)', 'B': '(¬A → B)', 'C': 'B'}. Результат: (((¬A → B) → ((¬A → B) → B)) → (((¬A → B) → (¬A → B)) → ((¬A → B) → B)))
2025-12-27 00:05:51,214 - DEBUG - Подставляем в аксиому ((A → (B → C)) → ((A → B) → (A → C))) подстановку {'A': '(¬A → B)', 'B': '(¬A → B)', 'C': '¬A'}. Результат: (((¬A → B) → ((¬A → B) → ¬A)) → (((¬A → B) → (¬A → B)) → ((¬A → B) → ¬A)))
2025-12-27 00:05:51,214 - DEBUG - Подставляем в аксиому ((A → (B → C)) → ((A → B) → (A → C))) подстановку {'A': '(¬A → B)', 'B': '(¬A → B)', 'C': '(¬A → B)'}. Результат: (((¬A → B) → ((¬A → B) → (¬A → B))) → (((¬A → B) → (¬A → B)) → ((¬A → B) → (¬A → B))))
2025-12-27 00:05:51,214 - DEBUG - Подставляем в аксиому ((A → (B → C)) → ((A → B) → (A → C))) подстановку {'A': '(¬A → B)', 'B': '(¬A → B)', 'C': 'A'}. Результат: (((¬A → B) → ((¬A → B) → A)) → (((¬A → B) → (¬A → B)) → ((¬A → B) → A)))
2025-12-27 00:05:51,214 - DEBUG - Подставляем в аксиому ((A → (B → C)) → ((A → B) → (A → C))) подстановку {'A': '(¬A → B)', 'B': '(¬A → B)', 'C': '(A → (¬A → B))'}. Результат: (((¬A → B) → ((¬A → B) → (A → (¬A → B)))) → (((¬A → B) → (¬A → B)) → ((¬A → B) → (A → (¬A → B)))))
2025-12-27 00:05:51,214 - DEBUG - Подставляем в аксиому ((A → (B → C)) → ((A → B) → (A → C))) подстановку {'A': '(¬A → B)', 'B': 'A', 'C': 'B'}. Результат: (((¬A → B) → (A → B)) → (((¬A → B) → A) → ((¬A → B) → B)))
2025-12-27 00:05:51,214 - DEBUG - Подставляем в аксиому ((A → (B → C)) → ((A → B) → (A → C))) подстановку {'A': '(¬A → B)', 'B': 'A', 'C': '¬A'}. Результат: (((¬A → B) → (A → ¬A)) → (((¬A → B) → A) → ((¬A → B) → ¬A)))
2025-12-27 00:05:51,214 - DEBUG - Подставляем в аксиому ((A → (B → C)) → ((A → B) → (A → C))) подстановку {'A': '(¬A → B)', 'B': 'A', 'C': '(¬A → B)'}. Результат: (((¬A → B) → (A → (¬A → B))) → (((¬A → B) → A) → ((¬A → B) → (¬A → B))))
2025-12-27 00:05:51,214 - DEBUG - Подставляем в аксиому ((A → (B → C)) → ((A → B) → (A → C))) подстановку {'A': '(¬A → B)', 'B': 'A', 'C': 'A'}. Результат: (((¬A → B) → (A → A)) → (((¬A → B) → A) → ((¬A → B) → A)))
2025-12-27 00:05:51,214 - DEBUG - Подставляем в аксиому ((A → (B → C)) → ((A → B) → (A → C))) подстановку {'A': '(¬A → B)', 'B': 'A', 'C': '(A → (¬A → B))'}. Результат: (((¬A → B) → (A → (A → (¬A → B)))) → (((¬A → B) → A) → ((¬A → B) → (A → (¬A → B)))))
2025-12-27 00:05:51,214 - DEBUG - Подставляем в аксиому ((A → (B → C)) → ((A → B) → (A → C))) подстановку {'A': '(¬A → B)', 'B': '(A → (¬A → B))', 'C': 'B'}. Результат: (((¬A → B) → ((A → (¬A → B)) → B)) → (((¬A → B) → (A → (¬A → B))) → ((¬A → B) → B)))
2025-12-27 00:05:51,214 - DEBUG - Подставляем в аксиому ((A → (B → C)) → ((A → B) → (A → C))) подстановку {'A': '(¬A → B)', 'B': '(A → (¬A → B))', 'C': '¬A'}. Результат: (((¬A → B) → ((A → (¬A → B)) → ¬A)) → (((¬A → B) → (A → (¬A → B))) → ((¬A → B) → ¬A)))
2025-12-27 00:05:51,214 - DEBUG - Подставляем в аксиому ((A → (B → C)) → ((A → B) → (A → C))) подстановку {'A': '(¬A → B)', 'B': '(A → (¬A → B))', 'C': '(¬A → B)'}. Результат: (((¬A → B) → ((A → (¬A → B)) → (¬A → B))) → (((¬A → B) → (A → (¬A → B))) → ((¬A → B) → (¬A → B))))
2025-12-27 00:05:51,214 - DEBUG - Подставляем в аксиому ((A → (B → C)) → ((A → B) → (A → C))) подстановку {'A': '(¬A → B)', 'B': '(A → (¬A → B))', 'C': 'A'}. Результат: (((¬A → B) → ((A → (¬A → B)) → A)) → (((¬A → B) → (A → (¬A → B))) → ((¬A → B) → A)))
2025-12-27 00:05:51,215 - DEBUG - Подставляем в аксиому ((A → (B → C)) → ((A → B) → (A → C))) подстановку {'A': '(¬A → B)', 'B': '(A → (¬A → B))', 'C': '(A → (¬A → B))'}. Результат: (((¬A → B) → ((A → (¬A → B)) → (A → (¬A → B)))) → (((¬A → B) → (A → (¬A → B))) → ((¬A → B) → (A → (¬A → B)))))
2025-12-27 00:05:51,215 - DEBUG - Подставляем в аксиому ((A → (B → C)) → ((A → B) → (A → C))) подстановку {'A': 'A', 'B': 'B', 'C': 'B'}. Результат: ((A → (B → B)) → ((A → B) → (A → B)))
2025-12-27 00:05:51,215 - DEBUG - Подставляем в аксиому ((A → (B → C)) → ((A → B) → (A → C))) подстановку {'A': 'A', 'B': 'B', 'C': '¬A'}. Результат: ((A → (B → ¬A)) → ((A → B) → (A → ¬A)))
2025-12-27 00:05:51,215 - DEBUG - Подставляем в аксиому ((A → (B → C)) → ((A → B) → (A → C))) подстановку {'A': 'A', 'B': 'B', 'C': '(¬A → B)'}. Результат: ((A → (B → (¬A → B))) → ((A → B) → (A → (¬A → B))))
2025-12-27 00:05:51,215 - DEBUG - Подставляем в аксиому ((A → (B → C)) → ((A → B) → (A → C))) подстановку {'A': 'A', 'B': 'B', 'C': 'A'}. Результат: ((A → (B → A)) → ((A → B) → (A → A)))
2025-12-27 00:05:51,215 - DEBUG - Подставляем в аксиому ((A → (B → C)) → ((A → B) → (A → C))) подстановку {'A': 'A', 'B': 'B', 'C': '(A → (¬A → B))'}. Результат: ((A → (B → (A → (¬A → B)))) → ((A → B) → (A → (A → (¬A → B)))))
2025-12-27 00:05:51,215 - DEBUG - Подставляем в аксиому ((A → (B → C)) → ((A → B) → (A → C))) подстановку {'A': 'A', 'B': '¬A', 'C': 'B'}. Результат: ((A → (¬A → B)) → ((A → ¬A) → (A → B)))
2025-12-27 00:05:51,215 - DEBUG - Подставляем в аксиому ((A → (B → C)) → ((A → B) → (A → C))) подстановку {'A': 'A', 'B': '¬A', 'C': '¬A'}. Результат: ((A → (¬A → ¬A)) → ((A → ¬A) → (A → ¬A)))
2025-12-27 00:05:51,215 - DEBUG - Подставляем в аксиому ((A → (B → C)) → ((A → B) → (A → C))) подстановку {'A': 'A', 'B': '¬A', 'C': '(¬A → B)'}. Результат: ((A → (¬A → (¬A → B))) → ((A → ¬A) → (A → (¬A → B))))
2025-12-27 00:05:51,215 - DEBUG - Подставляем в аксиому ((A → (B → C)) → ((A → B) → (A → C))) подстановку {'A': 'A', 'B': '¬A', 'C': 'A'}. Результат: ((A → (¬A → A)) → ((A → ¬A) → (A → A)))
2025-12-27 00:05:51,215 - DEBUG - Подставляем в аксиому ((A → (B → C)) → ((A → B) → (A → C))) подстановку {'A': 'A', 'B': '¬A', 'C': '(A → (¬A → B))'}. Результат: ((A → (¬A → (A → (¬A → B)))) → ((A → ¬A) → (A → (A → (¬A → B)))))
2025-12-27 00:05:51,215 - DEBUG - Подставляем в аксиому ((A → (B → C)) → ((A → B) → (A → C))) подстановку {'A': 'A', 'B': '(¬A → B)', 'C': 'B'}. Результат: ((A → ((¬A → B) → B)) → ((A → (¬A → B)) → (A → B)))
2025-12-27 00:05:51,215 - DEBUG - Подставляем в аксиому ((A → (B → C)) → ((A → B) → (A → C))) подстановку {'A': 'A', 'B': '(¬A → B)', 'C': '¬A'}. Результат: ((A → ((¬A → B) → ¬A)) → ((A → (¬A → B)) → (A → ¬A)))
2025-12-27 00:05:51,215 - DEBUG - Подставляем в аксиому ((A → (B → C)) → ((A → B) → (A → C))) подстановку {'A': 'A', 'B': '(¬A → B)', 'C': '(¬A → B)'}. Результат: ((A → ((¬A → B) → (¬A → B))) → ((A → (¬A → B)) → (A → (¬A → B))))
2025-12-27 00:05:51,215 - DEBUG - Подставляем в аксиому ((A → (B → C)) → ((A → B) → (A → C))) подстановку {'A': 'A', 'B': '(¬A → B)', 'C': 'A'}. Результат: ((A → ((¬A → B) → A)) → ((A → (¬A → B)) → (A → A)))
2025-12-27 00:05:51,215 - DEBUG - Подставляем в аксиому ((A → (B → C)) → ((A → B) → (A → C))) подстановку {'A': 'A', 'B': '(¬A → B)', 'C': '(A → (¬A → B))'}. Результат: ((A → ((¬A → B) → (A → (¬A → B)))) → ((A → (¬A → B)) → (A → (A → (¬A → B)))))
2025-12-27 00:05:51,215 - DEBUG - Подставляем в аксиому ((A → (B → C)) → ((A → B) → (A → C))) подстановку {'A': 'A', 'B': 'A', 'C': 'B'}. Результат: ((A → (A → B)) → ((A → A) → (A → B)))
2025-12-27 00:05:51,215 - DEBUG - Подставляем в аксиому ((A → (B → C)) → ((A → B) → (A → C))) подстановку {'A': 'A', 'B': 'A', 'C': '¬A'}. Результат: ((A → (A → ¬A)) → ((A → A) → (A → ¬A)))
2025-12-27 00:05:51,215 - DEBUG - Подставляем в аксиому ((A → (B → C)) → ((A → B) → (A → C))) подстановку {'A': 'A', 'B': 'A', 'C': '(¬A → B)'}. Результат: ((A → (A → (¬A → B))) → ((A → A) → (A → (¬A → B))))
2025-12-27 00:05:51,215 - DEBUG - Подставляем в аксиому ((A → (B → C)) → ((A → B) → (A → C))) подстановку {'A': 'A', 'B': 'A', 'C': 'A'}. Результат: ((A → (A → A)) → ((A → A) → (A → A)))
2025-12-27 00:05:51,215 - DEBUG - Подставляем в аксиому ((A → (B → C)) → ((A → B) → (A → C))) подстановку {'A': 'A', 'B': 'A', 'C': '(A → (¬A → B))'}. Результат: ((A → (A → (A → (¬A → B)))) → ((A → A) → (A → (A → (¬A → B)))))
2025-12-27 00:05:51,215 - DEBUG - Подставляем в аксиому ((A → (B → C)) → ((A → B) → (A → C))) подстановку {'A': 'A', 'B': '(A → (¬A → B))', 'C': 'B'}. Результат: ((A → ((A → (¬A → B)) → B)) → ((A → (A → (¬A → B))) → (A → B)))
2025-12-27 00:05:51,215 - DEBUG - Подставляем в аксиому ((A → (B → C)) → ((A → B) → (A → C))) подстановку {'A': 'A', 'B': '(A → (¬A → B))', 'C': '¬A'}. Результат: ((A → ((A → (¬A → B)) → ¬A)) → ((A → (A → (¬A → B))) → (A → ¬A)))
2025-12-27 00:05:51,215 - DEBUG - Подставляем в аксиому ((A → (B → C)) → ((A → B) → (A → C))) подстановку {'A': 'A', 'B': '(A → (¬A → B))', 'C': '(¬A → B)'}. Результат: ((A → ((A → (¬A → B)) → (¬A → B))) → ((A → (A → (¬A → B))) → (A → (¬A → B))))
2025-12-27 00:05:51,215 - DEBUG - Подставляем в аксиому ((A → (B → C)) → ((A → B) → (A → C))) подстановку {'A': 'A', 'B': '(A → (¬A → B))', 'C': 'A'}. Результат: ((A → ((A → (¬A → B)) → A)) → ((A → (A → (¬A → B))) → (A → A)))
2025-12-27 00:05:51,215 - DEBUG - Подставляем в аксиому ((A → (B → C)) → ((A → B) → (A → C))) подстановку {'A': 'A', 'B': '(A → (¬A → B))', 'C': '(A → (¬A → B))'}. Результат: ((A → ((A → (¬A → B)) → (A → (¬A → B)))) → ((A → (A → (¬A → B))) → (A → (A → (¬A → B)))))
2025-12-27 00:05:51,215 - DEBUG - Подставляем в аксиому ((¬B → ¬A) → ((¬B → A) → B)) подстановку {'B': 'B', 'A': 'B'}. Результат: ((B → B) → ((B → B) → B))
2025-12-27 00:05:51,215 - DEBUG - Подставляем в аксиому ((¬B → ¬A) → ((¬B → A) → B)) подстановку {'B': 'B', 'A': '¬A'}. Результат: ((B → ¬A) → ((B → ¬A) → B))
2025-12-27 00:05:51,215 - DEBUG - Подставляем в аксиому ((¬B → ¬A) → ((¬B → A) → B)) подстановку {'B': 'B', 'A': '(¬A → B)'}. Результат: ((B → (¬A → B)) → ((B → (¬A → B)) → B))
2025-12-27 00:05:51,216 - DEBUG - Подставляем в аксиому ((¬B → ¬A) → ((¬B → A) → B)) подстановку {'B': 'B', 'A': 'A'}. Результат: ((B → A) → ((B → A) → B))
2025-12-27 00:05:51,216 - DEBUG - Подставляем в аксиому ((¬B → ¬A) → ((¬B → A) → B)) подстановку {'B': 'B', 'A': '(A → (¬A → B))'}. Результат: ((B → (A → (¬A → B))) → ((B → (A → (¬A → B))) → B))
2025-12-27 00:05:51,216 - DEBUG - Подставляем в аксиому ((¬B → ¬A) → ((¬B → A) → B)) подстановку {'B': '¬A', 'A': 'B'}. Результат: ((¬A → B) → ((¬A → B) → ¬A))
2025-12-27 00:05:51,216 - DEBUG - Подставляем в аксиому ((¬B → ¬A) → ((¬B → A) → B)) подстановку {'B': '¬A', 'A': '¬A'}. Результат: ((¬A → ¬A) → ((¬A → ¬A) → ¬A))
2025-12-27 00:05:51,216 - DEBUG - Подставляем в аксиому ((¬B → ¬A) → ((¬B → A) → B)) подстановку {'B': '¬A', 'A': '(¬A → B)'}. Результат: ((¬A → (¬A → B)) → ((¬A → (¬A → B)) → ¬A))
2025-12-27 00:05:51,216 - DEBUG - Подставляем в аксиому ((¬B → ¬A) → ((¬B → A) → B)) подстановку {'B': '¬A', 'A': 'A'}. Результат: ((¬A → A) → ((¬A → A) → ¬A))
2025-12-27 00:05:51,216 - DEBUG - Подставляем в аксиому ((¬B → ¬A) → ((¬B → A) → B)) подстановку {'B': '¬A', 'A': '(A → (¬A → B))'}. Результат: ((¬A → (A → (¬A → B))) → ((¬A → (A → (¬A → B))) → ¬A))
2025-12-27 00:05:51,216 - DEBUG - Подставляем в аксиому ((¬B → ¬A) → ((¬B → A) → B)) подстановку {'B': '(¬A → B)', 'A': 'B'}. Результат: (((¬A → B) → B) → (((¬A → B) → B) → (¬A → B)))
2025-12-27 00:05:51,216 - DEBUG - Подставляем в аксиому ((¬B → ¬A) → ((¬B → A) → B)) подстановку {'B': '(¬A → B)', 'A': '¬A'}. Результат: (((¬A → B) → ¬A) → (((¬A → B) → ¬A) → (¬A → B)))
2025-12-27 00:05:51,216 - DEBUG - Подставляем в аксиому ((¬B → ¬A) → ((¬B → A) → B)) подстановку {'B': '(¬A → B)', 'A': '(¬A → B)'}. Результат: (((¬A → B) → (¬A → B)) → (((¬A → B) → (¬A → B)) → (¬A → B)))
2025-12-27 00:05:51,216 - DEBUG - Подставляем в аксиому ((¬B → ¬A) → ((¬B → A) → B)) подстановку {'B': '(¬A → B)', 'A': 'A'}. Результат: (((¬A → B) → A) → (((¬A → B) → A) → (¬A → B)))
2025-12-27 00:05:51,216 - DEBUG - Подставляем в аксиому ((¬B → ¬A) → ((¬B → A) → B)) подстановку {'B': '(¬A → B)', 'A': '(A → (¬A → B))'}. Результат: (((¬A → B) → (A → (¬A → B))) → (((¬A → B) → (A → (¬A → B))) → (¬A → B)))
2025-12-27 00:05:51,216 - DEBUG - Подставляем в аксиому ((¬B → ¬A) → ((¬B → A) → B)) подстановку {'B': 'A', 'A': 'B'}. Результат: ((A → B) → ((A → B) → A))
2025-12-27 00:05:51,216 - DEBUG - Подставляем в аксиому ((¬B → ¬A) → ((¬B → A) → B)) подстановку {'B': 'A', 'A': '¬A'}. Результат: ((A → ¬A) → ((A → ¬A) → A))
2025-12-27 00:05:51,216 - DEBUG - Подставляем в аксиому ((¬B → ¬A) → ((¬B → A) → B)) подстановку {'B': 'A', 'A': '(¬A → B)'}. Результат: ((A → (¬A → B)) → ((A → (¬A → B)) → A))
2025-12-27 00:05:51,216 - DEBUG - Подставляем в аксиому ((¬B → ¬A) → ((¬B → A) → B)) подстановку {'B': 'A', 'A': 'A'}. Результат: ((A → A) → ((A → A) → A))
2025-12-27 00:05:51,216 - DEBUG - Подставляем в аксиому ((¬B → ¬A) → ((¬B → A) → B)) подстановку {'B': 'A', 'A': '(A → (¬A → B))'}. Результат: ((A → (A → (¬A → B))) → ((A → (A → (¬A → B))) → A))
2025-12-27 00:05:51,216 - DEBUG - Подставляем в аксиому ((¬B → ¬A) → ((¬B → A) → B)) подстановку {'B': '(A → (¬A → B))', 'A': 'B'}. Результат: (((A → (¬A → B)) → B) → (((A → (¬A → B)) → B) → (A → (¬A → B))))
2025-12-27 00:05:51,216 - DEBUG - Подставляем в аксиому ((¬B → ¬A) → ((¬B → A) → B)) подстановку {'B': '(A → (¬A → B))', 'A': '¬A'}. Результат: (((A → (¬A → B)) → ¬A) → (((A → (¬A → B)) → ¬A) → (A → (¬A → B))))
2025-12-27 00:05:51,216 - DEBUG - Подставляем в аксиому ((¬B → ¬A) → ((¬B → A) → B)) подстановку {'B': '(A → (¬A → B))', 'A': '(¬A → B)'}. Результат: (((A → (¬A → B)) → (¬A → B)) → (((A → (¬A → B)) → (¬A → B)) → (A → (¬A → B))))
2025-12-27 00:05:51,216 - DEBUG - Подставляем в аксиому ((¬B → ¬A) → ((¬B → A) → B)) подстановку {'B': '(A → (¬A → B))', 'A': 'A'}. Результат: (((A → (¬A → B)) → A) → (((A → (¬A → B)) → A) → (A → (¬A → B))))
2025-12-27 00:05:51,216 - DEBUG - Подставляем в аксиому ((¬B → ¬A) → ((¬B → A) → B)) подстановку {'B': '(A → (¬A → B))', 'A': '(A → (¬A → B))'}. Результат: (((A → (¬A → B)) → (A → (¬A → B))) → (((A → (¬A → B)) → (A → (¬A → B))) → (A → (¬A → B))))
2025-12-27 00:05:51,217 - INFO - Используем правило вывода
2025-12-27 00:05:51,220 - DEBUG - Найдено соответствие для MP. Посылка 1: (A → ((A → (¬A → B)) → A)), Посылка с правилом вывода: ((A → ((A → (¬A → B)) → A)) → ((A → (A → (¬A → B))) → (A → A))), Новая посылка: ((A → (A → (¬A → B))) → (A → A))
2025-12-27 00:05:51,226 - DEBUG - Найдено соответствие для MP. Посылка 1: ((¬A → B) → ((¬A → B) → (¬A → B))), Посылка с правилом вывода: (((¬A → B) → ((¬A → B) → (¬A → B))) → (((¬A → B) → (¬A → B)) → ((¬A → B) → (¬A → B)))), Новая посылка: (((¬A → B) → (¬A → B)) → ((¬A → B) → (¬A → B)))
2025-12-27 00:05:51,226 - DEBUG - Найдено соответствие для MP. Посылка 1: (B → ((¬A → B) → B)), Посылка с правилом вывода: ((B → ((¬A → B) → B)) → ((B → (¬A → B)) → (B → B))), Новая посылка: ((B → (¬A → B)) → (B → B))
2025-12-27 00:05:51,229 - DEBUG - Найдено соответствие для MP. Посылка 1: (A → (A → A)), Посылка с правилом вывода: ((A → (A → A)) → ((A → A) → (A → A))), Новая посылка: ((A → A) → (A → A))
2025-12-27 00:05:51,231 - DEBUG - Найдено соответствие для MP. Посылка 1: ((¬A → B) → ((A → (¬A → B)) → (¬A → B))), Посылка с правилом вывода: (((¬A → B) → ((A → (¬A → B)) → (¬A → B))) → (((¬A → B) → (A → (¬A → B))) → ((¬A → B) → (¬A → B)))), Новая посылка: (((¬A → B) → (A → (¬A → B))) → ((¬A → B) → (¬A → B)))
2025-12-27 00:05:51,238 - DEBUG - Найдено соответствие для MP. Посылка 1: (¬A → (B → ¬A)), Посылка с правилом вывода: ((¬A → (B → ¬A)) → ((¬A → B) → (¬A → ¬A))), Новая посылка: ((¬A → B) → (¬A → ¬A))
2025-12-27 00:05:51,242 - DEBUG - Найдено соответствие для MP. Посылка 1: ((¬A → B) → (A → (¬A → B))), Посылка с правилом вывода: (((¬A → B) → (A → (¬A → B))) → (((¬A → B) → A) → ((¬A → B) → (¬A → B)))), Новая посылка: (((¬A → B) → A) → ((¬A → B) → (¬A → B)))
2025-12-27 00:05:51,247 - DEBUG - Найдено соответствие для MP. Посылка 1: ((¬A → B) → (B → (¬A → B))), Посылка с правилом вывода: (((¬A → B) → (B → (¬A → B))) → (((¬A → B) → B) → ((¬A → B) → (¬A → B)))), Новая посылка: (((¬A → B) → B) → ((¬A → B) → (¬A → B)))
2025-12-27 00:05:51,248 - DEBUG - Найдено соответствие для MP. Посылка 1: (¬A → ((¬A → B) → ¬A)), Посылка с правилом вывода: ((¬A → ((¬A → B) → ¬A)) → ((¬A → (¬A → B)) → (¬A → ¬A))), Новая посылка: ((¬A → (¬A → B)) → (¬A → ¬A))
2025-12-27 00:05:51,249 - DEBUG - Найдено соответствие для MP. Посылка 1: (B → (B → B)), Посылка с правилом вывода: ((B → (B → B)) → ((B → B) → (B → B))), Новая посылка: ((B → B) → (B → B))
2025-12-27 00:05:51,252 - DEBUG - Найдено соответствие для MP. Посылка 1: (A → (B → A)), Посылка с правилом вывода: ((A → (B → A)) → ((A → B) → (A → A))), Новая посылка: ((A → B) → (A → A))
2025-12-27 00:05:51,261 - DEBUG - Найдено соответствие для MP. Посылка 1: (A → ((¬A → B) → A)), Посылка с правилом вывода: ((A → ((¬A → B) → A)) → ((A → (¬A → B)) → (A → A))), Новая посылка: ((A → (¬A → B)) → (A → A))
2025-12-27 00:05:51,263 - DEBUG - Найдено соответствие для MP. Посылка 1: (A → (¬A → A)), Посылка с правилом вывода: ((A → (¬A → A)) → ((A → ¬A) → (A → A))), Новая посылка: ((A → ¬A) → (A → A))
2025-12-27 00:05:51,266 - DEBUG - Найдено соответствие для MP. Посылка 1: (¬A → (A → ¬A)), Посылка с правилом вывода: ((¬A → (A → ¬A)) → ((¬A → A) → (¬A → ¬A))), Новая посылка: ((¬A → A) → (¬A → ¬A))
2025-12-27 00:05:51,272 - DEBUG - Найдено соответствие для MP. Посылка 1: ((¬A → B) → (A → (¬A → B))), Посылка с правилом вывода: (((¬A → B) → (A → (¬A → B))) → (((¬A → B) → (A → (¬A → B))) → (¬A → B))), Новая посылка: (((¬A → B) → (A → (¬A → B))) → (¬A → B))
2025-12-27 00:05:51,276 - DEBUG - Найдено соответствие для MP. Посылка 1: ((¬A → B) → ((¬A → B) → ¬A)), Посылка с правилом вывода: (((¬A → B) → ((¬A → B) → ¬A)) → (((¬A → B) → (¬A → B)) → ((¬A → B) → ¬A))), Новая посылка: (((¬A → B) → (¬A → B)) → ((¬A → B) → ¬A))
2025-12-27 00:05:51,289 - DEBUG - Найдено соответствие для MP. Посылка 1: (B → (¬A → B)), Посылка с правилом вывода: ((B → (¬A → B)) → ((B → (¬A → B)) → B)), Новая посылка: ((B → (¬A → B)) → B)
2025-12-27 00:05:51,292 - DEBUG - Найдено соответствие для MP. Посылка 1: (¬A → ((A → (¬A → B)) → ¬A)), Посылка с правилом вывода: ((¬A → ((A → (¬A → B)) → ¬A)) → ((¬A → (A → (¬A → B))) → (¬A → ¬A))), Новая посылка: ((¬A → (A → (¬A → B))) → (¬A → ¬A))
2025-12-27 00:05:51,293 - DEBUG - Найдено соответствие для MP. Посылка 1: (¬A → (¬A → ¬A)), Посылка с правилом вывода: ((¬A → (¬A → ¬A)) → ((¬A → ¬A) → (¬A → ¬A))), Новая посылка: ((¬A → ¬A) → (¬A → ¬A))
2025-12-27 00:05:51,297 - DEBUG - Найдено соответствие для MP. Посылка 1: ((¬A → B) → (¬A → (¬A → B))), Посылка с правилом вывода: (((¬A → B) → (¬A → (¬A → B))) → (((¬A → B) → ¬A) → ((¬A → B) → (¬A → B)))), Новая посылка: (((¬A → B) → ¬A) → ((¬A → B) → (¬A → B)))
2025-12-27 00:05:51,300 - DEBUG - Найдено соответствие для MP. Посылка 1: (B → (¬A → B)), Посылка с правилом вывода: ((B → (¬A → B)) → ((B → ¬A) → (B → B))), Новая посылка: ((B → ¬A) → (B → B))
2025-12-27 00:05:51,305 - DEBUG - Найдено соответствие для MP. Посылка 1: (B → (A → B)), Посылка с правилом вывода: ((B → (A → B)) → ((B → A) → (B → B))), Новая посылка: ((B → A) → (B → B))
2025-12-27 00:05:51,314 - DEBUG - Найдено соответствие для MP. Посылка 1: (B → ((A → (¬A → B)) → B)), Посылка с правилом вывода: ((B → ((A → (¬A → B)) → B)) → ((B → (A → (¬A → B))) → (B → B))), Новая посылка: ((B → (A → (¬A → B))) → (B → B))
2025-12-27 00:05:51,317 - INFO - Используем теорему дедукции
2025-12-27 00:05:51,318 - DEBUG - Применена теорема дедукции для посылки: ((A → ((A → (¬A → B)) → (¬A → B))) → ((A → (A → (¬A → B))) → (A → (¬A → B)))), Новая посылка: ((A → (¬A → (¬A → B))) → ((¬A ∨ ((A ∨ B) ∨ (A ∨ B))) → ((A → (A → (¬A → B))) → (A → (¬A → B)))))
2025-12-27 00:05:51,318 - DEBUG - Применена теорема дедукции для посылки: (((¬A → B) → (¬A → A)) → (((¬A → B) → ¬A) → ((¬A → B) → A))), Новая посылка: ((B → (¬A → A)) → ((¬A ∨ (A ∨ A)) → (((¬A → B) → ¬A) → ((¬A → B) → A))))
2025-12-27 00:05:51,318 - DEBUG - Применена теорема дедукции для посылки: ((A → (¬A → (¬A → B))) → ((A → ¬A) → (A → (¬A → B)))), Новая посылка: ((¬A ∨ (A ∨ (A ∨ B))) → ((A → ¬A) → (A → (¬A → B))))
2025-12-27 00:05:51,318 - DEBUG - Применена теорема дедукции для посылки: ((A → ((A → (¬A → B)) → A)) → ((A → (A → (¬A → B))) → (A → A))), Новая посылка: ((A → (¬A → A)) → ((¬A ∨ ((A ∨ B) ∨ A)) → ((A → (A → (¬A → B))) → (A → A))))
2025-12-27 00:05:51,318 - DEBUG - Применена теорема дедукции для посылки: (((¬A → B) → ((¬A → B) → (A → (¬A → B)))) → (((¬A → B) → (¬A → B)) → ((¬A → B) → (A → (¬A → B))))), Новая посылка: (¬(¬((B → (B → (A → (¬A → B)))) → ¬(A → (B → (A → (¬A → B))))) → ¬(B → (A → (A → (¬A → B))))) → ((¬A ∨ (¬A ∨ (¬A ∨ (A ∨ B)))) → (((¬A → B) → (¬A → B)) → ((¬A → B) → (A → (¬A → B))))))
2025-12-27 00:05:51,318 - DEBUG - Применена теорема дедукции для посылки: ((B → ((A → (¬A → B)) → A)) → ((B → (A → (¬A → B))) → (B → A))), Новая посылка: ((B → (¬(¬A → B) → A)) → ((¬B ∨ (A ∨ A)) → ((B → (A → (¬A → B))) → (B → A))))
2025-12-27 00:05:51,318 - DEBUG - Применена теорема дедукции для посылки: ((B → (B → (¬A → B))) → ((B → B) → (B → (¬A → B)))), Новая посылка: ((¬B ∨ (¬B ∨ (A ∨ B))) → ((B → B) → (B → (¬A → B))))
2025-12-27 00:05:51,318 - DEBUG - Применена теорема дедукции для посылки: (((¬A → B) → (B → B)) → (((¬A → B) → B) → ((¬A → B) → B))), Новая посылка: ((B → (B → B)) → ((¬A ∨ (¬B ∨ B)) → (((¬A → B) → B) → ((¬A → B) → B))))
2025-12-27 00:05:51,318 - DEBUG - Применена теорема дедукции для посылки: ((¬A → B) → ((¬A → B) → ¬A)), Новая посылка: ((A ∨ B) → ((¬A → B) → ¬A))
2025-12-27 00:05:51,318 - DEBUG - Применена теорема дедукции для посылки: (((A → (¬A → B)) → A) → (((A → (¬A → B)) → A) → (A → (¬A → B)))), Новая посылка: ((¬(¬A → B) → A) → ((A ∨ A) → (((A → (¬A → B)) → A) → (A → (¬A → B)))))
2025-12-27 00:05:51,318 - DEBUG - Применена теорема дедукции для посылки: ((¬A → ((¬A → B) → (A → (¬A → B)))) → ((¬A → (¬A → B)) → (¬A → (A → (¬A → B))))), Новая посылка: ((¬A → (A → (A → (¬A → B)))) → ((A ∨ (¬B ∨ (¬A ∨ (A ∨ B)))) → ((¬A → (¬A → B)) → (¬A → (A → (¬A → B))))))
2025-12-27 00:05:51,318 - DEBUG - Применена теорема дедукции для посылки: ((A → (¬A → ¬A)) → ((A → ¬A) → (A → ¬A))), Новая посылка: ((¬A ∨ (A ∨ ¬A)) → ((A → ¬A) → (A → ¬A)))
2025-12-27 00:05:51,319 - DEBUG - Применена теорема дедукции для посылки: (((¬A → B) → ((¬A → B) → (¬A → B))) → (((¬A → B) → (¬A → B)) → ((¬A → B) → (¬A → B)))), Новая посылка: (¬(¬((A → (B → (¬A → B))) → ¬(A → (A → (¬A → B)))) → ¬(B → (A → (¬A → B)))) → ((¬B ∨ (¬B ∨ (A ∨ B))) → (((¬A → B) → (¬A → B)) → ((¬A → B) → (¬A → B)))))
2025-12-27 00:05:51,319 - DEBUG - Применена теорема дедукции для посылки: ((B → ((¬A → B) → B)) → ((B → (¬A → B)) → (B → B))), Новая посылка: ((B → (A → B)) → ((¬B ∨ (¬B ∨ B)) → ((B → (¬A → B)) → (B → B))))
2025-12-27 00:05:51,319 - DEBUG - Применена теорема дедукции для посылки: ((¬A → ((A → (¬A → B)) → (A → (¬A → B)))) → ((¬A → (A → (¬A → B))) → (¬A → (A → (¬A → B))))), Новая посылка: ((¬A → (¬(¬A → B) → (A → (¬A → B)))) → ((A ∨ (A ∨ (¬A ∨ (A ∨ B)))) → ((¬A → (A → (¬A → B))) → (¬A → (A → (¬A → B))))))
2025-12-27 00:05:51,319 - DEBUG - Применена теорема дедукции для посылки: ((¬A → ((A → (¬A → B)) → A)) → ((¬A → (A → (¬A → B))) → (¬A → A))), Новая посылка: ((¬A → (¬(¬A → B) → A)) → ((A ∨ (A ∨ A)) → ((¬A → (A → (¬A → B))) → (¬A → A))))
2025-12-27 00:05:51,319 - DEBUG - Применена теорема дедукции для посылки: ((A → (A → A)) → ((A → A) → (A → A))), Новая посылка: ((¬A ∨ (¬A ∨ A)) → ((A → A) → (A → A)))
2025-12-27 00:05:51,319 - DEBUG - Применена теорема дедукции для посылки: ((A → (¬A → B)) → ((A → ¬A) → (A → B))), Новая посылка: ((¬A ∨ (A ∨ B)) → ((A → ¬A) → (A → B)))
2025-12-27 00:05:51,319 - DEBUG - Применена теорема дедукции для посылки: (((¬A → B) → ((A → (¬A → B)) → (¬A → B))) → (((¬A → B) → (A → (¬A → B))) → ((¬A → B) → (¬A → B)))), Новая посылка: (¬(¬((B → (¬(¬A → B) → (¬A → B))) → ¬(B → (¬A → (¬A → B)))) → ¬(A → (¬A → (¬A → B)))) → ((¬A ∨ ((A ∨ B) ∨ (A ∨ B))) → (((¬A → B) → (A → (¬A → B))) → ((¬A → B) → (¬A → B)))))
2025-12-27 00:05:51,319 - DEBUG - Применена теорема дедукции для посылки: ((¬A → B) → (A → (¬A → B))), Новая посылка: ((A ∨ B) → (A → (¬A → B)))
2025-12-27 00:05:51,319 - DEBUG - Применена теорема дедукции для посылки: ((B → (¬A → ¬A)) → ((B → ¬A) → (B → ¬A))), Новая посылка: ((¬B ∨ (A ∨ ¬A)) → ((B → ¬A) → (B → ¬A)))
2025-12-27 00:05:51,319 - DEBUG - Применена теорема дедукции для посылки: (((¬A → B) → (¬A → (A → (¬A → B)))) → (((¬A → B) → ¬A) → ((¬A → B) → (A → (¬A → B))))), Новая посылка: ((B → (¬A → (A → (¬A → B)))) → ((¬A ∨ (A ∨ (¬A ∨ (A ∨ B)))) → (((¬A → B) → ¬A) → ((¬A → B) → (A → (¬A → B))))))
2025-12-27 00:05:51,319 - DEBUG - Применена теорема дедукции для посылки: ((¬A → ((¬A → B) → B)) → ((¬A → (¬A → B)) → (¬A → B))), Новая посылка: ((¬A → (A → B)) → ((A ∨ (¬B ∨ B)) → ((¬A → (¬A → B)) → (¬A → B))))
2025-12-27 00:05:51,319 - DEBUG - Применена теорема дедукции для посылки: ((A → (B → (¬A → B))) → ((A → B) → (A → (¬A → B)))), Новая посылка: ((¬A ∨ (¬B ∨ (A ∨ B))) → ((A → B) → (A → (¬A → B))))
2025-12-27 00:05:51,319 - DEBUG - Применена теорема дедукции для посылки: (((¬A → B) → A) → (((¬A → B) → A) → (¬A → B))), Новая посылка: ((B → A) → ((¬A ∨ A) → (((¬A → B) → A) → (¬A → B))))
2025-12-27 00:05:51,319 - DEBUG - Применена теорема дедукции для посылки: ((A → (¬A → B)) → ((A → (¬A → B)) → A)), Новая посылка: ((¬A ∨ (A ∨ B)) → ((A → (¬A → B)) → A))
2025-12-27 00:05:51,320 - DEBUG - Применена теорема дедукции для посылки: ((B → ((¬A → B) → (A → (¬A → B)))) → ((B → (¬A → B)) → (B → (A → (¬A → B))))), Новая посылка: ((B → (A → (A → (¬A → B)))) → ((¬B ∨ (¬B ∨ (¬A ∨ (A ∨ B)))) → ((B → (¬A → B)) → (B → (A → (¬A → B))))))
2025-12-27 00:05:51,320 - DEBUG - Применена теорема дедукции для посылки: (((¬A → B) → (B → A)) → (((¬A → B) → B) → ((¬A → B) → A))), Новая посылка: ((A → (B → A)) → ((¬B ∨ (¬B ∨ A)) → (((¬A → B) → B) → ((¬A → B) → A))))
2025-12-27 00:05:51,320 - DEBUG - Применена теорема дедукции для посылки: ((¬A → (B → ¬A)) → ((¬A → B) → (¬A → ¬A))), Новая посылка: ((A ∨ (¬B ∨ ¬A)) → ((¬A → B) → (¬A → ¬A)))
2025-12-27 00:05:51,320 - DEBUG - Применена теорема дедукции для посылки: ((B → ¬A) → ((B → ¬A) → B)), Новая посылка: ((¬B ∨ ¬A) → ((B → ¬A) → B))
2025-12-27 00:05:51,320 - DEBUG - Применена теорема дедукции для посылки: ((B → (B → A)) → ((B → B) → (B → A))), Новая посылка: ((¬B ∨ (¬B ∨ A)) → ((B → B) → (B → A)))
2025-12-27 00:05:51,320 - DEBUG - Применена теорема дедукции для посылки: (((¬A → B) → (¬A → B)) → (((¬A → B) → (¬A → B)) → (¬A → B))), Новая посылка: ((A → (¬A → B)) → ((¬B ∨ (A ∨ B)) → (((¬A → B) → (¬A → B)) → (¬A → B))))
2025-12-27 00:05:51,320 - DEBUG - Применена теорема дедукции для посылки: (((¬A → B) → (A → (A → (¬A → B)))) → (((¬A → B) → A) → ((¬A → B) → (A → (¬A → B))))), Новая посылка: ((B → (A → (A → (¬A → B)))) → ((¬A ∨ (¬A ∨ (¬A ∨ (A ∨ B)))) → (((¬A → B) → A) → ((¬A → B) → (A → (¬A → B))))))
2025-12-27 00:05:51,320 - DEBUG - Применена теорема дедукции для посылки: (((¬A → B) → (B → ¬A)) → (((¬A → B) → B) → ((¬A → B) → ¬A))), Новая посылка: ((A → (B → ¬A)) → ((¬B ∨ (¬B ∨ ¬A)) → (((¬A → B) → B) → ((¬A → B) → ¬A))))
2025-12-27 00:05:51,320 - DEBUG - Применена теорема дедукции для посылки: (((¬A → B) → (A → (¬A → B))) → (((¬A → B) → A) → ((¬A → B) → (¬A → B)))), Новая посылка: ((A → (A → (¬A → B))) → ((¬B ∨ (¬A ∨ (A ∨ B))) → (((¬A → B) → A) → ((¬A → B) → (¬A → B)))))
2025-12-27 00:05:51,320 - DEBUG - Применена теорема дедукции для посылки: ((¬A → ((A → (¬A → B)) → B)) → ((¬A → (A → (¬A → B))) → (¬A → B))), Новая посылка: ((¬A → (¬(¬A → B) → B)) → ((A ∨ (A ∨ B)) → ((¬A → (A → (¬A → B))) → (¬A → B))))
2025-12-27 00:05:51,320 - DEBUG - Применена теорема дедукции для посылки: ((A → (B → B)) → ((A → B) → (A → B))), Новая посылка: ((¬A ∨ (¬B ∨ B)) → ((A → B) → (A → B)))
2025-12-27 00:05:51,320 - DEBUG - Применена теорема дедукции для посылки: ((¬A → ((¬A → B) → A)) → ((¬A → (¬A → B)) → (¬A → A))), Новая посылка: ((¬A → (A → A)) → ((A ∨ (¬B ∨ A)) → ((¬A → (¬A → B)) → (¬A → A))))
2025-12-27 00:05:51,320 - DEBUG - Применена теорема дедукции для посылки: (((¬A → B) → (B → (¬A → B))) → (((¬A → B) → B) → ((¬A → B) → (¬A → B)))), Новая посылка: ((A → (B → (¬A → B))) → ((¬B ∨ (¬B ∨ (A ∨ B))) → (((¬A → B) → B) → ((¬A → B) → (¬A → B)))))
2025-12-27 00:05:51,320 - DEBUG - Применена теорема дедукции для посылки: ((¬A → ((¬A → B) → ¬A)) → ((¬A → (¬A → B)) → (¬A → ¬A))), Новая посылка: ((¬A → (A → ¬A)) → ((A ∨ (¬B ∨ ¬A)) → ((¬A → (¬A → B)) → (¬A → ¬A))))
2025-12-27 00:05:51,321 - DEBUG - Применена теорема дедукции для посылки: ((B → (B → B)) → ((B → B) → (B → B))), Новая посылка: ((¬B ∨ (¬B ∨ B)) → ((B → B) → (B → B)))
2025-12-27 00:05:51,321 - DEBUG - Применена теорема дедукции для посылки: ((A → ¬A) → ((A → ¬A) → A)), Новая посылка: ((¬A ∨ ¬A) → ((A → ¬A) → A))
2025-12-27 00:05:51,321 - DEBUG - Применена теорема дедукции для посылки: ((A → (¬A → B)) → ((¬A → B) → (A → (¬A → B)))), Новая посылка: ((¬A ∨ (A ∨ B)) → ((¬A → B) → (A → (¬A → B))))
2025-12-27 00:05:51,321 - DEBUG - Применена теорема дедукции для посылки: ((B → (A → (¬A → B))) → ((B → A) → (B → (¬A → B)))), Новая посылка: ((¬B ∨ (¬A ∨ (A ∨ B))) → ((B → A) → (B → (¬A → B))))
2025-12-27 00:05:51,321 - DEBUG - Применена теорема дедукции для посылки: ((B → (A → (¬A → B))) → ((B → (A → (¬A → B))) → B)), Новая посылка: ((¬B ∨ (¬A ∨ (A ∨ B))) → ((B → (A → (¬A → B))) → B))
2025-12-27 00:05:51,321 - DEBUG - Применена теорема дедукции для посылки: ((A → (B → A)) → ((A → B) → (A → A))), Новая посылка: ((¬A ∨ (¬B ∨ A)) → ((A → B) → (A → A)))
2025-12-27 00:05:51,321 - DEBUG - Применена теорема дедукции для посылки: ((¬A → (B → (A → (¬A → B)))) → ((¬A → B) → (¬A → (A → (¬A → B))))), Новая посылка: ((A ∨ (¬B ∨ (¬A ∨ (A ∨ B)))) → ((¬A → B) → (¬A → (A → (¬A → B)))))
2025-12-27 00:05:51,321 - DEBUG - Применена теорема дедукции для посылки: ((A → (¬A → B)) → ((A → (¬A → B)) → (A → (¬A → B)))), Новая посылка: ((¬A ∨ (A ∨ B)) → ((A → (¬A → B)) → (A → (¬A → B))))
2025-12-27 00:05:51,321 - DEBUG - Применена теорема дедукции для посылки: (((¬A → B) → ((A → (¬A → B)) → (A → (¬A → B)))) → (((¬A → B) → (A → (¬A → B))) → ((¬A → B) → (A → (¬A → B))))), Новая посылка: (¬(¬((B → (¬A → (A → (¬A → B)))) → ¬(A → (¬A → (A → (¬A → B))))) → ¬(A → (¬(¬A → B) → (A → (¬A → B))))) → ((¬B ∨ ((A ∨ B) ∨ (¬A ∨ (A ∨ B)))) → (((¬A → B) → (A → (¬A → B))) → ((¬A → B) → (A → (¬A → B))))))
2025-12-27 00:05:51,321 - DEBUG - Применена теорема дедукции для посылки: ((B → (¬A → (¬A → B))) → ((B → ¬A) → (B → (¬A → B)))), Новая посылка: ((¬B ∨ (A ∨ (A ∨ B))) → ((B → ¬A) → (B → (¬A → B))))
2025-12-27 00:05:51,321 - DEBUG - Применена теорема дедукции для посылки: ((B → (¬A → (A → (¬A → B)))) → ((B → ¬A) → (B → (A → (¬A → B))))), Новая посылка: ((¬B ∨ (A ∨ (¬A ∨ (A ∨ B)))) → ((B → ¬A) → (B → (A → (¬A → B)))))
2025-12-27 00:05:51,321 - DEBUG - Применена теорема дедукции для посылки: ((A → ((¬A → B) → (¬A → B))) → ((A → (¬A → B)) → (A → (¬A → B)))), Новая посылка: ((A → (B → (¬A → B))) → ((¬A ∨ (¬A ∨ (A ∨ B))) → ((A → (¬A → B)) → (A → (¬A → B)))))
2025-12-27 00:05:51,321 - DEBUG - Применена теорема дедукции для посылки: ((¬A → (¬A → B)) → ((¬A → ¬A) → (¬A → B))), Новая посылка: ((A ∨ (A ∨ B)) → ((¬A → ¬A) → (¬A → B)))
2025-12-27 00:05:51,321 - DEBUG - Применена теорема дедукции для посылки: (((¬A → B) → ((¬A → B) → B)) → (((¬A → B) → (¬A → B)) → ((¬A → B) → B))), Новая посылка: (¬(¬((B → (B → B)) → ¬(A → (B → B))) → ¬(A → (A → B))) → ((¬B ∨ (¬A ∨ B)) → (((¬A → B) → (¬A → B)) → ((¬A → B) → B))))
2025-12-27 00:05:51,322 - DEBUG - Применена теорема дедукции для посылки: (((¬A → B) → ((A → (¬A → B)) → A)) → (((¬A → B) → (A → (¬A → B))) → ((¬A → B) → A))), Новая посылка: (¬(¬((B → (¬A → A)) → ¬(A → (¬A → A))) → ¬(B → (¬(¬A → B) → A))) → ((¬A ∨ ((A ∨ B) ∨ A)) → (((¬A → B) → (A → (¬A → B))) → ((¬A → B) → A))))
2025-12-27 00:05:51,322 - DEBUG - Применена теорема дедукции для посылки: ((A → (B → ¬A)) → ((A → B) → (A → ¬A))), Новая посылка: ((¬A ∨ (¬B ∨ ¬A)) → ((A → B) → (A → ¬A)))
2025-12-27 00:05:51,322 - DEBUG - Применена теорема дедукции для посылки: ((A → ((¬A → B) → A)) → ((A → (¬A → B)) → (A → A))), Новая посылка: ((A → (A → A)) → ((¬A ∨ (¬B ∨ A)) → ((A → (¬A → B)) → (A → A))))
2025-12-27 00:05:51,322 - DEBUG - Применена теорема дедукции для посылки: ((A → (B → (A → (¬A → B)))) → ((A → B) → (A → (A → (¬A → B))))), Новая посылка: ((¬A ∨ (¬B ∨ (¬A ∨ (A ∨ B)))) → ((A → B) → (A → (A → (¬A → B)))))
2025-12-27 00:05:51,322 - DEBUG - Применена теорема дедукции для посылки: ((B → (A → ¬A)) → ((B → A) → (B → ¬A))), Новая посылка: ((¬B ∨ (¬A ∨ ¬A)) → ((B → A) → (B → ¬A)))
2025-12-27 00:05:51,322 - DEBUG - Применена теорема дедукции для посылки: ((A → (¬A → A)) → ((A → ¬A) → (A → A))), Новая посылка: ((¬A ∨ (A ∨ A)) → ((A → ¬A) → (A → A)))
2025-12-27 00:05:51,322 - DEBUG - Применена теорема дедукции для посылки: ((B → ((¬A → B) → A)) → ((B → (¬A → B)) → (B → A))), Новая посылка: ((B → (B → A)) → ((¬B ∨ (¬A ∨ A)) → ((B → (¬A → B)) → (B → A))))
2025-12-27 00:05:51,322 - DEBUG - Применена теорема дедукции для посылки: ((¬A → (¬A → B)) → ((¬A → (¬A → B)) → ¬A)), Новая посылка: ((A ∨ (A ∨ B)) → ((¬A → (¬A → B)) → ¬A))
2025-12-27 00:05:51,322 - DEBUG - Применена теорема дедукции для посылки: ((A → (¬A → B)) → (B → (A → (¬A → B)))), Новая посылка: ((¬A ∨ (A ∨ B)) → (B → (A → (¬A → B))))
2025-12-27 00:05:51,322 - DEBUG - Применена теорема дедукции для посылки: ((B → A) → ((B → A) → B)), Новая посылка: ((¬B ∨ A) → ((B → A) → B))
2025-12-27 00:05:51,322 - DEBUG - Применена теорема дедукции для посылки: ((¬A → (A → ¬A)) → ((¬A → A) → (¬A → ¬A))), Новая посылка: ((A ∨ (¬A ∨ ¬A)) → ((¬A → A) → (¬A → ¬A)))
2025-12-27 00:05:51,322 - DEBUG - Применена теорема дедукции для посылки: (((A → (¬A → B)) → (¬A → B)) → (((A → (¬A → B)) → (¬A → B)) → (A → (¬A → B)))), Новая посылка: ((¬A → (¬A → B)) → (((A ∨ B) ∨ (A ∨ B)) → (((A → (¬A → B)) → (¬A → B)) → (A → (¬A → B)))))
2025-12-27 00:05:51,322 - DEBUG - Применена теорема дедукции для посылки: ((A → (¬A → B)) → (¬A → (A → (¬A → B)))), Новая посылка: ((¬A ∨ (A ∨ B)) → (¬A → (A → (¬A → B))))
2025-12-27 00:05:51,322 - DEBUG - Применена теорема дедукции для посылки: ((B → B) → ((B → B) → B)), Новая посылка: ((¬B ∨ B) → ((B → B) → B))
2025-12-27 00:05:51,322 - DEBUG - Применена теорема дедукции для посылки: ((¬A → ((¬A → B) → (¬A → B))) → ((¬A → (¬A → B)) → (¬A → (¬A → B)))), Новая посылка: ((¬A → (A → (¬A → B))) → ((A ∨ (¬B ∨ (A ∨ B))) → ((¬A → (¬A → B)) → (¬A → (¬A → B)))))
2025-12-27 00:05:51,322 - DEBUG - Применена теорема дедукции для посылки: ((A → (¬A → B)) → (A → (A → (¬A → B)))), Новая посылка: ((¬A ∨ (A ∨ B)) → (A → (A → (¬A → B))))
2025-12-27 00:05:51,323 - DEBUG - Применена теорема дедукции для посылки: ((A → (A → ¬A)) → ((A → A) → (A → ¬A))), Новая посылка: ((¬A ∨ (¬A ∨ ¬A)) → ((A → A) → (A → ¬A)))
2025-12-27 00:05:51,323 - DEBUG - Применена теорема дедукции для посылки: (((¬A → B) → (A → (¬A → B))) → (((¬A → B) → (A → (¬A → B))) → (¬A → B))), Новая посылка: ((B → (A → (¬A → B))) → ((¬A ∨ (¬A ∨ (A ∨ B))) → (((¬A → B) → (A → (¬A → B))) → (¬A → B))))
2025-12-27 00:05:51,323 - DEBUG - Применена теорема дедукции для посылки: ((¬A → (B → A)) → ((¬A → B) → (¬A → A))), Новая посылка: ((A ∨ (¬B ∨ A)) → ((¬A → B) → (¬A → A)))
2025-12-27 00:05:51,323 - DEBUG - Применена теорема дедукции для посылки: ((A → ((¬A → B) → B)) → ((A → (¬A → B)) → (A → B))), Новая посылка: ((A → (A → B)) → ((¬A ∨ (¬B ∨ B)) → ((A → (¬A → B)) → (A → B))))
2025-12-27 00:05:51,323 - DEBUG - Применена теорема дедукции для посылки: (((A → (¬A → B)) → (A → (¬A → B))) → (((A → (¬A → B)) → (A → (¬A → B))) → (A → (¬A → B)))), Новая посылка: ((¬A → (A → (¬A → B))) → (((A ∨ B) ∨ (¬A ∨ (A ∨ B))) → (((A → (¬A → B)) → (A → (¬A → B))) → (A → (¬A → B)))))
2025-12-27 00:05:51,323 - DEBUG - Применена теорема дедукции для посылки: (((¬A → B) → (A → A)) → (((¬A → B) → A) → ((¬A → B) → A))), Новая посылка: ((B → (A → A)) → ((¬A ∨ (¬A ∨ A)) → (((¬A → B) → A) → ((¬A → B) → A))))
2025-12-27 00:05:51,323 - DEBUG - Применена теорема дедукции для посылки: (((¬A → B) → ((¬A → B) → ¬A)) → (((¬A → B) → (¬A → B)) → ((¬A → B) → ¬A))), Новая посылка: (¬(¬((B → (B → ¬A)) → ¬(A → (A → ¬A))) → ¬(A → (B → ¬A))) → ((¬B ∨ (¬A ∨ ¬A)) → (((¬A → B) → (¬A → B)) → ((¬A → B) → ¬A))))
2025-12-27 00:05:51,323 - DEBUG - Применена теорема дедукции для посылки: ((A → (A → (¬A → B))) → ((A → A) → (A → (¬A → B)))), Новая посылка: ((¬A ∨ (¬A ∨ (A ∨ B))) → ((A → A) → (A → (¬A → B))))
2025-12-27 00:05:51,323 - DEBUG - Применена теорема дедукции для посылки: ((¬A → (B → B)) → ((¬A → B) → (¬A → B))), Новая посылка: ((A ∨ (¬B ∨ B)) → ((¬A → B) → (¬A → B)))
2025-12-27 00:05:51,323 - DEBUG - Применена теорема дедукции для посылки: ((A → (¬A → (A → (¬A → B)))) → ((A → ¬A) → (A → (A → (¬A → B))))), Новая посылка: ((¬A ∨ (A ∨ (¬A ∨ (A ∨ B)))) → ((A → ¬A) → (A → (A → (¬A → B)))))
2025-12-27 00:05:51,323 - DEBUG - Применена теорема дедукции для посылки: ((A → B) → ((A → B) → A)), Новая посылка: ((¬A ∨ B) → ((A → B) → A))
2025-12-27 00:05:51,323 - DEBUG - Применена теорема дедукции для посылки: ((B → ((A → (¬A → B)) → ¬A)) → ((B → (A → (¬A → B))) → (B → ¬A))), Новая посылка: ((B → (¬A → ¬A)) → ((¬B ∨ ((A ∨ B) ∨ ¬A)) → ((B → (A → (¬A → B))) → (B → ¬A))))
2025-12-27 00:05:51,323 - DEBUG - Применена теорема дедукции для посылки: ((¬A → B) → ((A → (¬A → B)) → (¬A → B))), Новая посылка: ((A ∨ B) → ((A → (¬A → B)) → (¬A → B)))
2025-12-27 00:05:51,323 - DEBUG - Применена теорема дедукции для посылки: (((A → (¬A → B)) → ¬A) → (((A → (¬A → B)) → ¬A) → (A → (¬A → B)))), Новая посылка: ((¬A → ¬A) → (((A ∨ B) ∨ ¬A) → (((A → (¬A → B)) → ¬A) → (A → (¬A → B)))))
2025-12-27 00:05:51,324 - DEBUG - Применена теорема дедукции для посылки: ((B → (B → ¬A)) → ((B → B) → (B → ¬A))), Новая посылка: ((¬B ∨ (¬B ∨ ¬A)) → ((B → B) → (B → ¬A)))
2025-12-27 00:05:51,324 - DEBUG - Применена теорема дедукции для посылки: ((B → ((¬A → B) → ¬A)) → ((B → (¬A → B)) → (B → ¬A))), Новая посылка: ((B → (B → ¬A)) → ((¬B ∨ (¬A ∨ ¬A)) → ((B → (¬A → B)) → (B → ¬A))))
2025-12-27 00:05:51,324 - DEBUG - Применена теорема дедукции для посылки: (((¬A → B) → (A → B)) → (((¬A → B) → A) → ((¬A → B) → B))), Новая посылка: ((B → (A → B)) → ((¬A ∨ (¬A ∨ B)) → (((¬A → B) → A) → ((¬A → B) → B))))
2025-12-27 00:05:51,324 - DEBUG - Применена теорема дедукции для посылки: ((¬A → A) → ((¬A → A) → ¬A)), Новая посылка: ((A ∨ A) → ((¬A → A) → ¬A))
2025-12-27 00:05:51,324 - DEBUG - Применена теорема дедукции для посылки: ((A → ((A → (¬A → B)) → B)) → ((A → (A → (¬A → B))) → (A → B))), Новая посылка: ((A → (¬A → B)) → ((¬A ∨ ((A ∨ B) ∨ B)) → ((A → (A → (¬A → B))) → (A → B))))
2025-12-27 00:05:51,324 - DEBUG - Применена теорема дедукции для посылки: ((¬A → B) → (B → (¬A → B))), Новая посылка: ((A ∨ B) → (B → (¬A → B)))
2025-12-27 00:05:51,324 - DEBUG - Применена теорема дедукции для посылки: (((¬A → B) → (B → (A → (¬A → B)))) → (((¬A → B) → B) → ((¬A → B) → (A → (¬A → B))))), Новая посылка: ((A → (B → (A → (¬A → B)))) → ((¬B ∨ (¬B ∨ (¬A ∨ (A ∨ B)))) → (((¬A → B) → B) → ((¬A → B) → (A → (¬A → B))))))
2025-12-27 00:05:51,324 - DEBUG - Применена теорема дедукции для посылки: ((B → ((¬A → B) → (¬A → B))) → ((B → (¬A → B)) → (B → (¬A → B)))), Новая посылка: ((B → (B → (¬A → B))) → ((¬B ∨ (¬A ∨ (A ∨ B))) → ((B → (¬A → B)) → (B → (¬A → B)))))
2025-12-27 00:05:51,324 - DEBUG - Применена теорема дедукции для посылки: ((¬A → ¬A) → ((¬A → ¬A) → ¬A)), Новая посылка: ((A ∨ ¬A) → ((¬A → ¬A) → ¬A))
2025-12-27 00:05:51,324 - DEBUG - Применена теорема дедукции для посылки: (((¬A → B) → ((¬A → B) → A)) → (((¬A → B) → (¬A → B)) → ((¬A → B) → A))), Новая посылка: (¬(¬((B → (B → A)) → ¬(A → (B → A))) → ¬(B → (A → A))) → ((¬A ∨ (¬A ∨ A)) → (((¬A → B) → (¬A → B)) → ((¬A → B) → A))))
2025-12-27 00:05:51,324 - DEBUG - Применена теорема дедукции для посылки: ((B → (¬A → B)) → ((B → (¬A → B)) → B)), Новая посылка: ((¬B ∨ (A ∨ B)) → ((B → (¬A → B)) → B))
2025-12-27 00:05:51,324 - DEBUG - Применена теорема дедукции для посылки: ((A → ((A → (¬A → B)) → (A → (¬A → B)))) → ((A → (A → (¬A → B))) → (A → (A → (¬A → B))))), Новая посылка: ((A → (¬A → (A → (¬A → B)))) → ((¬A ∨ ((A ∨ B) ∨ (¬A ∨ (A ∨ B)))) → ((A → (A → (¬A → B))) → (A → (A → (¬A → B))))))
2025-12-27 00:05:51,324 - DEBUG - Применена теорема дедукции для посылки: ((¬A → (A → A)) → ((¬A → A) → (¬A → A))), Новая посылка: ((A ∨ (¬A ∨ A)) → ((¬A → A) → (¬A → A)))
2025-12-27 00:05:51,324 - DEBUG - Применена теорема дедукции для посылки: ((¬A → (A → (A → (¬A → B)))) → ((¬A → A) → (¬A → (A → (¬A → B))))), Новая посылка: ((A ∨ (¬A ∨ (¬A ∨ (A ∨ B)))) → ((¬A → A) → (¬A → (A → (¬A → B)))))
2025-12-27 00:05:51,325 - DEBUG - Применена теорема дедукции для посылки: ((¬A → B) → ((¬A → B) → (¬A → B))), Новая посылка: ((A ∨ B) → ((¬A → B) → (¬A → B)))
2025-12-27 00:05:51,325 - DEBUG - Применена теорема дедукции для посылки: ((¬A → ((A → (¬A → B)) → ¬A)) → ((¬A → (A → (¬A → B))) → (¬A → ¬A))), Новая посылка: ((¬A → (¬(¬A → B) → ¬A)) → ((A ∨ (A ∨ ¬A)) → ((¬A → (A → (¬A → B))) → (¬A → ¬A))))
2025-12-27 00:05:51,325 - DEBUG - Применена теорема дедукции для посылки: ((¬A → (¬A → ¬A)) → ((¬A → ¬A) → (¬A → ¬A))), Новая посылка: ((A ∨ (A ∨ ¬A)) → ((¬A → ¬A) → (¬A → ¬A)))
2025-12-27 00:05:51,325 - DEBUG - Применена теорема дедукции для посылки: ((A → (A → (A → (¬A → B)))) → ((A → A) → (A → (A → (¬A → B))))), Новая посылка: ((¬A ∨ (¬A ∨ (¬A ∨ (A ∨ B)))) → ((A → A) → (A → (A → (¬A → B)))))
2025-12-27 00:05:51,325 - DEBUG - Применена теорема дедукции для посылки: ((B → (A → A)) → ((B → A) → (B → A))), Новая посылка: ((¬B ∨ (¬A ∨ A)) → ((B → A) → (B → A)))
2025-12-27 00:05:51,325 - DEBUG - Применена теорема дедукции для посылки: ((¬A → (A → (¬A → B))) → ((¬A → A) → (¬A → (¬A → B)))), Новая посылка: ((A ∨ (¬A ∨ (A ∨ B))) → ((¬A → A) → (¬A → (¬A → B))))
2025-12-27 00:05:51,325 - DEBUG - Применена теорема дедукции для посылки: ((B → (¬A → A)) → ((B → ¬A) → (B → A))), Новая посылка: ((¬B ∨ (A ∨ A)) → ((B → ¬A) → (B → A)))
2025-12-27 00:05:51,325 - DEBUG - Применена теорема дедукции для посылки: ((¬A → (B → (¬A → B))) → ((¬A → B) → (¬A → (¬A → B)))), Новая посылка: ((A ∨ (¬B ∨ (A ∨ B))) → ((¬A → B) → (¬A → (¬A → B))))
2025-12-27 00:05:51,325 - DEBUG - Применена теорема дедукции для посылки: (((¬A → B) → (¬A → (¬A → B))) → (((¬A → B) → ¬A) → ((¬A → B) → (¬A → B)))), Новая посылка: ((B → (¬A → (¬A → B))) → ((¬A ∨ (A ∨ (A ∨ B))) → (((¬A → B) → ¬A) → ((¬A → B) → (¬A → B)))))
2025-12-27 00:05:51,325 - DEBUG - Применена теорема дедукции для посылки: ((A → ((¬A → B) → ¬A)) → ((A → (¬A → B)) → (A → ¬A))), Новая посылка: ((A → (B → ¬A)) → ((¬A ∨ (¬A ∨ ¬A)) → ((A → (¬A → B)) → (A → ¬A))))
2025-12-27 00:05:51,325 - DEBUG - Применена теорема дедукции для посылки: ((¬A → (A → B)) → ((¬A → A) → (¬A → B))), Новая посылка: ((A ∨ (¬A ∨ B)) → ((¬A → A) → (¬A → B)))
2025-12-27 00:05:51,325 - DEBUG - Применена теорема дедукции для посылки: (((¬A → B) → ¬A) → (((¬A → B) → ¬A) → (¬A → B))), Новая посылка: ((B → ¬A) → ((¬A ∨ ¬A) → (((¬A → B) → ¬A) → (¬A → B))))
2025-12-27 00:05:51,325 - DEBUG - Применена теорема дедукции для посылки: ((A → A) → ((A → A) → A)), Новая посылка: ((¬A ∨ A) → ((A → A) → A))
2025-12-27 00:05:51,325 - DEBUG - Применена теорема дедукции для посылки: ((A → ((¬A → B) → (A → (¬A → B)))) → ((A → (¬A → B)) → (A → (A → (¬A → B))))), Новая посылка: ((A → (B → (A → (¬A → B)))) → ((¬A ∨ (¬A ∨ (¬A ∨ (A ∨ B)))) → ((A → (¬A → B)) → (A → (A → (¬A → B))))))
2025-12-27 00:05:51,325 - DEBUG - Применена теорема дедукции для посылки: ((A → (A → (¬A → B))) → ((A → (A → (¬A → B))) → A)), Новая посылка: ((¬A ∨ (¬A ∨ (A ∨ B))) → ((A → (A → (¬A → B))) → A))
2025-12-27 00:05:51,325 - DEBUG - Применена теорема дедукции для посылки: ((B → (¬A → B)) → ((B → ¬A) → (B → B))), Новая посылка: ((¬B ∨ (A ∨ B)) → ((B → ¬A) → (B → B)))
2025-12-27 00:05:51,326 - DEBUG - Применена теорема дедукции для посылки: ((A → ((A → (¬A → B)) → ¬A)) → ((A → (A → (¬A → B))) → (A → ¬A))), Новая посылка: ((A → (¬A → ¬A)) → ((¬A ∨ ((A ∨ B) ∨ ¬A)) → ((A → (A → (¬A → B))) → (A → ¬A))))
2025-12-27 00:05:51,326 - DEBUG - Применена теорема дедукции для посылки: ((¬A → (¬A → (¬A → B))) → ((¬A → ¬A) → (¬A → (¬A → B)))), Новая посылка: ((A ∨ (A ∨ (A ∨ B))) → ((¬A → ¬A) → (¬A → (¬A → B))))
2025-12-27 00:05:51,326 - DEBUG - Применена теорема дедукции для посылки: ((B → (A → (A → (¬A → B)))) → ((B → A) → (B → (A → (¬A → B))))), Новая посылка: ((¬B ∨ (¬A ∨ (¬A ∨ (A ∨ B)))) → ((B → A) → (B → (A → (¬A → B)))))
2025-12-27 00:05:51,326 - DEBUG - Применена теорема дедукции для посылки: ((B → ((A → (¬A → B)) → (A → (¬A → B)))) → ((B → (A → (¬A → B))) → (B → (A → (¬A → B))))), Новая посылка: ((B → (¬A → (A → (¬A → B)))) → ((¬B ∨ ((A ∨ B) ∨ (¬A ∨ (A ∨ B)))) → ((B → (A → (¬A → B))) → (B → (A → (¬A → B))))))
2025-12-27 00:05:51,326 - DEBUG - Применена теорема дедукции для посылки: ((A → (A → B)) → ((A → A) → (A → B))), Новая посылка: ((¬A ∨ (¬A ∨ B)) → ((A → A) → (A → B)))
2025-12-27 00:05:51,326 - DEBUG - Применена теорема дедукции для посылки: ((B → (A → B)) → ((B → A) → (B → B))), Новая посылка: ((¬B ∨ (¬A ∨ B)) → ((B → A) → (B → B)))
2025-12-27 00:05:51,326 - DEBUG - Применена теорема дедукции для посылки: ((¬A → (¬A → A)) → ((¬A → ¬A) → (¬A → A))), Новая посылка: ((A ∨ (A ∨ A)) → ((¬A → ¬A) → (¬A → A)))
2025-12-27 00:05:51,326 - DEBUG - Применена теорема дедукции для посылки: (((¬A → B) → ((A → (¬A → B)) → ¬A)) → (((¬A → B) → (A → (¬A → B))) → ((¬A → B) → ¬A))), Новая посылка: (¬(¬((B → (¬A → ¬A)) → ¬(A → (¬(¬A → B) → ¬A))) → ¬(B → (¬(¬A → B) → ¬A))) → ((¬A ∨ (A ∨ ¬A)) → (((¬A → B) → (A → (¬A → B))) → ((¬A → B) → ¬A))))
2025-12-27 00:05:51,326 - DEBUG - Применена теорема дедукции для посылки: ((¬A → B) → (¬A → (¬A → B))), Новая посылка: ((A ∨ B) → (¬A → (¬A → B)))
2025-12-27 00:05:51,326 - DEBUG - Применена теорема дедукции для посылки: (((¬A → B) → ((A → (¬A → B)) → B)) → (((¬A → B) → (A → (¬A → B))) → ((¬A → B) → B))), Новая посылка: (¬(¬((B → (¬A → B)) → ¬(B → (¬(¬A → B) → B))) → ¬(A → (¬A → B))) → ((¬A ∨ ((A ∨ B) ∨ B)) → (((¬A → B) → (A → (¬A → B))) → ((¬A → B) → B))))
2025-12-27 00:05:51,326 - DEBUG - Применена теорема дедукции для посылки: ((¬A → (A → (¬A → B))) → ((¬A → (A → (¬A → B))) → ¬A)), Новая посылка: ((A ∨ (¬A ∨ (A ∨ B))) → ((¬A → (A → (¬A → B))) → ¬A))
2025-12-27 00:05:51,326 - DEBUG - Применена теорема дедукции для посылки: (((¬A → B) → (¬A → B)) → (((¬A → B) → ¬A) → ((¬A → B) → B))), Новая посылка: ((B → (¬A → B)) → ((¬A ∨ (A ∨ B)) → (((¬A → B) → ¬A) → ((¬A → B) → B))))
2025-12-27 00:05:51,326 - DEBUG - Применена теорема дедукции для посылки: ((B → ((A → (¬A → B)) → (¬A → B))) → ((B → (A → (¬A → B))) → (B → (¬A → B)))), Новая посылка: ((B → (¬(¬A → B) → (¬A → B))) → ((¬B ∨ (A ∨ (A ∨ B))) → ((B → (A → (¬A → B))) → (B → (¬A → B)))))
2025-12-27 00:05:51,326 - DEBUG - Применена теорема дедукции для посылки: (((¬A → B) → (A → ¬A)) → (((¬A → B) → A) → ((¬A → B) → ¬A))), Новая посылка: ((B → (A → ¬A)) → ((¬A ∨ (¬A ∨ ¬A)) → (((¬A → B) → A) → ((¬A → B) → ¬A))))
2025-12-27 00:05:51,327 - DEBUG - Применена теорема дедукции для посылки: (((A → (¬A → B)) → B) → (((A → (¬A → B)) → B) → (A → (¬A → B)))), Новая посылка: ((¬(¬A → B) → B) → ((A ∨ B) → (((A → (¬A → B)) → B) → (A → (¬A → B)))))
2025-12-27 00:05:51,327 - DEBUG - Применена теорема дедукции для посылки: (((¬A → B) → B) → (((¬A → B) → B) → (¬A → B))), Новая посылка: ((A → B) → ((¬B ∨ B) → (((¬A → B) → B) → (¬A → B))))
2025-12-27 00:05:51,327 - DEBUG - Применена теорема дедукции для посылки: ((B → ((A → (¬A → B)) → B)) → ((B → (A → (¬A → B))) → (B → B))), Новая посылка: ((B → (¬(¬A → B) → B)) → ((¬B ∨ (A ∨ B)) → ((B → (A → (¬A → B))) → (B → B))))
2025-12-27 00:05:51,327 - DEBUG - Применена теорема дедукции для посылки: ((B → (B → (A → (¬A → B)))) → ((B → B) → (B → (A → (¬A → B))))), Новая посылка: ((¬B ∨ (¬B ∨ (¬A ∨ (A ∨ B)))) → ((B → B) → (B → (A → (¬A → B)))))
2025-12-27 00:05:51,327 - DEBUG - Применена теорема дедукции для посылки: (((¬A → B) → (¬A → ¬A)) → (((¬A → B) → ¬A) → ((¬A → B) → ¬A))), Новая посылка: ((B → (¬A → ¬A)) → ((¬A ∨ (A ∨ ¬A)) → (((¬A → B) → ¬A) → ((¬A → B) → ¬A))))
2025-12-27 00:05:51,327 - DEBUG - Применена теорема дедукции для посылки: ((¬A → ((A → (¬A → B)) → (¬A → B))) → ((¬A → (A → (¬A → B))) → (¬A → (¬A → B)))), Новая посылка: ((¬A → (¬(¬A → B) → (¬A → B))) → ((A ∨ (A ∨ (A ∨ B))) → ((¬A → (A → (¬A → B))) → (¬A → (¬A → B)))))
2025-12-27 00:05:51,327 - DEBUG - Применена теорема дедукции для посылки: ((¬A → (¬A → (A → (¬A → B)))) → ((¬A → ¬A) → (¬A → (A → (¬A → B))))), Новая посылка: ((A ∨ (A ∨ (¬A ∨ (A ∨ B)))) → ((¬A → ¬A) → (¬A → (A → (¬A → B)))))
2025-12-27 00:05:51,328 - INFO - Step 0: 308 formulas
2025-12-27 00:05:51,328 - INFO - Используем правило вывода
2025-12-27 00:05:51,333 - DEBUG - Найдено соответствие для MP. Посылка 1: ((¬A → B) → (A → (¬A → B))), Посылка с правилом вывода: (((¬A → B) → (A → (¬A → B))) → (¬A → B)), Новая посылка: (¬A → B)
2025-12-27 00:05:51,382 - DEBUG - Найдено соответствие для MP. Посылка 1: (B → (A → B)), Посылка с правилом вывода: ((B → (A → B)) → ((¬B ∨ (¬B ∨ B)) → ((B → (¬A → B)) → (B → B)))), Новая посылка: ((¬B ∨ (¬B ∨ B)) → ((B → (¬A → B)) → (B → B)))
2025-12-27 00:05:51,385 - DEBUG - Найдено соответствие для MP. Посылка 1: ((¬A → B) → (A → (¬A → B))), Посылка с правилом вывода: (((¬A → B) → (A → (¬A → B))) → ((¬A → B) → (¬A → B))), Новая посылка: ((¬A → B) → (¬A → B))
2025-12-27 00:05:51,388 - DEBUG - Найдено соответствие для MP. Посылка 1: (¬A → (A → ¬A)), Посылка с правилом вывода: ((¬A → (A → ¬A)) → ((A ∨ (¬B ∨ ¬A)) → ((¬A → (¬A → B)) → (¬A → ¬A)))), Новая посылка: ((A ∨ (¬B ∨ ¬A)) → ((¬A → (¬A → B)) → (¬A → ¬A)))
2025-12-27 00:05:51,454 - DEBUG - Найдено соответствие для MP. Посылка 1: (A → (B → A)), Посылка с правилом вывода: ((A → (B → A)) → ((¬B ∨ (¬B ∨ A)) → (((¬A → B) → B) → ((¬A → B) → A)))), Новая посылка: ((¬B ∨ (¬B ∨ A)) → (((¬A → B) → B) → ((¬A → B) → A)))
2025-12-27 00:05:51,461 - DEBUG - Найдено соответствие для MP. Посылка 1: (B → (¬A → B)), Посылка с правилом вывода: ((B → (¬A → B)) → ((¬A ∨ (A ∨ B)) → (((¬A → B) → ¬A) → ((¬A → B) → B)))), Новая посылка: ((¬A ∨ (A ∨ B)) → (((¬A → B) → ¬A) → ((¬A → B) → B)))
2025-12-27 00:05:51,501 - DEBUG - Найдено соответствие для MP. Посылка 1: (B → (B → B)), Посылка с правилом вывода: ((B → (B → B)) → ((¬A ∨ (¬B ∨ B)) → (((¬A → B) → B) → ((¬A → B) → B)))), Новая посылка: ((¬A ∨ (¬B ∨ B)) → (((¬A → B) → B) → ((¬A → B) → B)))
2025-12-27 00:05:51,521 - DEBUG - Найдено соответствие для MP. Посылка 1: ((¬A → B) → (¬A → ¬A)), Посылка с правилом вывода: (((¬A → B) → (¬A → ¬A)) → (((¬A → B) → ¬A) → ((¬A → B) → ¬A))), Новая посылка: (((¬A → B) → ¬A) → ((¬A → B) → ¬A))
2025-12-27 00:05:51,623 - DEBUG - Найдено соответствие для MP. Посылка 1: (A → (¬A → A)), Посылка с правилом вывода: ((A → (¬A → A)) → ((¬A ∨ ((A ∨ B) ∨ A)) → ((A → (A → (¬A → B))) → (A → A)))), Новая посылка: ((¬A ∨ ((A ∨ B) ∨ A)) → ((A → (A → (¬A → B))) → (A → A)))
2025-12-27 00:05:51,625 - DEBUG - Найдено соответствие для MP. Посылка 1: (B → (¬A → B)), Посылка с правилом вывода: ((B → (¬A → B)) → (B → B)), Новая посылка: (B → B)
2025-12-27 00:05:51,643 - DEBUG - Найдено соответствие для MP. Посылка 1: (B → (¬A → B)), Посылка с правилом вывода: ((B → (¬A → B)) → B), Новая посылка: B
2025-12-27 00:05:51,656 - DEBUG - Найдено соответствие для MP. Посылка 1: (B → (A → B)), Посылка с правилом вывода: ((B → (A → B)) → ((¬A ∨ (¬A ∨ B)) → (((¬A → B) → A) → ((¬A → B) → B)))), Новая посылка: ((¬A ∨ (¬A ∨ B)) → (((¬A → B) → A) → ((¬A → B) → B)))
2025-12-27 00:05:51,673 - DEBUG - Найдено соответствие для MP. Посылка 1: (A → (A → A)), Посылка с правилом вывода: ((A → (A → A)) → ((¬A ∨ (¬B ∨ A)) → ((A → (¬A → B)) → (A → A)))), Новая посылка: ((¬A ∨ (¬B ∨ A)) → ((A → (¬A → B)) → (A → A)))
2025-12-27 00:05:51,674 - INFO - Step 1: 321 formulas
2025-12-27 00:05:51,674 - INFO - Используем правило вывода
2025-12-27 00:05:51,688 - DEBUG - Найдено соответствие для MP. Посылка 1: (¬A → B), Посылка с правилом вывода: ((¬A → B) → (A → (¬A → B))), Новая посылка: (A → (¬A → B))
2025-12-27 00:05:51,706 - DEBUG - Найдено соответствие для MP. Посылка 1: B, Посылка с правилом вывода: (B → (A → B)), Новая посылка: (A → B)
2025-12-27 00:05:51,713 - DEBUG - Найдено соответствие для MP. Посылка 1: B, Посылка с правилом вывода: (B → ((¬A → B) → B)), Новая посылка: ((¬A → B) → B)
2025-12-27 00:05:51,746 - DEBUG - Найдено соответствие для MP. Посылка 1: ((¬A → B) → (¬A → B)), Посылка с правилом вывода: (((¬A → B) → (¬A → B)) → ((¬A → B) → ¬A)), Новая посылка: ((¬A → B) → ¬A)
2025-12-27 00:05:51,746 - DEBUG - Найдено соответствие для MP. Посылка 1: (¬A → B), Посылка с правилом вывода: ((¬A → B) → (¬A → (¬A → B))), Новая посылка: (¬A → (¬A → B))
2025-12-27 00:05:51,809 - DEBUG - Найдено соответствие для MP. Посылка 1: B, Посылка с правилом вывода: (B → ((A → (¬A → B)) → B)), Новая посылка: ((A → (¬A → B)) → B)
2025-12-27 00:05:51,866 - DEBUG - Найдено соответствие для MP. Посылка 1: ((¬A → B) → (¬A → B)), Посылка с правилом вывода: (((¬A → B) → (¬A → B)) → (((¬A → B) → (¬A → B)) → (¬A → B))), Новая посылка: (((¬A → B) → (¬A → B)) → (¬A → B))
2025-12-27 00:05:51,884 - DEBUG - Найдено соответствие для MP. Посылка 1: (¬A → B), Посылка с правилом вывода: ((¬A → B) → (¬A → ¬A)), Новая посылка: (¬A → ¬A)
2025-12-27 00:05:51,892 - DEBUG - Найдено соответствие для MP. Посылка 1: (¬A → B), Посылка с правилом вывода: ((¬A → B) → ((A → (¬A → B)) → (¬A → B))), Новая посылка: ((A → (¬A → B)) → (¬A → B))
2025-12-27 00:05:51,940 - DEBUG - Найдено соответствие для MP. Посылка 1: (B → B), Посылка с правилом вывода: ((B → B) → ((B → B) → B)), Новая посылка: ((B → B) → B)
2025-12-27 00:05:51,972 - DEBUG - Найдено соответствие для MP. Посылка 1: ((¬A → B) → (¬A → B)), Посылка с правилом вывода: (((¬A → B) → (¬A → B)) → (((¬A → B) → ¬A) → ((¬A → B) → B))), Новая посылка: (((¬A → B) → ¬A) → ((¬A → B) → B))
2025-12-27 00:05:51,978 - INFO - ===================Алгоритм доказал формулу=====================
2025-12-27 00:05:51,978 - INFO - Формула была выведена: (A → (¬A → B))
