2025-12-27 00:05:51,979 - INFO - ============Начало доказательства==============
2025-12-27 00:05:51,979 - INFO - Преобразованная формула: (B → (¬A → B))
2025-12-27 00:05:51,980 - DEBUG - Подставляем в аксиому (A → (B → A)) подстановку {'B': '¬A', 'A': '¬A'}. Результат: (¬A → (¬A → ¬A))
2025-12-27 00:05:51,980 - DEBUG - Подставляем в аксиому (A → (B → A)) подстановку {'B': '¬A', 'A': '(¬A → B)'}. Результат: ((¬A → B) → (¬A → (¬A → B)))
2025-12-27 00:05:51,980 - DEBUG - Подставляем в аксиому (A → (B → A)) подстановку {'B': '¬A', 'A': 'B'}. Результат: (B → (¬A → B))
2025-12-27 00:05:51,982 - DEBUG - Подставляем в аксиому (A → (B → A)) подстановку {'B': '¬A', 'A': '(B → (¬A → B))'}. Результат: ((B → (¬A → B)) → (¬A → (B → (¬A → B))))
2025-12-27 00:05:51,982 - DEBUG - Подставляем в аксиому (A → (B → A)) подстановку {'B': '(¬A → B)', 'A': '¬A'}. Результат: (¬A → ((¬A → B) → ¬A))
2025-12-27 00:05:51,982 - DEBUG - Подставляем в аксиому (A → (B → A)) подстановку {'B': '(¬A → B)', 'A': '(¬A → B)'}. Результат: ((¬A → B) → ((¬A → B) → (¬A → B)))
2025-12-27 00:05:51,982 - DEBUG - Подставляем в аксиому (A → (B → A)) подстановку {'B': '(¬A → B)', 'A': 'B'}. Результат: (B → ((¬A → B) → B))
2025-12-27 00:05:51,982 - DEBUG - Подставляем в аксиому (A → (B → A)) подстановку {'B': '(¬A → B)', 'A': '(B → (¬A → B))'}. Результат: ((B → (¬A → B)) → ((¬A → B) → (B → (¬A → B))))
2025-12-27 00:05:51,982 - DEBUG - Подставляем в аксиому (A → (B → A)) подстановку {'B': 'B', 'A': '¬A'}. Результат: (¬A → (B → ¬A))
2025-12-27 00:05:51,982 - DEBUG - Подставляем в аксиому (A → (B → A)) подстановку {'B': 'B', 'A': '(¬A → B)'}. Результат: ((¬A → B) → (B → (¬A → B)))
2025-12-27 00:05:51,982 - DEBUG - Подставляем в аксиому (A → (B → A)) подстановку {'B': 'B', 'A': 'B'}. Результат: (B → (B → B))
2025-12-27 00:05:51,982 - DEBUG - Подставляем в аксиому (A → (B → A)) подстановку {'B': 'B', 'A': '(B → (¬A → B))'}. Результат: ((B → (¬A → B)) → (B → (B → (¬A → B))))
2025-12-27 00:05:51,982 - DEBUG - Подставляем в аксиому (A → (B → A)) подстановку {'B': '(B → (¬A → B))', 'A': '¬A'}. Результат: (¬A → ((B → (¬A → B)) → ¬A))
2025-12-27 00:05:51,982 - DEBUG - Подставляем в аксиому (A → (B → A)) подстановку {'B': '(B → (¬A → B))', 'A': '(¬A → B)'}. Результат: ((¬A → B) → ((B → (¬A → B)) → (¬A → B)))
2025-12-27 00:05:51,982 - DEBUG - Подставляем в аксиому (A → (B → A)) подстановку {'B': '(B → (¬A → B))', 'A': 'B'}. Результат: (B → ((B → (¬A → B)) → B))
2025-12-27 00:05:51,982 - DEBUG - Подставляем в аксиому (A → (B → A)) подстановку {'B': '(B → (¬A → B))', 'A': '(B → (¬A → B))'}. Результат: ((B → (¬A → B)) → ((B → (¬A → B)) → (B → (¬A → B))))
2025-12-27 00:05:51,982 - DEBUG - Подставляем в аксиому ((A → (B → C)) → ((A → B) → (A → C))) подстановку {'A': '¬A', 'B': '¬A', 'C': '¬A'}. Результат: ((¬A → (¬A → ¬A)) → ((¬A → ¬A) → (¬A → ¬A)))
2025-12-27 00:05:51,982 - DEBUG - Подставляем в аксиому ((A → (B → C)) → ((A → B) → (A → C))) подстановку {'A': '¬A', 'B': '¬A', 'C': '(¬A → B)'}. Результат: ((¬A → (¬A → (¬A → B))) → ((¬A → ¬A) → (¬A → (¬A → B))))
2025-12-27 00:05:51,982 - DEBUG - Подставляем в аксиому ((A → (B → C)) → ((A → B) → (A → C))) подстановку {'A': '¬A', 'B': '¬A', 'C': 'B'}. Результат: ((¬A → (¬A → B)) → ((¬A → ¬A) → (¬A → B)))
2025-12-27 00:05:51,982 - DEBUG - Подставляем в аксиому ((A → (B → C)) → ((A → B) → (A → C))) подстановку {'A': '¬A', 'B': '¬A', 'C': '(B → (¬A → B))'}. Результат: ((¬A → (¬A → (B → (¬A → B)))) → ((¬A → ¬A) → (¬A → (B → (¬A → B)))))
2025-12-27 00:05:51,982 - DEBUG - Подставляем в аксиому ((A → (B → C)) → ((A → B) → (A → C))) подстановку {'A': '¬A', 'B': '(¬A → B)', 'C': '¬A'}. Результат: ((¬A → ((¬A → B) → ¬A)) → ((¬A → (¬A → B)) → (¬A → ¬A)))
2025-12-27 00:05:51,982 - DEBUG - Подставляем в аксиому ((A → (B → C)) → ((A → B) → (A → C))) подстановку {'A': '¬A', 'B': '(¬A → B)', 'C': '(¬A → B)'}. Результат: ((¬A → ((¬A → B) → (¬A → B))) → ((¬A → (¬A → B)) → (¬A → (¬A → B))))
2025-12-27 00:05:51,982 - DEBUG - Подставляем в аксиому ((A → (B → C)) → ((A → B) → (A → C))) подстановку {'A': '¬A', 'B': '(¬A → B)', 'C': 'B'}. Результат: ((¬A → ((¬A → B) → B)) → ((¬A → (¬A → B)) → (¬A → B)))
2025-12-27 00:05:51,982 - DEBUG - Подставляем в аксиому ((A → (B → C)) → ((A → B) → (A → C))) подстановку {'A': '¬A', 'B': '(¬A → B)', 'C': '(B → (¬A → B))'}. Результат: ((¬A → ((¬A → B) → (B → (¬A → B)))) → ((¬A → (¬A → B)) → (¬A → (B → (¬A → B)))))
2025-12-27 00:05:51,982 - DEBUG - Подставляем в аксиому ((A → (B → C)) → ((A → B) → (A → C))) подстановку {'A': '¬A', 'B': 'B', 'C': '¬A'}. Результат: ((¬A → (B → ¬A)) → ((¬A → B) → (¬A → ¬A)))
2025-12-27 00:05:51,982 - DEBUG - Подставляем в аксиому ((A → (B → C)) → ((A → B) → (A → C))) подстановку {'A': '¬A', 'B': 'B', 'C': '(¬A → B)'}. Результат: ((¬A → (B → (¬A → B))) → ((¬A → B) → (¬A → (¬A → B))))
2025-12-27 00:05:51,982 - DEBUG - Подставляем в аксиому ((A → (B → C)) → ((A → B) → (A → C))) подстановку {'A': '¬A', 'B': 'B', 'C': 'B'}. Результат: ((¬A → (B → B)) → ((¬A → B) → (¬A → B)))
2025-12-27 00:05:51,982 - DEBUG - Подставляем в аксиому ((A → (B → C)) → ((A → B) → (A → C))) подстановку {'A': '¬A', 'B': 'B', 'C': '(B → (¬A → B))'}. Результат: ((¬A → (B → (B → (¬A → B)))) → ((¬A → B) → (¬A → (B → (¬A → B)))))
2025-12-27 00:05:51,982 - DEBUG - Подставляем в аксиому ((A → (B → C)) → ((A → B) → (A → C))) подстановку {'A': '¬A', 'B': '(B → (¬A → B))', 'C': '¬A'}. Результат: ((¬A → ((B → (¬A → B)) → ¬A)) → ((¬A → (B → (¬A → B))) → (¬A → ¬A)))
2025-12-27 00:05:51,982 - DEBUG - Подставляем в аксиому ((A → (B → C)) → ((A → B) → (A → C))) подстановку {'A': '¬A', 'B': '(B → (¬A → B))', 'C': '(¬A → B)'}. Результат: ((¬A → ((B → (¬A → B)) → (¬A → B))) → ((¬A → (B → (¬A → B))) → (¬A → (¬A → B))))
2025-12-27 00:05:51,982 - DEBUG - Подставляем в аксиому ((A → (B → C)) → ((A → B) → (A → C))) подстановку {'A': '¬A', 'B': '(B → (¬A → B))', 'C': 'B'}. Результат: ((¬A → ((B → (¬A → B)) → B)) → ((¬A → (B → (¬A → B))) → (¬A → B)))
2025-12-27 00:05:51,983 - DEBUG - Подставляем в аксиому ((A → (B → C)) → ((A → B) → (A → C))) подстановку {'A': '¬A', 'B': '(B → (¬A → B))', 'C': '(B → (¬A → B))'}. Результат: ((¬A → ((B → (¬A → B)) → (B → (¬A → B)))) → ((¬A → (B → (¬A → B))) → (¬A → (B → (¬A → B)))))
2025-12-27 00:05:51,983 - DEBUG - Подставляем в аксиому ((A → (B → C)) → ((A → B) → (A → C))) подстановку {'A': '(¬A → B)', 'B': '¬A', 'C': '¬A'}. Результат: (((¬A → B) → (¬A → ¬A)) → (((¬A → B) → ¬A) → ((¬A → B) → ¬A)))
2025-12-27 00:05:51,983 - DEBUG - Подставляем в аксиому ((A → (B → C)) → ((A → B) → (A → C))) подстановку {'A': '(¬A → B)', 'B': '¬A', 'C': '(¬A → B)'}. Результат: (((¬A → B) → (¬A → (¬A → B))) → (((¬A → B) → ¬A) → ((¬A → B) → (¬A → B))))
2025-12-27 00:05:51,983 - DEBUG - Подставляем в аксиому ((A → (B → C)) → ((A → B) → (A → C))) подстановку {'A': '(¬A → B)', 'B': '¬A', 'C': 'B'}. Результат: (((¬A → B) → (¬A → B)) → (((¬A → B) → ¬A) → ((¬A → B) → B)))
2025-12-27 00:05:51,983 - DEBUG - Подставляем в аксиому ((A → (B → C)) → ((A → B) → (A → C))) подстановку {'A': '(¬A → B)', 'B': '¬A', 'C': '(B → (¬A → B))'}. Результат: (((¬A → B) → (¬A → (B → (¬A → B)))) → (((¬A → B) → ¬A) → ((¬A → B) → (B → (¬A → B)))))
2025-12-27 00:05:51,983 - DEBUG - Подставляем в аксиому ((A → (B → C)) → ((A → B) → (A → C))) подстановку {'A': '(¬A → B)', 'B': '(¬A → B)', 'C': '¬A'}. Результат: (((¬A → B) → ((¬A → B) → ¬A)) → (((¬A → B) → (¬A → B)) → ((¬A → B) → ¬A)))
2025-12-27 00:05:51,983 - DEBUG - Подставляем в аксиому ((A → (B → C)) → ((A → B) → (A → C))) подстановку {'A': '(¬A → B)', 'B': '(¬A → B)', 'C': '(¬A → B)'}. Результат: (((¬A → B) → ((¬A → B) → (¬A → B))) → (((¬A → B) → (¬A → B)) → ((¬A → B) → (¬A → B))))
2025-12-27 00:05:51,983 - DEBUG - Подставляем в аксиому ((A → (B → C)) → ((A → B) → (A → C))) подстановку {'A': '(¬A → B)', 'B': '(¬A → B)', 'C': 'B'}. Результат: (((¬A → B) → ((¬A → B) → B)) → (((¬A → B) → (¬A → B)) → ((¬A → B) → B)))
2025-12-27 00:05:51,983 - DEBUG - Подставляем в аксиому ((A → (B → C)) → ((A → B) → (A → C))) подстановку {'A': '(¬A → B)', 'B': '(¬A → B)', 'C': '(B → (¬A → B))'}. Результат: (((¬A → B) → ((¬A → B) → (B → (¬A → B)))) → (((¬A → B) → (¬A → B)) → ((¬A → B) → (B → (¬A → B)))))
2025-12-27 00:05:51,983 - DEBUG - Подставляем в аксиому ((A → (B → C)) → ((A → B) → (A → C))) подстановку {'A': '(¬A → B)', 'B': 'B', 'C': '¬A'}. Результат: (((¬A → B) → (B → ¬A)) → (((¬A → B) → B) → ((¬A → B) → ¬A)))
2025-12-27 00:05:51,983 - DEBUG - Подставляем в аксиому ((A → (B → C)) → ((A → B) → (A → C))) подстановку {'A': '(¬A → B)', 'B': 'B', 'C': '(¬A → B)'}. Результат: (((¬A → B) → (B → (¬A → B))) → (((¬A → B) → B) → ((¬A → B) → (¬A → B))))
2025-12-27 00:05:51,983 - DEBUG - Подставляем в аксиому ((A → (B → C)) → ((A → B) → (A → C))) подстановку {'A': '(¬A → B)', 'B': 'B', 'C': 'B'}. Результат: (((¬A → B) → (B → B)) → (((¬A → B) → B) → ((¬A → B) → B)))
2025-12-27 00:05:51,983 - DEBUG - Подставляем в аксиому ((A → (B → C)) → ((A → B) → (A → C))) подстановку {'A': '(¬A → B)', 'B': 'B', 'C': '(B → (¬A → B))'}. Результат: (((¬A → B) → (B → (B → (¬A → B)))) → (((¬A → B) → B) → ((¬A → B) → (B → (¬A → B)))))
2025-12-27 00:05:51,983 - DEBUG - Подставляем в аксиому ((A → (B → C)) → ((A → B) → (A → C))) подстановку {'A': '(¬A → B)', 'B': '(B → (¬A → B))', 'C': '¬A'}. Результат: (((¬A → B) → ((B → (¬A → B)) → ¬A)) → (((¬A → B) → (B → (¬A → B))) → ((¬A → B) → ¬A)))
2025-12-27 00:05:51,983 - DEBUG - Подставляем в аксиому ((A → (B → C)) → ((A → B) → (A → C))) подстановку {'A': '(¬A → B)', 'B': '(B → (¬A → B))', 'C': '(¬A → B)'}. Результат: (((¬A → B) → ((B → (¬A → B)) → (¬A → B))) → (((¬A → B) → (B → (¬A → B))) → ((¬A → B) → (¬A → B))))
2025-12-27 00:05:51,983 - DEBUG - Подставляем в аксиому ((A → (B → C)) → ((A → B) → (A → C))) подстановку {'A': '(¬A → B)', 'B': '(B → (¬A → B))', 'C': 'B'}. Результат: (((¬A → B) → ((B → (¬A → B)) → B)) → (((¬A → B) → (B → (¬A → B))) → ((¬A → B) → B)))
2025-12-27 00:05:51,983 - DEBUG - Подставляем в аксиому ((A → (B → C)) → ((A → B) → (A → C))) подстановку {'A': '(¬A → B)', 'B': '(B → (¬A → B))', 'C': '(B → (¬A → B))'}. Результат: (((¬A → B) → ((B → (¬A → B)) → (B → (¬A → B)))) → (((¬A → B) → (B → (¬A → B))) → ((¬A → B) → (B → (¬A → B)))))
2025-12-27 00:05:51,983 - DEBUG - Подставляем в аксиому ((A → (B → C)) → ((A → B) → (A → C))) подстановку {'A': 'B', 'B': '¬A', 'C': '¬A'}. Результат: ((B → (¬A → ¬A)) → ((B → ¬A) → (B → ¬A)))
2025-12-27 00:05:51,983 - DEBUG - Подставляем в аксиому ((A → (B → C)) → ((A → B) → (A → C))) подстановку {'A': 'B', 'B': '¬A', 'C': '(¬A → B)'}. Результат: ((B → (¬A → (¬A → B))) → ((B → ¬A) → (B → (¬A → B))))
2025-12-27 00:05:51,983 - DEBUG - Подставляем в аксиому ((A → (B → C)) → ((A → B) → (A → C))) подстановку {'A': 'B', 'B': '¬A', 'C': 'B'}. Результат: ((B → (¬A → B)) → ((B → ¬A) → (B → B)))
2025-12-27 00:05:51,983 - DEBUG - Подставляем в аксиому ((A → (B → C)) → ((A → B) → (A → C))) подстановку {'A': 'B', 'B': '¬A', 'C': '(B → (¬A → B))'}. Результат: ((B → (¬A → (B → (¬A → B)))) → ((B → ¬A) → (B → (B → (¬A → B)))))
2025-12-27 00:05:51,983 - DEBUG - Подставляем в аксиому ((A → (B → C)) → ((A → B) → (A → C))) подстановку {'A': 'B', 'B': '(¬A → B)', 'C': '¬A'}. Результат: ((B → ((¬A → B) → ¬A)) → ((B → (¬A → B)) → (B → ¬A)))
2025-12-27 00:05:51,983 - DEBUG - Подставляем в аксиому ((A → (B → C)) → ((A → B) → (A → C))) подстановку {'A': 'B', 'B': '(¬A → B)', 'C': '(¬A → B)'}. Результат: ((B → ((¬A → B) → (¬A → B))) → ((B → (¬A → B)) → (B → (¬A → B))))
2025-12-27 00:05:51,983 - DEBUG - Подставляем в аксиому ((A → (B → C)) → ((A → B) → (A → C))) подстановку {'A': 'B', 'B': '(¬A → B)', 'C': 'B'}. Результат: ((B → ((¬A → B) → B)) → ((B → (¬A → B)) → (B → B)))
2025-12-27 00:05:51,983 - DEBUG - Подставляем в аксиому ((A → (B → C)) → ((A → B) → (A → C))) подстановку {'A': 'B', 'B': '(¬A → B)', 'C': '(B → (¬A → B))'}. Результат: ((B → ((¬A → B) → (B → (¬A → B)))) → ((B → (¬A → B)) → (B → (B → (¬A → B)))))
2025-12-27 00:05:51,983 - DEBUG - Подставляем в аксиому ((A → (B → C)) → ((A → B) → (A → C))) подстановку {'A': 'B', 'B': 'B', 'C': '¬A'}. Результат: ((B → (B → ¬A)) → ((B → B) → (B → ¬A)))
2025-12-27 00:05:51,983 - DEBUG - Подставляем в аксиому ((A → (B → C)) → ((A → B) → (A → C))) подстановку {'A': 'B', 'B': 'B', 'C': '(¬A → B)'}. Результат: ((B → (B → (¬A → B))) → ((B → B) → (B → (¬A → B))))
2025-12-27 00:05:51,983 - DEBUG - Подставляем в аксиому ((A → (B → C)) → ((A → B) → (A → C))) подстановку {'A': 'B', 'B': 'B', 'C': 'B'}. Результат: ((B → (B → B)) → ((B → B) → (B → B)))
2025-12-27 00:05:51,984 - DEBUG - Подставляем в аксиому ((A → (B → C)) → ((A → B) → (A → C))) подстановку {'A': 'B', 'B': 'B', 'C': '(B → (¬A → B))'}. Результат: ((B → (B → (B → (¬A → B)))) → ((B → B) → (B → (B → (¬A → B)))))
2025-12-27 00:05:51,984 - DEBUG - Подставляем в аксиому ((A → (B → C)) → ((A → B) → (A → C))) подстановку {'A': 'B', 'B': '(B → (¬A → B))', 'C': '¬A'}. Результат: ((B → ((B → (¬A → B)) → ¬A)) → ((B → (B → (¬A → B))) → (B → ¬A)))
2025-12-27 00:05:51,984 - DEBUG - Подставляем в аксиому ((A → (B → C)) → ((A → B) → (A → C))) подстановку {'A': 'B', 'B': '(B → (¬A → B))', 'C': '(¬A → B)'}. Результат: ((B → ((B → (¬A → B)) → (¬A → B))) → ((B → (B → (¬A → B))) → (B → (¬A → B))))
2025-12-27 00:05:51,984 - DEBUG - Подставляем в аксиому ((A → (B → C)) → ((A → B) → (A → C))) подстановку {'A': 'B', 'B': '(B → (¬A → B))', 'C': 'B'}. Результат: ((B → ((B → (¬A → B)) → B)) → ((B → (B → (¬A → B))) → (B → B)))
2025-12-27 00:05:51,984 - DEBUG - Подставляем в аксиому ((A → (B → C)) → ((A → B) → (A → C))) подстановку {'A': 'B', 'B': '(B → (¬A → B))', 'C': '(B → (¬A → B))'}. Результат: ((B → ((B → (¬A → B)) → (B → (¬A → B)))) → ((B → (B → (¬A → B))) → (B → (B → (¬A → B)))))
2025-12-27 00:05:51,984 - DEBUG - Подставляем в аксиому ((A → (B → C)) → ((A → B) → (A → C))) подстановку {'A': '(B → (¬A → B))', 'B': '¬A', 'C': '¬A'}. Результат: (((B → (¬A → B)) → (¬A → ¬A)) → (((B → (¬A → B)) → ¬A) → ((B → (¬A → B)) → ¬A)))
2025-12-27 00:05:51,984 - DEBUG - Подставляем в аксиому ((A → (B → C)) → ((A → B) → (A → C))) подстановку {'A': '(B → (¬A → B))', 'B': '¬A', 'C': '(¬A → B)'}. Результат: (((B → (¬A → B)) → (¬A → (¬A → B))) → (((B → (¬A → B)) → ¬A) → ((B → (¬A → B)) → (¬A → B))))
2025-12-27 00:05:51,984 - DEBUG - Подставляем в аксиому ((A → (B → C)) → ((A → B) → (A → C))) подстановку {'A': '(B → (¬A → B))', 'B': '¬A', 'C': 'B'}. Результат: (((B → (¬A → B)) → (¬A → B)) → (((B → (¬A → B)) → ¬A) → ((B → (¬A → B)) → B)))
2025-12-27 00:05:51,984 - DEBUG - Подставляем в аксиому ((A → (B → C)) → ((A → B) → (A → C))) подстановку {'A': '(B → (¬A → B))', 'B': '¬A', 'C': '(B → (¬A → B))'}. Результат: (((B → (¬A → B)) → (¬A → (B → (¬A → B)))) → (((B → (¬A → B)) → ¬A) → ((B → (¬A → B)) → (B → (¬A → B)))))
2025-12-27 00:05:51,984 - DEBUG - Подставляем в аксиому ((A → (B → C)) → ((A → B) → (A → C))) подстановку {'A': '(B → (¬A → B))', 'B': '(¬A → B)', 'C': '¬A'}. Результат: (((B → (¬A → B)) → ((¬A → B) → ¬A)) → (((B → (¬A → B)) → (¬A → B)) → ((B → (¬A → B)) → ¬A)))
2025-12-27 00:05:51,984 - DEBUG - Подставляем в аксиому ((A → (B → C)) → ((A → B) → (A → C))) подстановку {'A': '(B → (¬A → B))', 'B': '(¬A → B)', 'C': '(¬A → B)'}. Результат: (((B → (¬A → B)) → ((¬A → B) → (¬A → B))) → (((B → (¬A → B)) → (¬A → B)) → ((B → (¬A → B)) → (¬A → B))))
2025-12-27 00:05:51,984 - DEBUG - Подставляем в аксиому ((A → (B → C)) → ((A → B) → (A → C))) подстановку {'A': '(B → (¬A → B))', 'B': '(¬A → B)', 'C': 'B'}. Результат: (((B → (¬A → B)) → ((¬A → B) → B)) → (((B → (¬A → B)) → (¬A → B)) → ((B → (¬A → B)) → B)))
2025-12-27 00:05:51,984 - DEBUG - Подставляем в аксиому ((A → (B → C)) → ((A → B) → (A → C))) подстановку {'A': '(B → (¬A → B))', 'B': '(¬A → B)', 'C': '(B → (¬A → B))'}. Результат: (((B → (¬A → B)) → ((¬A → B) → (B → (¬A → B)))) → (((B → (¬A → B)) → (¬A → B)) → ((B → (¬A → B)) → (B → (¬A → B)))))
2025-12-27 00:05:51,984 - DEBUG - Подставляем в аксиому ((A → (B → C)) → ((A → B) → (A → C))) подстановку {'A': '(B → (¬A → B))', 'B': 'B', 'C': '¬A'}. Результат: (((B → (¬A → B)) → (B → ¬A)) → (((B → (¬A → B)) → B) → ((B → (¬A → B)) → ¬A)))
2025-12-27 00:05:51,984 - DEBUG - Подставляем в аксиому ((A → (B → C)) → ((A → B) → (A → C))) подстановку {'A': '(B → (¬A → B))', 'B': 'B', 'C': '(¬A → B)'}. Результат: (((B → (¬A → B)) → (B → (¬A → B))) → (((B → (¬A → B)) → B) → ((B → (¬A → B)) → (¬A → B))))
2025-12-27 00:05:51,984 - DEBUG - Подставляем в аксиому ((A → (B → C)) → ((A → B) → (A → C))) подстановку {'A': '(B → (¬A → B))', 'B': 'B', 'C': 'B'}. Результат: (((B → (¬A → B)) → (B → B)) → (((B → (¬A → B)) → B) → ((B → (¬A → B)) → B)))
2025-12-27 00:05:51,984 - DEBUG - Подставляем в аксиому ((A → (B → C)) → ((A → B) → (A → C))) подстановку {'A': '(B → (¬A → B))', 'B': 'B', 'C': '(B → (¬A → B))'}. Результат: (((B → (¬A → B)) → (B → (B → (¬A → B)))) → (((B → (¬A → B)) → B) → ((B → (¬A → B)) → (B → (¬A → B)))))
2025-12-27 00:05:51,984 - DEBUG - Подставляем в аксиому ((A → (B → C)) → ((A → B) → (A → C))) подстановку {'A': '(B → (¬A → B))', 'B': '(B → (¬A → B))', 'C': '¬A'}. Результат: (((B → (¬A → B)) → ((B → (¬A → B)) → ¬A)) → (((B → (¬A → B)) → (B → (¬A → B))) → ((B → (¬A → B)) → ¬A)))
2025-12-27 00:05:51,984 - DEBUG - Подставляем в аксиому ((A → (B → C)) → ((A → B) → (A → C))) подстановку {'A': '(B → (¬A → B))', 'B': '(B → (¬A → B))', 'C': '(¬A → B)'}. Результат: (((B → (¬A → B)) → ((B → (¬A → B)) → (¬A → B))) → (((B → (¬A → B)) → (B → (¬A → B))) → ((B → (¬A → B)) → (¬A → B))))
2025-12-27 00:05:51,984 - DEBUG - Подставляем в аксиому ((A → (B → C)) → ((A → B) → (A → C))) подстановку {'A': '(B → (¬A → B))', 'B': '(B → (¬A → B))', 'C': 'B'}. Результат: (((B → (¬A → B)) → ((B → (¬A → B)) → B)) → (((B → (¬A → B)) → (B → (¬A → B))) → ((B → (¬A → B)) → B)))
2025-12-27 00:05:51,984 - DEBUG - Подставляем в аксиому ((A → (B → C)) → ((A → B) → (A → C))) подстановку {'A': '(B → (¬A → B))', 'B': '(B → (¬A → B))', 'C': '(B → (¬A → B))'}. Результат: (((B → (¬A → B)) → ((B → (¬A → B)) → (B → (¬A → B)))) → (((B → (¬A → B)) → (B → (¬A → B))) → ((B → (¬A → B)) → (B → (¬A → B)))))
2025-12-27 00:05:51,984 - DEBUG - Подставляем в аксиому ((¬B → ¬A) → ((¬B → A) → B)) подстановку {'B': '¬A', 'A': '¬A'}. Результат: ((¬A → ¬A) → ((¬A → ¬A) → ¬A))
2025-12-27 00:05:51,984 - DEBUG - Подставляем в аксиому ((¬B → ¬A) → ((¬B → A) → B)) подстановку {'B': '¬A', 'A': '(¬A → B)'}. Результат: ((¬A → (¬A → B)) → ((¬A → (¬A → B)) → ¬A))
2025-12-27 00:05:51,984 - DEBUG - Подставляем в аксиому ((¬B → ¬A) → ((¬B → A) → B)) подстановку {'B': '¬A', 'A': 'B'}. Результат: ((¬A → B) → ((¬A → B) → ¬A))
2025-12-27 00:05:51,984 - DEBUG - Подставляем в аксиому ((¬B → ¬A) → ((¬B → A) → B)) подстановку {'B': '¬A', 'A': '(B → (¬A → B))'}. Результат: ((¬A → (B → (¬A → B))) → ((¬A → (B → (¬A → B))) → ¬A))
2025-12-27 00:05:51,984 - DEBUG - Подставляем в аксиому ((¬B → ¬A) → ((¬B → A) → B)) подстановку {'B': '(¬A → B)', 'A': '¬A'}. Результат: (((¬A → B) → ¬A) → (((¬A → B) → ¬A) → (¬A → B)))
2025-12-27 00:05:51,984 - DEBUG - Подставляем в аксиому ((¬B → ¬A) → ((¬B → A) → B)) подстановку {'B': '(¬A → B)', 'A': '(¬A → B)'}. Результат: (((¬A → B) → (¬A → B)) → (((¬A → B) → (¬A → B)) → (¬A → B)))
2025-12-27 00:05:51,985 - DEBUG - Подставляем в аксиому ((¬B → ¬A) → ((¬B → A) → B)) подстановку {'B': '(¬A → B)', 'A': 'B'}. Результат: (((¬A → B) → B) → (((¬A → B) → B) → (¬A → B)))
2025-12-27 00:05:51,985 - DEBUG - Подставляем в аксиому ((¬B → ¬A) → ((¬B → A) → B)) подстановку {'B': '(¬A → B)', 'A': '(B → (¬A → B))'}. Результат: (((¬A → B) → (B → (¬A → B))) → (((¬A → B) → (B → (¬A → B))) → (¬A → B)))
2025-12-27 00:05:51,985 - DEBUG - Подставляем в аксиому ((¬B → ¬A) → ((¬B → A) → B)) подстановку {'B': 'B', 'A': '¬A'}. Результат: ((B → ¬A) → ((B → ¬A) → B))
2025-12-27 00:05:51,985 - DEBUG - Подставляем в аксиому ((¬B → ¬A) → ((¬B → A) → B)) подстановку {'B': 'B', 'A': '(¬A → B)'}. Результат: ((B → (¬A → B)) → ((B → (¬A → B)) → B))
2025-12-27 00:05:51,985 - DEBUG - Подставляем в аксиому ((¬B → ¬A) → ((¬B → A) → B)) подстановку {'B': 'B', 'A': 'B'}. Результат: ((B → B) → ((B → B) → B))
2025-12-27 00:05:51,985 - DEBUG - Подставляем в аксиому ((¬B → ¬A) → ((¬B → A) → B)) подстановку {'B': 'B', 'A': '(B → (¬A → B))'}. Результат: ((B → (B → (¬A → B))) → ((B → (B → (¬A → B))) → B))
2025-12-27 00:05:51,985 - DEBUG - Подставляем в аксиому ((¬B → ¬A) → ((¬B → A) → B)) подстановку {'B': '(B → (¬A → B))', 'A': '¬A'}. Результат: (((B → (¬A → B)) → ¬A) → (((B → (¬A → B)) → ¬A) → (B → (¬A → B))))
2025-12-27 00:05:51,985 - DEBUG - Подставляем в аксиому ((¬B → ¬A) → ((¬B → A) → B)) подстановку {'B': '(B → (¬A → B))', 'A': '(¬A → B)'}. Результат: (((B → (¬A → B)) → (¬A → B)) → (((B → (¬A → B)) → (¬A → B)) → (B → (¬A → B))))
2025-12-27 00:05:51,985 - DEBUG - Подставляем в аксиому ((¬B → ¬A) → ((¬B → A) → B)) подстановку {'B': '(B → (¬A → B))', 'A': 'B'}. Результат: (((B → (¬A → B)) → B) → (((B → (¬A → B)) → B) → (B → (¬A → B))))
2025-12-27 00:05:51,985 - DEBUG - Подставляем в аксиому ((¬B → ¬A) → ((¬B → A) → B)) подстановку {'B': '(B → (¬A → B))', 'A': '(B → (¬A → B))'}. Результат: (((B → (¬A → B)) → (B → (¬A → B))) → (((B → (¬A → B)) → (B → (¬A → B))) → (B → (¬A → B))))
2025-12-27 00:05:51,985 - INFO - ===================Алгоритм доказал формулу=====================
2025-12-27 00:05:51,985 - INFO - Формула была выведена: (B → (¬A → B))
